nohup: ignoring input
DONE FULL gender MaxSkew=0.013 NDKL=0.011
DONE FULL age MaxSkew=0.361 NDKL=0.077
DONE FULL race MaxSkew=0.181 NDKL=0.063
DONE no_fairloss gender MaxSkew=0.061 NDKL=0.011
DONE no_fairloss age MaxSkew=0.480 NDKL=0.120
DONE no_fairloss race MaxSkew=0.132 NDKL=0.070
DONE no_temp gender MaxSkew=0.042 NDKL=0.015
DONE no_temp age MaxSkew=0.177 NDKL=0.081
DONE no_temp race MaxSkew=0.242 NDKL=0.080
DONE no_trainproj gender MaxSkew=0.066 NDKL=0.015
DONE no_trainproj age MaxSkew=0.150 NDKL=0.080
DONE no_trainproj race MaxSkew=0.183 NDKL=0.082
DONE no_procrustes gender MaxSkew=0.011 NDKL=0.010
DONE no_procrustes age MaxSkew=0.262 NDKL=0.083
DONE no_procrustes race MaxSkew=0.182 NDKL=0.063
DONE no_subspace gender MaxSkew=0.036 NDKL=0.010
DONE no_subspace age MaxSkew=0.199 NDKL=0.080
DONE no_subspace race MaxSkew=0.209 NDKL=0.069
FINISHED
