nohup: ignoring input
DONE ('FULL', 'gender') [0.9734, 0.9734, 0.0029, 0.0059, '6.87e-05', 0.063, 0.011, 95.57]
DONE ('FULL', 'age') [0.4584, 0.3823, 0.0326, 0.0651, '3.86e-04', 0.857, 0.217, 44.07]
DONE ('FULL', 'race') [0.6651, 0.6574, 0.0089, 0.0179, '4.56e-05', 0.554, 0.391, 61.65]
DONE ('no_fairloss', 'gender') [0.9733, 0.9732, 0.0098, 0.0195, '2.51e-04', 0.096, 0.013, 93.98]
DONE ('no_fairloss', 'age') [0.458, 0.3851, 0.0349, 0.0698, '4.18e-03', 0.899, 0.472, 43.09]
DONE ('no_fairloss', 'race') [0.6867, 0.688, 0.0223, 0.0445, '2.59e-03', 1.018, 0.761, 47.35]
DONE ('no_temp', 'gender') [0.9734, 0.9734, 0.0037, 0.0075, '6.56e-05', 0.039, 0.012, 96.75]
DONE ('no_temp', 'age') [0.4534, 0.3805, 0.0411, 0.0823, '2.07e-03', 1.203, 0.715, 36.12]
DONE ('no_temp', 'race') [0.6933, 0.6896, 0.012, 0.0239, '4.49e-05', 0.639, 0.372, 59.94]
DONE ('no_trainproj', 'gender') [0.9731, 0.973, 0.0059, 0.0118, '1.20e-04', 0.019, 0.013, 97.73]
DONE ('no_trainproj', 'age') [0.4867, 0.4593, 0.0397, 0.0795, '1.72e-03', 0.961, 0.349, 42.85]
DONE ('no_trainproj', 'race') [0.7288, 0.7309, 0.0143, 0.0285, '3.68e-05', 0.425, 0.273, 68.91]
DONE ('no_procrustes', 'gender') [0.9734, 0.9734, 0.0031, 0.0062, '6.85e-05', 0.066, 0.011, 95.46]
DONE ('no_procrustes', 'age') [0.4554, 0.3822, 0.0418, 0.0835, '2.38e-03', 1.213, 0.732, 35.96]
DONE ('no_procrustes', 'race') [0.6651, 0.6574, 0.0089, 0.0179, '4.56e-05', 0.555, 0.391, 61.62]
DONE ('no_subspace', 'gender') [0.9722, 0.9722, 0.0052, 0.0103, '1.18e-04', 0.026, 0.014, 97.32]
DONE ('no_subspace', 'age') [0.4899, 0.4637, 0.0408, 0.0817, '1.67e-03', 0.961, 0.328, 42.95]
DONE ('no_subspace', 'race') [0.7168, 0.7171, 0.0122, 0.0244, '4.41e-05', 0.348, 0.26, 71.15]
ABLATION FIXED FINISHED
