nohup: ignoring input
DONE ViT-B/32 gender s123 MaxSkew=0.046 NDKL=0.017
DONE ViT-B/32 age s123 MaxSkew=0.361 NDKL=0.114
DONE ViT-B/32 race s123 MaxSkew=0.343 NDKL=0.102
DONE ViT-B/16 gender s123 MaxSkew=0.049 NDKL=0.021
DONE ViT-B/16 age s123 MaxSkew=0.205 NDKL=0.068
DONE ViT-B/16 race s123 MaxSkew=0.155 NDKL=0.061
DONE ViT-L/14 gender s123 MaxSkew=0.317 NDKL=0.106
DONE ViT-L/14 age s123 MaxSkew=0.428 NDKL=0.059
DONE ViT-L/14 race s123 MaxSkew=0.164 NDKL=0.079
DONE ViT-H/14 gender s123 MaxSkew=0.139 NDKL=0.018
Warning: You are sending unauthenticated requests to the HF Hub. Please set a HF_TOKEN to enable higher rate limits and faster downloads.
WARNING:huggingface_hub.utils._http:Warning: You are sending unauthenticated requests to the HF Hub. Please set a HF_TOKEN to enable higher rate limits and faster downloads.
DONE ViT-H/14 age s123 MaxSkew=0.247 NDKL=0.061
DONE ViT-H/14 race s123 MaxSkew=0.214 NDKL=0.089
DONE ViT-B/32 gender s456 MaxSkew=0.015 NDKL=0.011
DONE ViT-B/32 age s456 MaxSkew=0.343 NDKL=0.096
DONE ViT-B/32 race s456 MaxSkew=0.167 NDKL=0.084
DONE ViT-B/16 gender s456 MaxSkew=0.059 NDKL=0.012
DONE ViT-B/16 age s456 MaxSkew=0.333 NDKL=0.081
DONE ViT-B/16 race s456 MaxSkew=0.161 NDKL=0.063
DONE ViT-L/14 gender s456 MaxSkew=0.129 NDKL=0.055
DONE ViT-L/14 age s456 MaxSkew=0.362 NDKL=0.059
DONE ViT-L/14 race s456 MaxSkew=0.179 NDKL=0.106
DONE ViT-H/14 gender s456 MaxSkew=0.349 NDKL=0.068
Warning: You are sending unauthenticated requests to the HF Hub. Please set a HF_TOKEN to enable higher rate limits and faster downloads.
WARNING:huggingface_hub.utils._http:Warning: You are sending unauthenticated requests to the HF Hub. Please set a HF_TOKEN to enable higher rate limits and faster downloads.
DONE ViT-H/14 age s456 MaxSkew=0.258 NDKL=0.058
Warning: You are sending unauthenticated requests to the HF Hub. Please set a HF_TOKEN to enable higher rate limits and faster downloads.
WARNING:huggingface_hub.utils._http:Warning: You are sending unauthenticated requests to the HF Hub. Please set a HF_TOKEN to enable higher rate limits and faster downloads.
DONE ViT-H/14 race s456 MaxSkew=0.199 NDKL=0.071
FINISHED
