09:46:34 [INFO] ============================================================
09:46:34 [INFO] FairCLIP Complete Evaluation
09:46:34 [INFO]   Backbone : ViT-H/14
09:46:34 [INFO]   Baseline : False
09:46:34 [INFO]   Attribute: gender
09:46:34 [INFO] ============================================================
09:46:34 [INFO] ============================================================
09:46:34 [INFO] Initializing FairCLIP
09:46:34 [INFO]   Backbone: ViT-H/14
09:46:34 [INFO]   Bias directions: 5
09:46:34 [INFO]   Lambda fair: img=0.1, txt=0.1
09:46:34 [INFO]   Temperature: base=0.07, alpha=0.5
09:46:34 [INFO] ============================================================
09:46:34 [INFO] Loading CLIP backbone: ViT-H/14
09:46:34 [INFO] Embedding dimension: 1024
09:46:34 [INFO] Device: cuda
09:46:35 [INFO] Parsing model identifier. Schema: None, Identifier: ViT-H-14
09:46:35 [INFO] Loaded built-in ViT-H-14 model config.
09:46:35 [INFO] HTTP Request: HEAD https://huggingface.co/laion/CLIP-ViT-H-14-laion2B-s32B-b79K/resolve/main/open_clip_model.safetensors "HTTP/1.1 302 Found"
09:46:35 [INFO] Instantiating model architecture: CLIP
09:46:41 [INFO] Loading full pretrained weights from: /home/ayeshakalsoom/.cache/huggingface/hub/models--laion--CLIP-ViT-H-14-laion2B-s32B-b79K/snapshots/1c2b8495b28150b8a4922ee1c8edee224c284c0c/open_clip_model.safetensors
09:46:41 [INFO] Final image preprocessing configuration set: {'size': (224, 224), 'mode': 'RGB', 'mean': (0.48145466, 0.4578275, 0.40821073), 'std': (0.26862954, 0.26130258, 0.27577711), 'interpolation': 'bicubic', 'resize_mode': 'shortest', 'fill_color': 0}
09:46:41 [INFO] Model ViT-H-14 creation process complete.
09:46:41 [INFO] Loaded OpenCLIP successfully
09:46:41 [INFO] Gradient checkpointing ENABLED (memory saving)
09:46:41 [INFO] Parsing tokenizer identifier. Schema: None, Identifier: ViT-H-14
09:46:41 [INFO] Attempting to load config from built-in: ViT-H-14
09:46:41 [INFO] Using default SimpleTokenizer.
09:46:41 [INFO] Backbone frozen — CLIP weights will not be updated
09:46:41 [INFO] BiasSubspaceDiscoverer initialized with 5 bias directions
09:46:41 [INFO] FairnessAwareLoss initialized: λ_img=0.1, λ_txt=0.1
09:46:41 [INFO] AdaptiveTemperatureController: τ_base=0.07, α=0.5, range=[0.01, 0.5]
09:46:46 [INFO] Bias subspace set: image_dirs=torch.Size([1024, 1]), text_dirs=torch.Size([1024, 1])
09:46:46 [INFO] Loaded FairCLIP from results/checkpoints/fairface/ViT-H_14/gender/seed42/best_model.pt
09:46:46 [INFO] 
=======================================================
09:46:46 [INFO] Attribute: GENDER | Backbone: ViT-H/14
09:46:46 [INFO] =======================================================
09:46:46 [INFO] Loaded manifest fairface.csv: 97698 rows
09:46:46 [INFO] Filtered to split='val': 10954 rows
09:46:46 [INFO] Dataset: fairface
09:46:46 [INFO] Samples: 10954
10:10:20 [INFO] Valid samples: 10954/10954
10:10:20 [INFO] Computing MaxSkew (image-to-image retrieval)...
10:10:20 [INFO]   Balanced eval: 2 groups × 200 samples = 400 total
10:10:20 [INFO] Computing ABLE...
10:10:20 [INFO] Computing Recall@K...
10:10:20 [INFO]   Accuracy    : 0.9779
10:10:20 [INFO]   F1-Score    : 0.9888
10:10:20 [INFO]   Precision   : 1.0000
10:10:20 [INFO]   Recall      : 0.9779
10:10:20 [INFO]   DPG         : 0.0673  (↓ fairer)
10:10:20 [INFO]   RBS         : 0.3845  (↓ fairer — embedding bias)
10:10:20 [INFO]   EOD         : 0.1345  (↓ fairer)
10:10:20 [INFO]   MaxSkew@5   : 0.4216  (↓ fairer)
10:10:20 [INFO]   NDKL        : 0.1342  (↓ fairer)
10:10:20 [INFO]   ABLE        : 78.5200  (↑ better)
10:10:20 [INFO]   TR@1        : 100.00%
10:10:20 [INFO]   TR@5        : 100.00%
10:10:20 [INFO]   IR@1        : 100.00%
10:10:20 [INFO]   IR@5        : 100.00%
10:10:20 [INFO] 
Facet Bias Score (all attributes): 0.4216  (↓ better)
10:10:20 [INFO] 
Saved: results/tables/eval_FairCLIP_ViT-H_14_gender.csv
10:10:20 [INFO] 
           method backbone attribute  accuracy  precision  recall     f1    dpg    eod    rbs  facet_bias_score  maxskew_5   ndkl  able  vl_alignment  bias_level  TR@1  TR@5  TR@10  IR@1  IR@5  IR@10
FairCLIP_ViT-H_14 ViT-H/14    gender    0.9779        1.0  0.9779 0.9888 0.0673 0.1345 0.3845            0.4216     0.4216 0.1342 78.52        0.9779      0.4216 100.0 100.0  100.0 100.0 100.0  100.0
10:10:20 [INFO] 
Evaluation complete.
