10:10:22 [INFO] ============================================================
10:10:22 [INFO] FairCLIP Complete Evaluation
10:10:22 [INFO]   Backbone : ViT-H/14
10:10:22 [INFO]   Baseline : True
10:10:22 [INFO]   Attribute: age
10:10:22 [INFO] ============================================================
10:10:22 [INFO] ============================================================
10:10:22 [INFO] Initializing FairCLIP
10:10:22 [INFO]   Backbone: ViT-H/14
10:10:22 [INFO]   Bias directions: 5
10:10:22 [INFO]   Lambda fair: img=0.1, txt=0.1
10:10:22 [INFO]   Temperature: base=0.07, alpha=0.5
10:10:22 [INFO] ============================================================
10:10:22 [INFO] Loading CLIP backbone: ViT-H/14
10:10:22 [INFO] Embedding dimension: 1024
10:10:22 [INFO] Device: cuda
10:10:23 [INFO] Parsing model identifier. Schema: None, Identifier: ViT-H-14
10:10:23 [INFO] Loaded built-in ViT-H-14 model config.
10:10:23 [INFO] HTTP Request: HEAD https://huggingface.co/laion/CLIP-ViT-H-14-laion2B-s32B-b79K/resolve/main/open_clip_model.safetensors "HTTP/1.1 302 Found"
Warning: You are sending unauthenticated requests to the HF Hub. Please set a HF_TOKEN to enable higher rate limits and faster downloads.
10:10:23 [WARNING] Warning: You are sending unauthenticated requests to the HF Hub. Please set a HF_TOKEN to enable higher rate limits and faster downloads.
10:10:23 [INFO] Instantiating model architecture: CLIP
10:10:29 [INFO] Loading full pretrained weights from: /home/ayeshakalsoom/.cache/huggingface/hub/models--laion--CLIP-ViT-H-14-laion2B-s32B-b79K/snapshots/1c2b8495b28150b8a4922ee1c8edee224c284c0c/open_clip_model.safetensors
10:10:30 [INFO] Final image preprocessing configuration set: {'size': (224, 224), 'mode': 'RGB', 'mean': (0.48145466, 0.4578275, 0.40821073), 'std': (0.26862954, 0.26130258, 0.27577711), 'interpolation': 'bicubic', 'resize_mode': 'shortest', 'fill_color': 0}
10:10:30 [INFO] Model ViT-H-14 creation process complete.
10:10:30 [INFO] Loaded OpenCLIP successfully
10:10:30 [INFO] Gradient checkpointing ENABLED (memory saving)
10:10:30 [INFO] Parsing tokenizer identifier. Schema: None, Identifier: ViT-H-14
10:10:30 [INFO] Attempting to load config from built-in: ViT-H-14
10:10:30 [INFO] Using default SimpleTokenizer.
10:10:30 [INFO] Backbone frozen — CLIP weights will not be updated
10:10:30 [INFO] BiasSubspaceDiscoverer initialized with 5 bias directions
10:10:30 [INFO] FairnessAwareLoss initialized: λ_img=0.1, λ_txt=0.1
10:10:30 [INFO] AdaptiveTemperatureController: τ_base=0.07, α=0.5, range=[0.01, 0.5]
10:10:30 [INFO] 
=======================================================
10:10:30 [INFO] Attribute: AGE | Backbone: ViT-H/14
10:10:30 [INFO] =======================================================
10:10:30 [INFO] Loaded manifest fairface.csv: 97698 rows
10:10:30 [INFO] Filtered to split='val': 10954 rows
10:10:30 [INFO] Dataset: fairface
10:10:30 [INFO] Samples: 10954
10:34:05 [INFO] Valid samples: 10954/10954
10:34:05 [INFO] Computing MaxSkew (image-to-image retrieval)...
10:34:05 [INFO]   Balanced eval: 9 groups × 118 samples = 1062 total
10:34:05 [INFO] Computing ABLE...
10:34:05 [INFO] Computing Recall@K...
10:34:05 [INFO]   Accuracy    : 0.5477
10:34:05 [INFO]   F1-Score    : 0.7078
10:34:05 [INFO]   Precision   : 1.0000
10:34:05 [INFO]   Recall      : 0.5477
10:34:05 [INFO]   DPG         : 0.0744  (↓ fairer)
10:34:05 [INFO]   RBS         : 0.0783  (↓ fairer — embedding bias)
10:34:05 [INFO]   EOD         : 0.1488  (↓ fairer)
10:34:05 [INFO]   MaxSkew@5   : 1.9408  (↓ fairer)
10:34:05 [INFO]   NDKL        : 0.7624  (↓ fairer)
10:34:05 [INFO]   ABLE        : 22.7500  (↑ better)
10:34:05 [INFO]   TR@1        : 11.11%
10:34:05 [INFO]   TR@5        : 44.44%
10:34:05 [INFO]   IR@1        : 22.22%
10:34:05 [INFO]   IR@5        : 44.44%
10:34:05 [INFO] 
Facet Bias Score (all attributes): 1.9408  (↓ better)
10:34:05 [INFO] 
Saved: results/tables/eval_Baseline_CLIP_ViT-H_14_age.csv
10:34:05 [INFO] 
                method backbone attribute  accuracy  precision  recall     f1    dpg    eod    rbs  facet_bias_score  maxskew_5   ndkl  able  vl_alignment  bias_level  TR@1  TR@5  TR@10  IR@1  IR@5  IR@10
Baseline_CLIP_ViT-H_14 ViT-H/14       age    0.5477        1.0  0.5477 0.7078 0.0744 0.1488 0.0783            1.9408     1.9408 0.7624 22.75        0.5477      1.9408 11.11 44.44  100.0 22.22 44.44  100.0
10:34:05 [INFO] 
Evaluation complete.
