10:34:08 [INFO] ============================================================
10:34:08 [INFO] FairCLIP Complete Evaluation
10:34:08 [INFO]   Backbone : ViT-H/14
10:34:08 [INFO]   Baseline : False
10:34:08 [INFO]   Attribute: age
10:34:08 [INFO] ============================================================
10:34:08 [INFO] ============================================================
10:34:08 [INFO] Initializing FairCLIP
10:34:08 [INFO]   Backbone: ViT-H/14
10:34:08 [INFO]   Bias directions: 5
10:34:08 [INFO]   Lambda fair: img=0.1, txt=0.1
10:34:08 [INFO]   Temperature: base=0.07, alpha=0.5
10:34:08 [INFO] ============================================================
10:34:08 [INFO] Loading CLIP backbone: ViT-H/14
10:34:08 [INFO] Embedding dimension: 1024
10:34:08 [INFO] Device: cuda
10:34:08 [INFO] Parsing model identifier. Schema: None, Identifier: ViT-H-14
10:34:08 [INFO] Loaded built-in ViT-H-14 model config.
10:34:09 [INFO] HTTP Request: HEAD https://huggingface.co/laion/CLIP-ViT-H-14-laion2B-s32B-b79K/resolve/main/open_clip_model.safetensors "HTTP/1.1 302 Found"
Warning: You are sending unauthenticated requests to the HF Hub. Please set a HF_TOKEN to enable higher rate limits and faster downloads.
10:34:09 [WARNING] Warning: You are sending unauthenticated requests to the HF Hub. Please set a HF_TOKEN to enable higher rate limits and faster downloads.
10:34:09 [INFO] Instantiating model architecture: CLIP
10:34:15 [INFO] Loading full pretrained weights from: /home/ayeshakalsoom/.cache/huggingface/hub/models--laion--CLIP-ViT-H-14-laion2B-s32B-b79K/snapshots/1c2b8495b28150b8a4922ee1c8edee224c284c0c/open_clip_model.safetensors
10:34:15 [INFO] Final image preprocessing configuration set: {'size': (224, 224), 'mode': 'RGB', 'mean': (0.48145466, 0.4578275, 0.40821073), 'std': (0.26862954, 0.26130258, 0.27577711), 'interpolation': 'bicubic', 'resize_mode': 'shortest', 'fill_color': 0}
10:34:15 [INFO] Model ViT-H-14 creation process complete.
10:34:15 [INFO] Loaded OpenCLIP successfully
10:34:15 [INFO] Gradient checkpointing ENABLED (memory saving)
10:34:15 [INFO] Parsing tokenizer identifier. Schema: None, Identifier: ViT-H-14
10:34:15 [INFO] Attempting to load config from built-in: ViT-H-14
10:34:15 [INFO] Using default SimpleTokenizer.
10:34:15 [INFO] Backbone frozen — CLIP weights will not be updated
10:34:15 [INFO] BiasSubspaceDiscoverer initialized with 5 bias directions
10:34:15 [INFO] FairnessAwareLoss initialized: λ_img=0.1, λ_txt=0.1
10:34:15 [INFO] AdaptiveTemperatureController: τ_base=0.07, α=0.5, range=[0.01, 0.5]
10:34:20 [INFO] Bias subspace set: image_dirs=torch.Size([1024, 4]), text_dirs=torch.Size([1024, 4])
10:34:20 [INFO] Loaded FairCLIP from results/checkpoints/fairface/ViT-H_14/age/seed42/best_model.pt
10:34:20 [INFO] 
=======================================================
10:34:20 [INFO] Attribute: AGE | Backbone: ViT-H/14
10:34:20 [INFO] =======================================================
10:34:20 [INFO] Loaded manifest fairface.csv: 97698 rows
10:34:20 [INFO] Filtered to split='val': 10954 rows
10:34:20 [INFO] Dataset: fairface
10:34:20 [INFO] Samples: 10954
10:57:52 [INFO] Valid samples: 10954/10954
10:57:52 [INFO] Computing MaxSkew (image-to-image retrieval)...
10:57:52 [INFO]   Balanced eval: 9 groups × 118 samples = 1062 total
10:57:52 [INFO] Computing ABLE...
10:57:52 [INFO] Computing Recall@K...
10:57:52 [INFO]   Accuracy    : 0.5911
10:57:52 [INFO]   F1-Score    : 0.7430
10:57:52 [INFO]   Precision   : 1.0000
10:57:52 [INFO]   Recall      : 0.5911
10:57:52 [INFO]   DPG         : 0.0613  (↓ fairer)
10:57:52 [INFO]   RBS         : 0.1448  (↓ fairer — embedding bias)
10:57:52 [INFO]   EOD         : 0.1226  (↓ fairer)
10:57:52 [INFO]   MaxSkew@5   : 2.8898  (↓ fairer)
10:57:52 [INFO]   NDKL        : 1.3810  (↓ fairer)
10:57:52 [INFO]   ABLE        : 10.1600  (↑ better)
10:57:52 [INFO]   TR@1        : 22.22%
10:57:52 [INFO]   TR@5        : 66.67%
10:57:52 [INFO]   IR@1        : 22.22%
10:57:52 [INFO]   IR@5        : 55.56%
10:57:52 [INFO] 
Facet Bias Score (all attributes): 2.8898  (↓ better)
10:57:52 [INFO] 
Saved: results/tables/eval_FairCLIP_ViT-H_14_age.csv
10:57:52 [INFO] 
           method backbone attribute  accuracy  precision  recall    f1    dpg    eod    rbs  facet_bias_score  maxskew_5  ndkl  able  vl_alignment  bias_level  TR@1  TR@5  TR@10  IR@1  IR@5  IR@10
FairCLIP_ViT-H_14 ViT-H/14       age    0.5911        1.0  0.5911 0.743 0.0613 0.1226 0.1448            2.8898     2.8898 1.381 10.16        0.5911      2.8898 22.22 66.67  100.0 22.22 55.56  100.0
10:57:52 [INFO] 
Evaluation complete.
