11:21:39 [INFO] ============================================================
11:21:39 [INFO] FairCLIP Complete Evaluation
11:21:39 [INFO]   Backbone : ViT-H/14
11:21:39 [INFO]   Baseline : False
11:21:39 [INFO]   Attribute: race
11:21:39 [INFO] ============================================================
11:21:39 [INFO] ============================================================
11:21:39 [INFO] Initializing FairCLIP
11:21:39 [INFO]   Backbone: ViT-H/14
11:21:39 [INFO]   Bias directions: 5
11:21:39 [INFO]   Lambda fair: img=0.1, txt=0.1
11:21:39 [INFO]   Temperature: base=0.07, alpha=0.5
11:21:39 [INFO] ============================================================
11:21:39 [INFO] Loading CLIP backbone: ViT-H/14
11:21:39 [INFO] Embedding dimension: 1024
11:21:39 [INFO] Device: cuda
11:21:39 [INFO] Parsing model identifier. Schema: None, Identifier: ViT-H-14
11:21:39 [INFO] Loaded built-in ViT-H-14 model config.
11:21:39 [INFO] HTTP Request: HEAD https://huggingface.co/laion/CLIP-ViT-H-14-laion2B-s32B-b79K/resolve/main/open_clip_model.safetensors "HTTP/1.1 302 Found"
Warning: You are sending unauthenticated requests to the HF Hub. Please set a HF_TOKEN to enable higher rate limits and faster downloads.
11:21:39 [WARNING] Warning: You are sending unauthenticated requests to the HF Hub. Please set a HF_TOKEN to enable higher rate limits and faster downloads.
11:21:39 [INFO] Instantiating model architecture: CLIP
11:21:45 [INFO] Loading full pretrained weights from: /home/ayeshakalsoom/.cache/huggingface/hub/models--laion--CLIP-ViT-H-14-laion2B-s32B-b79K/snapshots/1c2b8495b28150b8a4922ee1c8edee224c284c0c/open_clip_model.safetensors
11:21:46 [INFO] Final image preprocessing configuration set: {'size': (224, 224), 'mode': 'RGB', 'mean': (0.48145466, 0.4578275, 0.40821073), 'std': (0.26862954, 0.26130258, 0.27577711), 'interpolation': 'bicubic', 'resize_mode': 'shortest', 'fill_color': 0}
11:21:46 [INFO] Model ViT-H-14 creation process complete.
11:21:46 [INFO] Loaded OpenCLIP successfully
11:21:46 [INFO] Gradient checkpointing ENABLED (memory saving)
11:21:46 [INFO] Parsing tokenizer identifier. Schema: None, Identifier: ViT-H-14
11:21:46 [INFO] Attempting to load config from built-in: ViT-H-14
11:21:46 [INFO] Using default SimpleTokenizer.
11:21:46 [INFO] Backbone frozen — CLIP weights will not be updated
11:21:46 [INFO] BiasSubspaceDiscoverer initialized with 5 bias directions
11:21:46 [INFO] FairnessAwareLoss initialized: λ_img=0.1, λ_txt=0.1
11:21:46 [INFO] AdaptiveTemperatureController: τ_base=0.07, α=0.5, range=[0.01, 0.5]
11:21:49 [INFO] Bias subspace set: image_dirs=torch.Size([1024, 5]), text_dirs=torch.Size([1024, 5])
11:21:49 [INFO] Loaded FairCLIP from results/checkpoints/fairface/ViT-H_14/race/seed42/best_model.pt
11:21:49 [INFO] 
=======================================================
11:21:49 [INFO] Attribute: RACE | Backbone: ViT-H/14
11:21:49 [INFO] =======================================================
11:21:49 [INFO] Loaded manifest fairface.csv: 97698 rows
11:21:49 [INFO] Filtered to split='val': 10954 rows
11:21:49 [INFO] Dataset: fairface
11:21:49 [INFO] Samples: 10954
11:45:25 [INFO] Valid samples: 10954/10954
11:45:25 [INFO] Computing MaxSkew (image-to-image retrieval)...
11:45:25 [INFO]   Balanced eval: 7 groups × 200 samples = 1400 total
11:45:25 [INFO] Computing ABLE...
11:45:25 [INFO] Computing Recall@K...
11:45:25 [INFO]   Accuracy    : 0.7539
11:45:25 [INFO]   F1-Score    : 0.8597
11:45:25 [INFO]   Precision   : 1.0000
11:45:25 [INFO]   Recall      : 0.7539
11:45:25 [INFO]   DPG         : 0.1392  (↓ fairer)
11:45:25 [INFO]   RBS         : 0.0613  (↓ fairer — embedding bias)
11:45:25 [INFO]   EOD         : 0.2784  (↓ fairer)
11:45:25 [INFO]   MaxSkew@5   : 1.9826  (↓ fairer)
11:45:25 [INFO]   NDKL        : 1.1129  (↓ fairer)
11:45:25 [INFO]   ABLE        : 23.2900  (↑ better)
11:45:25 [INFO]   TR@1        : 0.00%
11:45:25 [INFO]   TR@5        : 71.43%
11:45:25 [INFO]   IR@1        : 0.00%
11:45:25 [INFO]   IR@5        : 85.71%
11:45:25 [INFO] 
Facet Bias Score (all attributes): 1.9826  (↓ better)
11:45:25 [INFO] 
Saved: results/tables/eval_FairCLIP_ViT-H_14_race.csv
11:45:25 [INFO] 
           method backbone attribute  accuracy  precision  recall     f1    dpg    eod    rbs  facet_bias_score  maxskew_5   ndkl  able  vl_alignment  bias_level  TR@1  TR@5  TR@10  IR@1  IR@5  IR@10
FairCLIP_ViT-H_14 ViT-H/14      race    0.7539        1.0  0.7539 0.8597 0.1392 0.2784 0.0613            1.9826     1.9826 1.1129 23.29        0.7539      1.9826   0.0 71.43  100.0   0.0 85.71  100.0
11:45:25 [INFO] 
Evaluation complete.
