10:57:56 [INFO] ============================================================
10:57:56 [INFO] FairCLIP Complete Evaluation
10:57:56 [INFO]   Backbone : ViT-H/14
10:57:56 [INFO]   Baseline : True
10:57:56 [INFO]   Attribute: race
10:57:56 [INFO] ============================================================
10:57:56 [INFO] ============================================================
10:57:56 [INFO] Initializing FairCLIP
10:57:56 [INFO]   Backbone: ViT-H/14
10:57:56 [INFO]   Bias directions: 5
10:57:56 [INFO]   Lambda fair: img=0.1, txt=0.1
10:57:56 [INFO]   Temperature: base=0.07, alpha=0.5
10:57:56 [INFO] ============================================================
10:57:56 [INFO] Loading CLIP backbone: ViT-H/14
10:57:56 [INFO] Embedding dimension: 1024
10:57:56 [INFO] Device: cuda
10:57:57 [INFO] Parsing model identifier. Schema: None, Identifier: ViT-H-14
10:57:57 [INFO] Loaded built-in ViT-H-14 model config.
10:57:57 [INFO] HTTP Request: HEAD https://huggingface.co/laion/CLIP-ViT-H-14-laion2B-s32B-b79K/resolve/main/open_clip_model.safetensors "HTTP/1.1 302 Found"
Warning: You are sending unauthenticated requests to the HF Hub. Please set a HF_TOKEN to enable higher rate limits and faster downloads.
10:57:57 [WARNING] Warning: You are sending unauthenticated requests to the HF Hub. Please set a HF_TOKEN to enable higher rate limits and faster downloads.
10:57:57 [INFO] Instantiating model architecture: CLIP
10:58:03 [INFO] Loading full pretrained weights from: /home/ayeshakalsoom/.cache/huggingface/hub/models--laion--CLIP-ViT-H-14-laion2B-s32B-b79K/snapshots/1c2b8495b28150b8a4922ee1c8edee224c284c0c/open_clip_model.safetensors
10:58:03 [INFO] Final image preprocessing configuration set: {'size': (224, 224), 'mode': 'RGB', 'mean': (0.48145466, 0.4578275, 0.40821073), 'std': (0.26862954, 0.26130258, 0.27577711), 'interpolation': 'bicubic', 'resize_mode': 'shortest', 'fill_color': 0}
10:58:03 [INFO] Model ViT-H-14 creation process complete.
10:58:03 [INFO] Loaded OpenCLIP successfully
10:58:03 [INFO] Gradient checkpointing ENABLED (memory saving)
10:58:03 [INFO] Parsing tokenizer identifier. Schema: None, Identifier: ViT-H-14
10:58:03 [INFO] Attempting to load config from built-in: ViT-H-14
10:58:03 [INFO] Using default SimpleTokenizer.
10:58:03 [INFO] Backbone frozen — CLIP weights will not be updated
10:58:03 [INFO] BiasSubspaceDiscoverer initialized with 5 bias directions
10:58:03 [INFO] FairnessAwareLoss initialized: λ_img=0.1, λ_txt=0.1
10:58:03 [INFO] AdaptiveTemperatureController: τ_base=0.07, α=0.5, range=[0.01, 0.5]
10:58:03 [INFO] 
=======================================================
10:58:03 [INFO] Attribute: RACE | Backbone: ViT-H/14
10:58:03 [INFO] =======================================================
10:58:03 [INFO] Loaded manifest fairface.csv: 97698 rows
10:58:03 [INFO] Filtered to split='val': 10954 rows
10:58:03 [INFO] Dataset: fairface
10:58:03 [INFO] Samples: 10954
11:21:36 [INFO] Valid samples: 10954/10954
11:21:36 [INFO] Computing MaxSkew (image-to-image retrieval)...
11:21:36 [INFO]   Balanced eval: 7 groups × 200 samples = 1400 total
11:21:36 [INFO] Computing ABLE...
11:21:36 [INFO] Computing Recall@K...
11:21:36 [INFO]   Accuracy    : 0.3074
11:21:36 [INFO]   F1-Score    : 0.4702
11:21:36 [INFO]   Precision   : 1.0000
11:21:36 [INFO]   Recall      : 0.3074
11:21:36 [INFO]   DPG         : 0.0352  (↓ fairer)
11:21:36 [INFO]   RBS         : 0.0530  (↓ fairer — embedding bias)
11:21:36 [INFO]   EOD         : 0.0704  (↓ fairer)
11:21:36 [INFO]   MaxSkew@5   : 1.3077  (↓ fairer)
11:21:36 [INFO]   NDKL        : 0.5471  (↓ fairer)
11:21:36 [INFO]   ABLE        : 28.7700  (↑ better)
11:21:36 [INFO]   TR@1        : 14.29%
11:21:36 [INFO]   TR@5        : 71.43%
11:21:36 [INFO]   IR@1        : 14.29%
11:21:36 [INFO]   IR@5        : 57.14%
11:21:36 [INFO] 
Facet Bias Score (all attributes): 1.3077  (↓ better)
11:21:36 [INFO] 
Saved: results/tables/eval_Baseline_CLIP_ViT-H_14_race.csv
11:21:36 [INFO] 
                method backbone attribute  accuracy  precision  recall     f1    dpg    eod   rbs  facet_bias_score  maxskew_5   ndkl  able  vl_alignment  bias_level  TR@1  TR@5  TR@10  IR@1  IR@5  IR@10
Baseline_CLIP_ViT-H_14 ViT-H/14      race    0.3074        1.0  0.3074 0.4702 0.0352 0.0704 0.053            1.3077     1.3077 0.5471 28.77        0.3074      1.3077 14.29 71.43  100.0 14.29 57.14  100.0
11:21:36 [INFO] 
Evaluation complete.
