nohup: ignoring input
00:02:07 [INFO] ============================================================
00:02:07 [INFO] FairCLIP Training
00:02:07 [INFO] Attribute: race
00:02:07 [INFO] Backbone:  ViT-H/14
00:02:07 [INFO] Epochs:    30
00:02:07 [INFO] Batch:     8
00:02:07 [INFO] Lambda:    2.0
00:02:07 [INFO] Device:    cuda
00:02:07 [INFO] Seed:      42
00:02:07 [INFO] ============================================================
00:02:07 [INFO] Dataset: fairface  manifest: results/manifests/fairface.csv
00:02:07 [INFO] Loaded manifest fairface.csv: 97698 rows
00:02:07 [INFO] Filtered to split='train': 86744 rows
00:02:07 [INFO] Loaded manifest fairface.csv: 97698 rows
00:02:07 [INFO] Filtered to split='val': 10954 rows
00:02:07 [INFO] Using 14 samples/group × 7 groups = 98 effective batch size
00:02:07 [INFO]   Group 0: 16527 samples (19.1%)
00:02:07 [INFO]   Group 1: 12233 samples (14.1%)
00:02:07 [INFO]   Group 2: 13367 samples (15.4%)
00:02:07 [INFO]   Group 3: 12287 samples (14.2%)
00:02:07 [INFO]   Group 4: 10795 samples (12.4%)
00:02:07 [INFO]   Group 5: 12319 samples (14.2%)
00:02:07 [INFO]   Group 6: 9216 samples (10.6%)
00:02:07 [INFO] DemographicBalancedSampler: 7 groups, 14/group, 658 batches/epoch, effective batch size 98
00:02:07 [INFO] Train: 86744 samples
00:02:07 [INFO] Val:   10954 samples
00:02:07 [INFO] ============================================================
00:02:07 [INFO] Initializing FairCLIP
00:02:07 [INFO]   Backbone: ViT-H/14
00:02:07 [INFO]   Bias directions: 5
00:02:07 [INFO]   Lambda fair: img=2.0, txt=2.0
00:02:07 [INFO]   Temperature: base=0.07, alpha=0.5
00:02:07 [INFO] ============================================================
00:02:07 [INFO] Loading CLIP backbone: ViT-H/14
00:02:07 [INFO] Embedding dimension: 1024
00:02:07 [INFO] Device: cuda
00:02:07 [INFO] Parsing model identifier. Schema: None, Identifier: ViT-H-14
00:02:07 [INFO] Loaded built-in ViT-H-14 model config.
00:02:08 [INFO] HTTP Request: GET https://huggingface.co/api/agent-harnesses "HTTP/1.1 200 OK"
00:02:09 [INFO] HTTP Request: HEAD https://huggingface.co/laion/CLIP-ViT-H-14-laion2B-s32B-b79K/resolve/main/open_clip_model.safetensors "HTTP/1.1 302 Found"
Warning: You are sending unauthenticated requests to the HF Hub. Please set a HF_TOKEN to enable higher rate limits and faster downloads.
00:02:09 [WARNING] Warning: You are sending unauthenticated requests to the HF Hub. Please set a HF_TOKEN to enable higher rate limits and faster downloads.
00:02:09 [INFO] Instantiating model architecture: CLIP
00:02:14 [INFO] Loading full pretrained weights from: /home/ayeshakalsoom/.cache/huggingface/hub/models--laion--CLIP-ViT-H-14-laion2B-s32B-b79K/snapshots/1c2b8495b28150b8a4922ee1c8edee224c284c0c/open_clip_model.safetensors
00:02:18 [INFO] Final image preprocessing configuration set: {'size': (224, 224), 'mode': 'RGB', 'mean': (0.48145466, 0.4578275, 0.40821073), 'std': (0.26862954, 0.26130258, 0.27577711), 'interpolation': 'bicubic', 'resize_mode': 'shortest', 'fill_color': 0}
00:02:18 [INFO] Model ViT-H-14 creation process complete.
00:02:18 [INFO] Loaded OpenCLIP successfully
00:02:18 [INFO] Gradient checkpointing ENABLED (memory saving)
00:02:18 [INFO] Parsing tokenizer identifier. Schema: None, Identifier: ViT-H-14
00:02:18 [INFO] Attempting to load config from built-in: ViT-H-14
00:02:18 [INFO] Using default SimpleTokenizer.
00:02:18 [INFO] Backbone frozen — CLIP weights will not be updated
00:02:18 [INFO] BiasSubspaceDiscoverer initialized with 5 bias directions
00:02:18 [INFO] FairnessAwareLoss initialized: λ_img=2.0, λ_txt=2.0
00:02:18 [INFO] AdaptiveTemperatureController: τ_base=0.07, α=0.5, range=[0.01, 0.5]
00:02:18 [INFO] Fitting bias subspace on training data (Steps IV + V)...
00:02:18 [INFO] This runs once before training starts.
00:02:18 [INFO] Extracting CLIP embeddings for bias subspace fitting...
00:07:58 [INFO]   Processed 5120 / 86744 samples
00:13:37 [INFO]   Processed 10240 / 86744 samples
00:19:15 [INFO]   Processed 15360 / 86744 samples
00:24:53 [INFO]   Processed 20480 / 86744 samples
00:30:31 [INFO]   Processed 25600 / 86744 samples
00:36:07 [INFO]   Processed 30720 / 86744 samples
00:41:43 [INFO]   Processed 35840 / 86744 samples
00:47:18 [INFO]   Processed 40960 / 86744 samples
00:52:56 [INFO]   Processed 46080 / 86744 samples
00:58:33 [INFO]   Processed 51200 / 86744 samples
01:04:10 [INFO]   Processed 56320 / 86744 samples
01:09:47 [INFO]   Processed 61440 / 86744 samples
01:15:23 [INFO]   Processed 66560 / 86744 samples
01:20:59 [INFO]   Processed 71680 / 86744 samples
01:26:35 [INFO]   Processed 76800 / 86744 samples
01:32:11 [INFO]   Processed 81920 / 86744 samples
01:37:47 [INFO]   Processed 87040 / 86744 samples
01:43:23 [INFO]   Processed 92160 / 86744 samples
01:48:59 [INFO]   Processed 97280 / 86744 samples
01:54:35 [INFO]   Processed 102400 / 86744 samples
02:00:10 [INFO]   Processed 107520 / 86744 samples
02:05:47 [INFO]   Processed 112640 / 86744 samples
02:11:23 [INFO]   Processed 117760 / 86744 samples
02:17:00 [INFO]   Processed 122880 / 86744 samples
02:22:35 [INFO]   Processed 128000 / 86744 samples
02:28:11 [INFO]   Processed 133120 / 86744 samples
02:33:46 [INFO]   Processed 138240 / 86744 samples
02:39:22 [INFO]   Processed 143360 / 86744 samples
02:44:58 [INFO]   Processed 148480 / 86744 samples
02:50:33 [INFO]   Processed 153600 / 86744 samples
02:56:09 [INFO]   Processed 158720 / 86744 samples
03:01:45 [INFO]   Processed 163840 / 86744 samples
03:07:21 [INFO]   Processed 168960 / 86744 samples
03:12:18 [INFO] Fitting bias subspace for attribute: race
03:12:18 [INFO] Fitting image bias subspace for attribute: race
03:12:18 [INFO]   Input: 86744 embeddings, dim=1024
03:12:18 [INFO]   Group 0: 16527 samples, centroid norm=0.6304
03:12:18 [INFO]   Group 1: 12233 samples, centroid norm=0.6702
03:12:18 [INFO]   Group 2: 13367 samples, centroid norm=0.6655
03:12:18 [INFO]   Group 3: 12287 samples, centroid norm=0.7043
03:12:18 [INFO]   Group 4: 10795 samples, centroid norm=0.7084
03:12:18 [INFO]   Group 5: 12319 samples, centroid norm=0.7088
03:12:18 [INFO]   Group 6: 9216 samples, centroid norm=0.6718
03:12:19 [INFO]   Bias direction 1: singular value=0.3789, explained variance=39.0%
03:12:19 [INFO]   Bias direction 2: singular value=0.3155, explained variance=27.0%
03:12:19 [INFO]   Bias direction 3: singular value=0.2686, explained variance=19.6%
03:12:19 [INFO]   Bias direction 4: singular value=0.1546, explained variance=6.5%
03:12:19 [INFO]   Bias direction 5: singular value=0.1354, explained variance=5.0%
03:12:19 [INFO] Image bias subspace discovered: torch.Size([1024, 5])
03:12:19 [INFO] Fitting text bias subspace for attribute: race
03:12:19 [INFO]   Group 0: 1 samples, centroid norm=1.0000
03:12:19 [INFO]   Group 1: 1 samples, centroid norm=1.0000
03:12:19 [INFO]   Group 2: 1 samples, centroid norm=1.0000
03:12:19 [INFO]   Group 3: 1 samples, centroid norm=1.0000
03:12:19 [INFO]   Group 4: 1 samples, centroid norm=1.0000
03:12:19 [INFO]   Group 5: 1 samples, centroid norm=1.0000
03:12:19 [INFO]   Group 6: 1 samples, centroid norm=1.0000
03:12:19 [INFO]   Bias direction 1: singular value=0.6674, explained variance=32.0%
03:12:19 [INFO]   Bias direction 2: singular value=0.5421, explained variance=21.1%
03:12:19 [INFO]   Bias direction 3: singular value=0.4787, explained variance=16.5%
03:12:19 [INFO]   Bias direction 4: singular value=0.4472, explained variance=14.4%
03:12:19 [INFO]   Bias direction 5: singular value=0.3926, explained variance=11.1%
03:12:19 [INFO] Text bias subspace discovered: torch.Size([1024, 5])
03:12:19 [INFO] Computing Procrustes alignment...
03:12:19 [INFO]   Reference shape: torch.Size([1024, 5])
03:12:19 [INFO]   Source shape: torch.Size([1024, 5])
03:12:19 [WARNING] Procrustes found reflection (det=-1.0000), correcting to pure rotation
03:12:19 [INFO] Corrected det(R) = 1.0000
03:12:19 [INFO] Alignment complete:
03:12:19 [INFO]   Rotation matrix shape: torch.Size([5, 5])
03:12:19 [INFO]   Alignment error: 1.044476 (lower is better)
03:12:19 [INFO]   det(R) = 1.0000 (should be +1.0 for pure rotation)
03:12:19 [INFO]   Direction 1 cosine similarity after alignment: 0.7112
03:12:19 [INFO]   Direction 2 cosine similarity after alignment: 0.3099
03:12:19 [INFO]   Direction 3 cosine similarity after alignment: 0.5320
03:12:19 [INFO]   Direction 4 cosine similarity after alignment: 0.0594
03:12:19 [INFO]   Direction 5 cosine similarity after alignment: 0.5501
03:12:19 [INFO] Procrustes alignment quality: {'alignment_error': 1.0444762706756592, 'rotation_det': 1.0000005960464478, 'is_orthogonal': True}
03:12:19 [INFO] Bias subspace set: image_dirs=torch.Size([1024, 5]), text_dirs=torch.Size([1024, 5])
03:12:19 [INFO] Bias subspace fitted and ready for training
03:12:19 [INFO] Bias subspace fitted successfully
03:12:19 [INFO] GPU cache cleared after fitting. Free now: 4.01 GB
03:12:19 [INFO] GPU cache cleared after fitting. Free now: 4.01 GB
03:12:19 [INFO] GPU memory after fitting: 4.01GB used
03:12:19 [INFO] Trainable parameters: 66,906,624 (last 2 layers only)
03:12:20 [INFO] Loaded 50000 COCO captions for race contrastive training
03:12:20 [INFO] Starting training...
03:12:20 [INFO] No checkpoint found — starting fresh.
03:12:20 [INFO] 
Epoch 1/30
03:15:00 [INFO] Epoch 1 | Step 50/658 | Loss: 4.6227 | InfoNCE: 4.5734 | Fair_img: 0.0071 | Fair_txt: 0.0176 | τ: 0.0745 | Time: 160.6s
03:17:40 [INFO] Epoch 1 | Step 100/658 | Loss: 4.5680 | InfoNCE: 4.5019 | Fair_img: 0.0134 | Fair_txt: 0.0196 | τ: 0.0760 | Time: 160.0s
03:20:20 [INFO] Epoch 1 | Step 150/658 | Loss: 4.3755 | InfoNCE: 4.1493 | Fair_img: 0.0563 | Fair_txt: 0.0567 | τ: 0.0823 | Time: 160.0s
03:23:00 [INFO] Epoch 1 | Step 200/658 | Loss: 4.3830 | InfoNCE: 4.1475 | Fair_img: 0.0570 | Fair_txt: 0.0607 | τ: 0.0825 | Time: 160.0s
03:25:40 [INFO] Epoch 1 | Step 250/658 | Loss: 4.4205 | InfoNCE: 4.1788 | Fair_img: 0.0571 | Fair_txt: 0.0637 | τ: 0.0826 | Time: 160.0s
03:28:20 [INFO] Epoch 1 | Step 300/658 | Loss: 4.2940 | InfoNCE: 4.0311 | Fair_img: 0.0660 | Fair_txt: 0.0654 | τ: 0.0835 | Time: 160.0s
03:31:00 [INFO] Epoch 1 | Step 350/658 | Loss: 4.3279 | InfoNCE: 4.0432 | Fair_img: 0.0778 | Fair_txt: 0.0645 | τ: 0.0848 | Time: 160.0s
03:33:40 [INFO] Epoch 1 | Step 400/658 | Loss: 4.3295 | InfoNCE: 4.0498 | Fair_img: 0.0645 | Fair_txt: 0.0750 | τ: 0.0834 | Time: 160.0s
03:36:20 [INFO] Epoch 1 | Step 450/658 | Loss: 4.4164 | InfoNCE: 4.1874 | Fair_img: 0.0509 | Fair_txt: 0.0635 | τ: 0.0818 | Time: 160.0s
03:39:00 [INFO] Epoch 1 | Step 500/658 | Loss: 4.3706 | InfoNCE: 4.0949 | Fair_img: 0.0661 | Fair_txt: 0.0716 | τ: 0.0835 | Time: 160.0s
03:41:40 [INFO] Epoch 1 | Step 550/658 | Loss: 4.3341 | InfoNCE: 4.0613 | Fair_img: 0.0716 | Fair_txt: 0.0647 | τ: 0.0842 | Time: 160.0s
03:44:20 [INFO] Epoch 1 | Step 600/658 | Loss: 4.3447 | InfoNCE: 4.0553 | Fair_img: 0.0715 | Fair_txt: 0.0731 | τ: 0.0841 | Time: 159.9s
03:47:00 [INFO] Epoch 1 | Step 650/658 | Loss: 4.3368 | InfoNCE: 4.0706 | Fair_img: 0.0666 | Fair_txt: 0.0662 | τ: 0.0836 | Time: 160.0s
04:04:36 [INFO] Epoch 1 Summary: train_loss=4.4103 | val_loss=1.8879 | lr=9.97e-06
04:04:36 [INFO]   Temperature: mean=0.0850 min=0.0741 max=0.0897
04:04:39 [INFO]   Checkpoint saved: latest.pt (epoch 1)
04:04:41 [INFO]   New best model saved (epoch 1)
04:04:41 [INFO] 
Epoch 2/30
04:07:21 [INFO] Epoch 2 | Step 50/658 | Loss: 4.3417 | InfoNCE: 4.1023 | Fair_img: 0.0637 | Fair_txt: 0.0560 | τ: 0.0833 | Time: 160.3s
04:10:01 [INFO] Epoch 2 | Step 100/658 | Loss: 4.3430 | InfoNCE: 4.0921 | Fair_img: 0.0575 | Fair_txt: 0.0678 | τ: 0.0826 | Time: 160.0s
04:12:41 [INFO] Epoch 2 | Step 150/658 | Loss: 4.2669 | InfoNCE: 3.9958 | Fair_img: 0.0698 | Fair_txt: 0.0657 | τ: 0.0840 | Time: 160.0s
04:15:21 [INFO] Epoch 2 | Step 200/658 | Loss: 4.3108 | InfoNCE: 4.0624 | Fair_img: 0.0606 | Fair_txt: 0.0635 | τ: 0.0830 | Time: 159.9s
04:18:01 [INFO] Epoch 2 | Step 250/658 | Loss: 4.4008 | InfoNCE: 4.1366 | Fair_img: 0.0630 | Fair_txt: 0.0689 | τ: 0.0833 | Time: 159.9s
04:20:41 [INFO] Epoch 2 | Step 300/658 | Loss: 4.2665 | InfoNCE: 3.9912 | Fair_img: 0.0703 | Fair_txt: 0.0673 | τ: 0.0840 | Time: 159.9s
04:23:21 [INFO] Epoch 2 | Step 350/658 | Loss: 4.3001 | InfoNCE: 4.0101 | Fair_img: 0.0819 | Fair_txt: 0.0631 | τ: 0.0852 | Time: 159.9s
04:26:00 [INFO] Epoch 2 | Step 400/658 | Loss: 4.2935 | InfoNCE: 4.0145 | Fair_img: 0.0661 | Fair_txt: 0.0731 | τ: 0.0836 | Time: 159.9s
04:28:40 [INFO] Epoch 2 | Step 450/658 | Loss: 4.4089 | InfoNCE: 4.1778 | Fair_img: 0.0504 | Fair_txt: 0.0651 | τ: 0.0818 | Time: 159.9s
04:31:20 [INFO] Epoch 2 | Step 500/658 | Loss: 4.3246 | InfoNCE: 4.0296 | Fair_img: 0.0738 | Fair_txt: 0.0735 | τ: 0.0844 | Time: 159.9s
04:34:00 [INFO] Epoch 2 | Step 550/658 | Loss: 4.3078 | InfoNCE: 4.0220 | Fair_img: 0.0731 | Fair_txt: 0.0696 | τ: 0.0843 | Time: 160.0s
04:36:40 [INFO] Epoch 2 | Step 600/658 | Loss: 4.3178 | InfoNCE: 4.0174 | Fair_img: 0.0741 | Fair_txt: 0.0759 | τ: 0.0844 | Time: 160.0s
04:39:20 [INFO] Epoch 2 | Step 650/658 | Loss: 4.2832 | InfoNCE: 4.0043 | Fair_img: 0.0693 | Fair_txt: 0.0699 | τ: 0.0839 | Time: 159.9s
04:56:57 [INFO] Epoch 2 Summary: train_loss=4.3211 | val_loss=1.8965 | lr=9.89e-06
04:56:57 [INFO]   Temperature: mean=0.0858 min=0.0800 max=0.0900
04:57:01 [INFO]   Checkpoint saved: latest.pt (epoch 2)
04:57:01 [INFO]   No improvement for 1/3 epochs
04:57:01 [INFO] 
Epoch 3/30
04:59:41 [INFO] Epoch 3 | Step 50/658 | Loss: 4.3294 | InfoNCE: 4.0800 | Fair_img: 0.0632 | Fair_txt: 0.0615 | τ: 0.0833 | Time: 160.4s
05:02:21 [INFO] Epoch 3 | Step 100/658 | Loss: 4.3218 | InfoNCE: 4.0555 | Fair_img: 0.0638 | Fair_txt: 0.0692 | τ: 0.0834 | Time: 160.0s
05:05:01 [INFO] Epoch 3 | Step 150/658 | Loss: 4.2452 | InfoNCE: 3.9694 | Fair_img: 0.0706 | Fair_txt: 0.0673 | τ: 0.0841 | Time: 160.0s
05:07:41 [INFO] Epoch 3 | Step 200/658 | Loss: 4.3123 | InfoNCE: 4.0547 | Fair_img: 0.0614 | Fair_txt: 0.0673 | τ: 0.0831 | Time: 160.0s
05:10:21 [INFO] Epoch 3 | Step 250/658 | Loss: 4.4042 | InfoNCE: 4.1340 | Fair_img: 0.0640 | Fair_txt: 0.0709 | τ: 0.0834 | Time: 160.0s
05:13:01 [INFO] Epoch 3 | Step 300/658 | Loss: 4.2261 | InfoNCE: 3.9366 | Fair_img: 0.0749 | Fair_txt: 0.0697 | τ: 0.0845 | Time: 160.0s
05:15:41 [INFO] Epoch 3 | Step 350/658 | Loss: 4.2753 | InfoNCE: 3.9761 | Fair_img: 0.0833 | Fair_txt: 0.0663 | τ: 0.0853 | Time: 159.9s
05:18:21 [INFO] Epoch 3 | Step 400/658 | Loss: 4.2778 | InfoNCE: 3.9878 | Fair_img: 0.0709 | Fair_txt: 0.0738 | τ: 0.0841 | Time: 160.0s
05:21:01 [INFO] Epoch 3 | Step 450/658 | Loss: 4.3885 | InfoNCE: 4.1358 | Fair_img: 0.0591 | Fair_txt: 0.0671 | τ: 0.0828 | Time: 160.0s
05:23:41 [INFO] Epoch 3 | Step 500/658 | Loss: 4.3007 | InfoNCE: 3.9936 | Fair_img: 0.0775 | Fair_txt: 0.0759 | τ: 0.0847 | Time: 160.0s
05:26:21 [INFO] Epoch 3 | Step 550/658 | Loss: 4.2966 | InfoNCE: 4.0118 | Fair_img: 0.0707 | Fair_txt: 0.0716 | τ: 0.0841 | Time: 160.0s
05:29:01 [INFO] Epoch 3 | Step 600/658 | Loss: 4.2929 | InfoNCE: 3.9803 | Fair_img: 0.0792 | Fair_txt: 0.0769 | τ: 0.0849 | Time: 160.0s
05:31:41 [INFO] Epoch 3 | Step 650/658 | Loss: 4.2600 | InfoNCE: 3.9783 | Fair_img: 0.0691 | Fair_txt: 0.0714 | τ: 0.0839 | Time: 160.0s
05:49:18 [INFO] Epoch 3 Summary: train_loss=4.3012 | val_loss=1.9223 | lr=9.76e-06
05:49:18 [INFO]   Temperature: mean=0.0864 min=0.0803 max=0.0915
05:49:22 [INFO]   Checkpoint saved: latest.pt (epoch 3)
05:49:22 [INFO]   No improvement for 2/3 epochs
05:49:22 [INFO] 
Epoch 4/30
05:52:02 [INFO] Epoch 4 | Step 50/658 | Loss: 4.2891 | InfoNCE: 4.0256 | Fair_img: 0.0671 | Fair_txt: 0.0647 | τ: 0.0837 | Time: 160.3s
05:54:42 [INFO] Epoch 4 | Step 100/658 | Loss: 4.3127 | InfoNCE: 4.0436 | Fair_img: 0.0638 | Fair_txt: 0.0706 | τ: 0.0834 | Time: 159.9s
05:57:22 [INFO] Epoch 4 | Step 150/658 | Loss: 4.2018 | InfoNCE: 3.9140 | Fair_img: 0.0724 | Fair_txt: 0.0714 | τ: 0.0843 | Time: 159.9s
06:00:02 [INFO] Epoch 4 | Step 200/658 | Loss: 4.2875 | InfoNCE: 4.0224 | Fair_img: 0.0633 | Fair_txt: 0.0692 | τ: 0.0833 | Time: 159.9s
06:02:42 [INFO] Epoch 4 | Step 250/658 | Loss: 4.3916 | InfoNCE: 4.1198 | Fair_img: 0.0627 | Fair_txt: 0.0730 | τ: 0.0833 | Time: 159.9s
06:05:22 [INFO] Epoch 4 | Step 300/658 | Loss: 4.1964 | InfoNCE: 3.8914 | Fair_img: 0.0801 | Fair_txt: 0.0723 | τ: 0.0850 | Time: 159.9s
06:08:01 [INFO] Epoch 4 | Step 350/658 | Loss: 4.2317 | InfoNCE: 3.9222 | Fair_img: 0.0831 | Fair_txt: 0.0716 | τ: 0.0853 | Time: 159.9s
06:10:41 [INFO] Epoch 4 | Step 400/658 | Loss: 4.2360 | InfoNCE: 3.9175 | Fair_img: 0.0806 | Fair_txt: 0.0782 | τ: 0.0851 | Time: 159.9s
06:13:21 [INFO] Epoch 4 | Step 450/658 | Loss: 4.3749 | InfoNCE: 4.1070 | Fair_img: 0.0628 | Fair_txt: 0.0710 | τ: 0.0832 | Time: 160.0s
06:16:01 [INFO] Epoch 4 | Step 500/658 | Loss: 4.2736 | InfoNCE: 3.9504 | Fair_img: 0.0823 | Fair_txt: 0.0791 | τ: 0.0852 | Time: 159.9s
06:18:41 [INFO] Epoch 4 | Step 550/658 | Loss: 4.2553 | InfoNCE: 3.9580 | Fair_img: 0.0731 | Fair_txt: 0.0755 | τ: 0.0844 | Time: 159.9s
06:21:21 [INFO] Epoch 4 | Step 600/658 | Loss: 4.2358 | InfoNCE: 3.9149 | Fair_img: 0.0820 | Fair_txt: 0.0783 | τ: 0.0851 | Time: 159.9s
06:24:01 [INFO] Epoch 4 | Step 650/658 | Loss: 4.2322 | InfoNCE: 3.9385 | Fair_img: 0.0718 | Fair_txt: 0.0747 | τ: 0.0842 | Time: 159.9s
06:41:38 [INFO] Epoch 4 Summary: train_loss=4.2728 | val_loss=1.9810 | lr=9.57e-06
06:41:38 [INFO]   Temperature: mean=0.0875 min=0.0814 max=0.0942
06:41:42 [INFO]   Checkpoint saved: latest.pt (epoch 4)
06:41:42 [INFO]   No improvement for 3/3 epochs
06:41:42 [INFO] Early stopping triggered at epoch 4!
06:41:42 [INFO] Best val loss: 1.8879 (epoch 1)
06:41:42 [INFO] 
Training complete!
06:41:42 [INFO] Best val loss: 1.8879
06:41:42 [INFO] Checkpoints saved to: results/checkpoints_fix1/fairface/ViT-H_14/race/seed42
