nohup: ignoring input
TRAIN ViT-B/32 gender s123 Mon Aug 24 04:24:20 PM PKT 2026
DONE ViT-B/32 gender s123 Mon Aug 24 04:57:31 PM PKT 2026
TRAIN ViT-B/32 age s123 Mon Aug 24 04:57:31 PM PKT 2026
DONE ViT-B/32 age s123 Mon Aug 24 05:10:20 PM PKT 2026
TRAIN ViT-B/32 race s123 Mon Aug 24 05:10:20 PM PKT 2026
DONE ViT-B/32 race s123 Mon Aug 24 05:43:45 PM PKT 2026
TRAIN ViT-B/16 gender s123 Mon Aug 24 05:43:46 PM PKT 2026
DONE ViT-B/16 gender s123 Mon Aug 24 07:22:08 PM PKT 2026
TRAIN ViT-B/16 age s123 Mon Aug 24 07:22:08 PM PKT 2026
DONE ViT-B/16 age s123 Mon Aug 24 08:07:24 PM PKT 2026
TRAIN ViT-B/16 race s123 Mon Aug 24 08:07:24 PM PKT 2026
DONE ViT-B/16 race s123 Mon Aug 24 09:45:30 PM PKT 2026
TRAIN ViT-L/14 gender s123 Mon Aug 24 09:45:30 PM PKT 2026
DONE ViT-L/14 gender s123 Tue Aug 25 03:50:28 AM PKT 2026
TRAIN ViT-L/14 age s123 Tue Aug 25 03:50:28 AM PKT 2026
DONE ViT-L/14 age s123 Tue Aug 25 07:06:52 AM PKT 2026
TRAIN ViT-L/14 race s123 Tue Aug 25 07:06:52 AM PKT 2026
./train_multiseed.sh: line 7: 86043 Killed                  python -m training.train --dataset fairface --attribute $attr --backbone $bb --epochs 30 --patience 8 --batch_size 64 --lambda_fair $lf --n_bias_dirs 8 --seed $seed --output_dir results/checkpoints_procfix > "train_ms_${bbs}_${attr}_s${seed}.log" 2>&1
DONE ViT-L/14 race s123 Tue Aug 25 09:26:35 AM PKT 2026
TRAIN ViT-H/14 gender s123 Tue Aug 25 09:26:35 AM PKT 2026
./train_multiseed.sh: line 7: 93028 Killed                  python -m training.train --dataset fairface --attribute $attr --backbone $bb --epochs 30 --patience 8 --batch_size 64 --lambda_fair $lf --n_bias_dirs 8 --seed $seed --output_dir results/checkpoints_procfix > "train_ms_${bbs}_${attr}_s${seed}.log" 2>&1
DONE ViT-H/14 gender s123 Tue Aug 25 09:32:28 AM PKT 2026
TRAIN ViT-H/14 age s123 Tue Aug 25 09:32:28 AM PKT 2026
DONE ViT-H/14 age s123 Tue Aug 25 09:32:37 AM PKT 2026
TRAIN ViT-H/14 race s123 Tue Aug 25 09:32:37 AM PKT 2026
DONE ViT-H/14 race s123 Tue Aug 25 09:32:46 AM PKT 2026
TRAIN ViT-B/32 gender s456 Tue Aug 25 09:32:46 AM PKT 2026
DONE ViT-B/32 gender s456 Tue Aug 25 09:33:05 AM PKT 2026
TRAIN ViT-B/32 age s456 Tue Aug 25 09:33:06 AM PKT 2026
DONE ViT-B/32 age s456 Tue Aug 25 09:33:12 AM PKT 2026
TRAIN ViT-B/32 race s456 Tue Aug 25 09:33:12 AM PKT 2026
DONE ViT-B/32 race s456 Tue Aug 25 09:33:19 AM PKT 2026
TRAIN ViT-B/16 gender s456 Tue Aug 25 09:33:19 AM PKT 2026
DONE ViT-B/16 gender s456 Tue Aug 25 09:33:34 AM PKT 2026
TRAIN ViT-B/16 age s456 Tue Aug 25 09:33:34 AM PKT 2026
DONE ViT-B/16 age s456 Tue Aug 25 09:33:41 AM PKT 2026
TRAIN ViT-B/16 race s456 Tue Aug 25 09:33:41 AM PKT 2026
DONE ViT-B/16 race s456 Tue Aug 25 09:33:47 AM PKT 2026
TRAIN ViT-L/14 gender s456 Tue Aug 25 09:33:47 AM PKT 2026
