nohup: ignoring input
SKIP ViT-B/32 gender s123
SKIP ViT-B/32 age s123
SKIP ViT-B/32 race s123
SKIP ViT-B/16 gender s123
SKIP ViT-B/16 age s123
SKIP ViT-B/16 race s123
SKIP ViT-L/14 gender s123
SKIP ViT-L/14 age s123
SKIP ViT-L/14 race s123
TRAIN ViT-B/32 gender s456 Tue Aug 25 09:39:30 AM PKT 2026
DONE ViT-B/32 gender s456 Tue Aug 25 10:09:47 AM PKT 2026
TRAIN ViT-B/32 age s456 Tue Aug 25 10:09:47 AM PKT 2026
DONE ViT-B/32 age s456 Tue Aug 25 10:22:34 AM PKT 2026
TRAIN ViT-B/32 race s456 Tue Aug 25 10:22:34 AM PKT 2026
DONE ViT-B/32 race s456 Tue Aug 25 10:53:01 AM PKT 2026
TRAIN ViT-B/16 gender s456 Tue Aug 25 10:53:01 AM PKT 2026
DONE ViT-B/16 gender s456 Tue Aug 25 12:31:15 PM PKT 2026
TRAIN ViT-B/16 age s456 Tue Aug 25 12:31:15 PM PKT 2026
DONE ViT-B/16 age s456 Tue Aug 25 01:16:24 PM PKT 2026
TRAIN ViT-B/16 race s456 Tue Aug 25 01:16:24 PM PKT 2026
DONE ViT-B/16 race s456 Tue Aug 25 02:54:32 PM PKT 2026
TRAIN ViT-L/14 gender s456 Tue Aug 25 02:54:32 PM PKT 2026
DONE ViT-L/14 gender s456 Tue Aug 25 09:00:02 PM PKT 2026
TRAIN ViT-L/14 age s456 Tue Aug 25 09:00:02 PM PKT 2026
DONE ViT-L/14 age s456 Wed Aug 26 12:15:54 AM PKT 2026
TRAIN ViT-L/14 race s456 Wed Aug 26 12:15:54 AM PKT 2026
