START Mon Aug 24 04:24:20 PM PKT 2026
TRAIN ViT-B/32 gender s123 Mon Aug 24 04:24:20 PM PKT 2026
DONE ViT-B/32 gender s123 Mon Aug 24 04:57:31 PM PKT 2026
TRAIN ViT-B/32 age s123 Mon Aug 24 04:57:31 PM PKT 2026
DONE ViT-B/32 age s123 Mon Aug 24 05:10:20 PM PKT 2026
TRAIN ViT-B/32 race s123 Mon Aug 24 05:10:20 PM PKT 2026
DONE ViT-B/32 race s123 Mon Aug 24 05:43:45 PM PKT 2026
TRAIN ViT-B/16 gender s123 Mon Aug 24 05:43:46 PM PKT 2026
DONE ViT-B/16 gender s123 Mon Aug 24 07:22:08 PM PKT 2026
TRAIN ViT-B/16 age s123 Mon Aug 24 07:22:08 PM PKT 2026
DONE ViT-B/16 age s123 Mon Aug 24 08:07:24 PM PKT 2026
TRAIN ViT-B/16 race s123 Mon Aug 24 08:07:24 PM PKT 2026
DONE ViT-B/16 race s123 Mon Aug 24 09:45:30 PM PKT 2026
TRAIN ViT-L/14 gender s123 Mon Aug 24 09:45:30 PM PKT 2026
DONE ViT-L/14 gender s123 Tue Aug 25 03:50:28 AM PKT 2026
TRAIN ViT-L/14 age s123 Tue Aug 25 03:50:28 AM PKT 2026
DONE ViT-L/14 age s123 Tue Aug 25 07:06:52 AM PKT 2026
TRAIN ViT-L/14 race s123 Tue Aug 25 07:06:52 AM PKT 2026
DONE ViT-L/14 race s123 Tue Aug 25 09:26:35 AM PKT 2026
TRAIN ViT-H/14 gender s123 Tue Aug 25 09:26:35 AM PKT 2026
START Tue Aug 25 09:26:40 AM PKT 2026
SKIP ViT-B/32 gender s123
SKIP ViT-B/32 age s123
SKIP ViT-B/32 race s123
SKIP ViT-B/16 gender s123
SKIP ViT-B/16 age s123
SKIP ViT-B/16 race s123
SKIP ViT-L/14 gender s123
SKIP ViT-L/14 age s123
SKIP ViT-L/14 race s123
TRAIN ViT-H/14 gender s123 Tue Aug 25 09:26:40 AM PKT 2026
DONE ViT-H/14 gender s123 Tue Aug 25 09:26:50 AM PKT 2026
TRAIN ViT-H/14 age s123 Tue Aug 25 09:26:50 AM PKT 2026
DONE ViT-H/14 age s123 Tue Aug 25 09:26:59 AM PKT 2026
TRAIN ViT-H/14 race s123 Tue Aug 25 09:26:59 AM PKT 2026
DONE ViT-H/14 race s123 Tue Aug 25 09:27:08 AM PKT 2026
TRAIN ViT-B/32 gender s456 Tue Aug 25 09:27:08 AM PKT 2026
DONE ViT-H/14 gender s123 Tue Aug 25 09:32:28 AM PKT 2026
TRAIN ViT-H/14 age s123 Tue Aug 25 09:32:28 AM PKT 2026
DONE ViT-H/14 age s123 Tue Aug 25 09:32:37 AM PKT 2026
TRAIN ViT-H/14 race s123 Tue Aug 25 09:32:37 AM PKT 2026
DONE ViT-H/14 race s123 Tue Aug 25 09:32:46 AM PKT 2026
TRAIN ViT-B/32 gender s456 Tue Aug 25 09:32:46 AM PKT 2026
DONE ViT-B/32 gender s456 Tue Aug 25 09:33:05 AM PKT 2026
TRAIN ViT-B/32 age s456 Tue Aug 25 09:33:06 AM PKT 2026
DONE ViT-B/32 age s456 Tue Aug 25 09:33:12 AM PKT 2026
TRAIN ViT-B/32 race s456 Tue Aug 25 09:33:12 AM PKT 2026
DONE ViT-B/32 race s456 Tue Aug 25 09:33:19 AM PKT 2026
TRAIN ViT-B/16 gender s456 Tue Aug 25 09:33:19 AM PKT 2026
DONE ViT-B/16 gender s456 Tue Aug 25 09:33:34 AM PKT 2026
TRAIN ViT-B/16 age s456 Tue Aug 25 09:33:34 AM PKT 2026
DONE ViT-B/16 age s456 Tue Aug 25 09:33:41 AM PKT 2026
TRAIN ViT-B/16 race s456 Tue Aug 25 09:33:41 AM PKT 2026
DONE ViT-B/16 race s456 Tue Aug 25 09:33:47 AM PKT 2026
TRAIN ViT-L/14 gender s456 Tue Aug 25 09:33:47 AM PKT 2026
DONE ViT-B/32 gender s456 Tue Aug 25 09:34:12 AM PKT 2026
TRAIN ViT-B/32 age s456 Tue Aug 25 09:34:12 AM PKT 2026
START Tue Aug 25 09:34:24 AM PKT 2026
SKIP ViT-B/32 gender s123
SKIP ViT-B/32 age s123
SKIP ViT-B/32 race s123
SKIP ViT-B/16 gender s123
SKIP ViT-B/16 age s123
SKIP ViT-B/16 race s123
SKIP ViT-L/14 gender s123
SKIP ViT-L/14 age s123
SKIP ViT-L/14 race s123
TRAIN ViT-H/14 gender s123 Tue Aug 25 09:34:24 AM PKT 2026
DONE ViT-H/14 gender s123 Tue Aug 25 09:36:49 AM PKT 2026
TRAIN ViT-H/14 age s123 Tue Aug 25 09:36:49 AM PKT 2026
START Tue Aug 25 09:39:30 AM PKT 2026
SKIP ViT-B/32 gender s123
SKIP ViT-B/32 age s123
SKIP ViT-B/32 race s123
SKIP ViT-B/16 gender s123
SKIP ViT-B/16 age s123
SKIP ViT-B/16 race s123
SKIP ViT-L/14 gender s123
SKIP ViT-L/14 age s123
SKIP ViT-L/14 race s123
TRAIN ViT-B/32 gender s456 Tue Aug 25 09:39:30 AM PKT 2026
DONE ViT-B/32 gender s456 Tue Aug 25 10:09:47 AM PKT 2026
TRAIN ViT-B/32 age s456 Tue Aug 25 10:09:47 AM PKT 2026
DONE ViT-B/32 age s456 Tue Aug 25 10:22:34 AM PKT 2026
TRAIN ViT-B/32 race s456 Tue Aug 25 10:22:34 AM PKT 2026
DONE ViT-B/32 race s456 Tue Aug 25 10:53:01 AM PKT 2026
TRAIN ViT-B/16 gender s456 Tue Aug 25 10:53:01 AM PKT 2026
DONE ViT-B/16 gender s456 Tue Aug 25 12:31:15 PM PKT 2026
TRAIN ViT-B/16 age s456 Tue Aug 25 12:31:15 PM PKT 2026
DONE ViT-B/16 age s456 Tue Aug 25 01:16:24 PM PKT 2026
TRAIN ViT-B/16 race s456 Tue Aug 25 01:16:24 PM PKT 2026
DONE ViT-B/16 race s456 Tue Aug 25 02:54:32 PM PKT 2026
TRAIN ViT-L/14 gender s456 Tue Aug 25 02:54:32 PM PKT 2026
DONE ViT-L/14 gender s456 Tue Aug 25 09:00:02 PM PKT 2026
TRAIN ViT-L/14 age s456 Tue Aug 25 09:00:02 PM PKT 2026
DONE ViT-L/14 age s456 Wed Aug 26 12:15:54 AM PKT 2026
TRAIN ViT-L/14 race s456 Wed Aug 26 12:15:54 AM PKT 2026
