nohup: ignoring input
DONE ViT-B/32 gender s42 DPG=0.0029 EOD=0.0059 RBS=6.87e-05
DONE ViT-B/32 age s42 DPG=0.0326 EOD=0.0651 RBS=3.86e-04
DONE ViT-B/32 race s42 DPG=0.0089 EOD=0.0179 RBS=4.56e-05
DONE ViT-B/16 gender s42 DPG=0.0031 EOD=0.0061 RBS=8.12e-05
DONE ViT-B/16 age s42 DPG=0.0340 EOD=0.0680 RBS=5.13e-04
DONE ViT-B/16 race s42 DPG=0.0101 EOD=0.0202 RBS=4.15e-05
DONE ViT-L/14 gender s42 DPG=0.0045 EOD=0.0089 RBS=1.48e-04
DONE ViT-L/14 age s42 DPG=0.0286 EOD=0.0572 RBS=4.54e-04
DONE ViT-L/14 race s42 DPG=0.0135 EOD=0.0270 RBS=4.57e-05
Warning: You are sending unauthenticated requests to the HF Hub. Please set a HF_TOKEN to enable higher rate limits and faster downloads.
WARNING:huggingface_hub.utils._http:Warning: You are sending unauthenticated requests to the HF Hub. Please set a HF_TOKEN to enable higher rate limits and faster downloads.
DONE ViT-H/14 gender s42 DPG=0.0025 EOD=0.0050 RBS=4.14e-04
DONE ViT-H/14 age s42 DPG=0.0274 EOD=0.0549 RBS=7.91e-04
Warning: You are sending unauthenticated requests to the HF Hub. Please set a HF_TOKEN to enable higher rate limits and faster downloads.
WARNING:huggingface_hub.utils._http:Warning: You are sending unauthenticated requests to the HF Hub. Please set a HF_TOKEN to enable higher rate limits and faster downloads.
DONE ViT-H/14 race s42 DPG=0.0082 EOD=0.0164 RBS=3.02e-05
DONE ViT-B/32 gender s123 DPG=0.0031 EOD=0.0061 RBS=3.37e-05
DONE ViT-B/32 age s123 DPG=0.0371 EOD=0.0742 RBS=2.62e-03
DONE ViT-B/32 race s123 DPG=0.0142 EOD=0.0284 RBS=4.16e-05
DONE ViT-B/16 gender s123 DPG=0.0068 EOD=0.0136 RBS=5.30e-05
DONE ViT-B/16 age s123 DPG=0.0430 EOD=0.0861 RBS=2.29e-03
DONE ViT-B/16 race s123 DPG=0.0174 EOD=0.0348 RBS=4.20e-05
DONE ViT-L/14 gender s123 DPG=0.0083 EOD=0.0166 RBS=1.36e-04
