nohup: ignoring input
DONE ViT-L/14 age s123 DPG=0.0352 EOD=0.0704 RBS=3.09e-03
DONE ViT-L/14 race s123 DPG=0.0115 EOD=0.0231 RBS=4.56e-05
Warning: You are sending unauthenticated requests to the HF Hub. Please set a HF_TOKEN to enable higher rate limits and faster downloads.
WARNING:huggingface_hub.utils._http:Warning: You are sending unauthenticated requests to the HF Hub. Please set a HF_TOKEN to enable higher rate limits and faster downloads.
DONE ViT-H/14 gender s123 DPG=0.0027 EOD=0.0054 RBS=1.92e-04
DONE ViT-H/14 age s123 DPG=0.0301 EOD=0.0602 RBS=2.91e-03
Warning: You are sending unauthenticated requests to the HF Hub. Please set a HF_TOKEN to enable higher rate limits and faster downloads.
WARNING:huggingface_hub.utils._http:Warning: You are sending unauthenticated requests to the HF Hub. Please set a HF_TOKEN to enable higher rate limits and faster downloads.
DONE ViT-H/14 race s123 DPG=0.0091 EOD=0.0183 RBS=3.00e-05
DONE ViT-B/32 gender s456 DPG=0.0064 EOD=0.0128 RBS=1.17e-04
DONE ViT-B/32 age s456 DPG=0.0334 EOD=0.0668 RBS=2.68e-03
DONE ViT-B/32 race s456 DPG=0.0117 EOD=0.0233 RBS=4.41e-05
DONE ViT-B/16 gender s456 DPG=0.0053 EOD=0.0106 RBS=3.55e-05
DONE ViT-B/16 age s456 DPG=0.0424 EOD=0.0849 RBS=2.21e-03
DONE ViT-B/16 race s456 DPG=0.0178 EOD=0.0356 RBS=4.90e-05
DONE ViT-L/14 gender s456 DPG=0.0065 EOD=0.0131 RBS=9.01e-05
DONE ViT-L/14 age s456 DPG=0.0358 EOD=0.0717 RBS=3.15e-03
DONE ViT-L/14 race s456 DPG=0.0137 EOD=0.0275 RBS=5.22e-05
Warning: You are sending unauthenticated requests to the HF Hub. Please set a HF_TOKEN to enable higher rate limits and faster downloads.
WARNING:huggingface_hub.utils._http:Warning: You are sending unauthenticated requests to the HF Hub. Please set a HF_TOKEN to enable higher rate limits and faster downloads.
DONE ViT-H/14 gender s456 DPG=0.0028 EOD=0.0056 RBS=3.29e-04
DONE ViT-H/14 age s456 DPG=0.0306 EOD=0.0613 RBS=3.00e-03
Warning: You are sending unauthenticated requests to the HF Hub. Please set a HF_TOKEN to enable higher rate limits and faster downloads.
WARNING:huggingface_hub.utils._http:Warning: You are sending unauthenticated requests to the HF Hub. Please set a HF_TOKEN to enable higher rate limits and faster downloads.
DONE ViT-H/14 race s456 DPG=0.0119 EOD=0.0238 RBS=3.12e-05
RBS_MULTISEED_FINISHED
