nohup: ignoring input
  waiting for GPU (free=4117MiB)...
  waiting for GPU (free=4159MiB)...
  waiting for GPU (free=4125MiB)...
  waiting for GPU (free=4159MiB)...
  waiting for GPU (free=4202MiB)...
  waiting for GPU (free=4202MiB)...
  waiting for GPU (free=4202MiB)...
  waiting for GPU (free=4202MiB)...
  waiting for GPU (free=4198MiB)...
  waiting for GPU (free=4188MiB)...
  waiting for GPU (free=4218MiB)...
  waiting for GPU (free=4218MiB)...
  waiting for GPU (free=4218MiB)...
  waiting for GPU (free=4216MiB)...
  waiting for GPU (free=4218MiB)...
  waiting for GPU (free=4196MiB)...
  waiting for GPU (free=4196MiB)...
  waiting for GPU (free=4196MiB)...
  waiting for GPU (free=4199MiB)...
  waiting for GPU (free=4200MiB)...
  waiting for GPU (free=4200MiB)...
  waiting for GPU (free=4200MiB)...
  waiting for GPU (free=4200MiB)...
  waiting for GPU (free=4200MiB)...
  waiting for GPU (free=4226MiB)...
  waiting for GPU (free=4226MiB)...
  waiting for GPU (free=4226MiB)...
  waiting for GPU (free=4226MiB)...
  waiting for GPU (free=4226MiB)...
  waiting for GPU (free=4191MiB)...
  waiting for GPU (free=4193MiB)...
  waiting for GPU (free=4197MiB)...
  waiting for GPU (free=4197MiB)...
  waiting for GPU (free=4197MiB)...
  waiting for GPU (free=4201MiB)...
  waiting for GPU (free=4200MiB)...
  waiting for GPU (free=4200MiB)...
  waiting for GPU (free=4200MiB)...
  waiting for GPU (free=4200MiB)...
  waiting for GPU (free=4198MiB)...
TRAIN: ViT-H_14 gender seed123 Wed Jul 29 01:49:56 PM PKT 2026
RETRY bs8: ViT-H_14 gender seed123
  waiting for GPU (free=4218MiB)...
  waiting for GPU (free=4216MiB)...
  waiting for GPU (free=4216MiB)...
  waiting for GPU (free=4216MiB)...
  waiting for GPU (free=4220MiB)...
  waiting for GPU (free=4220MiB)...
  waiting for GPU (free=4220MiB)...
  waiting for GPU (free=4220MiB)...
  waiting for GPU (free=4205MiB)...
  waiting for GPU (free=4208MiB)...
  waiting for GPU (free=4208MiB)...
  waiting for GPU (free=4208MiB)...
  waiting for GPU (free=4208MiB)...
  waiting for GPU (free=4204MiB)...
  waiting for GPU (free=4204MiB)...
  waiting for GPU (free=4206MiB)...
  waiting for GPU (free=4206MiB)...
  waiting for GPU (free=4206MiB)...
  waiting for GPU (free=4206MiB)...
  waiting for GPU (free=4210MiB)...
  waiting for GPU (free=4228MiB)...
  waiting for GPU (free=4228MiB)...
  waiting for GPU (free=4228MiB)...
  waiting for GPU (free=4228MiB)...
  waiting for GPU (free=4228MiB)...
  waiting for GPU (free=4238MiB)...
  waiting for GPU (free=4238MiB)...
  waiting for GPU (free=4238MiB)...
  waiting for GPU (free=4238MiB)...
  waiting for GPU (free=4221MiB)...
  waiting for GPU (free=4214MiB)...
  waiting for GPU (free=4214MiB)...
  waiting for GPU (free=3205MiB)...
  waiting for GPU (free=3203MiB)...
  waiting for GPU (free=3203MiB)...
  waiting for GPU (free=3186MiB)...
  waiting for GPU (free=3193MiB)...
  waiting for GPU (free=3190MiB)...
  waiting for GPU (free=3198MiB)...
  waiting for GPU (free=3197MiB)...
FAIL: ViT-H_14 gender seed123
  waiting for GPU (free=3197MiB)...
  waiting for GPU (free=3199MiB)...
  waiting for GPU (free=3200MiB)...
  waiting for GPU (free=3196MiB)...
  waiting for GPU (free=3202MiB)...
  waiting for GPU (free=3202MiB)...
  waiting for GPU (free=3202MiB)...
  waiting for GPU (free=3220MiB)...
  waiting for GPU (free=3182MiB)...
  waiting for GPU (free=3182MiB)...
  waiting for GPU (free=3182MiB)...
  waiting for GPU (free=3182MiB)...
  waiting for GPU (free=3186MiB)...
  waiting for GPU (free=3186MiB)...
  waiting for GPU (free=3190MiB)...
  waiting for GPU (free=3200MiB)...
  waiting for GPU (free=3213MiB)...
  waiting for GPU (free=3193MiB)...
  waiting for GPU (free=3193MiB)...
  waiting for GPU (free=3193MiB)...
  waiting for GPU (free=3193MiB)...
  waiting for GPU (free=3193MiB)...
  waiting for GPU (free=3193MiB)...
  waiting for GPU (free=3212MiB)...
  waiting for GPU (free=3216MiB)...
  waiting for GPU (free=3216MiB)...
  waiting for GPU (free=3216MiB)...
  waiting for GPU (free=3216MiB)...
  waiting for GPU (free=3216MiB)...
  waiting for GPU (free=3216MiB)...
  waiting for GPU (free=3216MiB)...
  waiting for GPU (free=3216MiB)...
  waiting for GPU (free=3216MiB)...
  waiting for GPU (free=3216MiB)...
  waiting for GPU (free=3216MiB)...
  waiting for GPU (free=3216MiB)...
  waiting for GPU (free=3216MiB)...
  waiting for GPU (free=3216MiB)...
  waiting for GPU (free=3216MiB)...
  waiting for GPU (free=3216MiB)...
TRAIN: ViT-H_14 age seed123 Wed Jul 29 03:10:22 PM PKT 2026
RETRY bs8: ViT-H_14 age seed123
  waiting for GPU (free=3227MiB)...
  waiting for GPU (free=3228MiB)...
  waiting for GPU (free=3228MiB)...
  waiting for GPU (free=3228MiB)...
  waiting for GPU (free=3228MiB)...
  waiting for GPU (free=3228MiB)...
  waiting for GPU (free=3228MiB)...
  waiting for GPU (free=3228MiB)...
  waiting for GPU (free=3228MiB)...
  waiting for GPU (free=3228MiB)...
  waiting for GPU (free=3228MiB)...
  waiting for GPU (free=3228MiB)...
  waiting for GPU (free=3228MiB)...
  waiting for GPU (free=3228MiB)...
  waiting for GPU (free=3228MiB)...
  waiting for GPU (free=3228MiB)...
  waiting for GPU (free=3228MiB)...
  waiting for GPU (free=3228MiB)...
  waiting for GPU (free=3228MiB)...
  waiting for GPU (free=3228MiB)...
  waiting for GPU (free=3228MiB)...
  waiting for GPU (free=3212MiB)...
  waiting for GPU (free=1430MiB)...
  waiting for GPU (free=1270MiB)...
  waiting for GPU (free=1270MiB)...
  waiting for GPU (free=1266MiB)...
  waiting for GPU (free=1248MiB)...
  waiting for GPU (free=1257MiB)...
  waiting for GPU (free=1257MiB)...
  waiting for GPU (free=1257MiB)...
  waiting for GPU (free=1257MiB)...
  waiting for GPU (free=1257MiB)...
  waiting for GPU (free=1275MiB)...
  waiting for GPU (free=1275MiB)...
  waiting for GPU (free=1279MiB)...
  waiting for GPU (free=1279MiB)...
  waiting for GPU (free=1279MiB)...
  waiting for GPU (free=1279MiB)...
  waiting for GPU (free=1280MiB)...
  waiting for GPU (free=1280MiB)...
FAIL: ViT-H_14 age seed123
  waiting for GPU (free=1272MiB)...
  waiting for GPU (free=1274MiB)...
  waiting for GPU (free=1274MiB)...
  waiting for GPU (free=1274MiB)...
  waiting for GPU (free=1274MiB)...
  waiting for GPU (free=1274MiB)...
  waiting for GPU (free=1274MiB)...
  waiting for GPU (free=1274MiB)...
  waiting for GPU (free=1274MiB)...
  waiting for GPU (free=1279MiB)...
  waiting for GPU (free=1279MiB)...
  waiting for GPU (free=1279MiB)...
  waiting for GPU (free=1279MiB)...
  waiting for GPU (free=1279MiB)...
  waiting for GPU (free=1279MiB)...
  waiting for GPU (free=1247MiB)...
  waiting for GPU (free=1245MiB)...
  waiting for GPU (free=1250MiB)...
  waiting for GPU (free=1216MiB)...
  waiting for GPU (free=1216MiB)...
  waiting for GPU (free=1241MiB)...
