START Sat Aug  1 08:40:58 AM PKT 2026
BASELINE: ViT-B_32 gender Sat Aug  1 08:40:58 AM PKT 2026
FAIRCLIP: ViT-B_32 gender Sat Aug  1 08:41:15 AM PKT 2026
BASELINE: ViT-B_32 age Sat Aug  1 08:41:50 AM PKT 2026
FAIRCLIP: ViT-B_32 age Sat Aug  1 08:42:08 AM PKT 2026
BASELINE: ViT-B_32 race Sat Aug  1 08:42:43 AM PKT 2026
FAIRCLIP: ViT-B_32 race Sat Aug  1 08:43:00 AM PKT 2026
BASELINE: ViT-B_16 gender Sat Aug  1 08:43:36 AM PKT 2026
FAIRCLIP: ViT-B_16 gender Sat Aug  1 08:44:19 AM PKT 2026
BASELINE: ViT-B_16 age Sat Aug  1 08:46:24 AM PKT 2026
FAIRCLIP: ViT-B_16 age Sat Aug  1 08:47:08 AM PKT 2026
BASELINE: ViT-B_16 race Sat Aug  1 08:49:13 AM PKT 2026
FAIRCLIP: ViT-B_16 race Sat Aug  1 08:49:56 AM PKT 2026
BASELINE: ViT-L_14 gender Sat Aug  1 08:52:01 AM PKT 2026
FAIRCLIP: ViT-L_14 gender Sat Aug  1 08:54:39 AM PKT 2026
BASELINE: ViT-L_14 age Sat Aug  1 09:02:14 AM PKT 2026
FAIRCLIP: ViT-L_14 age Sat Aug  1 09:04:52 AM PKT 2026
BASELINE: ViT-L_14 race Sat Aug  1 09:12:30 AM PKT 2026
FAIRCLIP: ViT-L_14 race Sat Aug  1 09:15:08 AM PKT 2026
BASELINE: ViT-H_14 gender Sat Aug  1 09:22:46 AM PKT 2026
FAIRCLIP: ViT-H_14 gender Sat Aug  1 09:46:32 AM PKT 2026
BASELINE: ViT-H_14 age Sat Aug  1 10:10:20 AM PKT 2026
FAIRCLIP: ViT-H_14 age Sat Aug  1 10:34:06 AM PKT 2026
BASELINE: ViT-H_14 race Sat Aug  1 10:57:54 AM PKT 2026
FAIRCLIP: ViT-H_14 race Sat Aug  1 11:21:37 AM PKT 2026
ALL DONE Sat Aug  1 11:45:26 AM PKT 2026
