START Fri Aug 21 02:27:30 PM PKT 2026
TRAIN ViT-B/16 race Fri Aug 21 02:27:30 PM PKT 2026
DONE ViT-B/16 race Fri Aug 21 04:53:26 PM PKT 2026
TRAIN ViT-B/16 age Fri Aug 21 04:53:26 PM PKT 2026
DONE ViT-B/16 age Fri Aug 21 06:55:01 PM PKT 2026
TRAIN ViT-L/14 race Fri Aug 21 06:55:01 PM PKT 2026
START Sat Aug 22 10:20:12 AM PKT 2026
SKIP ViT-B/16 race
SKIP ViT-B/16 age
SKIP ViT-L/14 race
TRAIN ViT-L/14 age Sat Aug 22 10:20:12 AM PKT 2026
DONE ViT-L/14 age Sat Aug 22 08:49:17 PM PKT 2026
TRAIN ViT-H/14 race Sat Aug 22 08:49:17 PM PKT 2026
START Sun Aug 23 10:12:09 AM PKT 2026
SKIP ViT-B/16 race
SKIP ViT-B/16 age
SKIP ViT-L/14 race
SKIP ViT-L/14 age
SKIP ViT-H/14 race
TRAIN ViT-H/14 age Sun Aug 23 10:12:09 AM PKT 2026
DONE ViT-H/14 age Sun Aug 23 10:15:15 PM PKT 2026
ALL DONE Sun Aug 23 10:15:15 PM PKT 2026
