START Mon Aug 10 12:27:48 AM PKT 2026
SKIP ViT-B/32 gender 42
SKIP ViT-B/32 age 42
SKIP ViT-B/32 race 42
SKIP ViT-B/16 gender 42
SKIP ViT-B/16 age 42
SKIP ViT-B/16 race 42
SKIP ViT-L/14 gender 42
SKIP ViT-L/14 age 42
SKIP ViT-L/14 race 42
TRAIN ViT-H/14 gender seed42 Mon Aug 10 12:27:48 AM PKT 2026
DONE ViT-H/14 gender seed42 Mon Aug 10 12:27:57 AM PKT 2026
TRAIN ViT-H/14 age seed42 Mon Aug 10 12:27:57 AM PKT 2026
DONE ViT-H/14 age seed42 Mon Aug 10 12:28:06 AM PKT 2026
TRAIN ViT-H/14 race seed42 Mon Aug 10 12:28:06 AM PKT 2026
DONE ViT-H/14 race seed42 Mon Aug 10 12:28:15 AM PKT 2026
ALL DONE Mon Aug 10 12:28:15 AM PKT 2026
DONE ViT-H/14 gender seed42 Mon Aug 10 12:42:56 AM PKT 2026
TRAIN ViT-H/14 age seed42 Mon Aug 10 12:42:56 AM PKT 2026
DONE ViT-H/14 age seed42 Mon Aug 10 01:12:54 AM PKT 2026
TRAIN ViT-H/14 race seed42 Mon Aug 10 01:12:54 AM PKT 2026
DONE ViT-H/14 race seed42 Mon Aug 10 01:45:03 AM PKT 2026
ALL DONE Mon Aug 10 01:45:03 AM PKT 2026
