14:30:15 [INFO] ============================================================
14:30:15 [INFO] FairCLIP Training
14:30:15 [INFO] Attribute: gender
14:30:15 [INFO] Backbone:  ViT-H/14
14:30:15 [INFO] Epochs:    30
14:30:15 [INFO] Batch:     64
14:30:15 [INFO] Lambda:    0.01
14:30:15 [INFO] Device:    cuda
14:30:15 [INFO] Seed:      456
14:30:15 [INFO] ============================================================
14:30:15 [INFO] Dataset: fairface  manifest: results/manifests/fairface.csv
14:30:15 [INFO] Loaded manifest fairface.csv: 97698 rows
14:30:15 [INFO] Filtered to split='train': 86744 rows
14:30:15 [INFO] Loaded manifest fairface.csv: 97698 rows
14:30:15 [INFO] Filtered to split='val': 10954 rows
14:30:15 [INFO] Using 32 samples/group × 2 groups = 64 effective batch size
14:30:15 [INFO]   Group 0: 45986 samples (53.0%)
14:30:15 [INFO]   Group 1: 40758 samples (47.0%)
14:30:15 [INFO] DemographicBalancedSampler: 2 groups, 32/group, 1273 batches/epoch, effective batch size 64
14:30:15 [INFO] Train: 86744 samples
14:30:15 [INFO] Val:   10954 samples
14:30:15 [INFO] ============================================================
14:30:15 [INFO] Initializing FairCLIP
14:30:15 [INFO]   Backbone: ViT-H/14
14:30:15 [INFO]   Bias directions: 8
14:30:15 [INFO]   Lambda fair: img=0.01, txt=0.01
14:30:15 [INFO]   Temperature: base=0.07, alpha=0.5
14:30:15 [INFO] ============================================================
14:30:15 [INFO] Loading CLIP backbone: ViT-H/14
14:30:15 [INFO] Embedding dimension: 1024
14:30:15 [INFO] Device: cuda
14:30:15 [INFO] Parsing model identifier. Schema: None, Identifier: ViT-H-14
14:30:15 [INFO] Loaded built-in ViT-H-14 model config.
14:30:16 [INFO] HTTP Request: HEAD https://huggingface.co/laion/CLIP-ViT-H-14-laion2B-s32B-b79K/resolve/main/open_clip_model.safetensors "HTTP/1.1 302 Found"
Warning: You are sending unauthenticated requests to the HF Hub. Please set a HF_TOKEN to enable higher rate limits and faster downloads.
14:30:16 [WARNING] Warning: You are sending unauthenticated requests to the HF Hub. Please set a HF_TOKEN to enable higher rate limits and faster downloads.
14:30:16 [INFO] Instantiating model architecture: CLIP
14:30:21 [INFO] Loading full pretrained weights from: /home/ayeshakalsoom/.cache/huggingface/hub/models--laion--CLIP-ViT-H-14-laion2B-s32B-b79K/snapshots/1c2b8495b28150b8a4922ee1c8edee224c284c0c/open_clip_model.safetensors
14:30:22 [INFO] Final image preprocessing configuration set: {'size': (224, 224), 'mode': 'RGB', 'mean': (0.48145466, 0.4578275, 0.40821073), 'std': (0.26862954, 0.26130258, 0.27577711), 'interpolation': 'bicubic', 'resize_mode': 'shortest', 'fill_color': 0}
14:30:22 [INFO] Model ViT-H-14 creation process complete.
14:30:22 [INFO] Loaded OpenCLIP successfully
14:30:22 [INFO] Gradient checkpointing ENABLED (memory saving)
14:30:22 [INFO] Parsing tokenizer identifier. Schema: None, Identifier: ViT-H-14
14:30:22 [INFO] Attempting to load config from built-in: ViT-H-14
14:30:22 [INFO] Using default SimpleTokenizer.
14:30:22 [INFO] Backbone frozen — CLIP weights will not be updated
14:30:22 [INFO] BiasSubspaceDiscoverer initialized with 8 bias directions
14:30:22 [INFO] FairnessAwareLoss initialized: λ_img=0.01, λ_txt=0.01
14:30:22 [INFO] AdaptiveTemperatureController: τ_base=0.07, α=0.5, range=[0.01, 0.5]
14:30:22 [INFO] Fitting bias subspace on training data (Steps IV + V)...
14:30:22 [INFO] This runs once before training starts.
14:30:22 [INFO] Extracting CLIP embeddings for bias subspace fitting...
14:35:58 [INFO]   Processed 5120 / 86744 samples
14:41:35 [INFO]   Processed 10240 / 86744 samples
14:47:10 [INFO]   Processed 15360 / 86744 samples
14:52:46 [INFO]   Processed 20480 / 86744 samples
14:58:22 [INFO]   Processed 25600 / 86744 samples
15:03:58 [INFO]   Processed 30720 / 86744 samples
15:09:34 [INFO]   Processed 35840 / 86744 samples
15:15:10 [INFO]   Processed 40960 / 86744 samples
15:20:47 [INFO]   Processed 46080 / 86744 samples
15:26:24 [INFO]   Processed 51200 / 86744 samples
15:32:00 [INFO]   Processed 56320 / 86744 samples
15:37:36 [INFO]   Processed 61440 / 86744 samples
15:43:13 [INFO]   Processed 66560 / 86744 samples
15:48:48 [INFO]   Processed 71680 / 86744 samples
15:54:25 [INFO]   Processed 76800 / 86744 samples
16:00:01 [INFO]   Processed 81920 / 86744 samples
16:05:37 [INFO]   Processed 87040 / 86744 samples
16:11:14 [INFO]   Processed 92160 / 86744 samples
16:16:50 [INFO]   Processed 97280 / 86744 samples
16:22:26 [INFO]   Processed 102400 / 86744 samples
16:28:02 [INFO]   Processed 107520 / 86744 samples
16:33:39 [INFO]   Processed 112640 / 86744 samples
16:39:15 [INFO]   Processed 117760 / 86744 samples
16:44:51 [INFO]   Processed 122880 / 86744 samples
16:50:27 [INFO]   Processed 128000 / 86744 samples
16:56:02 [INFO]   Processed 133120 / 86744 samples
17:01:38 [INFO]   Processed 138240 / 86744 samples
17:07:15 [INFO]   Processed 143360 / 86744 samples
17:12:51 [INFO]   Processed 148480 / 86744 samples
17:18:31 [INFO]   Processed 153600 / 86744 samples
17:24:18 [INFO]   Processed 158720 / 86744 samples
17:30:13 [INFO]   Processed 163840 / 86744 samples
17:35:58 [INFO]   Processed 168960 / 86744 samples
17:41:06 [INFO] Fitting bias subspace for attribute: gender
17:41:06 [INFO] Fitting image bias subspace for attribute: gender
17:41:06 [INFO]   Input: 86744 embeddings, dim=1024
17:41:06 [INFO]   Group 0: 45986 samples, centroid norm=0.6516
17:41:06 [INFO]   Group 1: 40758 samples, centroid norm=0.6670
17:41:06 [INFO]   Bias direction 1: singular value=0.2322, explained variance=100.0%
17:41:06 [INFO] Image bias subspace discovered: torch.Size([1024, 1])
17:41:06 [INFO] Fitting text bias subspace for attribute: gender
17:41:06 [INFO]   Group 0: 1 samples, centroid norm=1.0000
17:41:06 [INFO]   Group 1: 1 samples, centroid norm=1.0000
17:41:06 [INFO]   Bias direction 1: singular value=0.4285, explained variance=100.0%
17:41:06 [INFO] Text bias subspace discovered: torch.Size([1024, 1])
17:41:06 [INFO] Computing Procrustes alignment...
17:41:06 [INFO]   Reference shape: torch.Size([1024, 1])
17:41:06 [INFO]   Source shape: torch.Size([1024, 1])
17:41:06 [INFO] Alignment complete:
17:41:06 [INFO]   Rotation matrix shape: torch.Size([1, 1])
17:41:06 [INFO]   Alignment error: 0.540835 (lower is better)
17:41:06 [INFO]   det(R) = 1.0000 (should be +1.0 for pure rotation)
17:41:06 [INFO]   Direction 1 cosine similarity after alignment: 0.8537
17:41:06 [INFO] Procrustes alignment quality: {'alignment_error': 0.5408352017402649, 'rotation_det': 1.0, 'is_orthogonal': True}
17:41:06 [INFO] Bias subspace set: image_dirs=torch.Size([1024, 1]), text_dirs=torch.Size([1024, 1])
17:41:06 [INFO] Retrieval-skew loss wired with 8 neutral queries
17:41:06 [INFO] Bias subspace fitted and ready for training
17:41:06 [INFO] Bias subspace fitted successfully
17:41:06 [INFO] GPU cache cleared after fitting. Free now: 3.57 GB
17:41:06 [INFO] GPU cache cleared after fitting. Free now: 3.57 GB
17:41:06 [INFO] GPU memory after fitting: 4.01GB used
17:41:06 [INFO] Trainable parameters: 66,906,624 (last 2 layers only)
17:41:06 [INFO] Starting training...
17:41:06 [INFO] No checkpoint found — starting fresh.
17:41:06 [INFO] 
Epoch 1/30
17:43:00 [INFO] Epoch 1 | Step 50/1273 | Loss: 3.5777 | InfoNCE: 3.5724 | Fair_img: 0.1028 | Fair_txt: 0.4223 | Retr: 0.0000 | τ: 0.0924 | Time: 113.6s
17:44:53 [INFO] Epoch 1 | Step 100/1273 | Loss: 3.5368 | InfoNCE: 3.5315 | Fair_img: 0.1835 | Fair_txt: 0.3431 | Retr: 0.0000 | τ: 0.1000 | Time: 112.8s
17:46:45 [INFO] Epoch 1 | Step 150/1273 | Loss: 3.5616 | InfoNCE: 3.5566 | Fair_img: 0.2103 | Fair_txt: 0.2973 | Retr: 0.0000 | τ: 0.1021 | Time: 112.1s
17:48:36 [INFO] Epoch 1 | Step 200/1273 | Loss: 3.4950 | InfoNCE: 3.4893 | Fair_img: 0.2676 | Fair_txt: 0.2963 | Retr: 0.0000 | τ: 0.1062 | Time: 111.8s
17:50:28 [INFO] Epoch 1 | Step 250/1273 | Loss: 3.5328 | InfoNCE: 3.5271 | Fair_img: 0.2839 | Fair_txt: 0.2797 | Retr: 0.0000 | τ: 0.1073 | Time: 111.1s
17:52:18 [INFO] Epoch 1 | Step 300/1273 | Loss: 3.4973 | InfoNCE: 3.4920 | Fair_img: 0.2757 | Fair_txt: 0.2501 | Retr: 0.0000 | τ: 0.1068 | Time: 110.2s
17:54:11 [INFO] Epoch 1 | Step 350/1273 | Loss: 3.5395 | InfoNCE: 3.5332 | Fair_img: 0.3319 | Fair_txt: 0.2897 | Retr: 0.0000 | τ: 0.1103 | Time: 113.0s
17:56:04 [INFO] Epoch 1 | Step 400/1273 | Loss: 3.6664 | InfoNCE: 3.6614 | Fair_img: 0.2490 | Fair_txt: 0.2534 | Retr: 0.0000 | τ: 0.1049 | Time: 113.6s
17:57:57 [INFO] Epoch 1 | Step 450/1273 | Loss: 3.4915 | InfoNCE: 3.4854 | Fair_img: 0.3484 | Fair_txt: 0.2653 | Retr: 0.0000 | τ: 0.1113 | Time: 112.5s
17:59:49 [INFO] Epoch 1 | Step 500/1273 | Loss: 3.5090 | InfoNCE: 3.5034 | Fair_img: 0.3167 | Fair_txt: 0.2338 | Retr: 0.0000 | τ: 0.1094 | Time: 111.7s
18:01:40 [INFO] Epoch 1 | Step 550/1273 | Loss: 3.5653 | InfoNCE: 3.5593 | Fair_img: 0.3357 | Fair_txt: 0.2636 | Retr: 0.0000 | τ: 0.1106 | Time: 111.7s
18:03:34 [INFO] Epoch 1 | Step 600/1273 | Loss: 3.5115 | InfoNCE: 3.5057 | Fair_img: 0.3136 | Fair_txt: 0.2673 | Retr: 0.0000 | τ: 0.1092 | Time: 113.7s
18:05:27 [INFO] Epoch 1 | Step 650/1273 | Loss: 3.4862 | InfoNCE: 3.4805 | Fair_img: 0.3126 | Fair_txt: 0.2570 | Retr: 0.0000 | τ: 0.1091 | Time: 112.6s
18:07:18 [INFO] Epoch 1 | Step 700/1273 | Loss: 3.5589 | InfoNCE: 3.5519 | Fair_img: 0.3828 | Fair_txt: 0.3169 | Retr: 0.0000 | τ: 0.1133 | Time: 111.7s
18:09:11 [INFO] Epoch 1 | Step 750/1273 | Loss: 3.5626 | InfoNCE: 3.5574 | Fair_img: 0.2537 | Fair_txt: 0.2707 | Retr: 0.0000 | τ: 0.1053 | Time: 112.8s
18:11:02 [INFO] Epoch 1 | Step 800/1273 | Loss: 3.5817 | InfoNCE: 3.5758 | Fair_img: 0.3237 | Fair_txt: 0.2748 | Retr: 0.0000 | τ: 0.1098 | Time: 111.1s
18:12:52 [INFO] Epoch 1 | Step 850/1273 | Loss: 3.5910 | InfoNCE: 3.5853 | Fair_img: 0.3004 | Fair_txt: 0.2702 | Retr: 0.0000 | τ: 0.1084 | Time: 110.1s
18:14:42 [INFO] Epoch 1 | Step 900/1273 | Loss: 3.4889 | InfoNCE: 3.4828 | Fair_img: 0.3372 | Fair_txt: 0.2668 | Retr: 0.0000 | τ: 0.1106 | Time: 110.1s
18:16:32 [INFO] Epoch 1 | Step 950/1273 | Loss: 3.6835 | InfoNCE: 3.6778 | Fair_img: 0.2870 | Fair_txt: 0.2830 | Retr: 0.0000 | τ: 0.1075 | Time: 110.1s
18:18:22 [INFO] Epoch 1 | Step 1000/1273 | Loss: 3.5515 | InfoNCE: 3.5451 | Fair_img: 0.3611 | Fair_txt: 0.2774 | Retr: 0.0000 | τ: 0.1121 | Time: 110.1s
18:20:13 [INFO] Epoch 1 | Step 1050/1273 | Loss: 3.5674 | InfoNCE: 3.5612 | Fair_img: 0.3351 | Fair_txt: 0.2854 | Retr: 0.0000 | τ: 0.1105 | Time: 110.1s
18:22:03 [INFO] Epoch 1 | Step 1100/1273 | Loss: 3.4847 | InfoNCE: 3.4787 | Fair_img: 0.3405 | Fair_txt: 0.2580 | Retr: 0.0000 | τ: 0.1108 | Time: 110.1s
18:23:53 [INFO] Epoch 1 | Step 1150/1273 | Loss: 3.4926 | InfoNCE: 3.4857 | Fair_img: 0.3788 | Fair_txt: 0.3037 | Retr: 0.0000 | τ: 0.1131 | Time: 110.1s
18:25:43 [INFO] Epoch 1 | Step 1200/1273 | Loss: 3.5552 | InfoNCE: 3.5504 | Fair_img: 0.2446 | Fair_txt: 0.2359 | Retr: 0.0000 | τ: 0.1046 | Time: 110.1s
18:27:34 [INFO] Epoch 1 | Step 1250/1273 | Loss: 3.5494 | InfoNCE: 3.5436 | Fair_img: 0.3119 | Fair_txt: 0.2716 | Retr: 0.0000 | τ: 0.1091 | Time: 111.6s
18:41:56 [INFO] Epoch 1 Summary: train_loss=3.5649 | val_loss=3.5423 | lr=9.97e-06
18:41:56 [INFO]   Temperature: mean=0.1070 min=0.0751 max=0.1146
18:41:59 [INFO]   Checkpoint saved: latest.pt (epoch 1)
18:42:01 [INFO]   New best model saved (epoch 1)
18:42:01 [INFO] 
Epoch 2/30
18:43:51 [INFO] Epoch 2 | Step 50/1273 | Loss: 3.5067 | InfoNCE: 3.5012 | Fair_img: 0.2736 | Fair_txt: 0.2759 | Retr: 0.0000 | τ: 0.1066 | Time: 110.4s
18:45:41 [INFO] Epoch 2 | Step 100/1273 | Loss: 3.5102 | InfoNCE: 3.5035 | Fair_img: 0.3769 | Fair_txt: 0.2914 | Retr: 0.0000 | τ: 0.1130 | Time: 110.1s
18:47:31 [INFO] Epoch 2 | Step 150/1273 | Loss: 3.5249 | InfoNCE: 3.5191 | Fair_img: 0.2997 | Fair_txt: 0.2741 | Retr: 0.0000 | τ: 0.1083 | Time: 110.1s
18:49:21 [INFO] Epoch 2 | Step 200/1273 | Loss: 3.4803 | InfoNCE: 3.4739 | Fair_img: 0.3443 | Fair_txt: 0.3007 | Retr: 0.0000 | τ: 0.1111 | Time: 110.1s
18:51:11 [INFO] Epoch 2 | Step 250/1273 | Loss: 3.4865 | InfoNCE: 3.4805 | Fair_img: 0.3195 | Fair_txt: 0.2768 | Retr: 0.0000 | τ: 0.1096 | Time: 110.1s
18:53:01 [INFO] Epoch 2 | Step 300/1273 | Loss: 3.5090 | InfoNCE: 3.5030 | Fair_img: 0.3134 | Fair_txt: 0.2847 | Retr: 0.0000 | τ: 0.1092 | Time: 110.1s
18:54:51 [INFO] Epoch 2 | Step 350/1273 | Loss: 3.5303 | InfoNCE: 3.5236 | Fair_img: 0.3662 | Fair_txt: 0.3093 | Retr: 0.0000 | τ: 0.1124 | Time: 110.1s
18:56:41 [INFO] Epoch 2 | Step 400/1273 | Loss: 3.6674 | InfoNCE: 3.6620 | Fair_img: 0.2552 | Fair_txt: 0.2797 | Retr: 0.0000 | τ: 0.1054 | Time: 110.1s
18:58:31 [INFO] Epoch 2 | Step 450/1273 | Loss: 3.4827 | InfoNCE: 3.4767 | Fair_img: 0.3180 | Fair_txt: 0.2765 | Retr: 0.0000 | τ: 0.1095 | Time: 110.1s
19:00:21 [INFO] Epoch 2 | Step 500/1273 | Loss: 3.4976 | InfoNCE: 3.4916 | Fair_img: 0.3162 | Fair_txt: 0.2799 | Retr: 0.0000 | τ: 0.1094 | Time: 110.1s
19:02:11 [INFO] Epoch 2 | Step 550/1273 | Loss: 3.5744 | InfoNCE: 3.5680 | Fair_img: 0.3378 | Fair_txt: 0.3036 | Retr: 0.0000 | τ: 0.1107 | Time: 110.0s
19:04:02 [INFO] Epoch 2 | Step 600/1273 | Loss: 3.5028 | InfoNCE: 3.4967 | Fair_img: 0.3101 | Fair_txt: 0.3000 | Retr: 0.0000 | τ: 0.1090 | Time: 110.1s
19:05:52 [INFO] Epoch 2 | Step 650/1273 | Loss: 3.4903 | InfoNCE: 3.4844 | Fair_img: 0.3096 | Fair_txt: 0.2767 | Retr: 0.0000 | τ: 0.1089 | Time: 110.1s
19:07:42 [INFO] Epoch 2 | Step 700/1273 | Loss: 3.5726 | InfoNCE: 3.5657 | Fair_img: 0.3589 | Fair_txt: 0.3313 | Retr: 0.0000 | τ: 0.1119 | Time: 110.1s
19:09:32 [INFO] Epoch 2 | Step 750/1273 | Loss: 3.5389 | InfoNCE: 3.5331 | Fair_img: 0.2806 | Fair_txt: 0.3066 | Retr: 0.0000 | τ: 0.1071 | Time: 110.0s
19:11:22 [INFO] Epoch 2 | Step 800/1273 | Loss: 3.5150 | InfoNCE: 3.5085 | Fair_img: 0.3396 | Fair_txt: 0.3054 | Retr: 0.0000 | τ: 0.1108 | Time: 110.1s
19:13:12 [INFO] Epoch 2 | Step 850/1273 | Loss: 3.6145 | InfoNCE: 3.6085 | Fair_img: 0.3052 | Fair_txt: 0.3002 | Retr: 0.0000 | τ: 0.1087 | Time: 110.1s
19:15:02 [INFO] Epoch 2 | Step 900/1273 | Loss: 3.4821 | InfoNCE: 3.4754 | Fair_img: 0.3519 | Fair_txt: 0.3106 | Retr: 0.0000 | τ: 0.1115 | Time: 110.0s
19:16:52 [INFO] Epoch 2 | Step 950/1273 | Loss: 3.6847 | InfoNCE: 3.6784 | Fair_img: 0.3137 | Fair_txt: 0.3151 | Retr: 0.0000 | τ: 0.1092 | Time: 110.1s
19:18:42 [INFO] Epoch 2 | Step 1000/1273 | Loss: 3.5393 | InfoNCE: 3.5330 | Fair_img: 0.3413 | Fair_txt: 0.2927 | Retr: 0.0000 | τ: 0.1109 | Time: 110.1s
19:20:32 [INFO] Epoch 2 | Step 1050/1273 | Loss: 3.5590 | InfoNCE: 3.5523 | Fair_img: 0.3578 | Fair_txt: 0.3163 | Retr: 0.0000 | τ: 0.1119 | Time: 110.1s
19:22:22 [INFO] Epoch 2 | Step 1100/1273 | Loss: 3.4791 | InfoNCE: 3.4729 | Fair_img: 0.3384 | Fair_txt: 0.2804 | Retr: 0.0000 | τ: 0.1107 | Time: 110.1s
19:24:12 [INFO] Epoch 2 | Step 1150/1273 | Loss: 3.4833 | InfoNCE: 3.4764 | Fair_img: 0.3745 | Fair_txt: 0.3137 | Retr: 0.0000 | τ: 0.1128 | Time: 110.1s
19:26:02 [INFO] Epoch 2 | Step 1200/1273 | Loss: 3.5626 | InfoNCE: 3.5567 | Fair_img: 0.2913 | Fair_txt: 0.2927 | Retr: 0.0000 | τ: 0.1078 | Time: 110.1s
19:27:52 [INFO] Epoch 2 | Step 1250/1273 | Loss: 3.5260 | InfoNCE: 3.5202 | Fair_img: 0.2909 | Fair_txt: 0.2839 | Retr: 0.0000 | τ: 0.1078 | Time: 110.0s
19:42:13 [INFO] Epoch 2 Summary: train_loss=3.5362 | val_loss=3.5453 | lr=9.89e-06
19:42:13 [INFO]   Temperature: mean=0.1099 min=0.1011 max=0.1158
19:42:17 [INFO]   Checkpoint saved: latest.pt (epoch 2)
19:42:17 [INFO]   No improvement for 1/3 epochs
19:42:17 [INFO] 
Epoch 3/30
19:44:07 [INFO] Epoch 3 | Step 50/1273 | Loss: 3.5055 | InfoNCE: 3.4996 | Fair_img: 0.2862 | Fair_txt: 0.2954 | Retr: 0.0000 | τ: 0.1075 | Time: 110.3s
19:45:57 [INFO] Epoch 3 | Step 100/1273 | Loss: 3.4812 | InfoNCE: 3.4744 | Fair_img: 0.3733 | Fair_txt: 0.3097 | Retr: 0.0000 | τ: 0.1128 | Time: 110.1s
19:47:47 [INFO] Epoch 3 | Step 150/1273 | Loss: 3.5173 | InfoNCE: 3.5114 | Fair_img: 0.2952 | Fair_txt: 0.2985 | Retr: 0.0000 | τ: 0.1080 | Time: 110.1s
19:49:37 [INFO] Epoch 3 | Step 200/1273 | Loss: 3.4783 | InfoNCE: 3.4714 | Fair_img: 0.3693 | Fair_txt: 0.3220 | Retr: 0.0000 | τ: 0.1125 | Time: 110.1s
19:51:28 [INFO] Epoch 3 | Step 250/1273 | Loss: 3.4823 | InfoNCE: 3.4760 | Fair_img: 0.3327 | Fair_txt: 0.3043 | Retr: 0.0000 | τ: 0.1104 | Time: 110.1s
19:53:18 [INFO] Epoch 3 | Step 300/1273 | Loss: 3.5037 | InfoNCE: 3.4975 | Fair_img: 0.3188 | Fair_txt: 0.2996 | Retr: 0.0000 | τ: 0.1095 | Time: 110.1s
19:55:08 [INFO] Epoch 3 | Step 350/1273 | Loss: 3.5237 | InfoNCE: 3.5161 | Fair_img: 0.4118 | Fair_txt: 0.3515 | Retr: 0.0000 | τ: 0.1149 | Time: 110.1s
19:56:58 [INFO] Epoch 3 | Step 400/1273 | Loss: 3.6559 | InfoNCE: 3.6503 | Fair_img: 0.2673 | Fair_txt: 0.2969 | Retr: 0.0000 | τ: 0.1062 | Time: 110.1s
19:58:48 [INFO] Epoch 3 | Step 450/1273 | Loss: 3.4785 | InfoNCE: 3.4720 | Fair_img: 0.3438 | Fair_txt: 0.3059 | Retr: 0.0000 | τ: 0.1110 | Time: 110.1s
20:00:38 [INFO] Epoch 3 | Step 500/1273 | Loss: 3.5118 | InfoNCE: 3.5054 | Fair_img: 0.3317 | Fair_txt: 0.3076 | Retr: 0.0000 | τ: 0.1103 | Time: 110.1s
20:02:28 [INFO] Epoch 3 | Step 550/1273 | Loss: 3.5721 | InfoNCE: 3.5651 | Fair_img: 0.3687 | Fair_txt: 0.3352 | Retr: 0.0000 | τ: 0.1125 | Time: 110.0s
20:04:18 [INFO] Epoch 3 | Step 600/1273 | Loss: 3.4839 | InfoNCE: 3.4772 | Fair_img: 0.3458 | Fair_txt: 0.3273 | Retr: 0.0000 | τ: 0.1112 | Time: 110.1s
20:06:08 [INFO] Epoch 3 | Step 650/1273 | Loss: 3.4813 | InfoNCE: 3.4744 | Fair_img: 0.3598 | Fair_txt: 0.3292 | Retr: 0.0000 | τ: 0.1120 | Time: 110.1s
20:07:58 [INFO] Epoch 3 | Step 700/1273 | Loss: 3.5482 | InfoNCE: 3.5409 | Fair_img: 0.3738 | Fair_txt: 0.3556 | Retr: 0.0000 | τ: 0.1128 | Time: 110.1s
20:09:48 [INFO] Epoch 3 | Step 750/1273 | Loss: 3.5811 | InfoNCE: 3.5752 | Fair_img: 0.2726 | Fair_txt: 0.3122 | Retr: 0.0000 | τ: 0.1065 | Time: 110.1s
20:11:38 [INFO] Epoch 3 | Step 800/1273 | Loss: 3.4973 | InfoNCE: 3.4901 | Fair_img: 0.3896 | Fair_txt: 0.3385 | Retr: 0.0000 | τ: 0.1137 | Time: 110.1s
20:13:28 [INFO] Epoch 3 | Step 850/1273 | Loss: 3.6083 | InfoNCE: 3.6015 | Fair_img: 0.3504 | Fair_txt: 0.3311 | Retr: 0.0000 | τ: 0.1114 | Time: 110.1s
20:15:18 [INFO] Epoch 3 | Step 900/1273 | Loss: 3.4782 | InfoNCE: 3.4709 | Fair_img: 0.4002 | Fair_txt: 0.3325 | Retr: 0.0000 | τ: 0.1143 | Time: 110.1s
20:17:08 [INFO] Epoch 3 | Step 950/1273 | Loss: 3.6642 | InfoNCE: 3.6575 | Fair_img: 0.3379 | Fair_txt: 0.3333 | Retr: 0.0000 | τ: 0.1107 | Time: 110.1s
20:18:58 [INFO] Epoch 3 | Step 1000/1273 | Loss: 3.4967 | InfoNCE: 3.4906 | Fair_img: 0.3257 | Fair_txt: 0.2804 | Retr: 0.0000 | τ: 0.1099 | Time: 110.1s
20:20:49 [INFO] Epoch 3 | Step 1050/1273 | Loss: 3.5520 | InfoNCE: 3.5451 | Fair_img: 0.3641 | Fair_txt: 0.3310 | Retr: 0.0000 | τ: 0.1122 | Time: 110.4s
20:22:39 [INFO] Epoch 3 | Step 1100/1273 | Loss: 3.4758 | InfoNCE: 3.4688 | Fair_img: 0.3848 | Fair_txt: 0.3148 | Retr: 0.0000 | τ: 0.1134 | Time: 110.3s
20:24:29 [INFO] Epoch 3 | Step 1150/1273 | Loss: 3.4776 | InfoNCE: 3.4707 | Fair_img: 0.3617 | Fair_txt: 0.3238 | Retr: 0.0000 | τ: 0.1121 | Time: 110.2s
20:26:20 [INFO] Epoch 3 | Step 1200/1273 | Loss: 3.5772 | InfoNCE: 3.5712 | Fair_img: 0.2940 | Fair_txt: 0.3120 | Retr: 0.0000 | τ: 0.1080 | Time: 110.3s
20:28:10 [INFO] Epoch 3 | Step 1250/1273 | Loss: 3.5294 | InfoNCE: 3.5232 | Fair_img: 0.3087 | Fair_txt: 0.3122 | Retr: 0.0000 | τ: 0.1089 | Time: 110.1s
20:42:31 [INFO] Epoch 3 Summary: train_loss=3.5286 | val_loss=3.5546 | lr=9.76e-06
20:42:31 [INFO]   Temperature: mean=0.1110 min=0.1019 max=0.1169
20:42:35 [INFO]   Checkpoint saved: latest.pt (epoch 3)
20:42:35 [INFO]   No improvement for 2/3 epochs
20:42:35 [INFO] 
Epoch 4/30
20:44:25 [INFO] Epoch 4 | Step 50/1273 | Loss: 3.4958 | InfoNCE: 3.4897 | Fair_img: 0.2946 | Fair_txt: 0.3162 | Retr: 0.0000 | τ: 0.1080 | Time: 110.3s
20:46:15 [INFO] Epoch 4 | Step 100/1273 | Loss: 3.4786 | InfoNCE: 3.4713 | Fair_img: 0.3991 | Fair_txt: 0.3249 | Retr: 0.0000 | τ: 0.1142 | Time: 110.1s
20:48:05 [INFO] Epoch 4 | Step 150/1273 | Loss: 3.5072 | InfoNCE: 3.5007 | Fair_img: 0.3323 | Fair_txt: 0.3247 | Retr: 0.0000 | τ: 0.1103 | Time: 110.1s
20:49:55 [INFO] Epoch 4 | Step 200/1273 | Loss: 3.4755 | InfoNCE: 3.4677 | Fair_img: 0.4235 | Fair_txt: 0.3622 | Retr: 0.0000 | τ: 0.1156 | Time: 110.1s
20:51:45 [INFO] Epoch 4 | Step 250/1273 | Loss: 3.4760 | InfoNCE: 3.4687 | Fair_img: 0.3914 | Fair_txt: 0.3353 | Retr: 0.0000 | τ: 0.1138 | Time: 110.1s
20:53:35 [INFO] Epoch 4 | Step 300/1273 | Loss: 3.4852 | InfoNCE: 3.4786 | Fair_img: 0.3446 | Fair_txt: 0.3161 | Retr: 0.0000 | τ: 0.1111 | Time: 110.1s
20:55:25 [INFO] Epoch 4 | Step 350/1273 | Loss: 3.5287 | InfoNCE: 3.5209 | Fair_img: 0.4075 | Fair_txt: 0.3732 | Retr: 0.0000 | τ: 0.1147 | Time: 110.1s
20:57:15 [INFO] Epoch 4 | Step 400/1273 | Loss: 3.6063 | InfoNCE: 3.6003 | Fair_img: 0.2854 | Fair_txt: 0.3172 | Retr: 0.0000 | τ: 0.1074 | Time: 110.1s
20:59:05 [INFO] Epoch 4 | Step 450/1273 | Loss: 3.4769 | InfoNCE: 3.4699 | Fair_img: 0.3642 | Fair_txt: 0.3380 | Retr: 0.0000 | τ: 0.1122 | Time: 110.1s
21:00:55 [INFO] Epoch 4 | Step 500/1273 | Loss: 3.5043 | InfoNCE: 3.4969 | Fair_img: 0.3807 | Fair_txt: 0.3559 | Retr: 0.0000 | τ: 0.1132 | Time: 110.1s
21:02:45 [INFO] Epoch 4 | Step 550/1273 | Loss: 3.5712 | InfoNCE: 3.5640 | Fair_img: 0.3715 | Fair_txt: 0.3532 | Retr: 0.0000 | τ: 0.1127 | Time: 110.1s
21:04:36 [INFO] Epoch 4 | Step 600/1273 | Loss: 3.4826 | InfoNCE: 3.4755 | Fair_img: 0.3572 | Fair_txt: 0.3502 | Retr: 0.0000 | τ: 0.1118 | Time: 110.1s
21:06:26 [INFO] Epoch 4 | Step 650/1273 | Loss: 3.4767 | InfoNCE: 3.4693 | Fair_img: 0.3893 | Fair_txt: 0.3553 | Retr: 0.0000 | τ: 0.1137 | Time: 110.1s
21:08:16 [INFO] Epoch 4 | Step 700/1273 | Loss: 3.5505 | InfoNCE: 3.5430 | Fair_img: 0.3774 | Fair_txt: 0.3686 | Retr: 0.0000 | τ: 0.1130 | Time: 110.1s
21:10:06 [INFO] Epoch 4 | Step 750/1273 | Loss: 3.5384 | InfoNCE: 3.5322 | Fair_img: 0.2859 | Fair_txt: 0.3330 | Retr: 0.0000 | τ: 0.1074 | Time: 110.1s
21:11:56 [INFO] Epoch 4 | Step 800/1273 | Loss: 3.5023 | InfoNCE: 3.4946 | Fair_img: 0.4053 | Fair_txt: 0.3695 | Retr: 0.0000 | τ: 0.1146 | Time: 110.1s
21:13:46 [INFO] Epoch 4 | Step 850/1273 | Loss: 3.5719 | InfoNCE: 3.5649 | Fair_img: 0.3575 | Fair_txt: 0.3467 | Retr: 0.0000 | τ: 0.1119 | Time: 110.1s
21:15:36 [INFO] Epoch 4 | Step 900/1273 | Loss: 3.4752 | InfoNCE: 3.4676 | Fair_img: 0.4109 | Fair_txt: 0.3563 | Retr: 0.0000 | τ: 0.1149 | Time: 110.1s
21:17:26 [INFO] Epoch 4 | Step 950/1273 | Loss: 3.6250 | InfoNCE: 3.6182 | Fair_img: 0.3264 | Fair_txt: 0.3516 | Retr: 0.0000 | τ: 0.1100 | Time: 110.1s
21:19:16 [INFO] Epoch 4 | Step 1000/1273 | Loss: 3.4761 | InfoNCE: 3.4693 | Fair_img: 0.3623 | Fair_txt: 0.3180 | Retr: 0.0000 | τ: 0.1121 | Time: 110.0s
21:21:06 [INFO] Epoch 4 | Step 1050/1273 | Loss: 3.5440 | InfoNCE: 3.5368 | Fair_img: 0.3615 | Fair_txt: 0.3555 | Retr: 0.0000 | τ: 0.1121 | Time: 110.2s
21:22:56 [INFO] Epoch 4 | Step 1100/1273 | Loss: 3.4750 | InfoNCE: 3.4680 | Fair_img: 0.3672 | Fair_txt: 0.3298 | Retr: 0.0000 | τ: 0.1124 | Time: 110.0s
21:24:46 [INFO] Epoch 4 | Step 1150/1273 | Loss: 3.4816 | InfoNCE: 3.4741 | Fair_img: 0.3864 | Fair_txt: 0.3685 | Retr: 0.0000 | τ: 0.1135 | Time: 110.0s
21:26:36 [INFO] Epoch 4 | Step 1200/1273 | Loss: 3.5775 | InfoNCE: 3.5710 | Fair_img: 0.3121 | Fair_txt: 0.3334 | Retr: 0.0000 | τ: 0.1091 | Time: 110.0s
21:28:26 [INFO] Epoch 4 | Step 1250/1273 | Loss: 3.4998 | InfoNCE: 3.4932 | Fair_img: 0.3233 | Fair_txt: 0.3350 | Retr: 0.0000 | τ: 0.1098 | Time: 110.0s
21:42:47 [INFO] Epoch 4 Summary: train_loss=3.5201 | val_loss=3.5684 | lr=9.57e-06
21:42:47 [INFO]   Temperature: mean=0.1119 min=0.1022 max=0.1169
21:42:51 [INFO]   Checkpoint saved: latest.pt (epoch 4)
21:42:51 [INFO]   No improvement for 3/3 epochs
21:42:51 [INFO] Early stopping triggered at epoch 4!
21:42:51 [INFO] Best val loss: 3.5423 (epoch 1)
21:42:51 [INFO] 
Training complete!
21:42:51 [INFO] Best val loss: 3.5423
21:42:51 [INFO] Checkpoints saved to: results/checkpoints_procfix/fairface/ViT-H_14/gender/seed456
