09:17:08 [INFO] ============================================================
09:17:08 [INFO] FairCLIP Training
09:17:08 [INFO] Attribute: age
09:17:08 [INFO] Backbone:  ViT-H/14
09:17:08 [INFO] Epochs:    30
09:17:08 [INFO] Batch:     8
09:17:08 [INFO] Lambda:    0.5
09:17:08 [INFO] Device:    cuda
09:17:08 [INFO] Seed:      123
09:17:08 [INFO] ============================================================
09:17:08 [INFO] Dataset: fairface  manifest: results/manifests/fairface.csv
09:17:08 [INFO] Loaded manifest fairface.csv: 97698 rows
09:17:08 [INFO] Filtered to split='train': 86744 rows
09:17:08 [INFO] Loaded manifest fairface.csv: 97698 rows
09:17:08 [INFO] Filtered to split='val': 10954 rows
09:17:08 [INFO] Using 14 samples/group × 9 groups = 126 effective batch size
09:17:08 [INFO]   Group 0: 1792 samples (2.1%)
09:17:08 [INFO]   Group 1: 10408 samples (12.0%)
09:17:08 [INFO]   Group 2: 9103 samples (10.5%)
09:17:08 [INFO]   Group 3: 25598 samples (29.5%)
09:17:08 [INFO]   Group 4: 19250 samples (22.2%)
09:17:08 [INFO]   Group 5: 10744 samples (12.4%)
09:17:08 [INFO]   Group 6: 6228 samples (7.2%)
09:17:08 [INFO]   Group 7: 2779 samples (3.2%)
09:17:08 [INFO]   Group 8: 842 samples (1.0%)
09:17:08 [INFO] DemographicBalancedSampler: 9 groups, 14/group, 60 batches/epoch, effective batch size 126
09:17:08 [INFO] Train: 86744 samples
09:17:08 [INFO] Val:   10954 samples
09:17:08 [INFO] ============================================================
09:17:08 [INFO] Initializing FairCLIP
09:17:08 [INFO]   Backbone: ViT-H/14
09:17:08 [INFO]   Bias directions: 5
09:17:08 [INFO]   Lambda fair: img=0.5, txt=0.5
09:17:08 [INFO]   Temperature: base=0.07, alpha=0.5
09:17:08 [INFO] ============================================================
09:17:08 [INFO] Loading CLIP backbone: ViT-H/14
09:17:08 [INFO] Embedding dimension: 1024
09:17:08 [INFO] Device: cuda
09:17:08 [INFO] Parsing model identifier. Schema: None, Identifier: ViT-H-14
09:17:08 [INFO] Loaded built-in ViT-H-14 model config.
09:17:09 [INFO] HTTP Request: GET https://huggingface.co/api/agent-harnesses "HTTP/1.1 200 OK"
09:17:09 [INFO] HTTP Request: HEAD https://huggingface.co/laion/CLIP-ViT-H-14-laion2B-s32B-b79K/resolve/main/open_clip_model.safetensors "HTTP/1.1 302 Found"
Warning: You are sending unauthenticated requests to the HF Hub. Please set a HF_TOKEN to enable higher rate limits and faster downloads.
09:17:09 [WARNING] Warning: You are sending unauthenticated requests to the HF Hub. Please set a HF_TOKEN to enable higher rate limits and faster downloads.
09:17:09 [INFO] Instantiating model architecture: CLIP
09:17:15 [INFO] Loading full pretrained weights from: /home/ayeshakalsoom/.cache/huggingface/hub/models--laion--CLIP-ViT-H-14-laion2B-s32B-b79K/snapshots/1c2b8495b28150b8a4922ee1c8edee224c284c0c/open_clip_model.safetensors
09:17:19 [INFO] Final image preprocessing configuration set: {'size': (224, 224), 'mode': 'RGB', 'mean': (0.48145466, 0.4578275, 0.40821073), 'std': (0.26862954, 0.26130258, 0.27577711), 'interpolation': 'bicubic', 'resize_mode': 'shortest', 'fill_color': 0}
09:17:19 [INFO] Model ViT-H-14 creation process complete.
09:17:19 [INFO] Loaded OpenCLIP successfully
09:17:19 [INFO] Gradient checkpointing ENABLED (memory saving)
09:17:19 [INFO] Parsing tokenizer identifier. Schema: None, Identifier: ViT-H-14
09:17:19 [INFO] Attempting to load config from built-in: ViT-H-14
09:17:19 [INFO] Using default SimpleTokenizer.
09:17:19 [INFO] Backbone frozen — CLIP weights will not be updated
09:17:19 [INFO] BiasSubspaceDiscoverer initialized with 5 bias directions
09:17:19 [INFO] FairnessAwareLoss initialized: λ_img=0.5, λ_txt=0.5
09:17:19 [INFO] AdaptiveTemperatureController: τ_base=0.07, α=0.5, range=[0.01, 0.5]
09:17:19 [INFO] Fitting bias subspace on training data (Steps IV + V)...
09:17:19 [INFO] This runs once before training starts.
09:17:19 [INFO] Extracting CLIP embeddings for bias subspace fitting...
09:22:56 [INFO]   Processed 5120 / 86744 samples
09:28:32 [INFO]   Processed 10240 / 86744 samples
09:34:09 [INFO]   Processed 15360 / 86744 samples
09:39:45 [INFO]   Processed 20480 / 86744 samples
09:45:21 [INFO]   Processed 25600 / 86744 samples
09:50:57 [INFO]   Processed 30720 / 86744 samples
09:56:33 [INFO]   Processed 35840 / 86744 samples
10:02:10 [INFO]   Processed 40960 / 86744 samples
10:07:46 [INFO]   Processed 46080 / 86744 samples
10:13:26 [INFO]   Processed 51200 / 86744 samples
10:19:04 [INFO]   Processed 56320 / 86744 samples
10:24:42 [INFO]   Processed 61440 / 86744 samples
10:30:22 [INFO]   Processed 66560 / 86744 samples
10:36:00 [INFO]   Processed 71680 / 86744 samples
10:41:37 [INFO]   Processed 76800 / 86744 samples
10:47:13 [INFO]   Processed 81920 / 86744 samples
10:52:51 [INFO]   Processed 87040 / 86744 samples
10:58:29 [INFO]   Processed 92160 / 86744 samples
11:04:07 [INFO]   Processed 97280 / 86744 samples
11:09:43 [INFO]   Processed 102400 / 86744 samples
11:15:21 [INFO]   Processed 107520 / 86744 samples
11:20:59 [INFO]   Processed 112640 / 86744 samples
11:26:36 [INFO]   Processed 117760 / 86744 samples
11:32:13 [INFO]   Processed 122880 / 86744 samples
11:37:51 [INFO]   Processed 128000 / 86744 samples
11:43:28 [INFO]   Processed 133120 / 86744 samples
11:49:06 [INFO]   Processed 138240 / 86744 samples
11:54:43 [INFO]   Processed 143360 / 86744 samples
12:00:20 [INFO]   Processed 148480 / 86744 samples
12:05:57 [INFO]   Processed 153600 / 86744 samples
12:11:34 [INFO]   Processed 158720 / 86744 samples
12:17:11 [INFO]   Processed 163840 / 86744 samples
12:22:48 [INFO]   Processed 168960 / 86744 samples
12:27:47 [INFO] Fitting bias subspace for attribute: age
12:27:47 [INFO] Fitting image bias subspace for attribute: age
12:27:47 [INFO]   Input: 86744 embeddings, dim=1024
12:27:47 [INFO]   Group 0: 1792 samples, centroid norm=0.7444
12:27:47 [INFO]   Group 1: 10408 samples, centroid norm=0.7197
12:27:47 [INFO]   Group 2: 9103 samples, centroid norm=0.6784
12:27:47 [INFO]   Group 3: 25598 samples, centroid norm=0.6560
12:27:48 [INFO]   Group 4: 19250 samples, centroid norm=0.6552
12:27:48 [INFO]   Group 5: 10744 samples, centroid norm=0.6596
12:27:48 [INFO]   Group 6: 6228 samples, centroid norm=0.6635
12:27:48 [INFO]   Group 7: 2779 samples, centroid norm=0.6658
12:27:48 [INFO]   Group 8: 842 samples, centroid norm=0.6932
12:27:48 [INFO]   Bias direction 1: singular value=0.5826, explained variance=48.7%
12:27:48 [INFO]   Bias direction 2: singular value=0.4925, explained variance=34.8%
12:27:48 [INFO]   Bias direction 3: singular value=0.2555, explained variance=9.4%
12:27:48 [INFO]   Bias direction 4: singular value=0.1906, explained variance=5.2%
12:27:48 [INFO]   Bias direction 5: singular value=0.0902, explained variance=1.2%
12:27:48 [INFO] Image bias subspace discovered: torch.Size([1024, 5])
12:27:48 [INFO] Fitting text bias subspace for attribute: age
12:27:48 [INFO]   Group 0: 1 samples, centroid norm=1.0000
12:27:48 [INFO]   Group 1: 1 samples, centroid norm=1.0000
12:27:48 [INFO]   Group 2: 1 samples, centroid norm=1.0000
12:27:48 [INFO]   Group 3: 1 samples, centroid norm=1.0000
12:27:48 [INFO]   Group 4: 1 samples, centroid norm=1.0000
12:27:48 [INFO]   Bias direction 1: singular value=0.4401, explained variance=37.0%
12:27:48 [INFO]   Bias direction 2: singular value=0.3887, explained variance=28.9%
12:27:48 [INFO]   Bias direction 3: singular value=0.3222, explained variance=19.9%
12:27:48 [INFO]   Bias direction 4: singular value=0.2726, explained variance=14.2%
12:27:48 [INFO] Text bias subspace discovered: torch.Size([1024, 4])
12:27:48 [INFO] Computing Procrustes alignment...
12:27:48 [INFO]   Reference shape: torch.Size([1024, 4])
12:27:48 [INFO]   Source shape: torch.Size([1024, 4])
12:27:48 [INFO] Alignment complete:
12:27:48 [INFO]   Rotation matrix shape: torch.Size([4, 4])
12:27:48 [INFO]   Alignment error: 1.178820 (lower is better)
12:27:48 [INFO]   det(R) = 1.0000 (should be +1.0 for pure rotation)
12:27:48 [INFO]   Direction 1 cosine similarity after alignment: 0.4754
12:27:48 [INFO]   Direction 2 cosine similarity after alignment: 0.2640
12:27:48 [INFO]   Direction 3 cosine similarity after alignment: 0.1796
12:27:48 [INFO]   Direction 4 cosine similarity after alignment: 0.2838
12:27:48 [INFO] Procrustes alignment quality: {'alignment_error': 1.1788198947906494, 'rotation_det': 0.9999998211860657, 'is_orthogonal': True}
12:27:48 [INFO] Bias subspace set: image_dirs=torch.Size([1024, 4]), text_dirs=torch.Size([1024, 4])
12:27:48 [INFO] Bias subspace fitted and ready for training
12:27:48 [INFO] Bias subspace fitted successfully
12:27:48 [INFO] GPU cache cleared after fitting. Free now: 3.21 GB
12:27:48 [INFO] GPU cache cleared after fitting. Free now: 3.21 GB
12:27:48 [INFO] GPU memory after fitting: 4.01GB used
12:27:48 [INFO] Trainable parameters: 66,906,624 (last 2 layers only)
12:27:49 [INFO] Loaded 50000 COCO captions for race contrastive training
12:27:49 [INFO] Starting training...
12:27:49 [INFO] No checkpoint found — starting fresh.
12:27:49 [INFO] 
Epoch 1/30
12:31:09 [INFO] Epoch 1 | Step 50/60 | Loss: 4.6298 | InfoNCE: 4.5526 | Fair_img: 0.0578 | Fair_txt: 0.0966 | τ: 0.0822 | Time: 199.9s
12:48:55 [INFO] Epoch 1 Summary: train_loss=4.7867 | val_loss=1.9011 | lr=9.97e-06
12:48:55 [INFO]   Temperature: mean=0.0973 min=0.0782 max=0.1052
12:48:59 [INFO]   Checkpoint saved: latest.pt (epoch 1)
12:49:01 [INFO]   New best model saved (epoch 1)
12:49:01 [INFO] 
Epoch 2/30
12:52:20 [INFO] Epoch 2 | Step 50/60 | Loss: 4.3776 | InfoNCE: 4.2157 | Fair_img: 0.1521 | Fair_txt: 0.1717 | τ: 0.0897 | Time: 199.0s
13:10:06 [INFO] Epoch 2 Summary: train_loss=4.3853 | val_loss=1.7887 | lr=9.89e-06
13:10:06 [INFO]   Temperature: mean=0.1023 min=0.0848 max=0.1096
13:10:10 [INFO]   Checkpoint saved: latest.pt (epoch 2)
13:10:12 [INFO]   New best model saved (epoch 2)
13:10:12 [INFO] 
Epoch 3/30
13:13:31 [INFO] Epoch 3 | Step 50/60 | Loss: 4.2390 | InfoNCE: 4.0674 | Fair_img: 0.1646 | Fair_txt: 0.1785 | τ: 0.0908 | Time: 198.4s
13:31:22 [INFO] Epoch 3 Summary: train_loss=4.2526 | val_loss=1.7977 | lr=9.76e-06
13:31:22 [INFO]   Temperature: mean=0.1052 min=0.0884 max=0.1137
13:31:26 [INFO]   Checkpoint saved: latest.pt (epoch 3)
13:31:26 [INFO]   No improvement for 1/5 epochs
13:31:26 [INFO] 
Epoch 4/30
13:34:46 [INFO] Epoch 4 | Step 50/60 | Loss: 4.1166 | InfoNCE: 3.9381 | Fair_img: 0.1689 | Fair_txt: 0.1881 | τ: 0.0911 | Time: 199.7s
13:52:34 [INFO] Epoch 4 Summary: train_loss=4.1343 | val_loss=1.8401 | lr=9.57e-06
13:52:34 [INFO]   Temperature: mean=0.1078 min=0.0904 max=0.1173
13:52:38 [INFO]   Checkpoint saved: latest.pt (epoch 4)
13:52:38 [INFO]   No improvement for 2/5 epochs
13:52:38 [INFO] 
Epoch 5/30
13:52:38 [INFO] Refitting bias subspace at epoch 5...
13:52:38 [INFO] Fitting bias subspace on training data (Steps IV + V)...
13:52:38 [INFO] This runs once before training starts.
13:52:38 [INFO] Extracting CLIP embeddings for bias subspace fitting...
13:58:11 [INFO]   Processed 5120 / 86744 samples
14:03:45 [INFO]   Processed 10240 / 86744 samples
14:09:18 [INFO]   Processed 15360 / 86744 samples
14:14:51 [INFO]   Processed 20480 / 86744 samples
14:20:24 [INFO]   Processed 25600 / 86744 samples
14:25:57 [INFO]   Processed 30720 / 86744 samples
14:31:31 [INFO]   Processed 35840 / 86744 samples
14:37:04 [INFO]   Processed 40960 / 86744 samples
14:42:37 [INFO]   Processed 46080 / 86744 samples
14:48:11 [INFO]   Processed 51200 / 86744 samples
14:53:49 [INFO]   Processed 56320 / 86744 samples
14:59:22 [INFO]   Processed 61440 / 86744 samples
15:04:55 [INFO]   Processed 66560 / 86744 samples
15:10:28 [INFO]   Processed 71680 / 86744 samples
15:16:02 [INFO]   Processed 76800 / 86744 samples
15:21:35 [INFO]   Processed 81920 / 86744 samples
15:27:09 [INFO]   Processed 87040 / 86744 samples
15:32:42 [INFO]   Processed 92160 / 86744 samples
15:38:15 [INFO]   Processed 97280 / 86744 samples
15:43:50 [INFO]   Processed 102400 / 86744 samples
15:49:24 [INFO]   Processed 107520 / 86744 samples
15:55:10 [INFO]   Processed 112640 / 86744 samples
16:01:06 [INFO]   Processed 117760 / 86744 samples
16:06:47 [INFO]   Processed 122880 / 86744 samples
16:12:26 [INFO]   Processed 128000 / 86744 samples
16:18:00 [INFO]   Processed 133120 / 86744 samples
16:23:33 [INFO]   Processed 138240 / 86744 samples
16:29:06 [INFO]   Processed 143360 / 86744 samples
16:34:38 [INFO]   Processed 148480 / 86744 samples
16:40:12 [INFO]   Processed 153600 / 86744 samples
16:45:55 [INFO]   Processed 158720 / 86744 samples
16:51:29 [INFO]   Processed 163840 / 86744 samples
16:57:03 [INFO]   Processed 168960 / 86744 samples
17:01:57 [INFO] Fitting bias subspace for attribute: age
17:01:57 [INFO] Fitting image bias subspace for attribute: age
17:01:57 [INFO]   Input: 86744 embeddings, dim=1024
17:01:57 [INFO]   Group 0: 1792 samples, centroid norm=0.7050
17:01:57 [INFO]   Group 1: 10408 samples, centroid norm=0.6490
17:01:57 [INFO]   Group 2: 9103 samples, centroid norm=0.5900
17:01:57 [INFO]   Group 3: 25598 samples, centroid norm=0.5773
17:01:57 [INFO]   Group 4: 19250 samples, centroid norm=0.5577
17:01:57 [INFO]   Group 5: 10744 samples, centroid norm=0.5570
17:01:57 [INFO]   Group 6: 6228 samples, centroid norm=0.5663
17:01:57 [INFO]   Group 7: 2779 samples, centroid norm=0.5721
17:01:57 [INFO]   Group 8: 842 samples, centroid norm=0.6414
17:01:57 [INFO]   Bias direction 1: singular value=1.0011, explained variance=42.6%
17:01:57 [INFO]   Bias direction 2: singular value=0.8979, explained variance=34.3%
17:01:57 [INFO]   Bias direction 3: singular value=0.5751, explained variance=14.1%
17:01:57 [INFO]   Bias direction 4: singular value=0.4037, explained variance=6.9%
17:01:57 [INFO]   Bias direction 5: singular value=0.1946, explained variance=1.6%
17:01:57 [INFO] Image bias subspace discovered: torch.Size([1024, 5])
17:01:57 [INFO] Fitting text bias subspace for attribute: age
17:01:57 [INFO]   Group 0: 1 samples, centroid norm=1.0000
17:01:57 [INFO]   Group 1: 1 samples, centroid norm=1.0000
17:01:57 [INFO]   Group 2: 1 samples, centroid norm=1.0000
17:01:57 [INFO]   Group 3: 1 samples, centroid norm=1.0000
17:01:57 [INFO]   Group 4: 1 samples, centroid norm=1.0000
17:01:57 [INFO]   Bias direction 1: singular value=0.6828, explained variance=36.4%
17:01:57 [INFO]   Bias direction 2: singular value=0.6048, explained variance=28.6%
17:01:57 [INFO]   Bias direction 3: singular value=0.5067, explained variance=20.0%
17:01:57 [INFO]   Bias direction 4: singular value=0.4384, explained variance=15.0%
17:01:57 [INFO] Text bias subspace discovered: torch.Size([1024, 4])
17:01:57 [INFO] Computing Procrustes alignment...
17:01:57 [INFO]   Reference shape: torch.Size([1024, 4])
17:01:57 [INFO]   Source shape: torch.Size([1024, 4])
17:01:57 [WARNING] Procrustes found reflection (det=-1.0000), correcting to pure rotation
17:01:57 [INFO] Corrected det(R) = 1.0000
17:01:57 [INFO] Alignment complete:
17:01:57 [INFO]   Rotation matrix shape: torch.Size([4, 4])
17:01:57 [INFO]   Alignment error: 1.266307 (lower is better)
17:01:57 [INFO]   det(R) = 1.0000 (should be +1.0 for pure rotation)
17:01:57 [INFO]   Direction 1 cosine similarity after alignment: 0.1197
17:01:57 [INFO]   Direction 2 cosine similarity after alignment: 0.3624
17:01:57 [INFO]   Direction 3 cosine similarity after alignment: 0.1660
17:01:57 [INFO]   Direction 4 cosine similarity after alignment: 0.1319
17:01:57 [INFO] Procrustes alignment quality: {'alignment_error': 1.2663068771362305, 'rotation_det': 1.000000238418579, 'is_orthogonal': True}
17:01:57 [INFO] Bias subspace set: image_dirs=torch.Size([1024, 4]), text_dirs=torch.Size([1024, 4])
17:01:57 [INFO] Bias subspace fitted and ready for training
17:01:57 [INFO] Bias subspace fitted successfully
17:01:57 [INFO] GPU cache cleared after fitting. Free now: 2.23 GB
17:01:57 [INFO] GPU cache cleared after fitting. Free now: 2.23 GB
17:01:57 [INFO] GPU memory after fitting: 4.82GB used
17:05:16 [INFO] Epoch 5 | Step 50/60 | Loss: 4.0559 | InfoNCE: 3.8614 | Fair_img: 0.1720 | Fair_txt: 0.2170 | τ: 0.0913 | Time: 198.7s
17:23:00 [INFO] Epoch 5 Summary: train_loss=4.2206 | val_loss=1.9627 | lr=9.33e-06
17:23:00 [INFO]   Temperature: mean=0.1095 min=0.0821 max=0.1190
17:23:04 [INFO]   Checkpoint saved: latest.pt (epoch 5)
17:23:04 [INFO]   No improvement for 3/5 epochs
17:23:04 [INFO] 
Epoch 6/30
17:26:22 [INFO] Epoch 6 | Step 50/60 | Loss: 3.8501 | InfoNCE: 3.6635 | Fair_img: 0.1589 | Fair_txt: 0.2143 | τ: 0.0906 | Time: 198.5s
17:44:06 [INFO] Epoch 6 Summary: train_loss=3.8884 | val_loss=1.9633 | lr=9.05e-06
17:44:06 [INFO]   Temperature: mean=0.1101 min=0.0901 max=0.1204
17:44:10 [INFO]   Checkpoint saved: latest.pt (epoch 6)
17:44:10 [INFO]   No improvement for 4/5 epochs
17:44:10 [INFO] 
Epoch 7/30
17:47:29 [INFO] Epoch 7 | Step 50/60 | Loss: 3.6951 | InfoNCE: 3.5099 | Fair_img: 0.1574 | Fair_txt: 0.2129 | τ: 0.0906 | Time: 198.4s
18:05:13 [INFO] Epoch 7 Summary: train_loss=3.6928 | val_loss=1.9825 | lr=8.72e-06
18:05:13 [INFO]   Temperature: mean=0.1104 min=0.0898 max=0.1212
18:05:17 [INFO]   Checkpoint saved: latest.pt (epoch 7)
18:05:17 [INFO]   No improvement for 5/5 epochs
18:05:17 [INFO] Early stopping triggered at epoch 7!
18:05:17 [INFO] Best val loss: 1.7887 (epoch 2)
18:05:17 [INFO] 
Training complete!
18:05:17 [INFO] Best val loss: 1.7887
18:05:17 [INFO] Checkpoints saved to: results/checkpoints/fairface/ViT-H_14/age/seed123
