18:05:20 [INFO] ============================================================
18:05:20 [INFO] FairCLIP Training
18:05:20 [INFO] Attribute: age
18:05:20 [INFO] Backbone:  ViT-H/14
18:05:20 [INFO] Epochs:    30
18:05:20 [INFO] Batch:     8
18:05:20 [INFO] Lambda:    0.5
18:05:20 [INFO] Device:    cuda
18:05:20 [INFO] Seed:      456
18:05:20 [INFO] ============================================================
18:05:20 [INFO] Dataset: fairface  manifest: results/manifests/fairface.csv
18:05:20 [INFO] Loaded manifest fairface.csv: 97698 rows
18:05:20 [INFO] Filtered to split='train': 86744 rows
18:05:20 [INFO] Loaded manifest fairface.csv: 97698 rows
18:05:20 [INFO] Filtered to split='val': 10954 rows
18:05:20 [INFO] Using 14 samples/group × 9 groups = 126 effective batch size
18:05:20 [INFO]   Group 0: 1792 samples (2.1%)
18:05:20 [INFO]   Group 1: 10408 samples (12.0%)
18:05:20 [INFO]   Group 2: 9103 samples (10.5%)
18:05:20 [INFO]   Group 3: 25598 samples (29.5%)
18:05:20 [INFO]   Group 4: 19250 samples (22.2%)
18:05:20 [INFO]   Group 5: 10744 samples (12.4%)
18:05:20 [INFO]   Group 6: 6228 samples (7.2%)
18:05:20 [INFO]   Group 7: 2779 samples (3.2%)
18:05:20 [INFO]   Group 8: 842 samples (1.0%)
18:05:20 [INFO] DemographicBalancedSampler: 9 groups, 14/group, 60 batches/epoch, effective batch size 126
18:05:20 [INFO] Train: 86744 samples
18:05:20 [INFO] Val:   10954 samples
18:05:20 [INFO] ============================================================
18:05:20 [INFO] Initializing FairCLIP
18:05:20 [INFO]   Backbone: ViT-H/14
18:05:20 [INFO]   Bias directions: 5
18:05:20 [INFO]   Lambda fair: img=0.5, txt=0.5
18:05:20 [INFO]   Temperature: base=0.07, alpha=0.5
18:05:20 [INFO] ============================================================
18:05:20 [INFO] Loading CLIP backbone: ViT-H/14
18:05:20 [INFO] Embedding dimension: 1024
18:05:20 [INFO] Device: cuda
18:05:20 [INFO] Parsing model identifier. Schema: None, Identifier: ViT-H-14
18:05:20 [INFO] Loaded built-in ViT-H-14 model config.
18:05:21 [INFO] HTTP Request: HEAD https://huggingface.co/laion/CLIP-ViT-H-14-laion2B-s32B-b79K/resolve/main/open_clip_model.safetensors "HTTP/1.1 302 Found"
Warning: You are sending unauthenticated requests to the HF Hub. Please set a HF_TOKEN to enable higher rate limits and faster downloads.
18:05:21 [WARNING] Warning: You are sending unauthenticated requests to the HF Hub. Please set a HF_TOKEN to enable higher rate limits and faster downloads.
18:05:21 [INFO] Instantiating model architecture: CLIP
18:05:26 [INFO] Loading full pretrained weights from: /home/ayeshakalsoom/.cache/huggingface/hub/models--laion--CLIP-ViT-H-14-laion2B-s32B-b79K/snapshots/1c2b8495b28150b8a4922ee1c8edee224c284c0c/open_clip_model.safetensors
18:05:27 [INFO] Final image preprocessing configuration set: {'size': (224, 224), 'mode': 'RGB', 'mean': (0.48145466, 0.4578275, 0.40821073), 'std': (0.26862954, 0.26130258, 0.27577711), 'interpolation': 'bicubic', 'resize_mode': 'shortest', 'fill_color': 0}
18:05:27 [INFO] Model ViT-H-14 creation process complete.
18:05:27 [INFO] Loaded OpenCLIP successfully
18:05:27 [INFO] Gradient checkpointing ENABLED (memory saving)
18:05:27 [INFO] Parsing tokenizer identifier. Schema: None, Identifier: ViT-H-14
18:05:27 [INFO] Attempting to load config from built-in: ViT-H-14
18:05:27 [INFO] Using default SimpleTokenizer.
18:05:27 [INFO] Backbone frozen — CLIP weights will not be updated
18:05:27 [INFO] BiasSubspaceDiscoverer initialized with 5 bias directions
18:05:27 [INFO] FairnessAwareLoss initialized: λ_img=0.5, λ_txt=0.5
18:05:27 [INFO] AdaptiveTemperatureController: τ_base=0.07, α=0.5, range=[0.01, 0.5]
18:05:27 [INFO] Fitting bias subspace on training data (Steps IV + V)...
18:05:27 [INFO] This runs once before training starts.
18:05:27 [INFO] Extracting CLIP embeddings for bias subspace fitting...
18:11:04 [INFO]   Processed 5120 / 86744 samples
18:16:41 [INFO]   Processed 10240 / 86744 samples
18:22:17 [INFO]   Processed 15360 / 86744 samples
18:27:55 [INFO]   Processed 20480 / 86744 samples
18:33:33 [INFO]   Processed 25600 / 86744 samples
18:39:11 [INFO]   Processed 30720 / 86744 samples
18:44:49 [INFO]   Processed 35840 / 86744 samples
18:50:25 [INFO]   Processed 40960 / 86744 samples
18:56:02 [INFO]   Processed 46080 / 86744 samples
19:01:39 [INFO]   Processed 51200 / 86744 samples
19:07:16 [INFO]   Processed 56320 / 86744 samples
19:12:53 [INFO]   Processed 61440 / 86744 samples
19:18:30 [INFO]   Processed 66560 / 86744 samples
19:24:06 [INFO]   Processed 71680 / 86744 samples
19:29:43 [INFO]   Processed 76800 / 86744 samples
19:35:20 [INFO]   Processed 81920 / 86744 samples
19:40:57 [INFO]   Processed 87040 / 86744 samples
19:46:33 [INFO]   Processed 92160 / 86744 samples
19:52:11 [INFO]   Processed 97280 / 86744 samples
19:57:48 [INFO]   Processed 102400 / 86744 samples
20:03:25 [INFO]   Processed 107520 / 86744 samples
20:09:01 [INFO]   Processed 112640 / 86744 samples
20:14:38 [INFO]   Processed 117760 / 86744 samples
20:20:16 [INFO]   Processed 122880 / 86744 samples
20:25:53 [INFO]   Processed 128000 / 86744 samples
20:31:31 [INFO]   Processed 133120 / 86744 samples
20:37:07 [INFO]   Processed 138240 / 86744 samples
20:42:44 [INFO]   Processed 143360 / 86744 samples
20:48:21 [INFO]   Processed 148480 / 86744 samples
20:53:58 [INFO]   Processed 153600 / 86744 samples
20:59:34 [INFO]   Processed 158720 / 86744 samples
21:05:10 [INFO]   Processed 163840 / 86744 samples
21:10:47 [INFO]   Processed 168960 / 86744 samples
21:15:44 [INFO] Fitting bias subspace for attribute: age
21:15:44 [INFO] Fitting image bias subspace for attribute: age
21:15:44 [INFO]   Input: 86744 embeddings, dim=1024
21:15:44 [INFO]   Group 0: 1792 samples, centroid norm=0.7440
21:15:44 [INFO]   Group 1: 10408 samples, centroid norm=0.7197
21:15:44 [INFO]   Group 2: 9103 samples, centroid norm=0.6784
21:15:44 [INFO]   Group 3: 25598 samples, centroid norm=0.6560
21:15:44 [INFO]   Group 4: 19250 samples, centroid norm=0.6552
21:15:44 [INFO]   Group 5: 10744 samples, centroid norm=0.6598
21:15:44 [INFO]   Group 6: 6228 samples, centroid norm=0.6636
21:15:44 [INFO]   Group 7: 2779 samples, centroid norm=0.6657
21:15:44 [INFO]   Group 8: 842 samples, centroid norm=0.6926
21:15:45 [INFO]   Bias direction 1: singular value=0.5825, explained variance=48.7%
21:15:45 [INFO]   Bias direction 2: singular value=0.4923, explained variance=34.8%
21:15:45 [INFO]   Bias direction 3: singular value=0.2556, explained variance=9.4%
21:15:45 [INFO]   Bias direction 4: singular value=0.1906, explained variance=5.2%
21:15:45 [INFO]   Bias direction 5: singular value=0.0904, explained variance=1.2%
21:15:45 [INFO] Image bias subspace discovered: torch.Size([1024, 5])
21:15:45 [INFO] Fitting text bias subspace for attribute: age
21:15:45 [INFO]   Group 0: 1 samples, centroid norm=1.0000
21:15:45 [INFO]   Group 1: 1 samples, centroid norm=1.0000
21:15:45 [INFO]   Group 2: 1 samples, centroid norm=1.0000
21:15:45 [INFO]   Group 3: 1 samples, centroid norm=1.0000
21:15:45 [INFO]   Group 4: 1 samples, centroid norm=1.0000
21:15:45 [INFO]   Bias direction 1: singular value=0.4401, explained variance=37.0%
21:15:45 [INFO]   Bias direction 2: singular value=0.3887, explained variance=28.9%
21:15:45 [INFO]   Bias direction 3: singular value=0.3222, explained variance=19.9%
21:15:45 [INFO]   Bias direction 4: singular value=0.2726, explained variance=14.2%
21:15:45 [INFO] Text bias subspace discovered: torch.Size([1024, 4])
21:15:45 [INFO] Computing Procrustes alignment...
21:15:45 [INFO]   Reference shape: torch.Size([1024, 4])
21:15:45 [INFO]   Source shape: torch.Size([1024, 4])
21:15:45 [INFO] Alignment complete:
21:15:45 [INFO]   Rotation matrix shape: torch.Size([4, 4])
21:15:45 [INFO]   Alignment error: 1.178666 (lower is better)
21:15:45 [INFO]   det(R) = 1.0000 (should be +1.0 for pure rotation)
21:15:45 [INFO]   Direction 1 cosine similarity after alignment: 0.4754
21:15:45 [INFO]   Direction 2 cosine similarity after alignment: 0.2637
21:15:45 [INFO]   Direction 3 cosine similarity after alignment: 0.1795
21:15:45 [INFO]   Direction 4 cosine similarity after alignment: 0.2849
21:15:45 [INFO] Procrustes alignment quality: {'alignment_error': 1.178666114807129, 'rotation_det': 1.0, 'is_orthogonal': True}
21:15:45 [INFO] Bias subspace set: image_dirs=torch.Size([1024, 4]), text_dirs=torch.Size([1024, 4])
21:15:45 [INFO] Bias subspace fitted and ready for training
21:15:45 [INFO] Bias subspace fitted successfully
21:15:45 [INFO] GPU cache cleared after fitting. Free now: 3.21 GB
21:15:45 [INFO] GPU cache cleared after fitting. Free now: 3.21 GB
21:15:45 [INFO] GPU memory after fitting: 4.01GB used
21:15:45 [INFO] Trainable parameters: 66,906,624 (last 2 layers only)
21:15:46 [INFO] Loaded 50000 COCO captions for race contrastive training
21:15:46 [INFO] Starting training...
21:15:46 [INFO] No checkpoint found — starting fresh.
21:15:46 [INFO] 
Epoch 1/30
21:19:05 [INFO] Epoch 1 | Step 50/60 | Loss: 4.6375 | InfoNCE: 4.5576 | Fair_img: 0.0541 | Fair_txt: 0.1057 | τ: 0.0819 | Time: 199.7s
21:36:49 [INFO] Epoch 1 Summary: train_loss=4.7863 | val_loss=1.9130 | lr=9.97e-06
21:36:49 [INFO]   Temperature: mean=0.0977 min=0.0785 max=0.1060
21:36:52 [INFO]   Checkpoint saved: latest.pt (epoch 1)
21:36:54 [INFO]   New best model saved (epoch 1)
21:36:54 [INFO] 
Epoch 2/30
21:40:12 [INFO] Epoch 2 | Step 50/60 | Loss: 4.3505 | InfoNCE: 4.1753 | Fair_img: 0.1551 | Fair_txt: 0.1953 | τ: 0.0900 | Time: 198.0s
21:57:56 [INFO] Epoch 2 Summary: train_loss=4.3827 | val_loss=1.8033 | lr=9.89e-06
21:57:56 [INFO]   Temperature: mean=0.1032 min=0.0845 max=0.1110
21:57:59 [INFO]   Checkpoint saved: latest.pt (epoch 2)
21:58:02 [INFO]   New best model saved (epoch 2)
21:58:02 [INFO] 
Epoch 3/30
22:01:20 [INFO] Epoch 3 | Step 50/60 | Loss: 4.2354 | InfoNCE: 4.0542 | Fair_img: 0.1624 | Fair_txt: 0.2000 | τ: 0.0907 | Time: 198.7s
22:19:05 [INFO] Epoch 3 Summary: train_loss=4.2497 | val_loss=1.8064 | lr=9.76e-06
22:19:05 [INFO]   Temperature: mean=0.1054 min=0.0882 max=0.1140
22:19:09 [INFO]   Checkpoint saved: latest.pt (epoch 3)
22:19:09 [INFO]   No improvement for 1/5 epochs
22:19:09 [INFO] 
Epoch 4/30
22:22:27 [INFO] Epoch 4 | Step 50/60 | Loss: 4.1041 | InfoNCE: 3.9164 | Fair_img: 0.1657 | Fair_txt: 0.2096 | τ: 0.0910 | Time: 198.2s
22:40:12 [INFO] Epoch 4 Summary: train_loss=4.1277 | val_loss=1.8428 | lr=9.57e-06
22:40:12 [INFO]   Temperature: mean=0.1078 min=0.0898 max=0.1172
22:40:16 [INFO]   Checkpoint saved: latest.pt (epoch 4)
22:40:16 [INFO]   No improvement for 2/5 epochs
22:40:16 [INFO] 
Epoch 5/30
22:40:16 [INFO] Refitting bias subspace at epoch 5...
22:40:16 [INFO] Fitting bias subspace on training data (Steps IV + V)...
22:40:16 [INFO] This runs once before training starts.
22:40:16 [INFO] Extracting CLIP embeddings for bias subspace fitting...
22:45:47 [INFO]   Processed 5120 / 86744 samples
22:51:17 [INFO]   Processed 10240 / 86744 samples
22:56:47 [INFO]   Processed 15360 / 86744 samples
23:02:17 [INFO]   Processed 20480 / 86744 samples
23:07:47 [INFO]   Processed 25600 / 86744 samples
23:13:16 [INFO]   Processed 30720 / 86744 samples
23:18:46 [INFO]   Processed 35840 / 86744 samples
23:24:15 [INFO]   Processed 40960 / 86744 samples
23:29:45 [INFO]   Processed 46080 / 86744 samples
23:35:15 [INFO]   Processed 51200 / 86744 samples
23:40:45 [INFO]   Processed 56320 / 86744 samples
23:46:14 [INFO]   Processed 61440 / 86744 samples
23:51:44 [INFO]   Processed 66560 / 86744 samples
23:57:14 [INFO]   Processed 71680 / 86744 samples
00:02:44 [INFO]   Processed 76800 / 86744 samples
00:08:14 [INFO]   Processed 81920 / 86744 samples
00:13:43 [INFO]   Processed 87040 / 86744 samples
00:19:13 [INFO]   Processed 92160 / 86744 samples
00:24:42 [INFO]   Processed 97280 / 86744 samples
00:30:13 [INFO]   Processed 102400 / 86744 samples
00:35:42 [INFO]   Processed 107520 / 86744 samples
00:41:12 [INFO]   Processed 112640 / 86744 samples
00:46:42 [INFO]   Processed 117760 / 86744 samples
00:52:12 [INFO]   Processed 122880 / 86744 samples
00:57:42 [INFO]   Processed 128000 / 86744 samples
01:03:12 [INFO]   Processed 133120 / 86744 samples
01:08:42 [INFO]   Processed 138240 / 86744 samples
01:14:11 [INFO]   Processed 143360 / 86744 samples
01:19:41 [INFO]   Processed 148480 / 86744 samples
01:25:11 [INFO]   Processed 153600 / 86744 samples
01:30:41 [INFO]   Processed 158720 / 86744 samples
01:36:11 [INFO]   Processed 163840 / 86744 samples
01:41:41 [INFO]   Processed 168960 / 86744 samples
01:46:31 [INFO] Fitting bias subspace for attribute: age
01:46:31 [INFO] Fitting image bias subspace for attribute: age
01:46:31 [INFO]   Input: 86744 embeddings, dim=1024
01:46:31 [INFO]   Group 0: 1792 samples, centroid norm=0.7063
01:46:31 [INFO]   Group 1: 10408 samples, centroid norm=0.6477
01:46:31 [INFO]   Group 2: 9103 samples, centroid norm=0.5841
01:46:32 [INFO]   Group 3: 25598 samples, centroid norm=0.5698
01:46:32 [INFO]   Group 4: 19250 samples, centroid norm=0.5497
01:46:32 [INFO]   Group 5: 10744 samples, centroid norm=0.5494
01:46:32 [INFO]   Group 6: 6228 samples, centroid norm=0.5648
01:46:32 [INFO]   Group 7: 2779 samples, centroid norm=0.5734
01:46:32 [INFO]   Group 8: 842 samples, centroid norm=0.6353
01:46:32 [INFO]   Bias direction 1: singular value=1.0047, explained variance=42.6%
01:46:32 [INFO]   Bias direction 2: singular value=0.9235, explained variance=36.0%
01:46:32 [INFO]   Bias direction 3: singular value=0.5497, explained variance=12.8%
01:46:32 [INFO]   Bias direction 4: singular value=0.3950, explained variance=6.6%
01:46:32 [INFO]   Bias direction 5: singular value=0.1933, explained variance=1.6%
01:46:32 [INFO] Image bias subspace discovered: torch.Size([1024, 5])
01:46:32 [INFO] Fitting text bias subspace for attribute: age
01:46:32 [INFO]   Group 0: 1 samples, centroid norm=1.0000
01:46:32 [INFO]   Group 1: 1 samples, centroid norm=1.0000
01:46:32 [INFO]   Group 2: 1 samples, centroid norm=1.0000
01:46:32 [INFO]   Group 3: 1 samples, centroid norm=1.0000
01:46:32 [INFO]   Group 4: 1 samples, centroid norm=1.0000
01:46:32 [INFO]   Bias direction 1: singular value=0.6820, explained variance=36.3%
01:46:32 [INFO]   Bias direction 2: singular value=0.6042, explained variance=28.5%
01:46:32 [INFO]   Bias direction 3: singular value=0.5090, explained variance=20.2%
01:46:32 [INFO]   Bias direction 4: singular value=0.4383, explained variance=15.0%
01:46:32 [INFO] Text bias subspace discovered: torch.Size([1024, 4])
01:46:32 [INFO] Computing Procrustes alignment...
01:46:32 [INFO]   Reference shape: torch.Size([1024, 4])
01:46:32 [INFO]   Source shape: torch.Size([1024, 4])
01:46:32 [WARNING] Procrustes found reflection (det=-1.0000), correcting to pure rotation
01:46:32 [INFO] Corrected det(R) = 1.0000
01:46:32 [INFO] Alignment complete:
01:46:32 [INFO]   Rotation matrix shape: torch.Size([4, 4])
01:46:32 [INFO]   Alignment error: 1.266428 (lower is better)
01:46:32 [INFO]   det(R) = 1.0000 (should be +1.0 for pure rotation)
01:46:32 [INFO]   Direction 1 cosine similarity after alignment: 0.1320
01:46:32 [INFO]   Direction 2 cosine similarity after alignment: 0.3419
01:46:32 [INFO]   Direction 3 cosine similarity after alignment: 0.1703
01:46:32 [INFO]   Direction 4 cosine similarity after alignment: 0.1384
01:46:32 [INFO] Procrustes alignment quality: {'alignment_error': 1.266427755355835, 'rotation_det': 1.0000004768371582, 'is_orthogonal': True}
01:46:32 [INFO] Bias subspace set: image_dirs=torch.Size([1024, 4]), text_dirs=torch.Size([1024, 4])
01:46:32 [INFO] Bias subspace fitted and ready for training
01:46:32 [INFO] Bias subspace fitted successfully
01:46:32 [INFO] GPU cache cleared after fitting. Free now: 2.36 GB
01:46:32 [INFO] GPU cache cleared after fitting. Free now: 2.36 GB
01:46:32 [INFO] GPU memory after fitting: 4.82GB used
01:49:50 [INFO] Epoch 5 | Step 50/60 | Loss: 4.0481 | InfoNCE: 3.8474 | Fair_img: 0.1647 | Fair_txt: 0.2368 | τ: 0.0908 | Time: 198.5s
02:07:34 [INFO] Epoch 5 Summary: train_loss=4.2096 | val_loss=1.9675 | lr=9.33e-06
02:07:34 [INFO]   Temperature: mean=0.1094 min=0.0817 max=0.1190
02:07:37 [INFO]   Checkpoint saved: latest.pt (epoch 5)
02:07:37 [INFO]   No improvement for 3/5 epochs
02:07:37 [INFO] 
Epoch 6/30
02:10:56 [INFO] Epoch 6 | Step 50/60 | Loss: 3.8243 | InfoNCE: 3.6308 | Fair_img: 0.1525 | Fair_txt: 0.2344 | τ: 0.0902 | Time: 198.4s
02:28:39 [INFO] Epoch 6 Summary: train_loss=3.8780 | val_loss=1.9622 | lr=9.05e-06
02:28:39 [INFO]   Temperature: mean=0.1101 min=0.0900 max=0.1201
02:28:43 [INFO]   Checkpoint saved: latest.pt (epoch 6)
02:28:43 [INFO]   No improvement for 4/5 epochs
02:28:43 [INFO] 
Epoch 7/30
02:32:02 [INFO] Epoch 7 | Step 50/60 | Loss: 3.6021 | InfoNCE: 3.4126 | Fair_img: 0.1462 | Fair_txt: 0.2327 | τ: 0.0898 | Time: 198.5s
02:49:45 [INFO] Epoch 7 Summary: train_loss=3.6817 | val_loss=1.9803 | lr=8.72e-06
02:49:45 [INFO]   Temperature: mean=0.1103 min=0.0897 max=0.1202
02:49:49 [INFO]   Checkpoint saved: latest.pt (epoch 7)
02:49:49 [INFO]   No improvement for 5/5 epochs
02:49:49 [INFO] Early stopping triggered at epoch 7!
02:49:49 [INFO] Best val loss: 1.8033 (epoch 2)
02:49:49 [INFO] 
Training complete!
02:49:49 [INFO] Best val loss: 1.8033
02:49:49 [INFO] Checkpoints saved to: results/checkpoints/fairface/ViT-H_14/age/seed456
