02:40:02 [INFO] ============================================================
02:40:02 [INFO] FairCLIP Training
02:40:02 [INFO] Attribute: race
02:40:02 [INFO] Backbone:  ViT-H/14
02:40:02 [INFO] Epochs:    30
02:40:02 [INFO] Batch:     64
02:40:02 [INFO] Lambda:    2.0
02:40:02 [INFO] Device:    cuda
02:40:02 [INFO] Seed:      456
02:40:02 [INFO] ============================================================
02:40:02 [INFO] Dataset: fairface  manifest: results/manifests/fairface.csv
02:40:02 [INFO] Loaded manifest fairface.csv: 97698 rows
02:40:02 [INFO] Filtered to split='train': 86744 rows
02:40:02 [INFO] Loaded manifest fairface.csv: 97698 rows
02:40:02 [INFO] Filtered to split='val': 10954 rows
02:40:02 [INFO] Using 14 samples/group × 7 groups = 98 effective batch size
02:40:02 [INFO]   Group 0: 16527 samples (19.1%)
02:40:02 [INFO]   Group 1: 12233 samples (14.1%)
02:40:02 [INFO]   Group 2: 13367 samples (15.4%)
02:40:02 [INFO]   Group 3: 12287 samples (14.2%)
02:40:02 [INFO]   Group 4: 10795 samples (12.4%)
02:40:02 [INFO]   Group 5: 12319 samples (14.2%)
02:40:02 [INFO]   Group 6: 9216 samples (10.6%)
02:40:02 [INFO] DemographicBalancedSampler: 7 groups, 14/group, 658 batches/epoch, effective batch size 98
02:40:02 [INFO] Train: 86744 samples
02:40:02 [INFO] Val:   10954 samples
02:40:02 [INFO] ============================================================
02:40:02 [INFO] Initializing FairCLIP
02:40:02 [INFO]   Backbone: ViT-H/14
02:40:02 [INFO]   Bias directions: 8
02:40:02 [INFO]   Lambda fair: img=2.0, txt=2.0
02:40:02 [INFO]   Temperature: base=0.07, alpha=0.5
02:40:02 [INFO] ============================================================
02:40:02 [INFO] Loading CLIP backbone: ViT-H/14
02:40:02 [INFO] Embedding dimension: 1024
02:40:02 [INFO] Device: cuda
02:40:03 [INFO] Parsing model identifier. Schema: None, Identifier: ViT-H-14
02:40:03 [INFO] Loaded built-in ViT-H-14 model config.
02:40:03 [INFO] HTTP Request: HEAD https://huggingface.co/laion/CLIP-ViT-H-14-laion2B-s32B-b79K/resolve/main/open_clip_model.safetensors "HTTP/1.1 302 Found"
Warning: You are sending unauthenticated requests to the HF Hub. Please set a HF_TOKEN to enable higher rate limits and faster downloads.
02:40:03 [WARNING] Warning: You are sending unauthenticated requests to the HF Hub. Please set a HF_TOKEN to enable higher rate limits and faster downloads.
02:40:03 [INFO] Instantiating model architecture: CLIP
02:40:09 [INFO] Loading full pretrained weights from: /home/ayeshakalsoom/.cache/huggingface/hub/models--laion--CLIP-ViT-H-14-laion2B-s32B-b79K/snapshots/1c2b8495b28150b8a4922ee1c8edee224c284c0c/open_clip_model.safetensors
02:40:10 [INFO] Final image preprocessing configuration set: {'size': (224, 224), 'mode': 'RGB', 'mean': (0.48145466, 0.4578275, 0.40821073), 'std': (0.26862954, 0.26130258, 0.27577711), 'interpolation': 'bicubic', 'resize_mode': 'shortest', 'fill_color': 0}
02:40:10 [INFO] Model ViT-H-14 creation process complete.
02:40:10 [INFO] Loaded OpenCLIP successfully
02:40:10 [INFO] Gradient checkpointing ENABLED (memory saving)
02:40:10 [INFO] Parsing tokenizer identifier. Schema: None, Identifier: ViT-H-14
02:40:10 [INFO] Attempting to load config from built-in: ViT-H-14
02:40:10 [INFO] Using default SimpleTokenizer.
02:40:10 [INFO] Backbone frozen — CLIP weights will not be updated
02:40:10 [INFO] BiasSubspaceDiscoverer initialized with 8 bias directions
02:40:10 [INFO] FairnessAwareLoss initialized: λ_img=2.0, λ_txt=2.0
02:40:10 [INFO] AdaptiveTemperatureController: τ_base=0.07, α=0.5, range=[0.01, 0.5]
02:40:10 [INFO] Fitting bias subspace on training data (Steps IV + V)...
02:40:10 [INFO] This runs once before training starts.
02:40:10 [INFO] Extracting CLIP embeddings for bias subspace fitting...
02:45:49 [INFO]   Processed 5120 / 86744 samples
02:51:32 [INFO]   Processed 10240 / 86744 samples
02:57:16 [INFO]   Processed 15360 / 86744 samples
03:02:56 [INFO]   Processed 20480 / 86744 samples
03:08:37 [INFO]   Processed 25600 / 86744 samples
03:14:14 [INFO]   Processed 30720 / 86744 samples
03:19:52 [INFO]   Processed 35840 / 86744 samples
03:25:30 [INFO]   Processed 40960 / 86744 samples
03:31:07 [INFO]   Processed 46080 / 86744 samples
03:36:45 [INFO]   Processed 51200 / 86744 samples
03:42:22 [INFO]   Processed 56320 / 86744 samples
03:47:59 [INFO]   Processed 61440 / 86744 samples
03:53:36 [INFO]   Processed 66560 / 86744 samples
03:59:14 [INFO]   Processed 71680 / 86744 samples
04:04:52 [INFO]   Processed 76800 / 86744 samples
04:10:30 [INFO]   Processed 81920 / 86744 samples
04:16:07 [INFO]   Processed 87040 / 86744 samples
04:21:45 [INFO]   Processed 92160 / 86744 samples
04:27:27 [INFO]   Processed 97280 / 86744 samples
04:33:07 [INFO]   Processed 102400 / 86744 samples
04:38:45 [INFO]   Processed 107520 / 86744 samples
04:44:26 [INFO]   Processed 112640 / 86744 samples
04:50:02 [INFO]   Processed 117760 / 86744 samples
04:55:38 [INFO]   Processed 122880 / 86744 samples
05:01:14 [INFO]   Processed 128000 / 86744 samples
05:06:51 [INFO]   Processed 133120 / 86744 samples
05:12:27 [INFO]   Processed 138240 / 86744 samples
05:18:04 [INFO]   Processed 143360 / 86744 samples
05:23:41 [INFO]   Processed 148480 / 86744 samples
05:29:16 [INFO]   Processed 153600 / 86744 samples
05:34:52 [INFO]   Processed 158720 / 86744 samples
05:40:28 [INFO]   Processed 163840 / 86744 samples
05:46:05 [INFO]   Processed 168960 / 86744 samples
05:51:02 [INFO] Fitting bias subspace for attribute: race
05:51:02 [INFO] Fitting image bias subspace for attribute: race
05:51:02 [INFO]   Input: 86744 embeddings, dim=1024
05:51:02 [INFO]   Group 0: 16527 samples, centroid norm=0.6307
05:51:02 [INFO]   Group 1: 12233 samples, centroid norm=0.6701
05:51:02 [INFO]   Group 2: 13367 samples, centroid norm=0.6650
05:51:02 [INFO]   Group 3: 12287 samples, centroid norm=0.7043
05:51:02 [INFO]   Group 4: 10795 samples, centroid norm=0.7084
05:51:02 [INFO]   Group 5: 12319 samples, centroid norm=0.7091
05:51:02 [INFO]   Group 6: 9216 samples, centroid norm=0.6720
05:51:02 [INFO]   Bias direction 1: singular value=0.3791, explained variance=39.0%
05:51:02 [INFO]   Bias direction 2: singular value=0.3157, explained variance=27.0%
05:51:02 [INFO]   Bias direction 3: singular value=0.2684, explained variance=19.5%
05:51:02 [INFO]   Bias direction 4: singular value=0.1546, explained variance=6.5%
05:51:02 [INFO]   Bias direction 5: singular value=0.1355, explained variance=5.0%
05:51:02 [INFO]   Bias direction 6: singular value=0.1052, explained variance=3.0%
05:51:02 [INFO] Image bias subspace discovered: torch.Size([1024, 6])
05:51:02 [INFO] Fitting text bias subspace for attribute: race
05:51:02 [INFO]   Group 0: 1 samples, centroid norm=1.0000
05:51:02 [INFO]   Group 1: 1 samples, centroid norm=1.0000
05:51:02 [INFO]   Group 2: 1 samples, centroid norm=1.0000
05:51:02 [INFO]   Group 3: 1 samples, centroid norm=1.0000
05:51:02 [INFO]   Group 4: 1 samples, centroid norm=1.0000
05:51:02 [INFO]   Group 5: 1 samples, centroid norm=1.0000
05:51:02 [INFO]   Group 6: 1 samples, centroid norm=1.0000
05:51:02 [INFO]   Bias direction 1: singular value=0.6674, explained variance=32.0%
05:51:02 [INFO]   Bias direction 2: singular value=0.5421, explained variance=21.1%
05:51:02 [INFO]   Bias direction 3: singular value=0.4787, explained variance=16.5%
05:51:02 [INFO]   Bias direction 4: singular value=0.4472, explained variance=14.4%
05:51:02 [INFO]   Bias direction 5: singular value=0.3926, explained variance=11.1%
05:51:02 [INFO]   Bias direction 6: singular value=0.2635, explained variance=5.0%
05:51:02 [INFO] Text bias subspace discovered: torch.Size([1024, 6])
05:51:02 [INFO] Computing Procrustes alignment...
05:51:02 [INFO]   Reference shape: torch.Size([1024, 6])
05:51:02 [INFO]   Source shape: torch.Size([1024, 6])
05:51:02 [WARNING] Procrustes found reflection (det=-1.0000), correcting to pure rotation
05:51:02 [INFO] Corrected det(R) = 1.0000
05:51:02 [INFO] Alignment complete:
05:51:02 [INFO]   Rotation matrix shape: torch.Size([6, 6])
05:51:02 [INFO]   Alignment error: 1.027919 (lower is better)
05:51:02 [INFO]   det(R) = 1.0000 (should be +1.0 for pure rotation)
05:51:02 [INFO]   Direction 1 cosine similarity after alignment: 0.6950
05:51:02 [INFO]   Direction 2 cosine similarity after alignment: 0.5095
05:51:02 [INFO]   Direction 3 cosine similarity after alignment: 0.4834
05:51:02 [INFO]   Direction 4 cosine similarity after alignment: 0.3967
05:51:02 [INFO]   Direction 5 cosine similarity after alignment: 0.5320
05:51:02 [INFO]   Direction 6 cosine similarity after alignment: 0.1371
05:51:02 [INFO] Procrustes alignment quality: {'alignment_error': 1.027918815612793, 'rotation_det': 1.0000004768371582, 'is_orthogonal': True}
05:51:02 [INFO] Bias subspace set: image_dirs=torch.Size([1024, 6]), text_dirs=torch.Size([1024, 6])
05:51:02 [INFO] Retrieval-skew loss wired with 8 neutral queries
05:51:02 [INFO] Bias subspace fitted and ready for training
05:51:02 [INFO] Bias subspace fitted successfully
05:51:02 [INFO] GPU cache cleared after fitting. Free now: 3.57 GB
05:51:02 [INFO] GPU cache cleared after fitting. Free now: 3.57 GB
05:51:02 [INFO] GPU memory after fitting: 4.01GB used
05:51:02 [INFO] Trainable parameters: 66,906,624 (last 2 layers only)
05:51:03 [INFO] Loaded 50000 COCO captions for race contrastive training
05:51:03 [INFO] Starting training...
05:51:03 [INFO] No checkpoint found — starting fresh.
05:51:03 [INFO] 
Epoch 1/30
05:53:43 [INFO] Epoch 1 | Step 50/658 | Loss: 4.6466 | InfoNCE: 4.5909 | Fair_img: 0.0078 | Fair_txt: 0.0200 | Retr: 0.0000 | τ: 0.0747 | Time: 160.3s
05:56:23 [INFO] Epoch 1 | Step 100/658 | Loss: 4.5701 | InfoNCE: 4.5118 | Fair_img: 0.0125 | Fair_txt: 0.0166 | Retr: 0.0000 | τ: 0.0758 | Time: 159.6s
05:59:03 [INFO] Epoch 1 | Step 150/658 | Loss: 4.4924 | InfoNCE: 4.2703 | Fair_img: 0.0539 | Fair_txt: 0.0571 | Retr: 0.0000 | τ: 0.0820 | Time: 159.6s
06:01:42 [INFO] Epoch 1 | Step 200/658 | Loss: 4.3527 | InfoNCE: 4.0990 | Fair_img: 0.0628 | Fair_txt: 0.0640 | Retr: 0.0000 | τ: 0.0830 | Time: 159.6s
06:04:22 [INFO] Epoch 1 | Step 250/658 | Loss: 4.3325 | InfoNCE: 4.0602 | Fair_img: 0.0682 | Fair_txt: 0.0680 | Retr: 0.0000 | τ: 0.0837 | Time: 159.6s
06:07:01 [INFO] Epoch 1 | Step 300/658 | Loss: 4.2871 | InfoNCE: 4.0263 | Fair_img: 0.0654 | Fair_txt: 0.0650 | Retr: 0.0000 | τ: 0.0834 | Time: 159.6s
06:09:41 [INFO] Epoch 1 | Step 350/658 | Loss: 4.4055 | InfoNCE: 4.1512 | Fair_img: 0.0641 | Fair_txt: 0.0631 | Retr: 0.0000 | τ: 0.0833 | Time: 159.6s
06:12:20 [INFO] Epoch 1 | Step 400/658 | Loss: 4.2969 | InfoNCE: 4.0187 | Fair_img: 0.0693 | Fair_txt: 0.0699 | Retr: 0.0000 | τ: 0.0839 | Time: 159.6s
06:15:00 [INFO] Epoch 1 | Step 450/658 | Loss: 4.3316 | InfoNCE: 4.0747 | Fair_img: 0.0644 | Fair_txt: 0.0641 | Retr: 0.0000 | τ: 0.0833 | Time: 159.6s
06:17:40 [INFO] Epoch 1 | Step 500/658 | Loss: 4.3985 | InfoNCE: 4.1606 | Fair_img: 0.0579 | Fair_txt: 0.0611 | Retr: 0.0000 | τ: 0.0827 | Time: 159.6s
06:20:19 [INFO] Epoch 1 | Step 550/658 | Loss: 4.3291 | InfoNCE: 4.0468 | Fair_img: 0.0689 | Fair_txt: 0.0723 | Retr: 0.0000 | τ: 0.0838 | Time: 159.6s
06:22:59 [INFO] Epoch 1 | Step 600/658 | Loss: 4.3360 | InfoNCE: 4.0901 | Fair_img: 0.0639 | Fair_txt: 0.0590 | Retr: 0.0000 | τ: 0.0833 | Time: 159.6s
06:25:38 [INFO] Epoch 1 | Step 650/658 | Loss: 4.3548 | InfoNCE: 4.0954 | Fair_img: 0.0621 | Fair_txt: 0.0676 | Retr: 0.0000 | τ: 0.0831 | Time: 159.6s
06:39:44 [INFO] Epoch 1 Summary: train_loss=4.4106 | val_loss=3.7762 | lr=9.97e-06
06:39:44 [INFO]   Temperature: mean=0.0824 min=0.0739 max=0.0867
06:39:47 [INFO]   Checkpoint saved: latest.pt (epoch 1)
06:39:49 [INFO]   New best model saved (epoch 1)
06:39:49 [INFO] 
Epoch 2/30
06:42:29 [INFO] Epoch 2 | Step 50/658 | Loss: 4.4306 | InfoNCE: 4.1858 | Fair_img: 0.0564 | Fair_txt: 0.0660 | Retr: 0.0000 | τ: 0.0825 | Time: 160.0s
06:45:08 [INFO] Epoch 2 | Step 100/658 | Loss: 4.4000 | InfoNCE: 4.1176 | Fair_img: 0.0666 | Fair_txt: 0.0746 | Retr: 0.0000 | τ: 0.0836 | Time: 159.5s
06:47:48 [INFO] Epoch 2 | Step 150/658 | Loss: 4.3527 | InfoNCE: 4.0804 | Fair_img: 0.0692 | Fair_txt: 0.0669 | Retr: 0.0000 | τ: 0.0839 | Time: 159.5s
06:50:27 [INFO] Epoch 2 | Step 200/658 | Loss: 4.2981 | InfoNCE: 4.0260 | Fair_img: 0.0672 | Fair_txt: 0.0688 | Retr: 0.0000 | τ: 0.0836 | Time: 159.5s
06:53:07 [INFO] Epoch 2 | Step 250/658 | Loss: 4.2765 | InfoNCE: 3.9880 | Fair_img: 0.0749 | Fair_txt: 0.0693 | Retr: 0.0000 | τ: 0.0845 | Time: 159.5s
06:55:46 [INFO] Epoch 2 | Step 300/658 | Loss: 4.2517 | InfoNCE: 3.9744 | Fair_img: 0.0697 | Fair_txt: 0.0689 | Retr: 0.0000 | τ: 0.0839 | Time: 159.5s
06:58:26 [INFO] Epoch 2 | Step 350/658 | Loss: 4.3436 | InfoNCE: 4.0708 | Fair_img: 0.0736 | Fair_txt: 0.0628 | Retr: 0.0000 | τ: 0.0844 | Time: 159.5s
07:01:05 [INFO] Epoch 2 | Step 400/658 | Loss: 4.2684 | InfoNCE: 3.9725 | Fair_img: 0.0739 | Fair_txt: 0.0740 | Retr: 0.0000 | τ: 0.0844 | Time: 159.5s
07:03:45 [INFO] Epoch 2 | Step 450/658 | Loss: 4.3031 | InfoNCE: 4.0385 | Fair_img: 0.0650 | Fair_txt: 0.0673 | Retr: 0.0000 | τ: 0.0834 | Time: 159.5s
07:06:24 [INFO] Epoch 2 | Step 500/658 | Loss: 4.3686 | InfoNCE: 4.1090 | Fair_img: 0.0622 | Fair_txt: 0.0677 | Retr: 0.0000 | τ: 0.0832 | Time: 159.5s
07:09:04 [INFO] Epoch 2 | Step 550/658 | Loss: 4.3099 | InfoNCE: 4.0185 | Fair_img: 0.0721 | Fair_txt: 0.0736 | Retr: 0.0000 | τ: 0.0842 | Time: 159.5s
07:11:43 [INFO] Epoch 2 | Step 600/658 | Loss: 4.3059 | InfoNCE: 4.0339 | Fair_img: 0.0692 | Fair_txt: 0.0668 | Retr: 0.0000 | τ: 0.0839 | Time: 159.6s
07:14:23 [INFO] Epoch 2 | Step 650/658 | Loss: 4.3354 | InfoNCE: 4.0658 | Fair_img: 0.0650 | Fair_txt: 0.0698 | Retr: 0.0000 | τ: 0.0835 | Time: 159.5s
07:28:29 [INFO] Epoch 2 Summary: train_loss=4.3200 | val_loss=3.7715 | lr=9.89e-06
07:28:29 [INFO]   Temperature: mean=0.0840 min=0.0818 max=0.0868
07:28:33 [INFO]   Checkpoint saved: latest.pt (epoch 2)
07:28:35 [INFO]   New best model saved (epoch 2)
07:28:35 [INFO] 
Epoch 3/30
07:31:15 [INFO] Epoch 3 | Step 50/658 | Loss: 4.4037 | InfoNCE: 4.1436 | Fair_img: 0.0593 | Fair_txt: 0.0707 | Retr: 0.0000 | τ: 0.0828 | Time: 159.9s
07:33:54 [INFO] Epoch 3 | Step 100/658 | Loss: 4.3801 | InfoNCE: 4.0843 | Fair_img: 0.0696 | Fair_txt: 0.0784 | Retr: 0.0000 | τ: 0.0840 | Time: 159.5s
07:36:34 [INFO] Epoch 3 | Step 150/658 | Loss: 4.3398 | InfoNCE: 4.0539 | Fair_img: 0.0738 | Fair_txt: 0.0691 | Retr: 0.0000 | τ: 0.0844 | Time: 159.5s
07:39:13 [INFO] Epoch 3 | Step 200/658 | Loss: 4.2681 | InfoNCE: 3.9831 | Fair_img: 0.0712 | Fair_txt: 0.0713 | Retr: 0.0000 | τ: 0.0841 | Time: 159.5s
07:41:53 [INFO] Epoch 3 | Step 250/658 | Loss: 4.2675 | InfoNCE: 3.9638 | Fair_img: 0.0787 | Fair_txt: 0.0732 | Retr: 0.0000 | τ: 0.0848 | Time: 160.0s
07:44:33 [INFO] Epoch 3 | Step 300/658 | Loss: 4.2340 | InfoNCE: 3.9463 | Fair_img: 0.0735 | Fair_txt: 0.0704 | Retr: 0.0000 | τ: 0.0843 | Time: 159.8s
07:47:13 [INFO] Epoch 3 | Step 350/658 | Loss: 4.3270 | InfoNCE: 4.0333 | Fair_img: 0.0799 | Fair_txt: 0.0669 | Retr: 0.0000 | τ: 0.0850 | Time: 159.8s
07:49:53 [INFO] Epoch 3 | Step 400/658 | Loss: 4.2334 | InfoNCE: 3.9276 | Fair_img: 0.0776 | Fair_txt: 0.0753 | Retr: 0.0000 | τ: 0.0848 | Time: 159.8s
07:52:33 [INFO] Epoch 3 | Step 450/658 | Loss: 4.2531 | InfoNCE: 3.9694 | Fair_img: 0.0701 | Fair_txt: 0.0718 | Retr: 0.0000 | τ: 0.0840 | Time: 159.8s
07:55:12 [INFO] Epoch 3 | Step 500/658 | Loss: 4.3342 | InfoNCE: 4.0635 | Fair_img: 0.0651 | Fair_txt: 0.0703 | Retr: 0.0000 | τ: 0.0835 | Time: 159.7s
07:57:52 [INFO] Epoch 3 | Step 550/658 | Loss: 4.2905 | InfoNCE: 3.9847 | Fair_img: 0.0764 | Fair_txt: 0.0765 | Retr: 0.0000 | τ: 0.0846 | Time: 159.8s
08:00:32 [INFO] Epoch 3 | Step 600/658 | Loss: 4.2659 | InfoNCE: 3.9813 | Fair_img: 0.0720 | Fair_txt: 0.0703 | Retr: 0.0000 | τ: 0.0842 | Time: 159.9s
08:03:12 [INFO] Epoch 3 | Step 650/658 | Loss: 4.3249 | InfoNCE: 4.0479 | Fair_img: 0.0658 | Fair_txt: 0.0726 | Retr: 0.0000 | τ: 0.0836 | Time: 159.8s
08:17:18 [INFO] Epoch 3 Summary: train_loss=4.2984 | val_loss=3.7911 | lr=9.76e-06
08:17:18 [INFO]   Temperature: mean=0.0842 min=0.0821 max=0.0868
08:17:22 [INFO]   Checkpoint saved: latest.pt (epoch 3)
08:17:22 [INFO]   No improvement for 1/3 epochs
08:17:22 [INFO] 
Epoch 4/30
08:20:02 [INFO] Epoch 4 | Step 50/658 | Loss: 4.3734 | InfoNCE: 4.1046 | Fair_img: 0.0599 | Fair_txt: 0.0745 | Retr: 0.0000 | τ: 0.0829 | Time: 160.0s
08:22:42 [INFO] Epoch 4 | Step 100/658 | Loss: 4.3697 | InfoNCE: 4.0736 | Fair_img: 0.0700 | Fair_txt: 0.0781 | Retr: 0.0000 | τ: 0.0840 | Time: 159.8s
