nohup: ignoring input
21:33:14 [INFO] ============================================================
21:33:14 [INFO] FairCLIP Training
21:33:14 [INFO] Attribute: age
21:33:14 [INFO] Backbone:  ViT-H/14
21:33:14 [INFO] Epochs:    30
21:33:14 [INFO] Batch:     64
21:33:14 [INFO] Lambda:    2.0
21:33:14 [INFO] Device:    cuda
21:33:14 [INFO] Seed:      42
21:33:14 [INFO] ============================================================
21:33:14 [INFO] Dataset: fairface  manifest: results/manifests/fairface.csv
21:33:15 [INFO] Loaded manifest fairface.csv: 97698 rows
21:33:15 [INFO] Filtered to split='train': 86744 rows
21:33:15 [INFO] Loaded manifest fairface.csv: 97698 rows
21:33:15 [INFO] Filtered to split='val': 10954 rows
21:33:15 [INFO] Using 14 samples/group × 9 groups = 126 effective batch size
21:33:15 [INFO]   Group 0: 1792 samples (2.1%)
21:33:15 [INFO]   Group 1: 10408 samples (12.0%)
21:33:15 [INFO]   Group 2: 9103 samples (10.5%)
21:33:15 [INFO]   Group 3: 25598 samples (29.5%)
21:33:15 [INFO]   Group 4: 19250 samples (22.2%)
21:33:15 [INFO]   Group 5: 10744 samples (12.4%)
21:33:15 [INFO]   Group 6: 6228 samples (7.2%)
21:33:15 [INFO]   Group 7: 2779 samples (3.2%)
21:33:15 [INFO]   Group 8: 842 samples (1.0%)
21:33:15 [INFO] DemographicBalancedSampler: 9 groups, 14/group, 60 batches/epoch, effective batch size 126
21:33:15 [INFO] Train: 86744 samples
21:33:15 [INFO] Val:   10954 samples
21:33:15 [INFO] ============================================================
21:33:15 [INFO] Initializing FairCLIP
21:33:15 [INFO]   Backbone: ViT-H/14
21:33:15 [INFO]   Bias directions: 8
21:33:15 [INFO]   Lambda fair: img=2.0, txt=2.0
21:33:15 [INFO]   Temperature: base=0.07, alpha=0.5
21:33:15 [INFO] ============================================================
21:33:15 [INFO] Loading CLIP backbone: ViT-H/14
21:33:15 [INFO] Embedding dimension: 1024
21:33:15 [INFO] Device: cuda
21:33:15 [INFO] Parsing model identifier. Schema: None, Identifier: ViT-H-14
21:33:15 [INFO] Loaded built-in ViT-H-14 model config.
21:33:16 [INFO] HTTP Request: HEAD https://huggingface.co/laion/CLIP-ViT-H-14-laion2B-s32B-b79K/resolve/main/open_clip_model.safetensors "HTTP/1.1 302 Found"
Warning: You are sending unauthenticated requests to the HF Hub. Please set a HF_TOKEN to enable higher rate limits and faster downloads.
21:33:16 [WARNING] Warning: You are sending unauthenticated requests to the HF Hub. Please set a HF_TOKEN to enable higher rate limits and faster downloads.
21:33:16 [INFO] Instantiating model architecture: CLIP
21:33:22 [INFO] Loading full pretrained weights from: /home/ayeshakalsoom/.cache/huggingface/hub/models--laion--CLIP-ViT-H-14-laion2B-s32B-b79K/snapshots/1c2b8495b28150b8a4922ee1c8edee224c284c0c/open_clip_model.safetensors
21:33:22 [INFO] Final image preprocessing configuration set: {'size': (224, 224), 'mode': 'RGB', 'mean': (0.48145466, 0.4578275, 0.40821073), 'std': (0.26862954, 0.26130258, 0.27577711), 'interpolation': 'bicubic', 'resize_mode': 'shortest', 'fill_color': 0}
21:33:22 [INFO] Model ViT-H-14 creation process complete.
21:33:22 [INFO] Loaded OpenCLIP successfully
21:33:22 [INFO] Gradient checkpointing ENABLED (memory saving)
21:33:22 [INFO] Parsing tokenizer identifier. Schema: None, Identifier: ViT-H-14
21:33:22 [INFO] Attempting to load config from built-in: ViT-H-14
21:33:22 [INFO] Using default SimpleTokenizer.
21:33:22 [INFO] Backbone frozen — CLIP weights will not be updated
21:33:22 [INFO] BiasSubspaceDiscoverer initialized with 8 bias directions
21:33:22 [INFO] FairnessAwareLoss initialized: λ_img=2.0, λ_txt=2.0
21:33:22 [INFO] AdaptiveTemperatureController: τ_base=0.07, α=0.5, range=[0.01, 0.5]
21:33:22 [INFO] Fitting bias subspace on training data (Steps IV + V)...
21:33:22 [INFO] This runs once before training starts.
21:33:22 [INFO] Extracting CLIP embeddings for bias subspace fitting...
21:39:00 [INFO]   Processed 5120 / 86744 samples
21:44:37 [INFO]   Processed 10240 / 86744 samples
21:50:13 [INFO]   Processed 15360 / 86744 samples
21:55:48 [INFO]   Processed 20480 / 86744 samples
22:01:25 [INFO]   Processed 25600 / 86744 samples
22:07:01 [INFO]   Processed 30720 / 86744 samples
22:12:37 [INFO]   Processed 35840 / 86744 samples
22:18:14 [INFO]   Processed 40960 / 86744 samples
22:23:50 [INFO]   Processed 46080 / 86744 samples
22:29:26 [INFO]   Processed 51200 / 86744 samples
22:35:04 [INFO]   Processed 56320 / 86744 samples
22:40:39 [INFO]   Processed 61440 / 86744 samples
22:46:16 [INFO]   Processed 66560 / 86744 samples
22:51:52 [INFO]   Processed 71680 / 86744 samples
22:57:28 [INFO]   Processed 76800 / 86744 samples
23:03:05 [INFO]   Processed 81920 / 86744 samples
23:08:41 [INFO]   Processed 87040 / 86744 samples
23:14:17 [INFO]   Processed 92160 / 86744 samples
23:19:53 [INFO]   Processed 97280 / 86744 samples
23:25:29 [INFO]   Processed 102400 / 86744 samples
23:31:06 [INFO]   Processed 107520 / 86744 samples
23:36:42 [INFO]   Processed 112640 / 86744 samples
23:42:18 [INFO]   Processed 117760 / 86744 samples
23:47:55 [INFO]   Processed 122880 / 86744 samples
23:53:31 [INFO]   Processed 128000 / 86744 samples
23:59:07 [INFO]   Processed 133120 / 86744 samples
00:04:45 [INFO]   Processed 138240 / 86744 samples
00:10:22 [INFO]   Processed 143360 / 86744 samples
00:15:59 [INFO]   Processed 148480 / 86744 samples
00:21:34 [INFO]   Processed 153600 / 86744 samples
00:27:11 [INFO]   Processed 158720 / 86744 samples
00:32:50 [INFO]   Processed 163840 / 86744 samples
00:38:26 [INFO]   Processed 168960 / 86744 samples
00:43:24 [INFO] Fitting bias subspace for attribute: age
00:43:24 [INFO] Fitting image bias subspace for attribute: age
00:43:24 [INFO]   Input: 86744 embeddings, dim=1024
00:43:24 [INFO]   Group 0: 1792 samples, centroid norm=0.7440
00:43:24 [INFO]   Group 1: 10408 samples, centroid norm=0.7200
00:43:24 [INFO]   Group 2: 9103 samples, centroid norm=0.6787
00:43:24 [INFO]   Group 3: 25598 samples, centroid norm=0.6561
00:43:24 [INFO]   Group 4: 19250 samples, centroid norm=0.6549
00:43:24 [INFO]   Group 5: 10744 samples, centroid norm=0.6597
00:43:24 [INFO]   Group 6: 6228 samples, centroid norm=0.6637
00:43:24 [INFO]   Group 7: 2779 samples, centroid norm=0.6655
00:43:24 [INFO]   Group 8: 842 samples, centroid norm=0.6927
00:43:24 [INFO]   Bias direction 1: singular value=0.5828, explained variance=48.8%
00:43:24 [INFO]   Bias direction 2: singular value=0.4923, explained variance=34.8%
00:43:24 [INFO]   Bias direction 3: singular value=0.2555, explained variance=9.4%
00:43:24 [INFO]   Bias direction 4: singular value=0.1903, explained variance=5.2%
00:43:24 [INFO]   Bias direction 5: singular value=0.0905, explained variance=1.2%
00:43:24 [INFO]   Bias direction 6: singular value=0.0592, explained variance=0.5%
00:43:24 [INFO]   Bias direction 7: singular value=0.0296, explained variance=0.1%
00:43:24 [INFO]   Bias direction 8: singular value=0.0108, explained variance=0.0%
00:43:24 [INFO] Image bias subspace discovered: torch.Size([1024, 8])
00:43:24 [INFO] Fitting text bias subspace for attribute: age
00:43:24 [INFO]   Group 0: 1 samples, centroid norm=1.0000
00:43:24 [INFO]   Group 1: 1 samples, centroid norm=1.0000
00:43:24 [INFO]   Group 2: 1 samples, centroid norm=1.0000
00:43:24 [INFO]   Group 3: 1 samples, centroid norm=1.0000
00:43:24 [INFO]   Group 4: 1 samples, centroid norm=1.0000
00:43:24 [INFO]   Bias direction 1: singular value=0.4401, explained variance=37.0%
00:43:24 [INFO]   Bias direction 2: singular value=0.3887, explained variance=28.9%
00:43:24 [INFO]   Bias direction 3: singular value=0.3222, explained variance=19.9%
00:43:24 [INFO]   Bias direction 4: singular value=0.2726, explained variance=14.2%
00:43:24 [INFO] Text bias subspace discovered: torch.Size([1024, 4])
00:43:24 [INFO] Computing Procrustes alignment...
00:43:24 [INFO]   Reference shape: torch.Size([1024, 4])
00:43:24 [INFO]   Source shape: torch.Size([1024, 4])
00:43:24 [INFO] Alignment complete:
00:43:24 [INFO]   Rotation matrix shape: torch.Size([4, 4])
00:43:24 [INFO]   Alignment error: 1.178455 (lower is better)
00:43:24 [INFO]   det(R) = 1.0000 (should be +1.0 for pure rotation)
00:43:24 [INFO]   Direction 1 cosine similarity after alignment: 0.4754
00:43:24 [INFO]   Direction 2 cosine similarity after alignment: 0.2644
00:43:24 [INFO]   Direction 3 cosine similarity after alignment: 0.1799
00:43:24 [INFO]   Direction 4 cosine similarity after alignment: 0.2849
00:43:24 [INFO] Procrustes alignment quality: {'alignment_error': 1.1784553527832031, 'rotation_det': 1.0000007152557373, 'is_orthogonal': True}
00:43:24 [INFO] Bias subspace set: image_dirs=torch.Size([1024, 4]), text_dirs=torch.Size([1024, 4])
00:43:24 [INFO] Bias subspace fitted and ready for training
00:43:24 [INFO] Bias subspace fitted successfully
00:43:24 [INFO] GPU cache cleared after fitting. Free now: 3.27 GB
00:43:25 [INFO] GPU cache cleared after fitting. Free now: 3.27 GB
00:43:25 [INFO] GPU memory after fitting: 4.01GB used
00:43:25 [INFO] Trainable parameters: 66,906,624 (last 2 layers only)
00:43:25 [INFO] Loaded 50000 COCO captions for race contrastive training
00:43:25 [INFO] Starting training...
00:43:25 [INFO] No checkpoint found — starting fresh.
00:43:25 [INFO] 
Epoch 1/30
00:46:45 [INFO] Epoch 1 | Step 50/60 | Loss: 4.8401 | InfoNCE: 4.7581 | Fair_img: 0.0150 | Fair_txt: 0.0260 | Retr: 0.0000 | τ: 0.0763 | Time: 199.4s
01:01:08 [INFO] Epoch 1 Summary: train_loss=4.9421 | val_loss=4.1906 | lr=9.97e-06
01:01:08 [INFO]   Temperature: mean=0.0791 min=0.0763 max=0.0835
01:01:13 [INFO]   Checkpoint saved: latest.pt (epoch 1)
01:01:15 [INFO]   New best model saved (epoch 1)
01:01:15 [INFO] 
Epoch 2/30
01:04:35 [INFO] Epoch 2 | Step 50/60 | Loss: 4.6579 | InfoNCE: 4.3825 | Fair_img: 0.0679 | Fair_txt: 0.0698 | Retr: 0.0000 | τ: 0.0832 | Time: 199.8s
01:18:59 [INFO] Epoch 2 Summary: train_loss=4.6989 | val_loss=4.1836 | lr=9.89e-06
01:18:59 [INFO]   Temperature: mean=0.0845 min=0.0773 max=0.0901
01:19:03 [INFO]   Checkpoint saved: latest.pt (epoch 2)
01:19:05 [INFO]   New best model saved (epoch 2)
01:19:05 [INFO] 
Epoch 3/30
01:22:23 [INFO] Epoch 3 | Step 50/60 | Loss: 4.5835 | InfoNCE: 4.2618 | Fair_img: 0.0823 | Fair_txt: 0.0785 | Retr: 0.0000 | τ: 0.0847 | Time: 198.3s
01:37:19 [INFO] Epoch 3 Summary: train_loss=4.5905 | val_loss=4.1815 | lr=9.76e-06
01:37:19 [INFO]   Temperature: mean=0.0866 min=0.0834 max=0.0929
01:37:22 [INFO]   Checkpoint saved: latest.pt (epoch 3)
01:37:25 [INFO]   New best model saved (epoch 3)
01:37:25 [INFO] 
Epoch 4/30
01:40:43 [INFO] Epoch 4 | Step 50/60 | Loss: 4.5080 | InfoNCE: 4.1484 | Fair_img: 0.0929 | Fair_txt: 0.0869 | Retr: 0.0000 | τ: 0.0857 | Time: 198.7s
01:55:08 [INFO] Epoch 4 Summary: train_loss=4.5254 | val_loss=4.2578 | lr=9.57e-06
01:55:08 [INFO]   Temperature: mean=0.0887 min=0.0846 max=0.0975
01:55:12 [INFO]   Checkpoint saved: latest.pt (epoch 4)
01:55:12 [INFO]   No improvement for 1/8 epochs
01:55:12 [INFO] 
Epoch 5/30
01:55:12 [INFO] Refitting bias subspace at epoch 5...
01:55:12 [INFO] Fitting bias subspace on training data (Steps IV + V)...
01:55:12 [INFO] This runs once before training starts.
01:55:12 [INFO] Extracting CLIP embeddings for bias subspace fitting...
02:00:48 [INFO]   Processed 5120 / 86744 samples
02:06:22 [INFO]   Processed 10240 / 86744 samples
02:11:56 [INFO]   Processed 15360 / 86744 samples
02:17:31 [INFO]   Processed 20480 / 86744 samples
02:23:06 [INFO]   Processed 25600 / 86744 samples
02:28:41 [INFO]   Processed 30720 / 86744 samples
02:34:19 [INFO]   Processed 35840 / 86744 samples
02:39:53 [INFO]   Processed 40960 / 86744 samples
02:45:29 [INFO]   Processed 46080 / 86744 samples
02:51:03 [INFO]   Processed 51200 / 86744 samples
02:56:38 [INFO]   Processed 56320 / 86744 samples
03:02:40 [INFO]   Processed 61440 / 86744 samples
03:08:28 [INFO]   Processed 66560 / 86744 samples
03:14:45 [INFO]   Processed 71680 / 86744 samples
03:20:27 [INFO]   Processed 76800 / 86744 samples
03:26:22 [INFO]   Processed 81920 / 86744 samples
03:32:34 [INFO]   Processed 87040 / 86744 samples
03:38:36 [INFO]   Processed 92160 / 86744 samples
03:44:46 [INFO]   Processed 97280 / 86744 samples
03:50:31 [INFO]   Processed 102400 / 86744 samples
03:56:20 [INFO]   Processed 107520 / 86744 samples
04:02:07 [INFO]   Processed 112640 / 86744 samples
04:08:25 [INFO]   Processed 117760 / 86744 samples
04:15:35 [INFO]   Processed 122880 / 86744 samples
04:21:44 [INFO]   Processed 128000 / 86744 samples
04:27:34 [INFO]   Processed 133120 / 86744 samples
04:33:15 [INFO]   Processed 138240 / 86744 samples
04:40:05 [INFO]   Processed 143360 / 86744 samples
04:47:29 [INFO]   Processed 148480 / 86744 samples
04:53:39 [INFO]   Processed 153600 / 86744 samples
04:59:31 [INFO]   Processed 158720 / 86744 samples
05:06:20 [INFO]   Processed 163840 / 86744 samples
05:14:00 [INFO]   Processed 168960 / 86744 samples
05:20:33 [INFO] Fitting bias subspace for attribute: age
05:20:33 [INFO] Fitting image bias subspace for attribute: age
05:20:33 [INFO]   Input: 86744 embeddings, dim=1024
05:20:33 [INFO]   Group 0: 1792 samples, centroid norm=0.8579
05:20:33 [INFO]   Group 1: 10408 samples, centroid norm=0.8387
05:20:33 [INFO]   Group 2: 9103 samples, centroid norm=0.8134
05:20:33 [INFO]   Group 3: 25598 samples, centroid norm=0.8117
05:20:33 [INFO]   Group 4: 19250 samples, centroid norm=0.8060
05:20:33 [INFO]   Group 5: 10744 samples, centroid norm=0.8085
05:20:33 [INFO]   Group 6: 6228 samples, centroid norm=0.8109
05:20:33 [INFO]   Group 7: 2779 samples, centroid norm=0.8075
05:20:33 [INFO]   Group 8: 842 samples, centroid norm=0.8279
05:20:33 [INFO]   Bias direction 1: singular value=0.7414, explained variance=39.4%
05:20:33 [INFO]   Bias direction 2: singular value=0.6949, explained variance=34.6%
05:20:33 [INFO]   Bias direction 3: singular value=0.4609, explained variance=15.2%
05:20:33 [INFO]   Bias direction 4: singular value=0.3467, explained variance=8.6%
05:20:33 [INFO]   Bias direction 5: singular value=0.1551, explained variance=1.7%
05:20:33 [INFO]   Bias direction 6: singular value=0.0754, explained variance=0.4%
05:20:33 [INFO]   Bias direction 7: singular value=0.0258, explained variance=0.0%
05:20:33 [INFO]   Bias direction 8: singular value=0.0090, explained variance=0.0%
05:20:33 [INFO] Image bias subspace discovered: torch.Size([1024, 8])
05:20:33 [INFO] Fitting text bias subspace for attribute: age
05:20:33 [INFO]   Group 0: 1 samples, centroid norm=1.0000
05:20:33 [INFO]   Group 1: 1 samples, centroid norm=1.0000
05:20:33 [INFO]   Group 2: 1 samples, centroid norm=1.0000
05:20:33 [INFO]   Group 3: 1 samples, centroid norm=1.0000
05:20:33 [INFO]   Group 4: 1 samples, centroid norm=1.0000
05:20:33 [INFO]   Bias direction 1: singular value=0.4284, explained variance=36.0%
05:20:33 [INFO]   Bias direction 2: singular value=0.3838, explained variance=28.9%
05:20:33 [INFO]   Bias direction 3: singular value=0.3234, explained variance=20.5%
05:20:33 [INFO]   Bias direction 4: singular value=0.2719, explained variance=14.5%
05:20:33 [INFO] Text bias subspace discovered: torch.Size([1024, 4])
05:20:33 [INFO] Computing Procrustes alignment...
05:20:33 [INFO]   Reference shape: torch.Size([1024, 4])
05:20:33 [INFO]   Source shape: torch.Size([1024, 4])
05:20:33 [WARNING] Procrustes found reflection (det=-1.0000), correcting to pure rotation
05:20:33 [INFO] Corrected det(R) = 1.0000
05:20:33 [INFO] Alignment complete:
05:20:33 [INFO]   Rotation matrix shape: torch.Size([4, 4])
05:20:33 [INFO]   Alignment error: 1.246983 (lower is better)
05:20:33 [INFO]   det(R) = 1.0000 (should be +1.0 for pure rotation)
05:20:33 [INFO]   Direction 1 cosine similarity after alignment: 0.2099
05:20:33 [INFO]   Direction 2 cosine similarity after alignment: 0.3763
05:20:33 [INFO]   Direction 3 cosine similarity after alignment: 0.2328
05:20:33 [INFO]   Direction 4 cosine similarity after alignment: 0.0543
05:20:33 [INFO] Procrustes alignment quality: {'alignment_error': 1.2469830513000488, 'rotation_det': 0.9999999403953552, 'is_orthogonal': True}
05:20:33 [INFO] Bias subspace set: image_dirs=torch.Size([1024, 4]), text_dirs=torch.Size([1024, 4])
05:20:33 [INFO] Bias subspace fitted and ready for training
05:20:33 [INFO] Bias subspace fitted successfully
05:20:35 [INFO] GPU cache cleared after fitting. Free now: 2.39 GB
05:20:35 [INFO] GPU cache cleared after fitting. Free now: 2.39 GB
05:20:35 [INFO] GPU memory after fitting: 4.82GB used
05:24:31 [INFO] Epoch 5 | Step 50/60 | Loss: 4.5285 | InfoNCE: 4.0905 | Fair_img: 0.1125 | Fair_txt: 0.1066 | Retr: 0.0000 | τ: 0.0874 | Time: 235.5s
05:40:00 [INFO] Epoch 5 Summary: train_loss=4.5957 | val_loss=4.5633 | lr=9.33e-06
05:40:00 [INFO]   Temperature: mean=0.0914 min=0.0782 max=0.1053
05:40:04 [INFO]   Checkpoint saved: latest.pt (epoch 5)
05:40:04 [INFO]   No improvement for 2/8 epochs
05:40:04 [INFO] 
Epoch 6/30
05:44:06 [INFO] Epoch 6 | Step 50/60 | Loss: 4.3145 | InfoNCE: 3.8544 | Fair_img: 0.1185 | Fair_txt: 0.1116 | Retr: 0.0000 | τ: 0.0879 | Time: 242.1s
05:59:31 [INFO] Epoch 6 Summary: train_loss=4.3423 | val_loss=4.6469 | lr=9.05e-06
05:59:31 [INFO]   Temperature: mean=0.0938 min=0.0869 max=0.1096
05:59:35 [INFO]   Checkpoint saved: latest.pt (epoch 6)
05:59:35 [INFO]   No improvement for 3/8 epochs
05:59:35 [INFO] 
Epoch 7/30
06:03:54 [INFO] Epoch 7 | Step 50/60 | Loss: 4.1086 | InfoNCE: 3.6254 | Fair_img: 0.1223 | Fair_txt: 0.1193 | Retr: 0.0000 | τ: 0.0882 | Time: 258.9s
06:18:56 [INFO] Epoch 7 Summary: train_loss=4.1455 | val_loss=4.7298 | lr=8.72e-06
06:18:56 [INFO]   Temperature: mean=0.0946 min=0.0876 max=0.1117
06:19:00 [INFO]   Checkpoint saved: latest.pt (epoch 7)
06:19:00 [INFO]   No improvement for 4/8 epochs
06:19:00 [INFO] 
Epoch 8/30
06:22:18 [INFO] Epoch 8 | Step 50/60 | Loss: 3.9286 | InfoNCE: 3.4427 | Fair_img: 0.1206 | Fair_txt: 0.1224 | Retr: 0.0000 | τ: 0.0881 | Time: 198.4s
06:36:41 [INFO] Epoch 8 Summary: train_loss=3.9478 | val_loss=4.7945 | lr=8.35e-06
06:36:41 [INFO]   Temperature: mean=0.0947 min=0.0874 max=0.1122
06:36:45 [INFO]   Checkpoint saved: latest.pt (epoch 8)
06:36:45 [INFO]   No improvement for 5/8 epochs
06:36:45 [INFO] 
Epoch 9/30
06:40:04 [INFO] Epoch 9 | Step 50/60 | Loss: 3.7668 | InfoNCE: 3.2919 | Fair_img: 0.1142 | Fair_txt: 0.1233 | Retr: 0.0000 | τ: 0.0876 | Time: 199.1s
06:54:27 [INFO] Epoch 9 Summary: train_loss=3.7618 | val_loss=4.8472 | lr=7.94e-06
06:54:27 [INFO]   Temperature: mean=0.0946 min=0.0872 max=0.1124
06:54:31 [INFO]   Checkpoint saved: latest.pt (epoch 9)
06:54:31 [INFO]   No improvement for 6/8 epochs
06:54:31 [INFO] 
Epoch 10/30
06:54:31 [INFO] Refitting bias subspace at epoch 10...
06:54:31 [INFO] Fitting bias subspace on training data (Steps IV + V)...
06:54:31 [INFO] This runs once before training starts.
06:54:31 [INFO] Extracting CLIP embeddings for bias subspace fitting...
07:00:05 [INFO]   Processed 5120 / 86744 samples
07:05:37 [INFO]   Processed 10240 / 86744 samples
07:11:10 [INFO]   Processed 15360 / 86744 samples
07:16:43 [INFO]   Processed 20480 / 86744 samples
07:22:15 [INFO]   Processed 25600 / 86744 samples
07:27:48 [INFO]   Processed 30720 / 86744 samples
07:33:20 [INFO]   Processed 35840 / 86744 samples
07:38:52 [INFO]   Processed 40960 / 86744 samples
07:44:25 [INFO]   Processed 46080 / 86744 samples
07:49:58 [INFO]   Processed 51200 / 86744 samples
07:55:30 [INFO]   Processed 56320 / 86744 samples
08:01:02 [INFO]   Processed 61440 / 86744 samples
08:06:34 [INFO]   Processed 66560 / 86744 samples
08:12:06 [INFO]   Processed 71680 / 86744 samples
08:17:38 [INFO]   Processed 76800 / 86744 samples
08:23:10 [INFO]   Processed 81920 / 86744 samples
08:28:43 [INFO]   Processed 87040 / 86744 samples
08:34:15 [INFO]   Processed 92160 / 86744 samples
08:39:48 [INFO]   Processed 97280 / 86744 samples
08:45:20 [INFO]   Processed 102400 / 86744 samples
08:50:51 [INFO]   Processed 107520 / 86744 samples
08:56:24 [INFO]   Processed 112640 / 86744 samples
09:01:56 [INFO]   Processed 117760 / 86744 samples
09:07:28 [INFO]   Processed 122880 / 86744 samples
09:12:59 [INFO]   Processed 128000 / 86744 samples
09:18:32 [INFO]   Processed 133120 / 86744 samples
09:24:05 [INFO]   Processed 138240 / 86744 samples
09:29:37 [INFO]   Processed 143360 / 86744 samples
09:35:09 [INFO]   Processed 148480 / 86744 samples
09:40:42 [INFO]   Processed 153600 / 86744 samples
09:46:15 [INFO]   Processed 158720 / 86744 samples
09:51:47 [INFO]   Processed 163840 / 86744 samples
09:57:19 [INFO]   Processed 168960 / 86744 samples
10:02:13 [INFO] Fitting bias subspace for attribute: age
10:02:13 [INFO] Fitting image bias subspace for attribute: age
10:02:13 [INFO]   Input: 86744 embeddings, dim=1024
10:02:13 [INFO]   Group 0: 1792 samples, centroid norm=0.6322
10:02:13 [INFO]   Group 1: 10408 samples, centroid norm=0.5348
10:02:13 [INFO]   Group 2: 9103 samples, centroid norm=0.4793
10:02:13 [INFO]   Group 3: 25598 samples, centroid norm=0.5144
10:02:13 [INFO]   Group 4: 19250 samples, centroid norm=0.4912
10:02:13 [INFO]   Group 5: 10744 samples, centroid norm=0.4909
10:02:13 [INFO]   Group 6: 6228 samples, centroid norm=0.4843
10:02:13 [INFO]   Group 7: 2779 samples, centroid norm=0.4578
10:02:13 [INFO]   Group 8: 842 samples, centroid norm=0.5402
10:02:13 [INFO]   Bias direction 1: singular value=1.0100, explained variance=40.6%
10:02:13 [INFO]   Bias direction 2: singular value=0.8908, explained variance=31.6%
10:02:13 [INFO]   Bias direction 3: singular value=0.6351, explained variance=16.0%
10:02:13 [INFO]   Bias direction 4: singular value=0.4986, explained variance=9.9%
10:02:13 [INFO]   Bias direction 5: singular value=0.1901, explained variance=1.4%
10:02:13 [INFO]   Bias direction 6: singular value=0.1056, explained variance=0.4%
10:02:13 [INFO]   Bias direction 7: singular value=0.0355, explained variance=0.1%
10:02:13 [INFO]   Bias direction 8: singular value=0.0131, explained variance=0.0%
10:02:13 [INFO] Image bias subspace discovered: torch.Size([1024, 8])
10:02:13 [INFO] Fitting text bias subspace for attribute: age
10:02:13 [INFO]   Group 0: 1 samples, centroid norm=1.0000
10:02:13 [INFO]   Group 1: 1 samples, centroid norm=1.0000
10:02:13 [INFO]   Group 2: 1 samples, centroid norm=1.0000
10:02:13 [INFO]   Group 3: 1 samples, centroid norm=1.0000
10:02:13 [INFO]   Group 4: 1 samples, centroid norm=1.0000
10:02:13 [INFO]   Bias direction 1: singular value=0.6242, explained variance=38.5%
10:02:13 [INFO]   Bias direction 2: singular value=0.5436, explained variance=29.2%
10:02:13 [INFO]   Bias direction 3: singular value=0.4302, explained variance=18.3%
10:02:13 [INFO]   Bias direction 4: singular value=0.3752, explained variance=13.9%
10:02:13 [INFO] Text bias subspace discovered: torch.Size([1024, 4])
10:02:13 [INFO] Computing Procrustes alignment...
10:02:13 [INFO]   Reference shape: torch.Size([1024, 4])
10:02:13 [INFO]   Source shape: torch.Size([1024, 4])
10:02:13 [WARNING] Procrustes found reflection (det=-1.0000), correcting to pure rotation
10:02:13 [INFO] Corrected det(R) = 1.0000
10:02:13 [INFO] Alignment complete:
10:02:13 [INFO]   Rotation matrix shape: torch.Size([4, 4])
10:02:13 [INFO]   Alignment error: 1.345143 (lower is better)
10:02:13 [INFO]   det(R) = 1.0000 (should be +1.0 for pure rotation)
10:02:13 [INFO]   Direction 1 cosine similarity after alignment: 0.0844
10:02:13 [INFO]   Direction 2 cosine similarity after alignment: 0.0730
10:02:13 [INFO]   Direction 3 cosine similarity after alignment: 0.1377
10:02:13 [INFO]   Direction 4 cosine similarity after alignment: 0.0854
10:02:13 [INFO] Procrustes alignment quality: {'alignment_error': 1.3451427221298218, 'rotation_det': 0.9999994039535522, 'is_orthogonal': True}
10:02:13 [INFO] Bias subspace set: image_dirs=torch.Size([1024, 4]), text_dirs=torch.Size([1024, 4])
10:02:13 [INFO] Bias subspace fitted and ready for training
10:02:13 [INFO] Bias subspace fitted successfully
10:02:13 [INFO] GPU cache cleared after fitting. Free now: 2.38 GB
10:02:13 [INFO] GPU cache cleared after fitting. Free now: 2.38 GB
10:02:14 [INFO] GPU memory after fitting: 4.82GB used
10:05:33 [INFO] Epoch 10 | Step 50/60 | Loss: 3.6917 | InfoNCE: 3.2185 | Fair_img: 0.1099 | Fair_txt: 0.1267 | Retr: 0.0000 | τ: 0.0873 | Time: 199.1s
10:19:56 [INFO] Epoch 10 Summary: train_loss=3.7001 | val_loss=4.9529 | lr=7.50e-06
10:19:56 [INFO]   Temperature: mean=0.0939 min=0.0831 max=0.1123
10:20:00 [INFO]   Checkpoint saved: latest.pt (epoch 10)
10:20:00 [INFO]   No improvement for 7/8 epochs
10:20:00 [INFO] 
Epoch 11/30
10:23:18 [INFO] Epoch 11 | Step 50/60 | Loss: 3.5096 | InfoNCE: 3.0428 | Fair_img: 0.1105 | Fair_txt: 0.1228 | Retr: 0.0000 | τ: 0.0874 | Time: 198.6s
10:37:42 [INFO] Epoch 11 Summary: train_loss=3.4678 | val_loss=4.9902 | lr=7.03e-06
10:37:42 [INFO]   Temperature: mean=0.0942 min=0.0867 max=0.1122
10:37:45 [INFO]   Checkpoint saved: latest.pt (epoch 11)
10:37:45 [INFO]   No improvement for 8/8 epochs
10:37:45 [INFO] Early stopping triggered at epoch 11!
10:37:45 [INFO] Best val loss: 4.1815 (epoch 3)
10:37:45 [INFO] 
Training complete!
10:37:45 [INFO] Best val loss: 4.1815
10:37:45 [INFO] Checkpoints saved to: results/checkpoints_procfix/fairface/ViT-H_14/age/seed42
