08:04:59 [INFO] ============================================================
08:04:59 [INFO] FairCLIP Training
08:04:59 [INFO] Attribute: race
08:04:59 [INFO] Backbone:  ViT-H/14
08:04:59 [INFO] Epochs:    30
08:04:59 [INFO] Batch:     64
08:04:59 [INFO] Lambda:    2.0
08:04:59 [INFO] Device:    cuda
08:04:59 [INFO] Seed:      123
08:04:59 [INFO] ============================================================
08:04:59 [INFO] Dataset: fairface  manifest: results/manifests/fairface.csv
08:04:59 [INFO] Loaded manifest fairface.csv: 97698 rows
08:04:59 [INFO] Filtered to split='train': 86744 rows
08:04:59 [INFO] Loaded manifest fairface.csv: 97698 rows
08:04:59 [INFO] Filtered to split='val': 10954 rows
08:04:59 [INFO] Using 14 samples/group × 7 groups = 98 effective batch size
08:04:59 [INFO]   Group 0: 16527 samples (19.1%)
08:04:59 [INFO]   Group 1: 12233 samples (14.1%)
08:04:59 [INFO]   Group 2: 13367 samples (15.4%)
08:04:59 [INFO]   Group 3: 12287 samples (14.2%)
08:04:59 [INFO]   Group 4: 10795 samples (12.4%)
08:04:59 [INFO]   Group 5: 12319 samples (14.2%)
08:04:59 [INFO]   Group 6: 9216 samples (10.6%)
08:04:59 [INFO] DemographicBalancedSampler: 7 groups, 14/group, 658 batches/epoch, effective batch size 98
08:04:59 [INFO] Train: 86744 samples
08:04:59 [INFO] Val:   10954 samples
08:04:59 [INFO] ============================================================
08:04:59 [INFO] Initializing FairCLIP
08:04:59 [INFO]   Backbone: ViT-H/14
08:04:59 [INFO]   Bias directions: 8
08:04:59 [INFO]   Lambda fair: img=2.0, txt=2.0
08:04:59 [INFO]   Temperature: base=0.07, alpha=0.5
08:04:59 [INFO] ============================================================
08:04:59 [INFO] Loading CLIP backbone: ViT-H/14
08:04:59 [INFO] Embedding dimension: 1024
08:04:59 [INFO] Device: cuda
08:05:00 [INFO] Parsing model identifier. Schema: None, Identifier: ViT-H-14
08:05:00 [INFO] Loaded built-in ViT-H-14 model config.
08:05:01 [INFO] HTTP Request: HEAD https://huggingface.co/laion/CLIP-ViT-H-14-laion2B-s32B-b79K/resolve/main/open_clip_model.safetensors "HTTP/1.1 302 Found"
Warning: You are sending unauthenticated requests to the HF Hub. Please set a HF_TOKEN to enable higher rate limits and faster downloads.
08:05:01 [WARNING] Warning: You are sending unauthenticated requests to the HF Hub. Please set a HF_TOKEN to enable higher rate limits and faster downloads.
08:05:01 [INFO] Instantiating model architecture: CLIP
08:05:06 [INFO] Loading full pretrained weights from: /home/ayeshakalsoom/.cache/huggingface/hub/models--laion--CLIP-ViT-H-14-laion2B-s32B-b79K/snapshots/1c2b8495b28150b8a4922ee1c8edee224c284c0c/open_clip_model.safetensors
08:05:07 [INFO] Final image preprocessing configuration set: {'size': (224, 224), 'mode': 'RGB', 'mean': (0.48145466, 0.4578275, 0.40821073), 'std': (0.26862954, 0.26130258, 0.27577711), 'interpolation': 'bicubic', 'resize_mode': 'shortest', 'fill_color': 0}
08:05:07 [INFO] Model ViT-H-14 creation process complete.
08:05:07 [INFO] Loaded OpenCLIP successfully
08:05:07 [INFO] Gradient checkpointing ENABLED (memory saving)
08:05:07 [INFO] Parsing tokenizer identifier. Schema: None, Identifier: ViT-H-14
08:05:07 [INFO] Attempting to load config from built-in: ViT-H-14
08:05:07 [INFO] Using default SimpleTokenizer.
08:05:07 [INFO] Backbone frozen — CLIP weights will not be updated
08:05:07 [INFO] BiasSubspaceDiscoverer initialized with 8 bias directions
08:05:07 [INFO] FairnessAwareLoss initialized: λ_img=2.0, λ_txt=2.0
08:05:07 [INFO] AdaptiveTemperatureController: τ_base=0.07, α=0.5, range=[0.01, 0.5]
08:05:07 [INFO] Fitting bias subspace on training data (Steps IV + V)...
08:05:07 [INFO] This runs once before training starts.
08:05:07 [INFO] Extracting CLIP embeddings for bias subspace fitting...
08:10:44 [INFO]   Processed 5120 / 86744 samples
08:16:20 [INFO]   Processed 10240 / 86744 samples
08:21:58 [INFO]   Processed 15360 / 86744 samples
08:27:36 [INFO]   Processed 20480 / 86744 samples
08:33:12 [INFO]   Processed 25600 / 86744 samples
08:38:48 [INFO]   Processed 30720 / 86744 samples
08:44:24 [INFO]   Processed 35840 / 86744 samples
08:50:00 [INFO]   Processed 40960 / 86744 samples
08:55:36 [INFO]   Processed 46080 / 86744 samples
09:01:12 [INFO]   Processed 51200 / 86744 samples
09:06:48 [INFO]   Processed 56320 / 86744 samples
09:12:25 [INFO]   Processed 61440 / 86744 samples
09:18:01 [INFO]   Processed 66560 / 86744 samples
09:23:37 [INFO]   Processed 71680 / 86744 samples
09:29:14 [INFO]   Processed 76800 / 86744 samples
09:34:50 [INFO]   Processed 81920 / 86744 samples
09:40:26 [INFO]   Processed 87040 / 86744 samples
09:46:02 [INFO]   Processed 92160 / 86744 samples
09:51:38 [INFO]   Processed 97280 / 86744 samples
09:57:15 [INFO]   Processed 102400 / 86744 samples
10:02:50 [INFO]   Processed 107520 / 86744 samples
10:08:26 [INFO]   Processed 112640 / 86744 samples
10:14:02 [INFO]   Processed 117760 / 86744 samples
10:19:38 [INFO]   Processed 122880 / 86744 samples
10:25:14 [INFO]   Processed 128000 / 86744 samples
10:30:50 [INFO]   Processed 133120 / 86744 samples
10:36:26 [INFO]   Processed 138240 / 86744 samples
10:42:02 [INFO]   Processed 143360 / 86744 samples
10:47:39 [INFO]   Processed 148480 / 86744 samples
10:53:15 [INFO]   Processed 153600 / 86744 samples
10:58:51 [INFO]   Processed 158720 / 86744 samples
11:04:27 [INFO]   Processed 163840 / 86744 samples
11:10:03 [INFO]   Processed 168960 / 86744 samples
11:15:01 [INFO] Fitting bias subspace for attribute: race
11:15:01 [INFO] Fitting image bias subspace for attribute: race
11:15:01 [INFO]   Input: 86744 embeddings, dim=1024
11:15:01 [INFO]   Group 0: 16527 samples, centroid norm=0.6305
11:15:01 [INFO]   Group 1: 12233 samples, centroid norm=0.6701
11:15:01 [INFO]   Group 2: 13367 samples, centroid norm=0.6651
11:15:01 [INFO]   Group 3: 12287 samples, centroid norm=0.7041
11:15:01 [INFO]   Group 4: 10795 samples, centroid norm=0.7086
11:15:01 [INFO]   Group 5: 12319 samples, centroid norm=0.7088
11:15:01 [INFO]   Group 6: 9216 samples, centroid norm=0.6718
11:15:01 [INFO]   Bias direction 1: singular value=0.3787, explained variance=38.9%
11:15:01 [INFO]   Bias direction 2: singular value=0.3156, explained variance=27.0%
11:15:01 [INFO]   Bias direction 3: singular value=0.2684, explained variance=19.6%
11:15:01 [INFO]   Bias direction 4: singular value=0.1545, explained variance=6.5%
11:15:01 [INFO]   Bias direction 5: singular value=0.1355, explained variance=5.0%
11:15:01 [INFO]   Bias direction 6: singular value=0.1051, explained variance=3.0%
11:15:01 [INFO] Image bias subspace discovered: torch.Size([1024, 6])
11:15:01 [INFO] Fitting text bias subspace for attribute: race
11:15:01 [INFO]   Group 0: 1 samples, centroid norm=1.0000
11:15:01 [INFO]   Group 1: 1 samples, centroid norm=1.0000
11:15:01 [INFO]   Group 2: 1 samples, centroid norm=1.0000
11:15:01 [INFO]   Group 3: 1 samples, centroid norm=1.0000
11:15:01 [INFO]   Group 4: 1 samples, centroid norm=1.0000
11:15:01 [INFO]   Group 5: 1 samples, centroid norm=1.0000
11:15:01 [INFO]   Group 6: 1 samples, centroid norm=1.0000
11:15:01 [INFO]   Bias direction 1: singular value=0.6674, explained variance=32.0%
11:15:01 [INFO]   Bias direction 2: singular value=0.5421, explained variance=21.1%
11:15:01 [INFO]   Bias direction 3: singular value=0.4787, explained variance=16.5%
11:15:01 [INFO]   Bias direction 4: singular value=0.4472, explained variance=14.4%
11:15:01 [INFO]   Bias direction 5: singular value=0.3926, explained variance=11.1%
11:15:01 [INFO]   Bias direction 6: singular value=0.2635, explained variance=5.0%
11:15:01 [INFO] Text bias subspace discovered: torch.Size([1024, 6])
11:15:01 [INFO] Computing Procrustes alignment...
11:15:01 [INFO]   Reference shape: torch.Size([1024, 6])
11:15:01 [INFO]   Source shape: torch.Size([1024, 6])
11:15:01 [WARNING] Procrustes found reflection (det=-1.0000), correcting to pure rotation
11:15:01 [INFO] Corrected det(R) = 1.0000
11:15:01 [INFO] Alignment complete:
11:15:01 [INFO]   Rotation matrix shape: torch.Size([6, 6])
11:15:01 [INFO]   Alignment error: 1.027856 (lower is better)
11:15:01 [INFO]   det(R) = 1.0000 (should be +1.0 for pure rotation)
11:15:01 [INFO]   Direction 1 cosine similarity after alignment: 0.6951
11:15:01 [INFO]   Direction 2 cosine similarity after alignment: 0.5079
11:15:01 [INFO]   Direction 3 cosine similarity after alignment: 0.4835
11:15:01 [INFO]   Direction 4 cosine similarity after alignment: 0.3935
11:15:01 [INFO]   Direction 5 cosine similarity after alignment: 0.5347
11:15:01 [INFO]   Direction 6 cosine similarity after alignment: 0.1398
11:15:01 [INFO] Procrustes alignment quality: {'alignment_error': 1.0278557538986206, 'rotation_det': 1.000000238418579, 'is_orthogonal': True}
11:15:01 [INFO] Bias subspace set: image_dirs=torch.Size([1024, 6]), text_dirs=torch.Size([1024, 6])
11:15:01 [INFO] Retrieval-skew loss wired with 8 neutral queries
11:15:01 [INFO] Bias subspace fitted and ready for training
11:15:01 [INFO] Bias subspace fitted successfully
11:15:01 [INFO] GPU cache cleared after fitting. Free now: 3.69 GB
11:15:01 [INFO] GPU cache cleared after fitting. Free now: 3.69 GB
11:15:02 [INFO] GPU memory after fitting: 4.01GB used
11:15:02 [INFO] Trainable parameters: 66,906,624 (last 2 layers only)
11:15:02 [INFO] Loaded 50000 COCO captions for race contrastive training
11:15:02 [INFO] Starting training...
11:15:02 [INFO] No checkpoint found — starting fresh.
11:15:02 [INFO] 
Epoch 1/30
11:17:43 [INFO] Epoch 1 | Step 50/658 | Loss: 4.6156 | InfoNCE: 4.5589 | Fair_img: 0.0077 | Fair_txt: 0.0206 | Retr: 0.0000 | τ: 0.0747 | Time: 160.3s
11:20:22 [INFO] Epoch 1 | Step 100/658 | Loss: 4.5781 | InfoNCE: 4.5143 | Fair_img: 0.0133 | Fair_txt: 0.0186 | Retr: 0.0000 | τ: 0.0759 | Time: 159.6s
11:23:02 [INFO] Epoch 1 | Step 150/658 | Loss: 4.4082 | InfoNCE: 4.1744 | Fair_img: 0.0564 | Fair_txt: 0.0606 | Retr: 0.0000 | τ: 0.0823 | Time: 159.6s
11:25:41 [INFO] Epoch 1 | Step 200/658 | Loss: 4.3771 | InfoNCE: 4.1545 | Fair_img: 0.0529 | Fair_txt: 0.0584 | Retr: 0.0000 | τ: 0.0820 | Time: 159.6s
11:28:21 [INFO] Epoch 1 | Step 250/658 | Loss: 4.3841 | InfoNCE: 4.1266 | Fair_img: 0.0628 | Fair_txt: 0.0660 | Retr: 0.0000 | τ: 0.0832 | Time: 159.6s
11:31:01 [INFO] Epoch 1 | Step 300/658 | Loss: 4.3616 | InfoNCE: 4.0805 | Fair_img: 0.0709 | Fair_txt: 0.0696 | Retr: 0.0000 | τ: 0.0841 | Time: 159.6s
11:33:40 [INFO] Epoch 1 | Step 350/658 | Loss: 4.3047 | InfoNCE: 4.0231 | Fair_img: 0.0739 | Fair_txt: 0.0669 | Retr: 0.0000 | τ: 0.0844 | Time: 159.6s
11:36:20 [INFO] Epoch 1 | Step 400/658 | Loss: 4.3296 | InfoNCE: 4.0499 | Fair_img: 0.0720 | Fair_txt: 0.0679 | Retr: 0.0000 | τ: 0.0842 | Time: 159.6s
11:38:59 [INFO] Epoch 1 | Step 450/658 | Loss: 4.3488 | InfoNCE: 4.0917 | Fair_img: 0.0597 | Fair_txt: 0.0688 | Retr: 0.0000 | τ: 0.0828 | Time: 159.6s
11:41:39 [INFO] Epoch 1 | Step 500/658 | Loss: 4.4246 | InfoNCE: 4.1853 | Fair_img: 0.0586 | Fair_txt: 0.0611 | Retr: 0.0000 | τ: 0.0827 | Time: 159.6s
11:44:18 [INFO] Epoch 1 | Step 550/658 | Loss: 4.3192 | InfoNCE: 4.0535 | Fair_img: 0.0654 | Fair_txt: 0.0674 | Retr: 0.0000 | τ: 0.0835 | Time: 159.6s
11:46:58 [INFO] Epoch 1 | Step 600/658 | Loss: 4.3064 | InfoNCE: 4.0230 | Fair_img: 0.0706 | Fair_txt: 0.0711 | Retr: 0.0000 | τ: 0.0841 | Time: 159.5s
11:49:37 [INFO] Epoch 1 | Step 650/658 | Loss: 4.3094 | InfoNCE: 4.0420 | Fair_img: 0.0667 | Fair_txt: 0.0670 | Retr: 0.0000 | τ: 0.0836 | Time: 159.6s
12:03:43 [INFO] Epoch 1 Summary: train_loss=4.4111 | val_loss=3.7652 | lr=9.97e-06
12:03:43 [INFO]   Temperature: mean=0.0824 min=0.0741 max=0.0862
12:03:46 [INFO]   Checkpoint saved: latest.pt (epoch 1)
12:03:47 [INFO]   New best model saved (epoch 1)
12:03:47 [INFO] 
Epoch 2/30
12:06:27 [INFO] Epoch 2 | Step 50/658 | Loss: 4.3004 | InfoNCE: 4.0323 | Fair_img: 0.0674 | Fair_txt: 0.0667 | Retr: 0.0000 | τ: 0.0838 | Time: 160.0s
12:09:07 [INFO] Epoch 2 | Step 100/658 | Loss: 4.3498 | InfoNCE: 4.0910 | Fair_img: 0.0624 | Fair_txt: 0.0670 | Retr: 0.0000 | τ: 0.0831 | Time: 159.5s
12:11:46 [INFO] Epoch 2 | Step 150/658 | Loss: 4.3121 | InfoNCE: 4.0232 | Fair_img: 0.0735 | Fair_txt: 0.0710 | Retr: 0.0000 | τ: 0.0843 | Time: 159.5s
12:14:26 [INFO] Epoch 2 | Step 200/658 | Loss: 4.3291 | InfoNCE: 4.0905 | Fair_img: 0.0586 | Fair_txt: 0.0607 | Retr: 0.0000 | τ: 0.0828 | Time: 159.5s
12:17:05 [INFO] Epoch 2 | Step 250/658 | Loss: 4.3291 | InfoNCE: 4.0576 | Fair_img: 0.0689 | Fair_txt: 0.0669 | Retr: 0.0000 | τ: 0.0839 | Time: 159.5s
12:19:45 [INFO] Epoch 2 | Step 300/658 | Loss: 4.3350 | InfoNCE: 4.0443 | Fair_img: 0.0741 | Fair_txt: 0.0712 | Retr: 0.0000 | τ: 0.0844 | Time: 159.5s
12:22:24 [INFO] Epoch 2 | Step 350/658 | Loss: 4.2782 | InfoNCE: 3.9943 | Fair_img: 0.0745 | Fair_txt: 0.0674 | Retr: 0.0000 | τ: 0.0845 | Time: 159.5s
12:25:04 [INFO] Epoch 2 | Step 400/658 | Loss: 4.3049 | InfoNCE: 4.0145 | Fair_img: 0.0791 | Fair_txt: 0.0661 | Retr: 0.0000 | τ: 0.0849 | Time: 159.5s
12:27:43 [INFO] Epoch 2 | Step 450/658 | Loss: 4.3163 | InfoNCE: 4.0374 | Fair_img: 0.0650 | Fair_txt: 0.0744 | Retr: 0.0000 | τ: 0.0834 | Time: 159.5s
12:30:23 [INFO] Epoch 2 | Step 500/658 | Loss: 4.3907 | InfoNCE: 4.1387 | Fair_img: 0.0607 | Fair_txt: 0.0654 | Retr: 0.0000 | τ: 0.0830 | Time: 159.5s
12:33:02 [INFO] Epoch 2 | Step 550/658 | Loss: 4.3054 | InfoNCE: 4.0263 | Fair_img: 0.0675 | Fair_txt: 0.0721 | Retr: 0.0000 | τ: 0.0837 | Time: 159.5s
12:35:42 [INFO] Epoch 2 | Step 600/658 | Loss: 4.2868 | InfoNCE: 4.0012 | Fair_img: 0.0711 | Fair_txt: 0.0717 | Retr: 0.0000 | τ: 0.0841 | Time: 159.6s
12:38:22 [INFO] Epoch 2 | Step 650/658 | Loss: 4.3021 | InfoNCE: 4.0183 | Fair_img: 0.0704 | Fair_txt: 0.0715 | Retr: 0.0000 | τ: 0.0839 | Time: 159.5s
12:52:27 [INFO] Epoch 2 Summary: train_loss=4.3209 | val_loss=3.7655 | lr=9.89e-06
12:52:27 [INFO]   Temperature: mean=0.0839 min=0.0819 max=0.0865
12:52:31 [INFO]   Checkpoint saved: latest.pt (epoch 2)
12:52:31 [INFO]   No improvement for 1/3 epochs
12:52:31 [INFO] 
Epoch 3/30
12:55:11 [INFO] Epoch 3 | Step 50/658 | Loss: 4.2845 | InfoNCE: 4.0043 | Fair_img: 0.0697 | Fair_txt: 0.0704 | Retr: 0.0000 | τ: 0.0840 | Time: 159.9s
12:57:51 [INFO] Epoch 3 | Step 100/658 | Loss: 4.3537 | InfoNCE: 4.0887 | Fair_img: 0.0643 | Fair_txt: 0.0682 | Retr: 0.0000 | τ: 0.0834 | Time: 159.5s
13:00:30 [INFO] Epoch 3 | Step 150/658 | Loss: 4.3009 | InfoNCE: 4.0127 | Fair_img: 0.0737 | Fair_txt: 0.0704 | Retr: 0.0000 | τ: 0.0843 | Time: 159.5s
13:03:10 [INFO] Epoch 3 | Step 200/658 | Loss: 4.3235 | InfoNCE: 4.0705 | Fair_img: 0.0611 | Fair_txt: 0.0654 | Retr: 0.0000 | τ: 0.0831 | Time: 159.5s
13:05:49 [INFO] Epoch 3 | Step 250/658 | Loss: 4.2873 | InfoNCE: 4.0025 | Fair_img: 0.0721 | Fair_txt: 0.0703 | Retr: 0.0000 | τ: 0.0842 | Time: 159.5s
13:08:29 [INFO] Epoch 3 | Step 300/658 | Loss: 4.3377 | InfoNCE: 4.0369 | Fair_img: 0.0774 | Fair_txt: 0.0729 | Retr: 0.0000 | τ: 0.0847 | Time: 159.5s
13:11:08 [INFO] Epoch 3 | Step 350/658 | Loss: 4.2699 | InfoNCE: 3.9875 | Fair_img: 0.0707 | Fair_txt: 0.0704 | Retr: 0.0000 | τ: 0.0841 | Time: 159.5s
13:13:48 [INFO] Epoch 3 | Step 400/658 | Loss: 4.2778 | InfoNCE: 3.9714 | Fair_img: 0.0880 | Fair_txt: 0.0652 | Retr: 0.0000 | τ: 0.0858 | Time: 159.5s
13:16:27 [INFO] Epoch 3 | Step 450/658 | Loss: 4.2949 | InfoNCE: 4.0078 | Fair_img: 0.0692 | Fair_txt: 0.0743 | Retr: 0.0000 | τ: 0.0838 | Time: 159.5s
13:19:07 [INFO] Epoch 3 | Step 500/658 | Loss: 4.3760 | InfoNCE: 4.1174 | Fair_img: 0.0596 | Fair_txt: 0.0697 | Retr: 0.0000 | τ: 0.0829 | Time: 159.5s
13:21:46 [INFO] Epoch 3 | Step 550/658 | Loss: 4.2764 | InfoNCE: 3.9895 | Fair_img: 0.0688 | Fair_txt: 0.0747 | Retr: 0.0000 | τ: 0.0838 | Time: 159.5s
13:24:26 [INFO] Epoch 3 | Step 600/658 | Loss: 4.2572 | InfoNCE: 3.9573 | Fair_img: 0.0737 | Fair_txt: 0.0762 | Retr: 0.0000 | τ: 0.0844 | Time: 159.5s
13:27:05 [INFO] Epoch 3 | Step 650/658 | Loss: 4.2717 | InfoNCE: 3.9864 | Fair_img: 0.0693 | Fair_txt: 0.0734 | Retr: 0.0000 | τ: 0.0839 | Time: 159.5s
13:41:11 [INFO] Epoch 3 Summary: train_loss=4.3007 | val_loss=3.7792 | lr=9.76e-06
13:41:11 [INFO]   Temperature: mean=0.0842 min=0.0818 max=0.0865
13:41:15 [INFO]   Checkpoint saved: latest.pt (epoch 3)
13:41:15 [INFO]   No improvement for 2/3 epochs
13:41:15 [INFO] 
Epoch 4/30
13:43:55 [INFO] Epoch 4 | Step 50/658 | Loss: 4.2574 | InfoNCE: 3.9564 | Fair_img: 0.0784 | Fair_txt: 0.0721 | Retr: 0.0000 | τ: 0.0849 | Time: 160.3s
13:46:35 [INFO] Epoch 4 | Step 100/658 | Loss: 4.3514 | InfoNCE: 4.0767 | Fair_img: 0.0662 | Fair_txt: 0.0711 | Retr: 0.0000 | τ: 0.0836 | Time: 159.9s
13:49:15 [INFO] Epoch 4 | Step 150/658 | Loss: 4.2815 | InfoNCE: 3.9846 | Fair_img: 0.0758 | Fair_txt: 0.0727 | Retr: 0.0000 | τ: 0.0845 | Time: 159.9s
13:51:55 [INFO] Epoch 4 | Step 200/658 | Loss: 4.3067 | InfoNCE: 4.0283 | Fair_img: 0.0675 | Fair_txt: 0.0717 | Retr: 0.0000 | τ: 0.0838 | Time: 159.9s
13:54:35 [INFO] Epoch 4 | Step 250/658 | Loss: 4.2685 | InfoNCE: 3.9603 | Fair_img: 0.0780 | Fair_txt: 0.0761 | Retr: 0.0000 | τ: 0.0848 | Time: 159.9s
13:57:15 [INFO] Epoch 4 | Step 300/658 | Loss: 4.3116 | InfoNCE: 4.0039 | Fair_img: 0.0788 | Fair_txt: 0.0751 | Retr: 0.0000 | τ: 0.0849 | Time: 159.9s
13:59:55 [INFO] Epoch 4 | Step 350/658 | Loss: 4.2277 | InfoNCE: 3.9347 | Fair_img: 0.0714 | Fair_txt: 0.0751 | Retr: 0.0000 | τ: 0.0842 | Time: 159.9s
14:02:35 [INFO] Epoch 4 | Step 400/658 | Loss: 4.2463 | InfoNCE: 3.9296 | Fair_img: 0.0893 | Fair_txt: 0.0691 | Retr: 0.0000 | τ: 0.0859 | Time: 159.9s
14:05:15 [INFO] Epoch 4 | Step 450/658 | Loss: 4.2695 | InfoNCE: 3.9685 | Fair_img: 0.0739 | Fair_txt: 0.0766 | Retr: 0.0000 | τ: 0.0843 | Time: 160.0s
14:07:54 [INFO] Epoch 4 | Step 500/658 | Loss: 4.3671 | InfoNCE: 4.0971 | Fair_img: 0.0624 | Fair_txt: 0.0726 | Retr: 0.0000 | τ: 0.0832 | Time: 159.9s
14:10:34 [INFO] Epoch 4 | Step 550/658 | Loss: 4.2591 | InfoNCE: 3.9496 | Fair_img: 0.0766 | Fair_txt: 0.0782 | Retr: 0.0000 | τ: 0.0846 | Time: 159.9s
14:13:14 [INFO] Epoch 4 | Step 600/658 | Loss: 4.2102 | InfoNCE: 3.9026 | Fair_img: 0.0762 | Fair_txt: 0.0776 | Retr: 0.0000 | τ: 0.0846 | Time: 159.9s
14:15:54 [INFO] Epoch 4 | Step 650/658 | Loss: 4.2465 | InfoNCE: 3.9645 | Fair_img: 0.0655 | Fair_txt: 0.0755 | Retr: 0.0000 | τ: 0.0835 | Time: 159.9s
14:30:00 [INFO] Epoch 4 Summary: train_loss=4.2682 | val_loss=3.8234 | lr=9.57e-06
14:30:00 [INFO]   Temperature: mean=0.0847 min=0.0826 max=0.0875
14:30:04 [INFO]   Checkpoint saved: latest.pt (epoch 4)
14:30:04 [INFO]   No improvement for 3/3 epochs
14:30:04 [INFO] Early stopping triggered at epoch 4!
14:30:04 [INFO] Best val loss: 3.7652 (epoch 1)
14:30:04 [INFO] 
Training complete!
14:30:04 [INFO] Best val loss: 3.7652
14:30:04 [INFO] Checkpoints saved to: results/checkpoints_procfix/fairface/ViT-H_14/race/seed123
