nohup: ignoring input
01:48:23 [INFO] ============================================================
01:48:23 [INFO] FairCLIP Training
01:48:23 [INFO] Attribute: gender
01:48:23 [INFO] Backbone:  ViT-H/14
01:48:23 [INFO] Epochs:    30
01:48:23 [INFO] Batch:     64
01:48:23 [INFO] Lambda:    0.01
01:48:23 [INFO] Device:    cuda
01:48:23 [INFO] Seed:      42
01:48:23 [INFO] ============================================================
01:48:23 [INFO] Dataset: fairface  manifest: results/manifests/fairface.csv
01:48:24 [INFO] Loaded manifest fairface.csv: 97698 rows
01:48:24 [INFO] Filtered to split='train': 86744 rows
01:48:24 [INFO] Loaded manifest fairface.csv: 97698 rows
01:48:24 [INFO] Filtered to split='val': 10954 rows
01:48:24 [INFO] Using 32 samples/group × 2 groups = 64 effective batch size
01:48:24 [INFO]   Group 0: 45986 samples (53.0%)
01:48:24 [INFO]   Group 1: 40758 samples (47.0%)
01:48:24 [INFO] DemographicBalancedSampler: 2 groups, 32/group, 1273 batches/epoch, effective batch size 64
01:48:24 [INFO] Train: 86744 samples
01:48:24 [INFO] Val:   10954 samples
01:48:24 [INFO] ============================================================
01:48:24 [INFO] Initializing FairCLIP
01:48:24 [INFO]   Backbone: ViT-H/14
01:48:24 [INFO]   Bias directions: 8
01:48:24 [INFO]   Lambda fair: img=0.01, txt=0.01
01:48:24 [INFO]   Temperature: base=0.07, alpha=0.5
01:48:24 [INFO] ============================================================
01:48:24 [INFO] Loading CLIP backbone: ViT-H/14
01:48:24 [INFO] Embedding dimension: 1024
01:48:24 [INFO] Device: cuda
01:48:24 [INFO] Parsing model identifier. Schema: None, Identifier: ViT-H-14
01:48:24 [INFO] Loaded built-in ViT-H-14 model config.
01:48:25 [INFO] HTTP Request: HEAD https://huggingface.co/laion/CLIP-ViT-H-14-laion2B-s32B-b79K/resolve/main/open_clip_model.safetensors "HTTP/1.1 302 Found"
01:48:25 [INFO] Instantiating model architecture: CLIP
01:48:30 [INFO] Loading full pretrained weights from: /home/ayeshakalsoom/.cache/huggingface/hub/models--laion--CLIP-ViT-H-14-laion2B-s32B-b79K/snapshots/1c2b8495b28150b8a4922ee1c8edee224c284c0c/open_clip_model.safetensors
01:48:31 [INFO] Final image preprocessing configuration set: {'size': (224, 224), 'mode': 'RGB', 'mean': (0.48145466, 0.4578275, 0.40821073), 'std': (0.26862954, 0.26130258, 0.27577711), 'interpolation': 'bicubic', 'resize_mode': 'shortest', 'fill_color': 0}
01:48:31 [INFO] Model ViT-H-14 creation process complete.
01:48:31 [INFO] Loaded OpenCLIP successfully
01:48:31 [INFO] Gradient checkpointing ENABLED (memory saving)
01:48:31 [INFO] Parsing tokenizer identifier. Schema: None, Identifier: ViT-H-14
01:48:31 [INFO] Attempting to load config from built-in: ViT-H-14
01:48:31 [INFO] Using default SimpleTokenizer.
01:48:31 [INFO] Backbone frozen — CLIP weights will not be updated
01:48:31 [INFO] BiasSubspaceDiscoverer initialized with 8 bias directions
01:48:31 [INFO] FairnessAwareLoss initialized: λ_img=0.01, λ_txt=0.01
01:48:31 [INFO] AdaptiveTemperatureController: τ_base=0.07, α=0.5, range=[0.01, 0.5]
01:48:31 [INFO] Fitting bias subspace on training data (Steps IV + V)...
01:48:31 [INFO] This runs once before training starts.
01:48:31 [INFO] Extracting CLIP embeddings for bias subspace fitting...
01:54:09 [INFO]   Processed 5120 / 86744 samples
01:59:47 [INFO]   Processed 10240 / 86744 samples
02:05:23 [INFO]   Processed 15360 / 86744 samples
02:11:00 [INFO]   Processed 20480 / 86744 samples
02:16:38 [INFO]   Processed 25600 / 86744 samples
02:22:21 [INFO]   Processed 30720 / 86744 samples
02:28:13 [INFO]   Processed 35840 / 86744 samples
02:34:07 [INFO]   Processed 40960 / 86744 samples
02:39:44 [INFO]   Processed 46080 / 86744 samples
02:45:23 [INFO]   Processed 51200 / 86744 samples
02:51:00 [INFO]   Processed 56320 / 86744 samples
02:56:38 [INFO]   Processed 61440 / 86744 samples
03:02:17 [INFO]   Processed 66560 / 86744 samples
03:07:55 [INFO]   Processed 71680 / 86744 samples
03:13:33 [INFO]   Processed 76800 / 86744 samples
03:19:11 [INFO]   Processed 81920 / 86744 samples
03:24:49 [INFO]   Processed 87040 / 86744 samples
03:30:28 [INFO]   Processed 92160 / 86744 samples
03:36:07 [INFO]   Processed 97280 / 86744 samples
03:41:45 [INFO]   Processed 102400 / 86744 samples
03:47:23 [INFO]   Processed 107520 / 86744 samples
03:53:01 [INFO]   Processed 112640 / 86744 samples
03:58:40 [INFO]   Processed 117760 / 86744 samples
04:04:18 [INFO]   Processed 122880 / 86744 samples
04:09:55 [INFO]   Processed 128000 / 86744 samples
04:15:33 [INFO]   Processed 133120 / 86744 samples
04:21:11 [INFO]   Processed 138240 / 86744 samples
04:26:49 [INFO]   Processed 143360 / 86744 samples
04:32:27 [INFO]   Processed 148480 / 86744 samples
04:38:05 [INFO]   Processed 153600 / 86744 samples
04:43:43 [INFO]   Processed 158720 / 86744 samples
04:49:20 [INFO]   Processed 163840 / 86744 samples
04:54:57 [INFO]   Processed 168960 / 86744 samples
04:59:57 [INFO] Fitting bias subspace for attribute: gender
04:59:57 [INFO] Fitting image bias subspace for attribute: gender
04:59:57 [INFO]   Input: 86744 embeddings, dim=1024
04:59:57 [INFO]   Group 0: 45986 samples, centroid norm=0.6516
04:59:57 [INFO]   Group 1: 40758 samples, centroid norm=0.6670
04:59:57 [INFO]   Bias direction 1: singular value=0.2322, explained variance=100.0%
04:59:57 [INFO] Image bias subspace discovered: torch.Size([1024, 1])
04:59:57 [INFO] Fitting text bias subspace for attribute: gender
04:59:57 [INFO]   Group 0: 1 samples, centroid norm=1.0000
04:59:57 [INFO]   Group 1: 1 samples, centroid norm=1.0000
04:59:57 [INFO]   Bias direction 1: singular value=0.4285, explained variance=100.0%
04:59:57 [INFO] Text bias subspace discovered: torch.Size([1024, 1])
04:59:57 [INFO] Computing Procrustes alignment...
04:59:57 [INFO]   Reference shape: torch.Size([1024, 1])
04:59:57 [INFO]   Source shape: torch.Size([1024, 1])
04:59:57 [INFO] Alignment complete:
04:59:57 [INFO]   Rotation matrix shape: torch.Size([1, 1])
04:59:57 [INFO]   Alignment error: 0.541045 (lower is better)
04:59:57 [INFO]   det(R) = 1.0000 (should be +1.0 for pure rotation)
04:59:57 [INFO]   Direction 1 cosine similarity after alignment: 0.8536
04:59:57 [INFO] Procrustes alignment quality: {'alignment_error': 0.5410448908805847, 'rotation_det': 1.0, 'is_orthogonal': True}
04:59:57 [INFO] Bias subspace set: image_dirs=torch.Size([1024, 1]), text_dirs=torch.Size([1024, 1])
04:59:57 [INFO] Bias subspace fitted and ready for training
04:59:57 [INFO] Bias subspace fitted successfully
04:59:58 [INFO] GPU cache cleared after fitting. Free now: 3.43 GB
04:59:58 [INFO] GPU cache cleared after fitting. Free now: 3.43 GB
04:59:58 [INFO] GPU memory after fitting: 4.01GB used
04:59:58 [INFO] Trainable parameters: 66,906,624 (last 2 layers only)
04:59:58 [INFO] Starting training...
04:59:58 [INFO] No checkpoint found — starting fresh.
04:59:58 [INFO] 
Epoch 1/30
05:01:49 [INFO] Epoch 1 | Step 50/1273 | Loss: 3.5826 | InfoNCE: 3.5770 | Fair_img: 0.1333 | Fair_txt: 0.4282 | Retr: 0.0000 | τ: 0.0956 | Time: 110.9s
05:03:39 [INFO] Epoch 1 | Step 100/1273 | Loss: 3.5504 | InfoNCE: 3.5446 | Fair_img: 0.1760 | Fair_txt: 0.4027 | Retr: 0.0000 | τ: 0.0994 | Time: 110.4s
05:05:30 [INFO] Epoch 1 | Step 150/1273 | Loss: 3.5557 | InfoNCE: 3.5505 | Fair_img: 0.2162 | Fair_txt: 0.3064 | Retr: 0.0000 | τ: 0.1025 | Time: 110.4s
05:07:20 [INFO] Epoch 1 | Step 200/1273 | Loss: 3.5672 | InfoNCE: 3.5612 | Fair_img: 0.2856 | Fair_txt: 0.3179 | Retr: 0.0000 | τ: 0.1074 | Time: 110.4s
05:09:10 [INFO] Epoch 1 | Step 250/1273 | Loss: 3.5276 | InfoNCE: 3.5221 | Fair_img: 0.2897 | Fair_txt: 0.2520 | Retr: 0.0000 | τ: 0.1077 | Time: 110.4s
05:11:01 [INFO] Epoch 1 | Step 300/1273 | Loss: 3.5072 | InfoNCE: 3.5017 | Fair_img: 0.3146 | Fair_txt: 0.2337 | Retr: 0.0000 | τ: 0.1093 | Time: 110.4s
05:12:51 [INFO] Epoch 1 | Step 350/1273 | Loss: 3.4948 | InfoNCE: 3.4886 | Fair_img: 0.3404 | Fair_txt: 0.2726 | Retr: 0.0000 | τ: 0.1108 | Time: 110.4s
05:14:42 [INFO] Epoch 1 | Step 400/1273 | Loss: 3.5603 | InfoNCE: 3.5554 | Fair_img: 0.3042 | Fair_txt: 0.1861 | Retr: 0.0000 | τ: 0.1086 | Time: 110.4s
05:16:32 [INFO] Epoch 1 | Step 450/1273 | Loss: 3.6167 | InfoNCE: 3.6111 | Fair_img: 0.3202 | Fair_txt: 0.2383 | Retr: 0.0000 | τ: 0.1096 | Time: 110.4s
05:18:23 [INFO] Epoch 1 | Step 500/1273 | Loss: 3.4969 | InfoNCE: 3.4919 | Fair_img: 0.2921 | Fair_txt: 0.2092 | Retr: 0.0000 | τ: 0.1078 | Time: 110.4s
05:20:13 [INFO] Epoch 1 | Step 550/1273 | Loss: 3.4873 | InfoNCE: 3.4817 | Fair_img: 0.3434 | Fair_txt: 0.2156 | Retr: 0.0000 | τ: 0.1110 | Time: 110.4s
05:22:03 [INFO] Epoch 1 | Step 600/1273 | Loss: 3.6107 | InfoNCE: 3.6047 | Fair_img: 0.3372 | Fair_txt: 0.2572 | Retr: 0.0000 | τ: 0.1106 | Time: 110.4s
05:23:54 [INFO] Epoch 1 | Step 650/1273 | Loss: 3.4938 | InfoNCE: 3.4875 | Fair_img: 0.3741 | Fair_txt: 0.2497 | Retr: 0.0000 | τ: 0.1128 | Time: 110.4s
05:25:44 [INFO] Epoch 1 | Step 700/1273 | Loss: 3.5197 | InfoNCE: 3.5132 | Fair_img: 0.3780 | Fair_txt: 0.2781 | Retr: 0.0000 | τ: 0.1130 | Time: 110.4s
05:27:35 [INFO] Epoch 1 | Step 750/1273 | Loss: 3.5353 | InfoNCE: 3.5297 | Fair_img: 0.3284 | Fair_txt: 0.2305 | Retr: 0.0000 | τ: 0.1101 | Time: 110.4s
05:29:25 [INFO] Epoch 1 | Step 800/1273 | Loss: 3.6027 | InfoNCE: 3.5972 | Fair_img: 0.3080 | Fair_txt: 0.2429 | Retr: 0.0000 | τ: 0.1089 | Time: 110.4s
05:31:16 [INFO] Epoch 1 | Step 850/1273 | Loss: 3.5571 | InfoNCE: 3.5513 | Fair_img: 0.3271 | Fair_txt: 0.2539 | Retr: 0.0000 | τ: 0.1100 | Time: 110.4s
05:33:06 [INFO] Epoch 1 | Step 900/1273 | Loss: 3.6219 | InfoNCE: 3.6152 | Fair_img: 0.3723 | Fair_txt: 0.2918 | Retr: 0.0000 | τ: 0.1127 | Time: 110.4s
05:34:57 [INFO] Epoch 1 | Step 950/1273 | Loss: 3.4826 | InfoNCE: 3.4762 | Fair_img: 0.3710 | Fair_txt: 0.2789 | Retr: 0.0000 | τ: 0.1126 | Time: 110.4s
05:36:47 [INFO] Epoch 1 | Step 1000/1273 | Loss: 3.5415 | InfoNCE: 3.5351 | Fair_img: 0.3666 | Fair_txt: 0.2680 | Retr: 0.0000 | τ: 0.1124 | Time: 110.4s
05:38:37 [INFO] Epoch 1 | Step 1050/1273 | Loss: 3.5413 | InfoNCE: 3.5358 | Fair_img: 0.3035 | Fair_txt: 0.2517 | Retr: 0.0000 | τ: 0.1086 | Time: 110.4s
05:40:28 [INFO] Epoch 1 | Step 1100/1273 | Loss: 3.6086 | InfoNCE: 3.6038 | Fair_img: 0.2484 | Fair_txt: 0.2346 | Retr: 0.0000 | τ: 0.1049 | Time: 110.4s
05:42:18 [INFO] Epoch 1 | Step 1150/1273 | Loss: 3.5243 | InfoNCE: 3.5187 | Fair_img: 0.3097 | Fair_txt: 0.2580 | Retr: 0.0000 | τ: 0.1090 | Time: 110.4s
05:44:09 [INFO] Epoch 1 | Step 1200/1273 | Loss: 3.5831 | InfoNCE: 3.5778 | Fair_img: 0.2785 | Fair_txt: 0.2482 | Retr: 0.0000 | τ: 0.1069 | Time: 110.4s
05:45:59 [INFO] Epoch 1 | Step 1250/1273 | Loss: 3.6184 | InfoNCE: 3.6127 | Fair_img: 0.3015 | Fair_txt: 0.2708 | Retr: 0.0000 | τ: 0.1084 | Time: 110.5s
06:00:21 [INFO] Epoch 1 Summary: train_loss=3.5647 | val_loss=3.5434 | lr=9.97e-06
06:00:21 [INFO]   Temperature: mean=0.1081 min=0.0752 max=0.1164
06:00:24 [INFO]   Checkpoint saved: latest.pt (epoch 1)
06:00:25 [INFO]   New best model saved (epoch 1)
06:00:25 [INFO] 
Epoch 2/30
06:02:16 [INFO] Epoch 2 | Step 50/1273 | Loss: 3.4828 | InfoNCE: 3.4766 | Fair_img: 0.3614 | Fair_txt: 0.2602 | Retr: 0.0000 | τ: 0.1121 | Time: 110.7s
06:04:06 [INFO] Epoch 2 | Step 100/1273 | Loss: 3.4828 | InfoNCE: 3.4758 | Fair_img: 0.3855 | Fair_txt: 0.3118 | Retr: 0.0000 | τ: 0.1135 | Time: 110.3s
06:05:56 [INFO] Epoch 2 | Step 150/1273 | Loss: 3.5435 | InfoNCE: 3.5373 | Fair_img: 0.3322 | Fair_txt: 0.2911 | Retr: 0.0000 | τ: 0.1103 | Time: 110.3s
06:07:47 [INFO] Epoch 2 | Step 200/1273 | Loss: 3.5384 | InfoNCE: 3.5318 | Fair_img: 0.3594 | Fair_txt: 0.2965 | Retr: 0.0000 | τ: 0.1120 | Time: 110.3s
06:09:37 [INFO] Epoch 2 | Step 250/1273 | Loss: 3.5254 | InfoNCE: 3.5195 | Fair_img: 0.3274 | Fair_txt: 0.2720 | Retr: 0.0000 | τ: 0.1101 | Time: 110.3s
06:11:27 [INFO] Epoch 2 | Step 300/1273 | Loss: 3.4960 | InfoNCE: 3.4902 | Fair_img: 0.3102 | Fair_txt: 0.2690 | Retr: 0.0000 | τ: 0.1090 | Time: 110.3s
06:13:18 [INFO] Epoch 2 | Step 350/1273 | Loss: 3.4879 | InfoNCE: 3.4812 | Fair_img: 0.3695 | Fair_txt: 0.3024 | Retr: 0.0000 | τ: 0.1126 | Time: 110.3s
06:15:08 [INFO] Epoch 2 | Step 400/1273 | Loss: 3.5700 | InfoNCE: 3.5647 | Fair_img: 0.2867 | Fair_txt: 0.2402 | Retr: 0.0000 | τ: 0.1075 | Time: 110.3s
06:16:58 [INFO] Epoch 2 | Step 450/1273 | Loss: 3.6064 | InfoNCE: 3.6004 | Fair_img: 0.3170 | Fair_txt: 0.2794 | Retr: 0.0000 | τ: 0.1094 | Time: 110.3s
06:18:48 [INFO] Epoch 2 | Step 500/1273 | Loss: 3.5002 | InfoNCE: 3.4950 | Fair_img: 0.2719 | Fair_txt: 0.2466 | Retr: 0.0000 | τ: 0.1065 | Time: 110.3s
06:20:39 [INFO] Epoch 2 | Step 550/1273 | Loss: 3.4806 | InfoNCE: 3.4742 | Fair_img: 0.3670 | Fair_txt: 0.2744 | Retr: 0.0000 | τ: 0.1124 | Time: 110.3s
06:22:29 [INFO] Epoch 2 | Step 600/1273 | Loss: 3.6306 | InfoNCE: 3.6243 | Fair_img: 0.3315 | Fair_txt: 0.2921 | Retr: 0.0000 | τ: 0.1103 | Time: 110.3s
06:24:19 [INFO] Epoch 2 | Step 650/1273 | Loss: 3.4845 | InfoNCE: 3.4785 | Fair_img: 0.3309 | Fair_txt: 0.2709 | Retr: 0.0000 | τ: 0.1103 | Time: 110.3s
06:26:10 [INFO] Epoch 2 | Step 700/1273 | Loss: 3.5284 | InfoNCE: 3.5217 | Fair_img: 0.3663 | Fair_txt: 0.3003 | Retr: 0.0000 | τ: 0.1124 | Time: 110.3s
06:28:00 [INFO] Epoch 2 | Step 750/1273 | Loss: 3.5199 | InfoNCE: 3.5138 | Fair_img: 0.3323 | Fair_txt: 0.2781 | Retr: 0.0000 | τ: 0.1103 | Time: 110.3s
06:29:50 [INFO] Epoch 2 | Step 800/1273 | Loss: 3.5670 | InfoNCE: 3.5615 | Fair_img: 0.2817 | Fair_txt: 0.2671 | Retr: 0.0000 | τ: 0.1072 | Time: 110.3s
06:31:40 [INFO] Epoch 2 | Step 850/1273 | Loss: 3.5431 | InfoNCE: 3.5371 | Fair_img: 0.3158 | Fair_txt: 0.2904 | Retr: 0.0000 | τ: 0.1093 | Time: 110.3s
06:33:31 [INFO] Epoch 2 | Step 900/1273 | Loss: 3.6042 | InfoNCE: 3.5978 | Fair_img: 0.3259 | Fair_txt: 0.3115 | Retr: 0.0000 | τ: 0.1100 | Time: 110.3s
06:35:21 [INFO] Epoch 2 | Step 950/1273 | Loss: 3.4807 | InfoNCE: 3.4736 | Fair_img: 0.3920 | Fair_txt: 0.3186 | Retr: 0.0000 | τ: 0.1138 | Time: 110.3s
06:37:11 [INFO] Epoch 2 | Step 1000/1273 | Loss: 3.5479 | InfoNCE: 3.5411 | Fair_img: 0.3773 | Fair_txt: 0.3027 | Retr: 0.0000 | τ: 0.1130 | Time: 110.3s
06:39:02 [INFO] Epoch 2 | Step 1050/1273 | Loss: 3.5488 | InfoNCE: 3.5430 | Fair_img: 0.3021 | Fair_txt: 0.2806 | Retr: 0.0000 | τ: 0.1085 | Time: 110.3s
06:40:52 [INFO] Epoch 2 | Step 1100/1273 | Loss: 3.5877 | InfoNCE: 3.5821 | Fair_img: 0.2763 | Fair_txt: 0.2767 | Retr: 0.0000 | τ: 0.1068 | Time: 110.3s
06:42:42 [INFO] Epoch 2 | Step 1150/1273 | Loss: 3.5637 | InfoNCE: 3.5573 | Fair_img: 0.3284 | Fair_txt: 0.3051 | Retr: 0.0000 | τ: 0.1101 | Time: 110.3s
06:44:33 [INFO] Epoch 2 | Step 1200/1273 | Loss: 3.5821 | InfoNCE: 3.5759 | Fair_img: 0.3246 | Fair_txt: 0.2945 | Retr: 0.0000 | τ: 0.1099 | Time: 110.4s
06:46:23 [INFO] Epoch 2 | Step 1250/1273 | Loss: 3.5997 | InfoNCE: 3.5936 | Fair_img: 0.3128 | Fair_txt: 0.3044 | Retr: 0.0000 | τ: 0.1092 | Time: 110.3s
07:00:45 [INFO] Epoch 2 Summary: train_loss=3.5358 | val_loss=3.5448 | lr=9.89e-06
07:00:45 [INFO]   Temperature: mean=0.1105 min=0.1031 max=0.1177
07:00:48 [INFO]   Checkpoint saved: latest.pt (epoch 2)
07:00:48 [INFO]   No improvement for 1/8 epochs
07:00:48 [INFO] 
Epoch 3/30
07:02:39 [INFO] Epoch 3 | Step 50/1273 | Loss: 3.4804 | InfoNCE: 3.4739 | Fair_img: 0.3554 | Fair_txt: 0.2903 | Retr: 0.0000 | τ: 0.1117 | Time: 110.7s
07:04:29 [INFO] Epoch 3 | Step 100/1273 | Loss: 3.4774 | InfoNCE: 3.4699 | Fair_img: 0.4181 | Fair_txt: 0.3284 | Retr: 0.0000 | τ: 0.1153 | Time: 110.3s
07:06:20 [INFO] Epoch 3 | Step 150/1273 | Loss: 3.5644 | InfoNCE: 3.5579 | Fair_img: 0.3335 | Fair_txt: 0.3190 | Retr: 0.0000 | τ: 0.1104 | Time: 110.3s
07:08:10 [INFO] Epoch 3 | Step 200/1273 | Loss: 3.4843 | InfoNCE: 3.4774 | Fair_img: 0.3788 | Fair_txt: 0.3116 | Retr: 0.0000 | τ: 0.1131 | Time: 110.3s
07:10:00 [INFO] Epoch 3 | Step 250/1273 | Loss: 3.5205 | InfoNCE: 3.5141 | Fair_img: 0.3422 | Fair_txt: 0.2971 | Retr: 0.0000 | τ: 0.1109 | Time: 110.3s
07:11:51 [INFO] Epoch 3 | Step 300/1273 | Loss: 3.4852 | InfoNCE: 3.4788 | Fair_img: 0.3450 | Fair_txt: 0.3037 | Retr: 0.0000 | τ: 0.1111 | Time: 110.3s
07:13:41 [INFO] Epoch 3 | Step 350/1273 | Loss: 3.4828 | InfoNCE: 3.4759 | Fair_img: 0.3737 | Fair_txt: 0.3179 | Retr: 0.0000 | τ: 0.1128 | Time: 110.3s
07:15:31 [INFO] Epoch 3 | Step 400/1273 | Loss: 3.5265 | InfoNCE: 3.5206 | Fair_img: 0.3080 | Fair_txt: 0.2787 | Retr: 0.0000 | τ: 0.1088 | Time: 110.3s
07:17:21 [INFO] Epoch 3 | Step 450/1273 | Loss: 3.5962 | InfoNCE: 3.5899 | Fair_img: 0.3255 | Fair_txt: 0.3049 | Retr: 0.0000 | τ: 0.1099 | Time: 110.3s
07:19:12 [INFO] Epoch 3 | Step 500/1273 | Loss: 3.4814 | InfoNCE: 3.4755 | Fair_img: 0.3049 | Fair_txt: 0.2821 | Retr: 0.0000 | τ: 0.1087 | Time: 110.3s
07:21:02 [INFO] Epoch 3 | Step 550/1273 | Loss: 3.4810 | InfoNCE: 3.4747 | Fair_img: 0.3353 | Fair_txt: 0.3007 | Retr: 0.0000 | τ: 0.1105 | Time: 110.3s
07:22:52 [INFO] Epoch 3 | Step 600/1273 | Loss: 3.6526 | InfoNCE: 3.6458 | Fair_img: 0.3573 | Fair_txt: 0.3311 | Retr: 0.0000 | τ: 0.1118 | Time: 110.3s
07:24:43 [INFO] Epoch 3 | Step 650/1273 | Loss: 3.4765 | InfoNCE: 3.4695 | Fair_img: 0.3760 | Fair_txt: 0.3159 | Retr: 0.0000 | τ: 0.1129 | Time: 110.3s
07:26:33 [INFO] Epoch 3 | Step 700/1273 | Loss: 3.5433 | InfoNCE: 3.5365 | Fair_img: 0.3596 | Fair_txt: 0.3126 | Retr: 0.0000 | τ: 0.1120 | Time: 110.3s
07:28:23 [INFO] Epoch 3 | Step 750/1273 | Loss: 3.5030 | InfoNCE: 3.4965 | Fair_img: 0.3386 | Fair_txt: 0.3082 | Retr: 0.0000 | τ: 0.1107 | Time: 110.3s
07:30:14 [INFO] Epoch 3 | Step 800/1273 | Loss: 3.5394 | InfoNCE: 3.5331 | Fair_img: 0.3150 | Fair_txt: 0.3171 | Retr: 0.0000 | τ: 0.1093 | Time: 110.3s
07:32:04 [INFO] Epoch 3 | Step 850/1273 | Loss: 3.5103 | InfoNCE: 3.5038 | Fair_img: 0.3407 | Fair_txt: 0.3187 | Retr: 0.0000 | τ: 0.1109 | Time: 110.3s
07:33:54 [INFO] Epoch 3 | Step 900/1273 | Loss: 3.6181 | InfoNCE: 3.6117 | Fair_img: 0.3089 | Fair_txt: 0.3252 | Retr: 0.0000 | τ: 0.1089 | Time: 110.3s
07:35:44 [INFO] Epoch 3 | Step 950/1273 | Loss: 3.4774 | InfoNCE: 3.4700 | Fair_img: 0.4026 | Fair_txt: 0.3310 | Retr: 0.0000 | τ: 0.1144 | Time: 110.3s
07:37:35 [INFO] Epoch 3 | Step 1000/1273 | Loss: 3.5477 | InfoNCE: 3.5406 | Fair_img: 0.3857 | Fair_txt: 0.3240 | Retr: 0.0000 | τ: 0.1135 | Time: 110.3s
07:39:25 [INFO] Epoch 3 | Step 1050/1273 | Loss: 3.5410 | InfoNCE: 3.5351 | Fair_img: 0.2986 | Fair_txt: 0.2959 | Retr: 0.0000 | τ: 0.1083 | Time: 110.3s
07:41:15 [INFO] Epoch 3 | Step 1100/1273 | Loss: 3.5779 | InfoNCE: 3.5720 | Fair_img: 0.2871 | Fair_txt: 0.3051 | Retr: 0.0000 | τ: 0.1075 | Time: 110.4s
07:43:06 [INFO] Epoch 3 | Step 1150/1273 | Loss: 3.5187 | InfoNCE: 3.5119 | Fair_img: 0.3487 | Fair_txt: 0.3237 | Retr: 0.0000 | τ: 0.1113 | Time: 110.3s
07:44:56 [INFO] Epoch 3 | Step 1200/1273 | Loss: 3.5660 | InfoNCE: 3.5593 | Fair_img: 0.3414 | Fair_txt: 0.3276 | Retr: 0.0000 | τ: 0.1109 | Time: 110.3s
07:46:46 [INFO] Epoch 3 | Step 1250/1273 | Loss: 3.6033 | InfoNCE: 3.5967 | Fair_img: 0.3359 | Fair_txt: 0.3284 | Retr: 0.0000 | τ: 0.1106 | Time: 110.3s
08:01:08 [INFO] Epoch 3 Summary: train_loss=3.5294 | val_loss=3.5543 | lr=9.76e-06
08:01:08 [INFO]   Temperature: mean=0.1114 min=0.1038 max=0.1165
08:01:12 [INFO]   Checkpoint saved: latest.pt (epoch 3)
08:01:12 [INFO]   No improvement for 2/8 epochs
08:01:12 [INFO] 
Epoch 4/30
08:03:02 [INFO] Epoch 4 | Step 50/1273 | Loss: 3.4784 | InfoNCE: 3.4716 | Fair_img: 0.3762 | Fair_txt: 0.3119 | Retr: 0.0000 | τ: 0.1129 | Time: 110.7s
08:04:52 [INFO] Epoch 4 | Step 100/1273 | Loss: 3.4760 | InfoNCE: 3.4683 | Fair_img: 0.4190 | Fair_txt: 0.3497 | Retr: 0.0000 | τ: 0.1153 | Time: 110.3s
08:06:43 [INFO] Epoch 4 | Step 150/1273 | Loss: 3.5644 | InfoNCE: 3.5576 | Fair_img: 0.3478 | Fair_txt: 0.3317 | Retr: 0.0000 | τ: 0.1113 | Time: 110.3s
08:08:33 [INFO] Epoch 4 | Step 200/1273 | Loss: 3.4770 | InfoNCE: 3.4698 | Fair_img: 0.3872 | Fair_txt: 0.3322 | Retr: 0.0000 | τ: 0.1136 | Time: 110.3s
08:10:23 [INFO] Epoch 4 | Step 250/1273 | Loss: 3.5299 | InfoNCE: 3.5233 | Fair_img: 0.3339 | Fair_txt: 0.3188 | Retr: 0.0000 | τ: 0.1104 | Time: 110.3s
08:12:14 [INFO] Epoch 4 | Step 300/1273 | Loss: 3.4797 | InfoNCE: 3.4725 | Fair_img: 0.3825 | Fair_txt: 0.3439 | Retr: 0.0000 | τ: 0.1133 | Time: 110.3s
08:14:04 [INFO] Epoch 4 | Step 350/1273 | Loss: 3.4785 | InfoNCE: 3.4715 | Fair_img: 0.3739 | Fair_txt: 0.3310 | Retr: 0.0000 | τ: 0.1128 | Time: 110.3s
08:15:54 [INFO] Epoch 4 | Step 400/1273 | Loss: 3.5339 | InfoNCE: 3.5279 | Fair_img: 0.3004 | Fair_txt: 0.3049 | Retr: 0.0000 | τ: 0.1084 | Time: 110.3s
08:17:44 [INFO] Epoch 4 | Step 450/1273 | Loss: 3.5393 | InfoNCE: 3.5327 | Fair_img: 0.3375 | Fair_txt: 0.3233 | Retr: 0.0000 | τ: 0.1107 | Time: 110.3s
08:19:35 [INFO] Epoch 4 | Step 500/1273 | Loss: 3.4821 | InfoNCE: 3.4759 | Fair_img: 0.3191 | Fair_txt: 0.3067 | Retr: 0.0000 | τ: 0.1095 | Time: 110.3s
08:21:25 [INFO] Epoch 4 | Step 550/1273 | Loss: 3.4761 | InfoNCE: 3.4693 | Fair_img: 0.3507 | Fair_txt: 0.3284 | Retr: 0.0000 | τ: 0.1115 | Time: 110.3s
08:23:15 [INFO] Epoch 4 | Step 600/1273 | Loss: 3.6109 | InfoNCE: 3.6042 | Fair_img: 0.3244 | Fair_txt: 0.3385 | Retr: 0.0000 | τ: 0.1099 | Time: 110.3s
08:25:05 [INFO] Epoch 4 | Step 650/1273 | Loss: 3.4752 | InfoNCE: 3.4678 | Fair_img: 0.3996 | Fair_txt: 0.3443 | Retr: 0.0000 | τ: 0.1142 | Time: 110.3s
08:26:56 [INFO] Epoch 4 | Step 700/1273 | Loss: 3.5019 | InfoNCE: 3.4943 | Fair_img: 0.4039 | Fair_txt: 0.3569 | Retr: 0.0000 | τ: 0.1145 | Time: 110.3s
08:28:46 [INFO] Epoch 4 | Step 750/1273 | Loss: 3.4824 | InfoNCE: 3.4756 | Fair_img: 0.3436 | Fair_txt: 0.3292 | Retr: 0.0000 | τ: 0.1110 | Time: 110.3s
08:30:36 [INFO] Epoch 4 | Step 800/1273 | Loss: 3.5106 | InfoNCE: 3.5040 | Fair_img: 0.3215 | Fair_txt: 0.3330 | Retr: 0.0000 | τ: 0.1097 | Time: 110.2s
08:32:26 [INFO] Epoch 4 | Step 850/1273 | Loss: 3.5079 | InfoNCE: 3.5010 | Fair_img: 0.3625 | Fair_txt: 0.3328 | Retr: 0.0000 | τ: 0.1121 | Time: 110.3s
08:34:17 [INFO] Epoch 4 | Step 900/1273 | Loss: 3.6531 | InfoNCE: 3.6460 | Fair_img: 0.3507 | Fair_txt: 0.3563 | Retr: 0.0000 | τ: 0.1115 | Time: 110.3s
08:36:07 [INFO] Epoch 4 | Step 950/1273 | Loss: 3.4765 | InfoNCE: 3.4692 | Fair_img: 0.3890 | Fair_txt: 0.3387 | Retr: 0.0000 | τ: 0.1137 | Time: 110.3s
08:37:57 [INFO] Epoch 4 | Step 1000/1273 | Loss: 3.5505 | InfoNCE: 3.5431 | Fair_img: 0.3836 | Fair_txt: 0.3480 | Retr: 0.0000 | τ: 0.1134 | Time: 110.3s
08:39:48 [INFO] Epoch 4 | Step 1050/1273 | Loss: 3.4951 | InfoNCE: 3.4881 | Fair_img: 0.3575 | Fair_txt: 0.3446 | Retr: 0.0000 | τ: 0.1119 | Time: 110.4s
08:41:38 [INFO] Epoch 4 | Step 1100/1273 | Loss: 3.5764 | InfoNCE: 3.5695 | Fair_img: 0.3448 | Fair_txt: 0.3443 | Retr: 0.0000 | τ: 0.1111 | Time: 110.3s
08:43:28 [INFO] Epoch 4 | Step 1150/1273 | Loss: 3.4844 | InfoNCE: 3.4775 | Fair_img: 0.3515 | Fair_txt: 0.3437 | Retr: 0.0000 | τ: 0.1115 | Time: 110.3s
08:45:18 [INFO] Epoch 4 | Step 1200/1273 | Loss: 3.5575 | InfoNCE: 3.5504 | Fair_img: 0.3597 | Fair_txt: 0.3426 | Retr: 0.0000 | τ: 0.1120 | Time: 110.2s
08:47:09 [INFO] Epoch 4 | Step 1250/1273 | Loss: 3.6155 | InfoNCE: 3.6087 | Fair_img: 0.3315 | Fair_txt: 0.3468 | Retr: 0.0000 | τ: 0.1103 | Time: 110.3s
09:01:30 [INFO] Epoch 4 Summary: train_loss=3.5200 | val_loss=3.5685 | lr=9.57e-06
09:01:30 [INFO]   Temperature: mean=0.1121 min=0.1050 max=0.1161
09:01:34 [INFO]   Checkpoint saved: latest.pt (epoch 4)
09:01:34 [INFO]   No improvement for 3/8 epochs
09:01:34 [INFO] 
Epoch 5/30
09:01:34 [INFO] Refitting bias subspace at epoch 5...
09:01:34 [INFO] Fitting bias subspace on training data (Steps IV + V)...
09:01:34 [INFO] This runs once before training starts.
09:01:34 [INFO] Extracting CLIP embeddings for bias subspace fitting...
09:07:06 [INFO]   Processed 5120 / 86744 samples
09:12:36 [INFO]   Processed 10240 / 86744 samples
09:18:06 [INFO]   Processed 15360 / 86744 samples
09:23:37 [INFO]   Processed 20480 / 86744 samples
09:29:08 [INFO]   Processed 25600 / 86744 samples
09:34:39 [INFO]   Processed 30720 / 86744 samples
09:40:10 [INFO]   Processed 35840 / 86744 samples
09:45:41 [INFO]   Processed 40960 / 86744 samples
09:51:12 [INFO]   Processed 46080 / 86744 samples
09:56:42 [INFO]   Processed 51200 / 86744 samples
10:02:13 [INFO]   Processed 56320 / 86744 samples
10:07:43 [INFO]   Processed 61440 / 86744 samples
10:13:14 [INFO]   Processed 66560 / 86744 samples
10:18:45 [INFO]   Processed 71680 / 86744 samples
10:24:15 [INFO]   Processed 76800 / 86744 samples
10:29:46 [INFO]   Processed 81920 / 86744 samples
10:35:17 [INFO]   Processed 87040 / 86744 samples
10:40:48 [INFO]   Processed 92160 / 86744 samples
10:46:19 [INFO]   Processed 97280 / 86744 samples
10:51:50 [INFO]   Processed 102400 / 86744 samples
10:57:21 [INFO]   Processed 107520 / 86744 samples
11:02:52 [INFO]   Processed 112640 / 86744 samples
11:08:23 [INFO]   Processed 117760 / 86744 samples
11:13:54 [INFO]   Processed 122880 / 86744 samples
11:19:24 [INFO]   Processed 128000 / 86744 samples
11:24:54 [INFO]   Processed 133120 / 86744 samples
11:30:25 [INFO]   Processed 138240 / 86744 samples
11:35:55 [INFO]   Processed 143360 / 86744 samples
11:41:25 [INFO]   Processed 148480 / 86744 samples
11:46:56 [INFO]   Processed 153600 / 86744 samples
11:52:27 [INFO]   Processed 158720 / 86744 samples
11:57:58 [INFO]   Processed 163840 / 86744 samples
12:03:29 [INFO]   Processed 168960 / 86744 samples
12:08:21 [INFO] Fitting bias subspace for attribute: gender
12:08:21 [INFO] Fitting image bias subspace for attribute: gender
12:08:21 [INFO]   Input: 86744 embeddings, dim=1024
12:08:21 [INFO]   Group 0: 45986 samples, centroid norm=0.9539
12:08:21 [INFO]   Group 1: 40758 samples, centroid norm=0.9716
12:08:21 [INFO]   Bias direction 1: singular value=0.8676, explained variance=100.0%
12:08:21 [INFO] Image bias subspace discovered: torch.Size([1024, 1])
12:08:21 [INFO] Fitting text bias subspace for attribute: gender
12:08:21 [INFO]   Group 0: 1 samples, centroid norm=1.0000
12:08:21 [INFO]   Group 1: 1 samples, centroid norm=1.0000
12:08:21 [INFO]   Bias direction 1: singular value=0.8544, explained variance=100.0%
12:08:21 [INFO] Text bias subspace discovered: torch.Size([1024, 1])
12:08:21 [INFO] Computing Procrustes alignment...
12:08:21 [INFO]   Reference shape: torch.Size([1024, 1])
12:08:21 [INFO]   Source shape: torch.Size([1024, 1])
12:08:21 [INFO] Alignment complete:
12:08:21 [INFO]   Rotation matrix shape: torch.Size([1, 1])
12:08:21 [INFO]   Alignment error: 0.167414 (lower is better)
12:08:21 [INFO]   det(R) = 1.0000 (should be +1.0 for pure rotation)
12:08:21 [INFO]   Direction 1 cosine similarity after alignment: 0.9860
12:08:21 [INFO] Procrustes alignment quality: {'alignment_error': 0.16741403937339783, 'rotation_det': 1.0, 'is_orthogonal': True}
12:08:21 [INFO] Bias subspace set: image_dirs=torch.Size([1024, 1]), text_dirs=torch.Size([1024, 1])
12:08:21 [INFO] Bias subspace fitted and ready for training
12:08:21 [INFO] Bias subspace fitted successfully
12:08:21 [INFO] GPU cache cleared after fitting. Free now: 2.55 GB
12:08:21 [INFO] GPU cache cleared after fitting. Free now: 2.55 GB
12:08:21 [INFO] GPU memory after fitting: 4.82GB used
12:10:12 [INFO] Epoch 5 | Step 50/1273 | Loss: 3.4782 | InfoNCE: 3.4713 | Fair_img: 0.3365 | Fair_txt: 0.3459 | Retr: 0.0000 | τ: 0.1106 | Time: 110.6s
12:12:02 [INFO] Epoch 5 | Step 100/1273 | Loss: 3.4752 | InfoNCE: 3.4673 | Fair_img: 0.4081 | Fair_txt: 0.3806 | Retr: 0.0000 | τ: 0.1147 | Time: 110.3s
12:13:52 [INFO] Epoch 5 | Step 150/1273 | Loss: 3.5732 | InfoNCE: 3.5661 | Fair_img: 0.3593 | Fair_txt: 0.3488 | Retr: 0.0000 | τ: 0.1120 | Time: 110.3s
12:15:43 [INFO] Epoch 5 | Step 200/1273 | Loss: 3.4767 | InfoNCE: 3.4692 | Fair_img: 0.4062 | Fair_txt: 0.3464 | Retr: 0.0000 | τ: 0.1146 | Time: 110.3s
12:17:33 [INFO] Epoch 5 | Step 250/1273 | Loss: 3.4810 | InfoNCE: 3.4745 | Fair_img: 0.3504 | Fair_txt: 0.3010 | Retr: 0.0000 | τ: 0.1114 | Time: 110.3s
12:19:23 [INFO] Epoch 5 | Step 300/1273 | Loss: 3.4757 | InfoNCE: 3.4682 | Fair_img: 0.3905 | Fair_txt: 0.3561 | Retr: 0.0000 | τ: 0.1137 | Time: 110.3s
12:21:14 [INFO] Epoch 5 | Step 350/1273 | Loss: 3.4750 | InfoNCE: 3.4679 | Fair_img: 0.3808 | Fair_txt: 0.3372 | Retr: 0.0000 | τ: 0.1132 | Time: 110.3s
12:23:04 [INFO] Epoch 5 | Step 400/1273 | Loss: 3.4800 | InfoNCE: 3.4731 | Fair_img: 0.3552 | Fair_txt: 0.3378 | Retr: 0.0000 | τ: 0.1117 | Time: 110.3s
12:24:54 [INFO] Epoch 5 | Step 450/1273 | Loss: 3.5095 | InfoNCE: 3.5023 | Fair_img: 0.3690 | Fair_txt: 0.3516 | Retr: 0.0000 | τ: 0.1125 | Time: 110.3s
12:26:44 [INFO] Epoch 5 | Step 500/1273 | Loss: 3.4767 | InfoNCE: 3.4697 | Fair_img: 0.3562 | Fair_txt: 0.3422 | Retr: 0.0000 | τ: 0.1118 | Time: 110.3s
12:28:35 [INFO] Epoch 5 | Step 550/1273 | Loss: 3.4749 | InfoNCE: 3.4677 | Fair_img: 0.3813 | Fair_txt: 0.3400 | Retr: 0.0000 | τ: 0.1132 | Time: 110.3s
12:30:25 [INFO] Epoch 5 | Step 600/1273 | Loss: 3.6076 | InfoNCE: 3.6007 | Fair_img: 0.3329 | Fair_txt: 0.3587 | Retr: 0.0000 | τ: 0.1104 | Time: 110.3s
12:32:15 [INFO] Epoch 5 | Step 650/1273 | Loss: 3.4750 | InfoNCE: 3.4676 | Fair_img: 0.3902 | Fair_txt: 0.3511 | Retr: 0.0000 | τ: 0.1137 | Time: 110.3s
12:34:05 [INFO] Epoch 5 | Step 700/1273 | Loss: 3.5035 | InfoNCE: 3.4955 | Fair_img: 0.4173 | Fair_txt: 0.3749 | Retr: 0.0000 | τ: 0.1152 | Time: 110.3s
12:35:56 [INFO] Epoch 5 | Step 750/1273 | Loss: 3.4758 | InfoNCE: 3.4687 | Fair_img: 0.3704 | Fair_txt: 0.3392 | Retr: 0.0000 | τ: 0.1126 | Time: 110.3s
12:37:46 [INFO] Epoch 5 | Step 800/1273 | Loss: 3.4987 | InfoNCE: 3.4919 | Fair_img: 0.3403 | Fair_txt: 0.3388 | Retr: 0.0000 | τ: 0.1108 | Time: 110.3s
12:39:36 [INFO] Epoch 5 | Step 850/1273 | Loss: 3.4770 | InfoNCE: 3.4700 | Fair_img: 0.3618 | Fair_txt: 0.3405 | Retr: 0.0000 | τ: 0.1121 | Time: 110.3s
12:41:27 [INFO] Epoch 5 | Step 900/1273 | Loss: 3.6308 | InfoNCE: 3.6238 | Fair_img: 0.3323 | Fair_txt: 0.3650 | Retr: 0.0000 | τ: 0.1104 | Time: 110.3s
12:43:17 [INFO] Epoch 5 | Step 950/1273 | Loss: 3.4752 | InfoNCE: 3.4677 | Fair_img: 0.3958 | Fair_txt: 0.3563 | Retr: 0.0000 | τ: 0.1140 | Time: 110.3s
12:45:07 [INFO] Epoch 5 | Step 1000/1273 | Loss: 3.5499 | InfoNCE: 3.5428 | Fair_img: 0.3623 | Fair_txt: 0.3507 | Retr: 0.0000 | τ: 0.1121 | Time: 110.3s
12:46:57 [INFO] Epoch 5 | Step 1050/1273 | Loss: 3.4761 | InfoNCE: 3.4685 | Fair_img: 0.3785 | Fair_txt: 0.3820 | Retr: 0.0000 | τ: 0.1131 | Time: 110.3s
12:48:48 [INFO] Epoch 5 | Step 1100/1273 | Loss: 3.5587 | InfoNCE: 3.5516 | Fair_img: 0.3555 | Fair_txt: 0.3492 | Retr: 0.0000 | τ: 0.1117 | Time: 110.3s
12:50:38 [INFO] Epoch 5 | Step 1150/1273 | Loss: 3.4763 | InfoNCE: 3.4691 | Fair_img: 0.3662 | Fair_txt: 0.3574 | Retr: 0.0000 | τ: 0.1124 | Time: 110.3s
12:52:28 [INFO] Epoch 5 | Step 1200/1273 | Loss: 3.5363 | InfoNCE: 3.5290 | Fair_img: 0.3624 | Fair_txt: 0.3669 | Retr: 0.0000 | τ: 0.1121 | Time: 110.3s
12:54:18 [INFO] Epoch 5 | Step 1250/1273 | Loss: 3.6025 | InfoNCE: 3.5959 | Fair_img: 0.3182 | Fair_txt: 0.3479 | Retr: 0.0000 | τ: 0.1095 | Time: 110.4s
13:08:40 [INFO] Epoch 5 Summary: train_loss=3.5226 | val_loss=3.5850 | lr=9.33e-06
13:08:40 [INFO]   Temperature: mean=0.1116 min=0.0724 max=0.1161
13:08:44 [INFO]   Checkpoint saved: latest.pt (epoch 5)
13:08:44 [INFO]   No improvement for 4/8 epochs
13:08:44 [INFO] 
Epoch 6/30
13:10:35 [INFO] Epoch 6 | Step 50/1273 | Loss: 3.4756 | InfoNCE: 3.4692 | Fair_img: 0.3383 | Fair_txt: 0.3073 | Retr: 0.0000 | τ: 0.1107 | Time: 110.7s
13:12:25 [INFO] Epoch 6 | Step 100/1273 | Loss: 3.4747 | InfoNCE: 3.4669 | Fair_img: 0.3988 | Fair_txt: 0.3767 | Retr: 0.0000 | τ: 0.1142 | Time: 110.3s
13:14:15 [INFO] Epoch 6 | Step 150/1273 | Loss: 3.5428 | InfoNCE: 3.5357 | Fair_img: 0.3489 | Fair_txt: 0.3573 | Retr: 0.0000 | τ: 0.1113 | Time: 110.3s
13:16:06 [INFO] Epoch 6 | Step 200/1273 | Loss: 3.4744 | InfoNCE: 3.4668 | Fair_img: 0.3913 | Fair_txt: 0.3689 | Retr: 0.0000 | τ: 0.1138 | Time: 110.3s
13:17:56 [INFO] Epoch 6 | Step 250/1273 | Loss: 3.4753 | InfoNCE: 3.4681 | Fair_img: 0.3675 | Fair_txt: 0.3476 | Retr: 0.0000 | τ: 0.1124 | Time: 110.3s
13:19:46 [INFO] Epoch 6 | Step 300/1273 | Loss: 3.4748 | InfoNCE: 3.4672 | Fair_img: 0.3839 | Fair_txt: 0.3724 | Retr: 0.0000 | τ: 0.1134 | Time: 110.3s
13:21:36 [INFO] Epoch 6 | Step 350/1273 | Loss: 3.4747 | InfoNCE: 3.4673 | Fair_img: 0.3779 | Fair_txt: 0.3651 | Retr: 0.0000 | τ: 0.1130 | Time: 110.3s
13:23:27 [INFO] Epoch 6 | Step 400/1273 | Loss: 3.5287 | InfoNCE: 3.5218 | Fair_img: 0.3348 | Fair_txt: 0.3522 | Retr: 0.0000 | τ: 0.1105 | Time: 110.3s
13:25:17 [INFO] Epoch 6 | Step 450/1273 | Loss: 3.4784 | InfoNCE: 3.4710 | Fair_img: 0.3661 | Fair_txt: 0.3705 | Retr: 0.0000 | τ: 0.1124 | Time: 110.3s
13:27:07 [INFO] Epoch 6 | Step 500/1273 | Loss: 3.4748 | InfoNCE: 3.4674 | Fair_img: 0.3744 | Fair_txt: 0.3618 | Retr: 0.0000 | τ: 0.1128 | Time: 110.3s
13:28:58 [INFO] Epoch 6 | Step 550/1273 | Loss: 3.4749 | InfoNCE: 3.4676 | Fair_img: 0.3714 | Fair_txt: 0.3631 | Retr: 0.0000 | τ: 0.1127 | Time: 110.3s
13:30:48 [INFO] Epoch 6 | Step 600/1273 | Loss: 3.6315 | InfoNCE: 3.6248 | Fair_img: 0.3222 | Fair_txt: 0.3487 | Retr: 0.0000 | τ: 0.1097 | Time: 110.3s
13:32:38 [INFO] Epoch 6 | Step 650/1273 | Loss: 3.4749 | InfoNCE: 3.4670 | Fair_img: 0.3916 | Fair_txt: 0.3904 | Retr: 0.0000 | τ: 0.1138 | Time: 110.2s
13:34:28 [INFO] Epoch 6 | Step 700/1273 | Loss: 3.4776 | InfoNCE: 3.4699 | Fair_img: 0.3848 | Fair_txt: 0.3858 | Retr: 0.0000 | τ: 0.1134 | Time: 110.3s
13:36:19 [INFO] Epoch 6 | Step 750/1273 | Loss: 3.4749 | InfoNCE: 3.4676 | Fair_img: 0.3647 | Fair_txt: 0.3633 | Retr: 0.0000 | τ: 0.1123 | Time: 110.3s
13:38:09 [INFO] Epoch 6 | Step 800/1273 | Loss: 3.4755 | InfoNCE: 3.4688 | Fair_img: 0.3262 | Fair_txt: 0.3392 | Retr: 0.0000 | τ: 0.1100 | Time: 110.3s
13:39:59 [INFO] Epoch 6 | Step 850/1273 | Loss: 3.4921 | InfoNCE: 3.4854 | Fair_img: 0.3363 | Fair_txt: 0.3427 | Retr: 0.0000 | τ: 0.1106 | Time: 110.3s
13:41:49 [INFO] Epoch 6 | Step 900/1273 | Loss: 3.6354 | InfoNCE: 3.6284 | Fair_img: 0.3272 | Fair_txt: 0.3680 | Retr: 0.0000 | τ: 0.1100 | Time: 110.3s
13:43:40 [INFO] Epoch 6 | Step 950/1273 | Loss: 3.4746 | InfoNCE: 3.4674 | Fair_img: 0.3693 | Fair_txt: 0.3524 | Retr: 0.0000 | τ: 0.1125 | Time: 110.3s
13:45:30 [INFO] Epoch 6 | Step 1000/1273 | Loss: 3.5102 | InfoNCE: 3.5034 | Fair_img: 0.3366 | Fair_txt: 0.3429 | Retr: 0.0000 | τ: 0.1106 | Time: 110.3s
13:47:20 [INFO] Epoch 6 | Step 1050/1273 | Loss: 3.4750 | InfoNCE: 3.4676 | Fair_img: 0.3622 | Fair_txt: 0.3705 | Retr: 0.0000 | τ: 0.1121 | Time: 110.3s
13:49:10 [INFO] Epoch 6 | Step 1100/1273 | Loss: 3.5489 | InfoNCE: 3.5418 | Fair_img: 0.3486 | Fair_txt: 0.3651 | Retr: 0.0000 | τ: 0.1113 | Time: 110.3s
13:51:01 [INFO] Epoch 6 | Step 1150/1273 | Loss: 3.4747 | InfoNCE: 3.4671 | Fair_img: 0.3755 | Fair_txt: 0.3789 | Retr: 0.0000 | τ: 0.1129 | Time: 110.3s
13:52:51 [INFO] Epoch 6 | Step 1200/1273 | Loss: 3.4755 | InfoNCE: 3.4682 | Fair_img: 0.3625 | Fair_txt: 0.3663 | Retr: 0.0000 | τ: 0.1121 | Time: 110.2s
13:54:41 [INFO] Epoch 6 | Step 1250/1273 | Loss: 3.5775 | InfoNCE: 3.5704 | Fair_img: 0.3456 | Fair_txt: 0.3670 | Retr: 0.0000 | τ: 0.1112 | Time: 110.4s
14:09:03 [INFO] Epoch 6 Summary: train_loss=3.5059 | val_loss=3.6090 | lr=9.05e-06
14:09:03 [INFO]   Temperature: mean=0.1118 min=0.1056 max=0.1145
14:09:07 [INFO]   Checkpoint saved: latest.pt (epoch 6)
14:09:07 [INFO]   No improvement for 5/8 epochs
14:09:07 [INFO] 
Epoch 7/30
14:10:58 [INFO] Epoch 7 | Step 50/1273 | Loss: 3.4758 | InfoNCE: 3.4696 | Fair_img: 0.3235 | Fair_txt: 0.2942 | Retr: 0.0000 | τ: 0.1098 | Time: 110.6s
14:12:48 [INFO] Epoch 7 | Step 100/1273 | Loss: 3.4748 | InfoNCE: 3.4672 | Fair_img: 0.3708 | Fair_txt: 0.3834 | Retr: 0.0000 | τ: 0.1126 | Time: 110.3s
14:14:38 [INFO] Epoch 7 | Step 150/1273 | Loss: 3.5054 | InfoNCE: 3.4982 | Fair_img: 0.3549 | Fair_txt: 0.3666 | Retr: 0.0000 | τ: 0.1117 | Time: 110.3s
14:16:29 [INFO] Epoch 7 | Step 200/1273 | Loss: 3.4746 | InfoNCE: 3.4673 | Fair_img: 0.3717 | Fair_txt: 0.3628 | Retr: 0.0000 | τ: 0.1127 | Time: 110.3s
14:18:19 [INFO] Epoch 7 | Step 250/1273 | Loss: 3.4748 | InfoNCE: 3.4679 | Fair_img: 0.3580 | Fair_txt: 0.3394 | Retr: 0.0000 | τ: 0.1119 | Time: 110.3s
14:20:09 [INFO] Epoch 7 | Step 300/1273 | Loss: 3.4929 | InfoNCE: 3.4855 | Fair_img: 0.3553 | Fair_txt: 0.3788 | Retr: 0.0000 | τ: 0.1117 | Time: 110.3s
14:21:59 [INFO] Epoch 7 | Step 350/1273 | Loss: 3.4746 | InfoNCE: 3.4674 | Fair_img: 0.3563 | Fair_txt: 0.3597 | Retr: 0.0000 | τ: 0.1118 | Time: 110.3s
14:23:50 [INFO] Epoch 7 | Step 400/1273 | Loss: 3.4749 | InfoNCE: 3.4677 | Fair_img: 0.3532 | Fair_txt: 0.3616 | Retr: 0.0000 | τ: 0.1116 | Time: 110.3s
14:25:40 [INFO] Epoch 7 | Step 450/1273 | Loss: 3.4750 | InfoNCE: 3.4675 | Fair_img: 0.3616 | Fair_txt: 0.3851 | Retr: 0.0000 | τ: 0.1121 | Time: 110.3s
14:27:30 [INFO] Epoch 7 | Step 500/1273 | Loss: 3.4748 | InfoNCE: 3.4675 | Fair_img: 0.3544 | Fair_txt: 0.3732 | Retr: 0.0000 | τ: 0.1117 | Time: 110.3s
14:29:20 [INFO] Epoch 7 | Step 550/1273 | Loss: 3.4751 | InfoNCE: 3.4683 | Fair_img: 0.3416 | Fair_txt: 0.3388 | Retr: 0.0000 | τ: 0.1109 | Time: 110.2s
14:31:11 [INFO] Epoch 7 | Step 600/1273 | Loss: 3.6220 | InfoNCE: 3.6150 | Fair_img: 0.3258 | Fair_txt: 0.3754 | Retr: 0.0000 | τ: 0.1100 | Time: 110.3s
14:33:01 [INFO] Epoch 7 | Step 650/1273 | Loss: 3.4743 | InfoNCE: 3.4672 | Fair_img: 0.3571 | Fair_txt: 0.3515 | Retr: 0.0000 | τ: 0.1118 | Time: 110.3s
14:34:51 [INFO] Epoch 7 | Step 700/1273 | Loss: 3.4747 | InfoNCE: 3.4675 | Fair_img: 0.3545 | Fair_txt: 0.3698 | Retr: 0.0000 | τ: 0.1117 | Time: 110.3s
14:36:41 [INFO] Epoch 7 | Step 750/1273 | Loss: 3.4743 | InfoNCE: 3.4674 | Fair_img: 0.3472 | Fair_txt: 0.3429 | Retr: 0.0000 | τ: 0.1112 | Time: 110.3s
14:38:32 [INFO] Epoch 7 | Step 800/1273 | Loss: 3.4753 | InfoNCE: 3.4685 | Fair_img: 0.3406 | Fair_txt: 0.3459 | Retr: 0.0000 | τ: 0.1109 | Time: 110.3s
14:40:22 [INFO] Epoch 7 | Step 850/1273 | Loss: 3.4750 | InfoNCE: 3.4681 | Fair_img: 0.3525 | Fair_txt: 0.3409 | Retr: 0.0000 | τ: 0.1116 | Time: 110.3s
14:42:12 [INFO] Epoch 7 | Step 900/1273 | Loss: 3.5722 | InfoNCE: 3.5650 | Fair_img: 0.3376 | Fair_txt: 0.3792 | Retr: 0.0000 | τ: 0.1107 | Time: 110.3s
14:44:03 [INFO] Epoch 7 | Step 950/1273 | Loss: 3.4746 | InfoNCE: 3.4670 | Fair_img: 0.3744 | Fair_txt: 0.3802 | Retr: 0.0000 | τ: 0.1128 | Time: 110.3s
14:45:53 [INFO] Epoch 7 | Step 1000/1273 | Loss: 3.5135 | InfoNCE: 3.5065 | Fair_img: 0.3449 | Fair_txt: 0.3579 | Retr: 0.0000 | τ: 0.1111 | Time: 110.3s
14:47:43 [INFO] Epoch 7 | Step 1050/1273 | Loss: 3.4787 | InfoNCE: 3.4712 | Fair_img: 0.3606 | Fair_txt: 0.3979 | Retr: 0.0000 | τ: 0.1120 | Time: 110.3s
14:49:38 [INFO] Epoch 7 | Step 1100/1273 | Loss: 3.5642 | InfoNCE: 3.5574 | Fair_img: 0.3294 | Fair_txt: 0.3527 | Retr: 0.0000 | τ: 0.1102 | Time: 114.5s
14:51:43 [INFO] Epoch 7 | Step 1150/1273 | Loss: 3.4746 | InfoNCE: 3.4677 | Fair_img: 0.3452 | Fair_txt: 0.3465 | Retr: 0.0000 | τ: 0.1111 | Time: 125.2s
14:53:48 [INFO] Epoch 7 | Step 1200/1273 | Loss: 3.5721 | InfoNCE: 3.5651 | Fair_img: 0.3287 | Fair_txt: 0.3709 | Retr: 0.0000 | τ: 0.1101 | Time: 125.2s
14:55:53 [INFO] Epoch 7 | Step 1250/1273 | Loss: 3.6153 | InfoNCE: 3.6089 | Fair_img: 0.3050 | Fair_txt: 0.3304 | Retr: 0.0000 | τ: 0.1087 | Time: 125.2s
15:11:50 [INFO] Epoch 7 Summary: train_loss=3.4975 | val_loss=3.6197 | lr=8.72e-06
15:11:50 [INFO]   Temperature: mean=0.1114 min=0.1057 max=0.1134
15:11:54 [INFO]   Checkpoint saved: latest.pt (epoch 7)
15:11:54 [INFO]   No improvement for 6/8 epochs
15:11:54 [INFO] 
Epoch 8/30
15:13:59 [INFO] Epoch 8 | Step 50/1273 | Loss: 3.4756 | InfoNCE: 3.4692 | Fair_img: 0.3276 | Fair_txt: 0.3110 | Retr: 0.0000 | τ: 0.1101 | Time: 125.1s
15:16:04 [INFO] Epoch 8 | Step 100/1273 | Loss: 3.4746 | InfoNCE: 3.4673 | Fair_img: 0.3601 | Fair_txt: 0.3638 | Retr: 0.0000 | τ: 0.1120 | Time: 124.9s
15:18:08 [INFO] Epoch 8 | Step 150/1273 | Loss: 3.5599 | InfoNCE: 3.5527 | Fair_img: 0.3444 | Fair_txt: 0.3766 | Retr: 0.0000 | τ: 0.1111 | Time: 124.5s
15:20:13 [INFO] Epoch 8 | Step 200/1273 | Loss: 3.4744 | InfoNCE: 3.4671 | Fair_img: 0.3602 | Fair_txt: 0.3707 | Retr: 0.0000 | τ: 0.1120 | Time: 124.8s
15:22:18 [INFO] Epoch 8 | Step 250/1273 | Loss: 3.5010 | InfoNCE: 3.4943 | Fair_img: 0.3322 | Fair_txt: 0.3290 | Retr: 0.0000 | τ: 0.1103 | Time: 124.6s
15:24:22 [INFO] Epoch 8 | Step 300/1273 | Loss: 3.4746 | InfoNCE: 3.4671 | Fair_img: 0.3712 | Fair_txt: 0.3811 | Retr: 0.0000 | τ: 0.1126 | Time: 124.7s
15:26:28 [INFO] Epoch 8 | Step 350/1273 | Loss: 3.5110 | InfoNCE: 3.5042 | Fair_img: 0.3367 | Fair_txt: 0.3508 | Retr: 0.0000 | τ: 0.1106 | Time: 125.4s
15:28:34 [INFO] Epoch 8 | Step 400/1273 | Loss: 3.4801 | InfoNCE: 3.4730 | Fair_img: 0.3434 | Fair_txt: 0.3635 | Retr: 0.0000 | τ: 0.1110 | Time: 125.9s
15:30:39 [INFO] Epoch 8 | Step 450/1273 | Loss: 3.4748 | InfoNCE: 3.4677 | Fair_img: 0.3517 | Fair_txt: 0.3598 | Retr: 0.0000 | τ: 0.1115 | Time: 125.4s
15:32:45 [INFO] Epoch 8 | Step 500/1273 | Loss: 3.4769 | InfoNCE: 3.4699 | Fair_img: 0.3490 | Fair_txt: 0.3545 | Retr: 0.0000 | τ: 0.1114 | Time: 126.2s
15:34:51 [INFO] Epoch 8 | Step 550/1273 | Loss: 3.4745 | InfoNCE: 3.4674 | Fair_img: 0.3504 | Fair_txt: 0.3516 | Retr: 0.0000 | τ: 0.1114 | Time: 125.6s
15:36:56 [INFO] Epoch 8 | Step 600/1273 | Loss: 3.5729 | InfoNCE: 3.5661 | Fair_img: 0.3232 | Fair_txt: 0.3542 | Retr: 0.0000 | τ: 0.1098 | Time: 124.6s
15:38:47 [INFO] Epoch 8 | Step 650/1273 | Loss: 3.4745 | InfoNCE: 3.4668 | Fair_img: 0.3764 | Fair_txt: 0.3915 | Retr: 0.0000 | τ: 0.1129 | Time: 111.6s
15:40:38 [INFO] Epoch 8 | Step 700/1273 | Loss: 3.4744 | InfoNCE: 3.4671 | Fair_img: 0.3629 | Fair_txt: 0.3666 | Retr: 0.0000 | τ: 0.1122 | Time: 110.6s
15:42:28 [INFO] Epoch 8 | Step 750/1273 | Loss: 3.4747 | InfoNCE: 3.4670 | Fair_img: 0.3718 | Fair_txt: 0.3914 | Retr: 0.0000 | τ: 0.1127 | Time: 110.6s
15:44:19 [INFO] Epoch 8 | Step 800/1273 | Loss: 3.4745 | InfoNCE: 3.4676 | Fair_img: 0.3432 | Fair_txt: 0.3506 | Retr: 0.0000 | τ: 0.1110 | Time: 110.3s
15:46:11 [INFO] Epoch 8 | Step 850/1273 | Loss: 3.4745 | InfoNCE: 3.4674 | Fair_img: 0.3513 | Fair_txt: 0.3566 | Retr: 0.0000 | τ: 0.1115 | Time: 112.0s
15:48:04 [INFO] Epoch 8 | Step 900/1273 | Loss: 3.4926 | InfoNCE: 3.4856 | Fair_img: 0.3395 | Fair_txt: 0.3576 | Retr: 0.0000 | τ: 0.1108 | Time: 113.5s
15:49:58 [INFO] Epoch 8 | Step 950/1273 | Loss: 3.4750 | InfoNCE: 3.4675 | Fair_img: 0.3725 | Fair_txt: 0.3783 | Retr: 0.0000 | τ: 0.1127 | Time: 113.5s
15:51:51 [INFO] Epoch 8 | Step 1000/1273 | Loss: 3.4747 | InfoNCE: 3.4677 | Fair_img: 0.3493 | Fair_txt: 0.3507 | Retr: 0.0000 | τ: 0.1114 | Time: 113.6s
15:53:45 [INFO] Epoch 8 | Step 1050/1273 | Loss: 3.4745 | InfoNCE: 3.4674 | Fair_img: 0.3524 | Fair_txt: 0.3566 | Retr: 0.0000 | τ: 0.1116 | Time: 113.5s
15:55:38 [INFO] Epoch 8 | Step 1100/1273 | Loss: 3.4872 | InfoNCE: 3.4801 | Fair_img: 0.3397 | Fair_txt: 0.3698 | Retr: 0.0000 | τ: 0.1108 | Time: 113.6s
15:57:32 [INFO] Epoch 8 | Step 1150/1273 | Loss: 3.4752 | InfoNCE: 3.4683 | Fair_img: 0.3442 | Fair_txt: 0.3454 | Retr: 0.0000 | τ: 0.1111 | Time: 113.4s
15:59:25 [INFO] Epoch 8 | Step 1200/1273 | Loss: 3.4746 | InfoNCE: 3.4671 | Fair_img: 0.3692 | Fair_txt: 0.3804 | Retr: 0.0000 | τ: 0.1125 | Time: 113.5s
16:01:19 [INFO] Epoch 8 | Step 1250/1273 | Loss: 3.5762 | InfoNCE: 3.5695 | Fair_img: 0.3221 | Fair_txt: 0.3432 | Retr: 0.0000 | τ: 0.1097 | Time: 113.5s
16:16:03 [INFO] Epoch 8 Summary: train_loss=3.4925 | val_loss=3.6092 | lr=8.35e-06
16:16:03 [INFO]   Temperature: mean=0.1113 min=0.1044 max=0.1133
16:16:07 [INFO]   Checkpoint saved: latest.pt (epoch 8)
16:16:07 [INFO]   No improvement for 7/8 epochs
16:16:07 [INFO] 
Epoch 9/30
16:18:01 [INFO] Epoch 9 | Step 50/1273 | Loss: 3.4744 | InfoNCE: 3.4675 | Fair_img: 0.3489 | Fair_txt: 0.3491 | Retr: 0.0000 | τ: 0.1113 | Time: 114.2s
16:19:55 [INFO] Epoch 9 | Step 100/1273 | Loss: 3.4748 | InfoNCE: 3.4673 | Fair_img: 0.3703 | Fair_txt: 0.3738 | Retr: 0.0000 | τ: 0.1126 | Time: 114.2s
16:21:50 [INFO] Epoch 9 | Step 150/1273 | Loss: 3.5501 | InfoNCE: 3.5431 | Fair_img: 0.3424 | Fair_txt: 0.3615 | Retr: 0.0000 | τ: 0.1110 | Time: 114.2s
16:23:44 [INFO] Epoch 9 | Step 200/1273 | Loss: 3.4742 | InfoNCE: 3.4673 | Fair_img: 0.3503 | Fair_txt: 0.3450 | Retr: 0.0000 | τ: 0.1114 | Time: 114.3s
16:25:38 [INFO] Epoch 9 | Step 250/1273 | Loss: 3.4740 | InfoNCE: 3.4669 | Fair_img: 0.3577 | Fair_txt: 0.3539 | Retr: 0.0000 | τ: 0.1119 | Time: 114.1s
16:27:32 [INFO] Epoch 9 | Step 300/1273 | Loss: 3.4744 | InfoNCE: 3.4670 | Fair_img: 0.3637 | Fair_txt: 0.3702 | Retr: 0.0000 | τ: 0.1122 | Time: 114.1s
16:29:24 [INFO] Epoch 9 | Step 350/1273 | Loss: 3.4744 | InfoNCE: 3.4674 | Fair_img: 0.3534 | Fair_txt: 0.3486 | Retr: 0.0000 | τ: 0.1116 | Time: 112.2s
16:31:14 [INFO] Epoch 9 | Step 400/1273 | Loss: 3.4748 | InfoNCE: 3.4678 | Fair_img: 0.3467 | Fair_txt: 0.3438 | Retr: 0.0000 | τ: 0.1112 | Time: 110.2s
16:33:05 [INFO] Epoch 9 | Step 450/1273 | Loss: 3.4748 | InfoNCE: 3.4671 | Fair_img: 0.3752 | Fair_txt: 0.3871 | Retr: 0.0000 | τ: 0.1129 | Time: 110.2s
16:34:55 [INFO] Epoch 9 | Step 500/1273 | Loss: 3.4745 | InfoNCE: 3.4672 | Fair_img: 0.3632 | Fair_txt: 0.3671 | Retr: 0.0000 | τ: 0.1122 | Time: 110.2s
16:36:49 [INFO] Epoch 9 | Step 550/1273 | Loss: 3.4747 | InfoNCE: 3.4674 | Fair_img: 0.3592 | Fair_txt: 0.3659 | Retr: 0.0000 | τ: 0.1120 | Time: 113.9s
16:38:43 [INFO] Epoch 9 | Step 600/1273 | Loss: 3.6446 | InfoNCE: 3.6378 | Fair_img: 0.3176 | Fair_txt: 0.3658 | Retr: 0.0000 | τ: 0.1094 | Time: 114.1s
16:40:36 [INFO] Epoch 9 | Step 650/1273 | Loss: 3.4740 | InfoNCE: 3.4667 | Fair_img: 0.3619 | Fair_txt: 0.3669 | Retr: 0.0000 | τ: 0.1121 | Time: 113.7s
16:42:27 [INFO] Epoch 9 | Step 700/1273 | Loss: 3.5688 | InfoNCE: 3.5616 | Fair_img: 0.3432 | Fair_txt: 0.3730 | Retr: 0.0000 | τ: 0.1110 | Time: 110.2s
16:44:17 [INFO] Epoch 9 | Step 750/1273 | Loss: 3.4746 | InfoNCE: 3.4673 | Fair_img: 0.3615 | Fair_txt: 0.3685 | Retr: 0.0000 | τ: 0.1121 | Time: 110.6s
16:46:11 [INFO] Epoch 9 | Step 800/1273 | Loss: 3.4745 | InfoNCE: 3.4670 | Fair_img: 0.3670 | Fair_txt: 0.3803 | Retr: 0.0000 | τ: 0.1124 | Time: 114.2s
16:48:06 [INFO] Epoch 9 | Step 850/1273 | Loss: 3.5590 | InfoNCE: 3.5518 | Fair_img: 0.3442 | Fair_txt: 0.3697 | Retr: 0.0000 | τ: 0.1111 | Time: 114.1s
16:49:59 [INFO] Epoch 9 | Step 900/1273 | Loss: 3.4760 | InfoNCE: 3.4688 | Fair_img: 0.3537 | Fair_txt: 0.3671 | Retr: 0.0000 | τ: 0.1116 | Time: 113.7s
16:51:49 [INFO] Epoch 9 | Step 950/1273 | Loss: 3.4743 | InfoNCE: 3.4668 | Fair_img: 0.3698 | Fair_txt: 0.3732 | Retr: 0.0000 | τ: 0.1126 | Time: 110.2s
16:53:40 [INFO] Epoch 9 | Step 1000/1273 | Loss: 3.4928 | InfoNCE: 3.4857 | Fair_img: 0.3469 | Fair_txt: 0.3589 | Retr: 0.0000 | τ: 0.1112 | Time: 110.2s
16:55:30 [INFO] Epoch 9 | Step 1050/1273 | Loss: 3.4775 | InfoNCE: 3.4702 | Fair_img: 0.3540 | Fair_txt: 0.3667 | Retr: 0.0000 | τ: 0.1116 | Time: 110.3s
16:57:20 [INFO] Epoch 9 | Step 1100/1273 | Loss: 3.4762 | InfoNCE: 3.4690 | Fair_img: 0.3547 | Fair_txt: 0.3689 | Retr: 0.0000 | τ: 0.1117 | Time: 110.4s
16:59:15 [INFO] Epoch 9 | Step 1150/1273 | Loss: 3.4783 | InfoNCE: 3.4715 | Fair_img: 0.3440 | Fair_txt: 0.3436 | Retr: 0.0000 | τ: 0.1111 | Time: 114.1s
17:01:16 [INFO] Epoch 9 | Step 1200/1273 | Loss: 3.5858 | InfoNCE: 3.5789 | Fair_img: 0.3309 | Fair_txt: 0.3640 | Retr: 0.0000 | τ: 0.1103 | Time: 121.2s
17:03:10 [INFO] Epoch 9 | Step 1250/1273 | Loss: 3.6207 | InfoNCE: 3.6133 | Fair_img: 0.3370 | Fair_txt: 0.3986 | Retr: 0.0000 | τ: 0.1106 | Time: 114.0s
17:17:51 [INFO] Epoch 9 Summary: train_loss=3.4898 | val_loss=3.6161 | lr=7.94e-06
17:17:51 [INFO]   Temperature: mean=0.1117 min=0.1056 max=0.1133
17:17:57 [INFO]   Checkpoint saved: latest.pt (epoch 9)
17:17:57 [INFO]   No improvement for 8/8 epochs
17:17:57 [INFO] Early stopping triggered at epoch 9!
17:17:57 [INFO] Best val loss: 3.5434 (epoch 1)
17:17:57 [INFO] 
Training complete!
17:17:57 [INFO] Best val loss: 3.5434
17:17:57 [INFO] Checkpoints saved to: results/checkpoints_procfix/fairface/ViT-H_14/gender/seed42
