20:49:19 [INFO] ============================================================
20:49:19 [INFO] FairCLIP Training
20:49:19 [INFO] Attribute: race
20:49:19 [INFO] Backbone:  ViT-H/14
20:49:19 [INFO] Epochs:    30
20:49:19 [INFO] Batch:     64
20:49:19 [INFO] Lambda:    2.0
20:49:19 [INFO] Device:    cuda
20:49:19 [INFO] Seed:      42
20:49:19 [INFO] ============================================================
20:49:19 [INFO] Dataset: fairface  manifest: results/manifests/fairface.csv
20:49:19 [INFO] Loaded manifest fairface.csv: 97698 rows
20:49:19 [INFO] Filtered to split='train': 86744 rows
20:49:19 [INFO] Loaded manifest fairface.csv: 97698 rows
20:49:19 [INFO] Filtered to split='val': 10954 rows
20:49:19 [INFO] Using 14 samples/group × 7 groups = 98 effective batch size
20:49:19 [INFO]   Group 0: 16527 samples (19.1%)
20:49:19 [INFO]   Group 1: 12233 samples (14.1%)
20:49:19 [INFO]   Group 2: 13367 samples (15.4%)
20:49:19 [INFO]   Group 3: 12287 samples (14.2%)
20:49:19 [INFO]   Group 4: 10795 samples (12.4%)
20:49:19 [INFO]   Group 5: 12319 samples (14.2%)
20:49:19 [INFO]   Group 6: 9216 samples (10.6%)
20:49:19 [INFO] DemographicBalancedSampler: 7 groups, 14/group, 658 batches/epoch, effective batch size 98
20:49:19 [INFO] Train: 86744 samples
20:49:19 [INFO] Val:   10954 samples
20:49:19 [INFO] ============================================================
20:49:19 [INFO] Initializing FairCLIP
20:49:19 [INFO]   Backbone: ViT-H/14
20:49:19 [INFO]   Bias directions: 8
20:49:19 [INFO]   Lambda fair: img=2.0, txt=2.0
20:49:19 [INFO]   Temperature: base=0.07, alpha=0.5
20:49:19 [INFO] ============================================================
20:49:19 [INFO] Loading CLIP backbone: ViT-H/14
20:49:19 [INFO] Embedding dimension: 1024
20:49:19 [INFO] Device: cuda
20:49:20 [INFO] Parsing model identifier. Schema: None, Identifier: ViT-H-14
20:49:20 [INFO] Loaded built-in ViT-H-14 model config.
20:49:21 [INFO] HTTP Request: GET https://huggingface.co/api/agent-harnesses "HTTP/1.1 200 OK"
20:49:21 [INFO] HTTP Request: HEAD https://huggingface.co/laion/CLIP-ViT-H-14-laion2B-s32B-b79K/resolve/main/open_clip_model.safetensors "HTTP/1.1 302 Found"
Warning: You are sending unauthenticated requests to the HF Hub. Please set a HF_TOKEN to enable higher rate limits and faster downloads.
20:49:21 [WARNING] Warning: You are sending unauthenticated requests to the HF Hub. Please set a HF_TOKEN to enable higher rate limits and faster downloads.
20:49:21 [INFO] Instantiating model architecture: CLIP
20:49:26 [INFO] Loading full pretrained weights from: /home/ayeshakalsoom/.cache/huggingface/hub/models--laion--CLIP-ViT-H-14-laion2B-s32B-b79K/snapshots/1c2b8495b28150b8a4922ee1c8edee224c284c0c/open_clip_model.safetensors
20:49:30 [INFO] Final image preprocessing configuration set: {'size': (224, 224), 'mode': 'RGB', 'mean': (0.48145466, 0.4578275, 0.40821073), 'std': (0.26862954, 0.26130258, 0.27577711), 'interpolation': 'bicubic', 'resize_mode': 'shortest', 'fill_color': 0}
20:49:30 [INFO] Model ViT-H-14 creation process complete.
20:49:30 [INFO] Loaded OpenCLIP successfully
20:49:30 [INFO] Gradient checkpointing ENABLED (memory saving)
20:49:30 [INFO] Parsing tokenizer identifier. Schema: None, Identifier: ViT-H-14
20:49:30 [INFO] Attempting to load config from built-in: ViT-H-14
20:49:30 [INFO] Using default SimpleTokenizer.
20:49:30 [INFO] Backbone frozen — CLIP weights will not be updated
20:49:30 [INFO] BiasSubspaceDiscoverer initialized with 8 bias directions
20:49:30 [INFO] FairnessAwareLoss initialized: λ_img=2.0, λ_txt=2.0
20:49:30 [INFO] AdaptiveTemperatureController: τ_base=0.07, α=0.5, range=[0.01, 0.5]
20:49:30 [INFO] Fitting bias subspace on training data (Steps IV + V)...
20:49:30 [INFO] This runs once before training starts.
20:49:30 [INFO] Extracting CLIP embeddings for bias subspace fitting...
20:55:06 [INFO]   Processed 5120 / 86744 samples
21:00:42 [INFO]   Processed 10240 / 86744 samples
21:06:19 [INFO]   Processed 15360 / 86744 samples
21:11:56 [INFO]   Processed 20480 / 86744 samples
21:17:34 [INFO]   Processed 25600 / 86744 samples
21:23:10 [INFO]   Processed 30720 / 86744 samples
21:28:47 [INFO]   Processed 35840 / 86744 samples
21:34:23 [INFO]   Processed 40960 / 86744 samples
21:40:00 [INFO]   Processed 46080 / 86744 samples
21:45:37 [INFO]   Processed 51200 / 86744 samples
21:51:14 [INFO]   Processed 56320 / 86744 samples
21:56:51 [INFO]   Processed 61440 / 86744 samples
22:02:27 [INFO]   Processed 66560 / 86744 samples
22:08:03 [INFO]   Processed 71680 / 86744 samples
22:13:40 [INFO]   Processed 76800 / 86744 samples
22:19:16 [INFO]   Processed 81920 / 86744 samples
22:24:53 [INFO]   Processed 87040 / 86744 samples
22:30:30 [INFO]   Processed 92160 / 86744 samples
22:36:06 [INFO]   Processed 97280 / 86744 samples
22:41:43 [INFO]   Processed 102400 / 86744 samples
22:47:19 [INFO]   Processed 107520 / 86744 samples
22:52:55 [INFO]   Processed 112640 / 86744 samples
22:58:32 [INFO]   Processed 117760 / 86744 samples
23:04:07 [INFO]   Processed 122880 / 86744 samples
23:09:44 [INFO]   Processed 128000 / 86744 samples
23:15:21 [INFO]   Processed 133120 / 86744 samples
23:20:58 [INFO]   Processed 138240 / 86744 samples
23:26:34 [INFO]   Processed 143360 / 86744 samples
23:32:11 [INFO]   Processed 148480 / 86744 samples
23:37:48 [INFO]   Processed 153600 / 86744 samples
23:43:24 [INFO]   Processed 158720 / 86744 samples
23:49:00 [INFO]   Processed 163840 / 86744 samples
23:54:37 [INFO]   Processed 168960 / 86744 samples
23:59:34 [INFO] Fitting bias subspace for attribute: race
23:59:34 [INFO] Fitting image bias subspace for attribute: race
23:59:34 [INFO]   Input: 86744 embeddings, dim=1024
23:59:34 [INFO]   Group 0: 16527 samples, centroid norm=0.6304
23:59:34 [INFO]   Group 1: 12233 samples, centroid norm=0.6702
23:59:34 [INFO]   Group 2: 13367 samples, centroid norm=0.6655
23:59:34 [INFO]   Group 3: 12287 samples, centroid norm=0.7043
23:59:34 [INFO]   Group 4: 10795 samples, centroid norm=0.7084
23:59:34 [INFO]   Group 5: 12319 samples, centroid norm=0.7088
23:59:34 [INFO]   Group 6: 9216 samples, centroid norm=0.6718
23:59:34 [INFO]   Bias direction 1: singular value=0.3789, explained variance=39.0%
23:59:34 [INFO]   Bias direction 2: singular value=0.3155, explained variance=27.0%
23:59:34 [INFO]   Bias direction 3: singular value=0.2686, explained variance=19.6%
23:59:34 [INFO]   Bias direction 4: singular value=0.1546, explained variance=6.5%
23:59:34 [INFO]   Bias direction 5: singular value=0.1354, explained variance=5.0%
23:59:34 [INFO]   Bias direction 6: singular value=0.1051, explained variance=3.0%
23:59:34 [INFO] Image bias subspace discovered: torch.Size([1024, 6])
23:59:34 [INFO] Fitting text bias subspace for attribute: race
23:59:34 [INFO]   Group 0: 1 samples, centroid norm=1.0000
23:59:34 [INFO]   Group 1: 1 samples, centroid norm=1.0000
23:59:34 [INFO]   Group 2: 1 samples, centroid norm=1.0000
23:59:34 [INFO]   Group 3: 1 samples, centroid norm=1.0000
23:59:34 [INFO]   Group 4: 1 samples, centroid norm=1.0000
23:59:34 [INFO]   Group 5: 1 samples, centroid norm=1.0000
23:59:34 [INFO]   Group 6: 1 samples, centroid norm=1.0000
23:59:34 [INFO]   Bias direction 1: singular value=0.6674, explained variance=32.0%
23:59:34 [INFO]   Bias direction 2: singular value=0.5421, explained variance=21.1%
23:59:34 [INFO]   Bias direction 3: singular value=0.4787, explained variance=16.5%
23:59:34 [INFO]   Bias direction 4: singular value=0.4472, explained variance=14.4%
23:59:34 [INFO]   Bias direction 5: singular value=0.3926, explained variance=11.1%
23:59:34 [INFO]   Bias direction 6: singular value=0.2635, explained variance=5.0%
23:59:34 [INFO] Text bias subspace discovered: torch.Size([1024, 6])
23:59:34 [INFO] Computing Procrustes alignment...
23:59:34 [INFO]   Reference shape: torch.Size([1024, 6])
23:59:34 [INFO]   Source shape: torch.Size([1024, 6])
23:59:34 [WARNING] Procrustes found reflection (det=-1.0000), correcting to pure rotation
23:59:34 [INFO] Corrected det(R) = 1.0000
23:59:34 [INFO] Alignment complete:
23:59:34 [INFO]   Rotation matrix shape: torch.Size([6, 6])
23:59:34 [INFO]   Alignment error: 1.027897 (lower is better)
23:59:34 [INFO]   det(R) = 1.0000 (should be +1.0 for pure rotation)
23:59:34 [INFO]   Direction 1 cosine similarity after alignment: 0.6948
23:59:34 [INFO]   Direction 2 cosine similarity after alignment: 0.5098
23:59:34 [INFO]   Direction 3 cosine similarity after alignment: 0.4812
23:59:34 [INFO]   Direction 4 cosine similarity after alignment: 0.3941
23:59:34 [INFO]   Direction 5 cosine similarity after alignment: 0.5343
23:59:34 [INFO]   Direction 6 cosine similarity after alignment: 0.1400
23:59:34 [INFO] Procrustes alignment quality: {'alignment_error': 1.0278970003128052, 'rotation_det': 0.9999986886978149, 'is_orthogonal': True}
23:59:34 [INFO] Bias subspace set: image_dirs=torch.Size([1024, 6]), text_dirs=torch.Size([1024, 6])
23:59:34 [INFO] Retrieval-skew loss wired with 8 neutral queries
23:59:34 [INFO] Bias subspace fitted and ready for training
23:59:34 [INFO] Bias subspace fitted successfully
23:59:35 [INFO] GPU cache cleared after fitting. Free now: 3.89 GB
23:59:35 [INFO] GPU cache cleared after fitting. Free now: 3.89 GB
23:59:35 [INFO] GPU memory after fitting: 4.01GB used
23:59:35 [INFO] Trainable parameters: 66,906,624 (last 2 layers only)
23:59:35 [INFO] Loaded 50000 COCO captions for race contrastive training
23:59:35 [INFO] Starting training...
23:59:35 [INFO] No checkpoint found — starting fresh.
23:59:35 [INFO] 
Epoch 1/30
00:02:16 [INFO] Epoch 1 | Step 50/658 | Loss: 5.3114 | InfoNCE: 4.6148 | Fair_img: 0.0152 | Fair_txt: 0.0198 | Retr: 0.6268 | τ: 0.0766 | Time: 160.3s
00:04:55 [INFO] Epoch 1 | Step 100/658 | Loss: 4.9485 | InfoNCE: 4.5970 | Fair_img: 0.0060 | Fair_txt: 0.0113 | Retr: 0.3170 | τ: 0.0741 | Time: 159.7s
00:07:35 [INFO] Epoch 1 | Step 150/658 | Loss: 4.7577 | InfoNCE: 4.5825 | Fair_img: 0.0021 | Fair_txt: 0.0047 | Retr: 0.1615 | τ: 0.0725 | Time: 159.7s
00:10:15 [INFO] Epoch 1 | Step 200/658 | Loss: 4.6868 | InfoNCE: 4.5832 | Fair_img: 0.0008 | Fair_txt: 0.0024 | Retr: 0.0973 | τ: 0.0715 | Time: 159.7s
00:12:54 [INFO] Epoch 1 | Step 250/658 | Loss: 4.6540 | InfoNCE: 4.5844 | Fair_img: 0.0004 | Fair_txt: 0.0014 | Retr: 0.0661 | τ: 0.0710 | Time: 159.7s
00:15:34 [INFO] Epoch 1 | Step 300/658 | Loss: 4.6569 | InfoNCE: 4.5846 | Fair_img: 0.0003 | Fair_txt: 0.0008 | Retr: 0.0701 | τ: 0.0709 | Time: 159.7s
00:18:14 [INFO] Epoch 1 | Step 350/658 | Loss: 4.6231 | InfoNCE: 4.5844 | Fair_img: 0.0002 | Fair_txt: 0.0007 | Retr: 0.0370 | τ: 0.0707 | Time: 159.7s
00:20:53 [INFO] Epoch 1 | Step 400/658 | Loss: 4.6196 | InfoNCE: 4.5850 | Fair_img: 0.0001 | Fair_txt: 0.0005 | Retr: 0.0333 | τ: 0.0706 | Time: 159.7s
00:23:33 [INFO] Epoch 1 | Step 450/658 | Loss: 4.6104 | InfoNCE: 4.5847 | Fair_img: 0.0001 | Fair_txt: 0.0004 | Retr: 0.0247 | τ: 0.0706 | Time: 159.7s
00:26:13 [INFO] Epoch 1 | Step 500/658 | Loss: 4.6271 | InfoNCE: 4.5847 | Fair_img: 0.0001 | Fair_txt: 0.0003 | Retr: 0.0416 | τ: 0.0705 | Time: 159.7s
00:28:52 [INFO] Epoch 1 | Step 550/658 | Loss: 4.6019 | InfoNCE: 4.5847 | Fair_img: 0.0001 | Fair_txt: 0.0003 | Retr: 0.0165 | τ: 0.0704 | Time: 159.6s
00:31:32 [INFO] Epoch 1 | Step 600/658 | Loss: 4.5980 | InfoNCE: 4.5847 | Fair_img: 0.0001 | Fair_txt: 0.0002 | Retr: 0.0127 | τ: 0.0704 | Time: 159.6s
00:34:12 [INFO] Epoch 1 | Step 650/658 | Loss: 4.6002 | InfoNCE: 4.5848 | Fair_img: 0.0001 | Fair_txt: 0.0002 | Retr: 0.0148 | τ: 0.0704 | Time: 159.6s
00:48:18 [INFO] Epoch 1 Summary: train_loss=4.7700 | val_loss=4.1669 | lr=9.97e-06
00:48:18 [INFO]   Temperature: mean=0.0716 min=0.0703 max=0.0805
00:48:20 [INFO]   Checkpoint saved: latest.pt (epoch 1)
00:48:22 [INFO]   New best model saved (epoch 1)
00:48:22 [INFO] 
Epoch 2/30
00:51:02 [INFO] Epoch 2 | Step 50/658 | Loss: 4.5965 | InfoNCE: 4.5847 | Fair_img: 0.0000 | Fair_txt: 0.0002 | Retr: 0.0114 | τ: 0.0703 | Time: 160.0s
00:53:41 [INFO] Epoch 2 | Step 100/658 | Loss: 4.5959 | InfoNCE: 4.5850 | Fair_img: 0.0000 | Fair_txt: 0.0002 | Retr: 0.0106 | τ: 0.0703 | Time: 159.6s
00:56:21 [INFO] Epoch 2 | Step 150/658 | Loss: 4.5960 | InfoNCE: 4.5848 | Fair_img: 0.0000 | Fair_txt: 0.0001 | Retr: 0.0108 | τ: 0.0703 | Time: 159.6s
00:59:00 [INFO] Epoch 2 | Step 200/658 | Loss: 4.5972 | InfoNCE: 4.5847 | Fair_img: 0.0000 | Fair_txt: 0.0001 | Retr: 0.0122 | τ: 0.0703 | Time: 159.6s
01:01:40 [INFO] Epoch 2 | Step 250/658 | Loss: 4.5966 | InfoNCE: 4.5848 | Fair_img: 0.0000 | Fair_txt: 0.0001 | Retr: 0.0115 | τ: 0.0702 | Time: 159.6s
01:04:20 [INFO] Epoch 2 | Step 300/658 | Loss: 4.5941 | InfoNCE: 4.5849 | Fair_img: 0.0000 | Fair_txt: 0.0001 | Retr: 0.0090 | τ: 0.0703 | Time: 159.6s
01:06:59 [INFO] Epoch 2 | Step 350/658 | Loss: 4.5924 | InfoNCE: 4.5846 | Fair_img: 0.0000 | Fair_txt: 0.0001 | Retr: 0.0076 | τ: 0.0702 | Time: 159.6s
01:09:39 [INFO] Epoch 2 | Step 400/658 | Loss: 4.5923 | InfoNCE: 4.5854 | Fair_img: 0.0000 | Fair_txt: 0.0001 | Retr: 0.0067 | τ: 0.0702 | Time: 159.6s
01:12:18 [INFO] Epoch 2 | Step 450/658 | Loss: 4.5916 | InfoNCE: 4.5852 | Fair_img: 0.0000 | Fair_txt: 0.0001 | Retr: 0.0062 | τ: 0.0702 | Time: 159.6s
01:14:58 [INFO] Epoch 2 | Step 500/658 | Loss: 4.5900 | InfoNCE: 4.5848 | Fair_img: 0.0000 | Fair_txt: 0.0001 | Retr: 0.0050 | τ: 0.0702 | Time: 159.6s
01:17:38 [INFO] Epoch 2 | Step 550/658 | Loss: 4.5924 | InfoNCE: 4.5846 | Fair_img: 0.0000 | Fair_txt: 0.0001 | Retr: 0.0076 | τ: 0.0702 | Time: 159.6s
01:20:17 [INFO] Epoch 2 | Step 600/658 | Loss: 4.5916 | InfoNCE: 4.5851 | Fair_img: 0.0000 | Fair_txt: 0.0001 | Retr: 0.0064 | τ: 0.0702 | Time: 159.7s
01:22:57 [INFO] Epoch 2 | Step 650/658 | Loss: 4.5930 | InfoNCE: 4.5848 | Fair_img: 0.0000 | Fair_txt: 0.0001 | Retr: 0.0079 | τ: 0.0702 | Time: 159.6s
01:37:03 [INFO] Epoch 2 Summary: train_loss=4.5945 | val_loss=4.1550 | lr=9.89e-06
01:37:03 [INFO]   Temperature: mean=0.0702 min=0.0701 max=0.0704
01:37:07 [INFO]   Checkpoint saved: latest.pt (epoch 2)
01:37:09 [INFO]   New best model saved (epoch 2)
01:37:09 [INFO] 
Epoch 3/30
01:39:49 [INFO] Epoch 3 | Step 50/658 | Loss: 4.5904 | InfoNCE: 4.5850 | Fair_img: 0.0000 | Fair_txt: 0.0001 | Retr: 0.0052 | τ: 0.0701 | Time: 160.0s
01:42:29 [INFO] Epoch 3 | Step 100/658 | Loss: 4.5918 | InfoNCE: 4.5851 | Fair_img: 0.0000 | Fair_txt: 0.0001 | Retr: 0.0065 | τ: 0.0701 | Time: 159.6s
01:45:08 [INFO] Epoch 3 | Step 150/658 | Loss: 4.5896 | InfoNCE: 4.5850 | Fair_img: 0.0000 | Fair_txt: 0.0001 | Retr: 0.0044 | τ: 0.0701 | Time: 159.6s
01:47:48 [INFO] Epoch 3 | Step 200/658 | Loss: 4.5908 | InfoNCE: 4.5847 | Fair_img: 0.0000 | Fair_txt: 0.0000 | Retr: 0.0060 | τ: 0.0701 | Time: 159.6s
01:50:27 [INFO] Epoch 3 | Step 250/658 | Loss: 4.5889 | InfoNCE: 4.5849 | Fair_img: 0.0000 | Fair_txt: 0.0001 | Retr: 0.0038 | τ: 0.0701 | Time: 159.6s
01:53:07 [INFO] Epoch 3 | Step 300/658 | Loss: 4.5905 | InfoNCE: 4.5851 | Fair_img: 0.0000 | Fair_txt: 0.0001 | Retr: 0.0052 | τ: 0.0701 | Time: 159.6s
01:55:47 [INFO] Epoch 3 | Step 350/658 | Loss: 4.5899 | InfoNCE: 4.5849 | Fair_img: 0.0000 | Fair_txt: 0.0001 | Retr: 0.0048 | τ: 0.0701 | Time: 159.6s
01:58:26 [INFO] Epoch 3 | Step 400/658 | Loss: 4.5891 | InfoNCE: 4.5850 | Fair_img: 0.0000 | Fair_txt: 0.0001 | Retr: 0.0039 | τ: 0.0701 | Time: 159.6s
02:01:06 [INFO] Epoch 3 | Step 450/658 | Loss: 4.5885 | InfoNCE: 4.5852 | Fair_img: 0.0000 | Fair_txt: 0.0001 | Retr: 0.0031 | τ: 0.0701 | Time: 159.6s
02:03:45 [INFO] Epoch 3 | Step 500/658 | Loss: 4.5876 | InfoNCE: 4.5851 | Fair_img: 0.0000 | Fair_txt: 0.0001 | Retr: 0.0023 | τ: 0.0701 | Time: 159.6s
02:06:25 [INFO] Epoch 3 | Step 550/658 | Loss: 4.5888 | InfoNCE: 4.5851 | Fair_img: 0.0000 | Fair_txt: 0.0001 | Retr: 0.0036 | τ: 0.0701 | Time: 159.6s
