18:17:09 [INFO] ============================================================
18:17:09 [INFO] FairCLIP Training
18:17:09 [INFO] Attribute: gender
18:17:09 [INFO] Backbone:  ViT-H/14
18:17:09 [INFO] Epochs:    30
18:17:09 [INFO] Batch:     8
18:17:09 [INFO] Lambda:    0.01
18:17:09 [INFO] Device:    cuda
18:17:09 [INFO] Seed:      456
18:17:09 [INFO] ============================================================
18:17:09 [INFO] Dataset: fairface  manifest: results/manifests/fairface.csv
18:17:09 [INFO] Loaded manifest fairface.csv: 97698 rows
18:17:09 [INFO] Filtered to split='train': 86744 rows
18:17:09 [INFO] Loaded manifest fairface.csv: 97698 rows
18:17:09 [INFO] Filtered to split='val': 10954 rows
18:17:09 [INFO] Using 14 samples/group × 2 groups = 28 effective batch size
18:17:09 [INFO]   Group 0: 45986 samples (53.0%)
18:17:09 [INFO]   Group 1: 40758 samples (47.0%)
18:17:09 [INFO] DemographicBalancedSampler: 2 groups, 14/group, 2911 batches/epoch, effective batch size 28
18:17:09 [INFO] Train: 86744 samples
18:17:09 [INFO] Val:   10954 samples
18:17:09 [INFO] ============================================================
18:17:09 [INFO] Initializing FairCLIP
18:17:09 [INFO]   Backbone: ViT-H/14
18:17:09 [INFO]   Bias directions: 5
18:17:09 [INFO]   Lambda fair: img=0.01, txt=0.01
18:17:09 [INFO]   Temperature: base=0.07, alpha=0.5
18:17:09 [INFO] ============================================================
18:17:09 [INFO] Loading CLIP backbone: ViT-H/14
18:17:09 [INFO] Embedding dimension: 1024
18:17:09 [INFO] Device: cuda
18:17:09 [INFO] Parsing model identifier. Schema: None, Identifier: ViT-H-14
18:17:09 [INFO] Loaded built-in ViT-H-14 model config.
18:17:11 [INFO] HTTP Request: HEAD https://huggingface.co/laion/CLIP-ViT-H-14-laion2B-s32B-b79K/resolve/main/open_clip_model.safetensors "HTTP/1.1 302 Found"
Warning: You are sending unauthenticated requests to the HF Hub. Please set a HF_TOKEN to enable higher rate limits and faster downloads.
18:17:11 [WARNING] Warning: You are sending unauthenticated requests to the HF Hub. Please set a HF_TOKEN to enable higher rate limits and faster downloads.
18:17:11 [INFO] Instantiating model architecture: CLIP
18:17:16 [INFO] Loading full pretrained weights from: /home/ayeshakalsoom/.cache/huggingface/hub/models--laion--CLIP-ViT-H-14-laion2B-s32B-b79K/snapshots/1c2b8495b28150b8a4922ee1c8edee224c284c0c/open_clip_model.safetensors
18:17:17 [INFO] Final image preprocessing configuration set: {'size': (224, 224), 'mode': 'RGB', 'mean': (0.48145466, 0.4578275, 0.40821073), 'std': (0.26862954, 0.26130258, 0.27577711), 'interpolation': 'bicubic', 'resize_mode': 'shortest', 'fill_color': 0}
18:17:17 [INFO] Model ViT-H-14 creation process complete.
18:17:17 [INFO] Loaded OpenCLIP successfully
18:17:17 [INFO] Gradient checkpointing ENABLED (memory saving)
18:17:17 [INFO] Parsing tokenizer identifier. Schema: None, Identifier: ViT-H-14
18:17:17 [INFO] Attempting to load config from built-in: ViT-H-14
18:17:17 [INFO] Using default SimpleTokenizer.
18:17:17 [INFO] Backbone frozen — CLIP weights will not be updated
18:17:17 [INFO] BiasSubspaceDiscoverer initialized with 5 bias directions
18:17:17 [INFO] FairnessAwareLoss initialized: λ_img=0.01, λ_txt=0.01
18:17:17 [INFO] AdaptiveTemperatureController: τ_base=0.07, α=0.5, range=[0.01, 0.5]
18:17:17 [INFO] Fitting bias subspace on training data (Steps IV + V)...
18:17:17 [INFO] This runs once before training starts.
18:17:17 [INFO] Extracting CLIP embeddings for bias subspace fitting...
18:22:56 [INFO]   Processed 5120 / 86744 samples
18:28:33 [INFO]   Processed 10240 / 86744 samples
18:34:10 [INFO]   Processed 15360 / 86744 samples
18:39:46 [INFO]   Processed 20480 / 86744 samples
18:45:23 [INFO]   Processed 25600 / 86744 samples
18:50:59 [INFO]   Processed 30720 / 86744 samples
18:56:35 [INFO]   Processed 35840 / 86744 samples
19:02:12 [INFO]   Processed 40960 / 86744 samples
19:07:48 [INFO]   Processed 46080 / 86744 samples
19:13:24 [INFO]   Processed 51200 / 86744 samples
19:19:01 [INFO]   Processed 56320 / 86744 samples
19:24:36 [INFO]   Processed 61440 / 86744 samples
19:30:13 [INFO]   Processed 66560 / 86744 samples
19:35:50 [INFO]   Processed 71680 / 86744 samples
19:41:27 [INFO]   Processed 76800 / 86744 samples
19:47:03 [INFO]   Processed 81920 / 86744 samples
19:52:40 [INFO]   Processed 87040 / 86744 samples
19:58:16 [INFO]   Processed 92160 / 86744 samples
20:03:53 [INFO]   Processed 97280 / 86744 samples
20:09:30 [INFO]   Processed 102400 / 86744 samples
20:15:07 [INFO]   Processed 107520 / 86744 samples
20:20:43 [INFO]   Processed 112640 / 86744 samples
20:26:19 [INFO]   Processed 117760 / 86744 samples
20:31:55 [INFO]   Processed 122880 / 86744 samples
20:37:32 [INFO]   Processed 128000 / 86744 samples
20:43:09 [INFO]   Processed 133120 / 86744 samples
20:48:46 [INFO]   Processed 138240 / 86744 samples
20:54:22 [INFO]   Processed 143360 / 86744 samples
20:59:59 [INFO]   Processed 148480 / 86744 samples
21:05:36 [INFO]   Processed 153600 / 86744 samples
21:11:12 [INFO]   Processed 158720 / 86744 samples
21:16:49 [INFO]   Processed 163840 / 86744 samples
21:22:26 [INFO]   Processed 168960 / 86744 samples
21:27:24 [INFO] Fitting bias subspace for attribute: gender
21:27:24 [INFO] Fitting image bias subspace for attribute: gender
21:27:24 [INFO]   Input: 86744 embeddings, dim=1024
21:27:24 [INFO]   Group 0: 45986 samples, centroid norm=0.6516
21:27:24 [INFO]   Group 1: 40758 samples, centroid norm=0.6670
21:27:24 [INFO]   Bias direction 1: singular value=0.2322, explained variance=100.0%
21:27:24 [INFO] Image bias subspace discovered: torch.Size([1024, 1])
21:27:24 [INFO] Fitting text bias subspace for attribute: gender
21:27:24 [INFO]   Group 0: 1 samples, centroid norm=1.0000
21:27:24 [INFO]   Group 1: 1 samples, centroid norm=1.0000
21:27:24 [INFO]   Bias direction 1: singular value=0.4285, explained variance=100.0%
21:27:24 [INFO] Text bias subspace discovered: torch.Size([1024, 1])
21:27:24 [INFO] Computing Procrustes alignment...
21:27:24 [INFO]   Reference shape: torch.Size([1024, 1])
21:27:24 [INFO]   Source shape: torch.Size([1024, 1])
21:27:24 [INFO] Alignment complete:
21:27:24 [INFO]   Rotation matrix shape: torch.Size([1, 1])
21:27:24 [INFO]   Alignment error: 0.540835 (lower is better)
21:27:24 [INFO]   det(R) = 1.0000 (should be +1.0 for pure rotation)
21:27:24 [INFO]   Direction 1 cosine similarity after alignment: 0.8537
21:27:24 [INFO] Procrustes alignment quality: {'alignment_error': 0.5408352017402649, 'rotation_det': 1.0, 'is_orthogonal': True}
21:27:24 [INFO] Bias subspace set: image_dirs=torch.Size([1024, 1]), text_dirs=torch.Size([1024, 1])
21:27:24 [INFO] Bias subspace fitted and ready for training
21:27:24 [INFO] Bias subspace fitted successfully
21:27:24 [INFO] GPU cache cleared after fitting. Free now: 3.22 GB
21:27:24 [INFO] GPU cache cleared after fitting. Free now: 3.22 GB
21:27:24 [INFO] GPU memory after fitting: 4.01GB used
21:27:24 [INFO] Trainable parameters: 66,906,624 (last 2 layers only)
21:27:24 [INFO] Starting training...
21:27:24 [INFO] No checkpoint found — starting fresh.
21:27:24 [INFO] 
Epoch 1/30
21:28:24 [INFO] Epoch 1 | Step 50/2911 | Loss: 2.8509 | InfoNCE: 2.8464 | Fair_img: 0.0912 | Fair_txt: 0.3506 | τ: 0.0911 | Time: 60.4s
21:29:24 [INFO] Epoch 1 | Step 100/2911 | Loss: 2.6874 | InfoNCE: 2.6819 | Fair_img: 0.1717 | Fair_txt: 0.3771 | τ: 0.0990 | Time: 59.9s
21:30:24 [INFO] Epoch 1 | Step 150/2911 | Loss: 2.7179 | InfoNCE: 2.7123 | Fair_img: 0.1996 | Fair_txt: 0.3669 | τ: 0.1013 | Time: 59.9s
21:31:24 [INFO] Epoch 1 | Step 200/2911 | Loss: 2.8626 | InfoNCE: 2.8568 | Fair_img: 0.2448 | Fair_txt: 0.3408 | τ: 0.1046 | Time: 59.9s
21:32:24 [INFO] Epoch 1 | Step 250/2911 | Loss: 2.7201 | InfoNCE: 2.7145 | Fair_img: 0.2612 | Fair_txt: 0.2922 | τ: 0.1058 | Time: 59.9s
21:33:24 [INFO] Epoch 1 | Step 300/2911 | Loss: 2.6676 | InfoNCE: 2.6621 | Fair_img: 0.3196 | Fair_txt: 0.2362 | τ: 0.1096 | Time: 59.9s
21:34:24 [INFO] Epoch 1 | Step 350/2911 | Loss: 3.1789 | InfoNCE: 3.1737 | Fair_img: 0.2425 | Fair_txt: 0.2820 | τ: 0.1045 | Time: 59.9s
21:35:23 [INFO] Epoch 1 | Step 400/2911 | Loss: 2.6602 | InfoNCE: 2.6543 | Fair_img: 0.3082 | Fair_txt: 0.2821 | τ: 0.1089 | Time: 59.9s
21:36:23 [INFO] Epoch 1 | Step 450/2911 | Loss: 2.6837 | InfoNCE: 2.6763 | Fair_img: 0.3947 | Fair_txt: 0.3478 | τ: 0.1140 | Time: 59.9s
21:37:23 [INFO] Epoch 1 | Step 500/2911 | Loss: 2.9280 | InfoNCE: 2.9223 | Fair_img: 0.3107 | Fair_txt: 0.2604 | τ: 0.1090 | Time: 59.8s
21:38:23 [INFO] Epoch 1 | Step 550/2911 | Loss: 2.7668 | InfoNCE: 2.7609 | Fair_img: 0.3236 | Fair_txt: 0.2725 | τ: 0.1098 | Time: 59.9s
21:39:23 [INFO] Epoch 1 | Step 600/2911 | Loss: 2.7903 | InfoNCE: 2.7836 | Fair_img: 0.3871 | Fair_txt: 0.2897 | τ: 0.1136 | Time: 59.9s
21:40:23 [INFO] Epoch 1 | Step 650/2911 | Loss: 3.0260 | InfoNCE: 3.0203 | Fair_img: 0.2916 | Fair_txt: 0.2768 | τ: 0.1078 | Time: 59.9s
21:41:23 [INFO] Epoch 1 | Step 700/2911 | Loss: 3.0280 | InfoNCE: 3.0212 | Fair_img: 0.3304 | Fair_txt: 0.3561 | τ: 0.1102 | Time: 59.9s
21:42:23 [INFO] Epoch 1 | Step 750/2911 | Loss: 2.6500 | InfoNCE: 2.6429 | Fair_img: 0.3832 | Fair_txt: 0.3242 | τ: 0.1133 | Time: 59.9s
21:43:22 [INFO] Epoch 1 | Step 800/2911 | Loss: 2.6698 | InfoNCE: 2.6633 | Fair_img: 0.3647 | Fair_txt: 0.2867 | τ: 0.1123 | Time: 59.9s
21:44:22 [INFO] Epoch 1 | Step 850/2911 | Loss: 2.6644 | InfoNCE: 2.6581 | Fair_img: 0.3431 | Fair_txt: 0.2929 | τ: 0.1110 | Time: 59.9s
21:45:22 [INFO] Epoch 1 | Step 900/2911 | Loss: 2.6593 | InfoNCE: 2.6530 | Fair_img: 0.3539 | Fair_txt: 0.2729 | τ: 0.1116 | Time: 59.9s
21:46:22 [INFO] Epoch 1 | Step 950/2911 | Loss: 2.6629 | InfoNCE: 2.6556 | Fair_img: 0.3882 | Fair_txt: 0.3478 | τ: 0.1136 | Time: 59.9s
21:47:22 [INFO] Epoch 1 | Step 1000/2911 | Loss: 2.6506 | InfoNCE: 2.6437 | Fair_img: 0.3922 | Fair_txt: 0.2951 | τ: 0.1138 | Time: 59.9s
21:48:22 [INFO] Epoch 1 | Step 1050/2911 | Loss: 2.6524 | InfoNCE: 2.6457 | Fair_img: 0.3708 | Fair_txt: 0.2978 | τ: 0.1126 | Time: 59.9s
21:49:22 [INFO] Epoch 1 | Step 1100/2911 | Loss: 2.9348 | InfoNCE: 2.9293 | Fair_img: 0.2617 | Fair_txt: 0.2847 | τ: 0.1058 | Time: 59.9s
21:50:21 [INFO] Epoch 1 | Step 1150/2911 | Loss: 2.6556 | InfoNCE: 2.6485 | Fair_img: 0.3600 | Fair_txt: 0.3421 | τ: 0.1120 | Time: 59.9s
21:51:21 [INFO] Epoch 1 | Step 1200/2911 | Loss: 2.9564 | InfoNCE: 2.9500 | Fair_img: 0.3257 | Fair_txt: 0.3227 | τ: 0.1100 | Time: 59.9s
21:52:21 [INFO] Epoch 1 | Step 1250/2911 | Loss: 2.6531 | InfoNCE: 2.6469 | Fair_img: 0.3283 | Fair_txt: 0.2974 | τ: 0.1101 | Time: 60.0s
21:53:21 [INFO] Epoch 1 | Step 1300/2911 | Loss: 2.6519 | InfoNCE: 2.6458 | Fair_img: 0.3306 | Fair_txt: 0.2791 | τ: 0.1102 | Time: 59.9s
21:54:21 [INFO] Epoch 1 | Step 1350/2911 | Loss: 2.6493 | InfoNCE: 2.6423 | Fair_img: 0.3664 | Fair_txt: 0.3310 | τ: 0.1124 | Time: 59.9s
21:55:21 [INFO] Epoch 1 | Step 1400/2911 | Loss: 2.6957 | InfoNCE: 2.6891 | Fair_img: 0.3297 | Fair_txt: 0.3272 | τ: 0.1102 | Time: 59.9s
21:56:21 [INFO] Epoch 1 | Step 1450/2911 | Loss: 2.7256 | InfoNCE: 2.7196 | Fair_img: 0.3076 | Fair_txt: 0.2948 | τ: 0.1088 | Time: 59.9s
21:57:21 [INFO] Epoch 1 | Step 1500/2911 | Loss: 2.6510 | InfoNCE: 2.6444 | Fair_img: 0.3521 | Fair_txt: 0.3113 | τ: 0.1115 | Time: 59.9s
21:58:21 [INFO] Epoch 1 | Step 1550/2911 | Loss: 2.6491 | InfoNCE: 2.6425 | Fair_img: 0.3610 | Fair_txt: 0.3026 | τ: 0.1121 | Time: 59.9s
21:59:20 [INFO] Epoch 1 | Step 1600/2911 | Loss: 2.8111 | InfoNCE: 2.8043 | Fair_img: 0.3565 | Fair_txt: 0.3227 | τ: 0.1118 | Time: 59.9s
22:00:20 [INFO] Epoch 1 | Step 1650/2911 | Loss: 2.6503 | InfoNCE: 2.6443 | Fair_img: 0.3234 | Fair_txt: 0.2830 | τ: 0.1098 | Time: 59.9s
22:01:20 [INFO] Epoch 1 | Step 1700/2911 | Loss: 2.7884 | InfoNCE: 2.7816 | Fair_img: 0.3301 | Fair_txt: 0.3505 | τ: 0.1102 | Time: 59.9s
22:02:20 [INFO] Epoch 1 | Step 1750/2911 | Loss: 2.6487 | InfoNCE: 2.6410 | Fair_img: 0.4185 | Fair_txt: 0.3511 | τ: 0.1153 | Time: 59.9s
22:03:20 [INFO] Epoch 1 | Step 1800/2911 | Loss: 2.6487 | InfoNCE: 2.6410 | Fair_img: 0.4321 | Fair_txt: 0.3299 | τ: 0.1160 | Time: 59.9s
22:04:20 [INFO] Epoch 1 | Step 1850/2911 | Loss: 2.6601 | InfoNCE: 2.6544 | Fair_img: 0.2980 | Fair_txt: 0.2725 | τ: 0.1082 | Time: 59.9s
22:05:20 [INFO] Epoch 1 | Step 1900/2911 | Loss: 2.6513 | InfoNCE: 2.6442 | Fair_img: 0.3803 | Fair_txt: 0.3321 | τ: 0.1132 | Time: 59.9s
22:06:20 [INFO] Epoch 1 | Step 1950/2911 | Loss: 3.0692 | InfoNCE: 3.0636 | Fair_img: 0.2712 | Fair_txt: 0.2860 | τ: 0.1065 | Time: 59.9s
22:07:19 [INFO] Epoch 1 | Step 2000/2911 | Loss: 2.6504 | InfoNCE: 2.6436 | Fair_img: 0.3601 | Fair_txt: 0.3130 | τ: 0.1120 | Time: 59.9s
22:08:19 [INFO] Epoch 1 | Step 2050/2911 | Loss: 2.6507 | InfoNCE: 2.6440 | Fair_img: 0.3334 | Fair_txt: 0.3341 | τ: 0.1104 | Time: 59.9s
22:09:19 [INFO] Epoch 1 | Step 2100/2911 | Loss: 2.6491 | InfoNCE: 2.6421 | Fair_img: 0.3793 | Fair_txt: 0.3213 | τ: 0.1131 | Time: 59.9s
22:10:19 [INFO] Epoch 1 | Step 2150/2911 | Loss: 2.6485 | InfoNCE: 2.6404 | Fair_img: 0.4489 | Fair_txt: 0.3585 | τ: 0.1169 | Time: 59.9s
22:11:19 [INFO] Epoch 1 | Step 2200/2911 | Loss: 3.0443 | InfoNCE: 3.0384 | Fair_img: 0.2777 | Fair_txt: 0.3118 | τ: 0.1069 | Time: 59.9s
22:12:19 [INFO] Epoch 1 | Step 2250/2911 | Loss: 2.7195 | InfoNCE: 2.7133 | Fair_img: 0.3160 | Fair_txt: 0.3049 | τ: 0.1094 | Time: 59.9s
22:13:19 [INFO] Epoch 1 | Step 2300/2911 | Loss: 2.6575 | InfoNCE: 2.6508 | Fair_img: 0.3414 | Fair_txt: 0.3222 | τ: 0.1109 | Time: 59.9s
22:14:18 [INFO] Epoch 1 | Step 2350/2911 | Loss: 2.6489 | InfoNCE: 2.6420 | Fair_img: 0.3781 | Fair_txt: 0.3218 | τ: 0.1130 | Time: 59.9s
22:15:18 [INFO] Epoch 1 | Step 2400/2911 | Loss: 2.8707 | InfoNCE: 2.8640 | Fair_img: 0.3402 | Fair_txt: 0.3276 | τ: 0.1108 | Time: 59.9s
22:16:18 [INFO] Epoch 1 | Step 2450/2911 | Loss: 2.7843 | InfoNCE: 2.7778 | Fair_img: 0.3292 | Fair_txt: 0.3291 | τ: 0.1102 | Time: 59.9s
22:17:18 [INFO] Epoch 1 | Step 2500/2911 | Loss: 2.6515 | InfoNCE: 2.6451 | Fair_img: 0.3276 | Fair_txt: 0.3109 | τ: 0.1101 | Time: 59.9s
22:18:18 [INFO] Epoch 1 | Step 2550/2911 | Loss: 2.6743 | InfoNCE: 2.6674 | Fair_img: 0.3500 | Fair_txt: 0.3374 | τ: 0.1114 | Time: 59.9s
22:19:18 [INFO] Epoch 1 | Step 2600/2911 | Loss: 2.6486 | InfoNCE: 2.6414 | Fair_img: 0.3866 | Fair_txt: 0.3330 | τ: 0.1135 | Time: 59.9s
22:20:18 [INFO] Epoch 1 | Step 2650/2911 | Loss: 2.6494 | InfoNCE: 2.6430 | Fair_img: 0.3447 | Fair_txt: 0.2921 | τ: 0.1111 | Time: 59.9s
22:21:18 [INFO] Epoch 1 | Step 2700/2911 | Loss: 2.6706 | InfoNCE: 2.6649 | Fair_img: 0.2860 | Fair_txt: 0.2872 | τ: 0.1074 | Time: 59.9s
22:22:18 [INFO] Epoch 1 | Step 2750/2911 | Loss: 2.8215 | InfoNCE: 2.8158 | Fair_img: 0.2581 | Fair_txt: 0.3041 | τ: 0.1056 | Time: 59.8s
22:23:17 [INFO] Epoch 1 | Step 2800/2911 | Loss: 2.9120 | InfoNCE: 2.9058 | Fair_img: 0.2838 | Fair_txt: 0.3312 | τ: 0.1073 | Time: 59.9s
22:24:17 [INFO] Epoch 1 | Step 2850/2911 | Loss: 2.6496 | InfoNCE: 2.6431 | Fair_img: 0.3428 | Fair_txt: 0.3061 | τ: 0.1110 | Time: 59.9s
22:25:17 [INFO] Epoch 1 | Step 2900/2911 | Loss: 2.6520 | InfoNCE: 2.6454 | Fair_img: 0.3577 | Fair_txt: 0.2989 | τ: 0.1119 | Time: 59.9s
22:42:07 [INFO] Epoch 1 Summary: train_loss=2.7427 | val_loss=1.5549 | lr=9.97e-06
22:42:07 [INFO]   Temperature: mean=0.1104 min=0.0700 max=0.1185
22:42:09 [INFO]   Checkpoint saved: latest.pt (epoch 1)
22:42:11 [INFO]   New best model saved (epoch 1)
22:42:11 [INFO] 
Epoch 2/30
22:43:11 [INFO] Epoch 2 | Step 50/2911 | Loss: 2.8370 | InfoNCE: 2.8305 | Fair_img: 0.3250 | Fair_txt: 0.3326 | τ: 0.1099 | Time: 60.1s
22:44:11 [INFO] Epoch 2 | Step 100/2911 | Loss: 2.6490 | InfoNCE: 2.6415 | Fair_img: 0.4095 | Fair_txt: 0.3467 | τ: 0.1148 | Time: 59.9s
22:45:11 [INFO] Epoch 2 | Step 150/2911 | Loss: 2.6489 | InfoNCE: 2.6415 | Fair_img: 0.4031 | Fair_txt: 0.3386 | τ: 0.1144 | Time: 59.9s
22:46:11 [INFO] Epoch 2 | Step 200/2911 | Loss: 2.8758 | InfoNCE: 2.8689 | Fair_img: 0.3488 | Fair_txt: 0.3484 | τ: 0.1113 | Time: 59.9s
22:47:10 [INFO] Epoch 2 | Step 250/2911 | Loss: 2.7461 | InfoNCE: 2.7397 | Fair_img: 0.3126 | Fair_txt: 0.3245 | τ: 0.1091 | Time: 59.9s
22:48:10 [INFO] Epoch 2 | Step 300/2911 | Loss: 2.6503 | InfoNCE: 2.6441 | Fair_img: 0.3331 | Fair_txt: 0.2824 | τ: 0.1104 | Time: 59.9s
22:49:10 [INFO] Epoch 2 | Step 350/2911 | Loss: 3.2023 | InfoNCE: 3.1967 | Fair_img: 0.2419 | Fair_txt: 0.3136 | τ: 0.1044 | Time: 59.9s
22:50:10 [INFO] Epoch 2 | Step 400/2911 | Loss: 2.6497 | InfoNCE: 2.6431 | Fair_img: 0.3475 | Fair_txt: 0.3158 | τ: 0.1113 | Time: 59.9s
22:51:10 [INFO] Epoch 2 | Step 450/2911 | Loss: 2.6944 | InfoNCE: 2.6874 | Fair_img: 0.3693 | Fair_txt: 0.3374 | τ: 0.1125 | Time: 59.9s
22:52:10 [INFO] Epoch 2 | Step 500/2911 | Loss: 2.9819 | InfoNCE: 2.9754 | Fair_img: 0.3117 | Fair_txt: 0.3366 | τ: 0.1091 | Time: 60.0s
22:53:10 [INFO] Epoch 2 | Step 550/2911 | Loss: 2.7241 | InfoNCE: 2.7179 | Fair_img: 0.3049 | Fair_txt: 0.3090 | τ: 0.1087 | Time: 60.0s
22:54:10 [INFO] Epoch 2 | Step 600/2911 | Loss: 2.7687 | InfoNCE: 2.7622 | Fair_img: 0.3329 | Fair_txt: 0.3121 | τ: 0.1104 | Time: 60.0s
22:55:10 [INFO] Epoch 2 | Step 650/2911 | Loss: 3.0660 | InfoNCE: 3.0601 | Fair_img: 0.2760 | Fair_txt: 0.3132 | τ: 0.1068 | Time: 60.0s
22:56:10 [INFO] Epoch 2 | Step 700/2911 | Loss: 2.9292 | InfoNCE: 2.9223 | Fair_img: 0.3325 | Fair_txt: 0.3570 | τ: 0.1104 | Time: 60.0s
22:57:10 [INFO] Epoch 2 | Step 750/2911 | Loss: 2.6490 | InfoNCE: 2.6419 | Fair_img: 0.3742 | Fair_txt: 0.3317 | τ: 0.1128 | Time: 60.0s
22:58:10 [INFO] Epoch 2 | Step 800/2911 | Loss: 2.6494 | InfoNCE: 2.6419 | Fair_img: 0.4024 | Fair_txt: 0.3425 | τ: 0.1144 | Time: 60.1s
22:59:10 [INFO] Epoch 2 | Step 850/2911 | Loss: 2.6656 | InfoNCE: 2.6595 | Fair_img: 0.3013 | Fair_txt: 0.3093 | τ: 0.1084 | Time: 60.0s
23:00:10 [INFO] Epoch 2 | Step 900/2911 | Loss: 2.6498 | InfoNCE: 2.6433 | Fair_img: 0.3435 | Fair_txt: 0.2971 | τ: 0.1110 | Time: 60.0s
23:01:10 [INFO] Epoch 2 | Step 950/2911 | Loss: 2.7358 | InfoNCE: 2.7290 | Fair_img: 0.3367 | Fair_txt: 0.3419 | τ: 0.1106 | Time: 59.9s
23:02:10 [INFO] Epoch 2 | Step 1000/2911 | Loss: 2.6492 | InfoNCE: 2.6424 | Fair_img: 0.3633 | Fair_txt: 0.3153 | τ: 0.1122 | Time: 59.9s
23:03:10 [INFO] Epoch 2 | Step 1050/2911 | Loss: 2.6512 | InfoNCE: 2.6446 | Fair_img: 0.3538 | Fair_txt: 0.3063 | τ: 0.1116 | Time: 60.1s
23:04:10 [INFO] Epoch 2 | Step 1100/2911 | Loss: 2.8884 | InfoNCE: 2.8824 | Fair_img: 0.2830 | Fair_txt: 0.3143 | τ: 0.1072 | Time: 60.0s
23:05:10 [INFO] Epoch 2 | Step 1150/2911 | Loss: 2.6648 | InfoNCE: 2.6579 | Fair_img: 0.3452 | Fair_txt: 0.3430 | τ: 0.1111 | Time: 60.0s
23:06:10 [INFO] Epoch 2 | Step 1200/2911 | Loss: 2.8363 | InfoNCE: 2.8300 | Fair_img: 0.3127 | Fair_txt: 0.3161 | τ: 0.1091 | Time: 60.0s
23:07:10 [INFO] Epoch 2 | Step 1250/2911 | Loss: 2.6543 | InfoNCE: 2.6474 | Fair_img: 0.3505 | Fair_txt: 0.3391 | τ: 0.1114 | Time: 60.0s
23:08:10 [INFO] Epoch 2 | Step 1300/2911 | Loss: 2.6491 | InfoNCE: 2.6427 | Fair_img: 0.3417 | Fair_txt: 0.2978 | τ: 0.1109 | Time: 60.2s
23:09:10 [INFO] Epoch 2 | Step 1350/2911 | Loss: 2.6482 | InfoNCE: 2.6410 | Fair_img: 0.3723 | Fair_txt: 0.3466 | τ: 0.1127 | Time: 59.9s
23:10:10 [INFO] Epoch 2 | Step 1400/2911 | Loss: 2.6564 | InfoNCE: 2.6498 | Fair_img: 0.3310 | Fair_txt: 0.3287 | τ: 0.1103 | Time: 59.9s
23:11:09 [INFO] Epoch 2 | Step 1450/2911 | Loss: 2.7285 | InfoNCE: 2.7222 | Fair_img: 0.3087 | Fair_txt: 0.3221 | τ: 0.1089 | Time: 59.9s
23:12:09 [INFO] Epoch 2 | Step 1500/2911 | Loss: 2.6489 | InfoNCE: 2.6417 | Fair_img: 0.3880 | Fair_txt: 0.3345 | τ: 0.1136 | Time: 59.9s
23:13:09 [INFO] Epoch 2 | Step 1550/2911 | Loss: 2.6489 | InfoNCE: 2.6424 | Fair_img: 0.3487 | Fair_txt: 0.3020 | τ: 0.1113 | Time: 59.9s
23:14:09 [INFO] Epoch 2 | Step 1600/2911 | Loss: 2.7971 | InfoNCE: 2.7899 | Fair_img: 0.3732 | Fair_txt: 0.3408 | τ: 0.1128 | Time: 59.9s
23:15:09 [INFO] Epoch 2 | Step 1650/2911 | Loss: 2.6498 | InfoNCE: 2.6435 | Fair_img: 0.3316 | Fair_txt: 0.2978 | τ: 0.1103 | Time: 59.9s
23:16:09 [INFO] Epoch 2 | Step 1700/2911 | Loss: 2.7673 | InfoNCE: 2.7603 | Fair_img: 0.3538 | Fair_txt: 0.3507 | τ: 0.1116 | Time: 59.9s
23:17:09 [INFO] Epoch 2 | Step 1750/2911 | Loss: 2.6488 | InfoNCE: 2.6409 | Fair_img: 0.4343 | Fair_txt: 0.3512 | τ: 0.1161 | Time: 59.9s
23:18:09 [INFO] Epoch 2 | Step 1800/2911 | Loss: 2.6488 | InfoNCE: 2.6407 | Fair_img: 0.4483 | Fair_txt: 0.3609 | τ: 0.1169 | Time: 59.9s
23:19:08 [INFO] Epoch 2 | Step 1850/2911 | Loss: 2.6613 | InfoNCE: 2.6550 | Fair_img: 0.3244 | Fair_txt: 0.3028 | τ: 0.1099 | Time: 59.9s
23:20:08 [INFO] Epoch 2 | Step 1900/2911 | Loss: 2.6563 | InfoNCE: 2.6490 | Fair_img: 0.3844 | Fair_txt: 0.3478 | τ: 0.1134 | Time: 59.9s
23:21:08 [INFO] Epoch 2 | Step 1950/2911 | Loss: 3.0867 | InfoNCE: 3.0809 | Fair_img: 0.2667 | Fair_txt: 0.3146 | τ: 0.1062 | Time: 59.8s
23:22:08 [INFO] Epoch 2 | Step 2000/2911 | Loss: 2.6493 | InfoNCE: 2.6422 | Fair_img: 0.3720 | Fair_txt: 0.3362 | τ: 0.1127 | Time: 59.9s
23:23:08 [INFO] Epoch 2 | Step 2050/2911 | Loss: 2.6553 | InfoNCE: 2.6485 | Fair_img: 0.3458 | Fair_txt: 0.3316 | τ: 0.1112 | Time: 59.9s
23:24:08 [INFO] Epoch 2 | Step 2100/2911 | Loss: 2.6489 | InfoNCE: 2.6421 | Fair_img: 0.3735 | Fair_txt: 0.3074 | τ: 0.1128 | Time: 59.9s
23:25:08 [INFO] Epoch 2 | Step 2150/2911 | Loss: 2.6485 | InfoNCE: 2.6408 | Fair_img: 0.4233 | Fair_txt: 0.3538 | τ: 0.1155 | Time: 59.9s
23:26:07 [INFO] Epoch 2 | Step 2200/2911 | Loss: 3.0065 | InfoNCE: 3.0006 | Fair_img: 0.2751 | Fair_txt: 0.3116 | τ: 0.1067 | Time: 59.9s
23:27:07 [INFO] Epoch 2 | Step 2250/2911 | Loss: 2.7135 | InfoNCE: 2.7067 | Fair_img: 0.3434 | Fair_txt: 0.3347 | τ: 0.1110 | Time: 59.9s
23:28:07 [INFO] Epoch 2 | Step 2300/2911 | Loss: 2.6495 | InfoNCE: 2.6429 | Fair_img: 0.3548 | Fair_txt: 0.3137 | τ: 0.1117 | Time: 59.9s
23:29:07 [INFO] Epoch 2 | Step 2350/2911 | Loss: 2.6487 | InfoNCE: 2.6413 | Fair_img: 0.4058 | Fair_txt: 0.3380 | τ: 0.1146 | Time: 59.9s
23:30:07 [INFO] Epoch 2 | Step 2400/2911 | Loss: 2.8701 | InfoNCE: 2.8635 | Fair_img: 0.3353 | Fair_txt: 0.3309 | τ: 0.1105 | Time: 59.9s
23:31:07 [INFO] Epoch 2 | Step 2450/2911 | Loss: 2.7599 | InfoNCE: 2.7530 | Fair_img: 0.3336 | Fair_txt: 0.3501 | τ: 0.1104 | Time: 59.9s
23:32:07 [INFO] Epoch 2 | Step 2500/2911 | Loss: 2.6500 | InfoNCE: 2.6437 | Fair_img: 0.3226 | Fair_txt: 0.3024 | τ: 0.1098 | Time: 59.9s
23:33:07 [INFO] Epoch 2 | Step 2550/2911 | Loss: 2.6504 | InfoNCE: 2.6428 | Fair_img: 0.4053 | Fair_txt: 0.3577 | τ: 0.1146 | Time: 59.9s
23:34:06 [INFO] Epoch 2 | Step 2600/2911 | Loss: 2.6481 | InfoNCE: 2.6411 | Fair_img: 0.3753 | Fair_txt: 0.3269 | τ: 0.1129 | Time: 59.9s
23:35:06 [INFO] Epoch 2 | Step 2650/2911 | Loss: 2.6487 | InfoNCE: 2.6420 | Fair_img: 0.3551 | Fair_txt: 0.3142 | τ: 0.1117 | Time: 59.9s
23:36:06 [INFO] Epoch 2 | Step 2700/2911 | Loss: 2.6571 | InfoNCE: 2.6504 | Fair_img: 0.3375 | Fair_txt: 0.3249 | τ: 0.1107 | Time: 60.2s
23:37:06 [INFO] Epoch 2 | Step 2750/2911 | Loss: 2.8444 | InfoNCE: 2.8380 | Fair_img: 0.2994 | Fair_txt: 0.3348 | τ: 0.1083 | Time: 60.0s
23:38:06 [INFO] Epoch 2 | Step 2800/2911 | Loss: 2.8970 | InfoNCE: 2.8907 | Fair_img: 0.2965 | Fair_txt: 0.3333 | τ: 0.1081 | Time: 60.0s
23:39:06 [INFO] Epoch 2 | Step 2850/2911 | Loss: 2.6490 | InfoNCE: 2.6424 | Fair_img: 0.3436 | Fair_txt: 0.3120 | τ: 0.1110 | Time: 60.0s
23:40:06 [INFO] Epoch 2 | Step 2900/2911 | Loss: 2.6490 | InfoNCE: 2.6419 | Fair_img: 0.3881 | Fair_txt: 0.3237 | τ: 0.1136 | Time: 60.0s
23:56:57 [INFO] Epoch 2 Summary: train_loss=2.7245 | val_loss=1.5539 | lr=9.89e-06
23:56:57 [INFO]   Temperature: mean=0.1115 min=0.0700 max=0.1186
23:57:00 [INFO]   Checkpoint saved: latest.pt (epoch 2)
23:57:02 [INFO]   New best model saved (epoch 2)
23:57:02 [INFO] 
Epoch 3/30
23:58:02 [INFO] Epoch 3 | Step 50/2911 | Loss: 2.8280 | InfoNCE: 2.8215 | Fair_img: 0.3152 | Fair_txt: 0.3331 | τ: 0.1093 | Time: 60.1s
23:59:02 [INFO] Epoch 3 | Step 100/2911 | Loss: 2.6493 | InfoNCE: 2.6417 | Fair_img: 0.4119 | Fair_txt: 0.3491 | τ: 0.1149 | Time: 59.9s
00:00:02 [INFO] Epoch 3 | Step 150/2911 | Loss: 2.6487 | InfoNCE: 2.6411 | Fair_img: 0.4117 | Fair_txt: 0.3477 | τ: 0.1149 | Time: 59.9s
00:01:02 [INFO] Epoch 3 | Step 200/2911 | Loss: 2.8351 | InfoNCE: 2.8283 | Fair_img: 0.3414 | Fair_txt: 0.3415 | τ: 0.1109 | Time: 59.9s
00:02:02 [INFO] Epoch 3 | Step 250/2911 | Loss: 2.7020 | InfoNCE: 2.6951 | Fair_img: 0.3506 | Fair_txt: 0.3380 | τ: 0.1114 | Time: 59.9s
00:03:02 [INFO] Epoch 3 | Step 300/2911 | Loss: 2.6496 | InfoNCE: 2.6430 | Fair_img: 0.3564 | Fair_txt: 0.3031 | τ: 0.1118 | Time: 60.0s
00:04:02 [INFO] Epoch 3 | Step 350/2911 | Loss: 3.1431 | InfoNCE: 3.1370 | Fair_img: 0.2634 | Fair_txt: 0.3423 | τ: 0.1059 | Time: 59.9s
00:05:02 [INFO] Epoch 3 | Step 400/2911 | Loss: 2.6488 | InfoNCE: 2.6416 | Fair_img: 0.3743 | Fair_txt: 0.3409 | τ: 0.1128 | Time: 59.9s
00:06:02 [INFO] Epoch 3 | Step 450/2911 | Loss: 2.7531 | InfoNCE: 2.7459 | Fair_img: 0.3620 | Fair_txt: 0.3578 | τ: 0.1121 | Time: 59.9s
00:07:01 [INFO] Epoch 3 | Step 500/2911 | Loss: 2.8971 | InfoNCE: 2.8907 | Fair_img: 0.3053 | Fair_txt: 0.3360 | τ: 0.1087 | Time: 59.9s
00:08:01 [INFO] Epoch 3 | Step 550/2911 | Loss: 2.6596 | InfoNCE: 2.6532 | Fair_img: 0.3220 | Fair_txt: 0.3182 | τ: 0.1097 | Time: 59.9s
00:09:01 [INFO] Epoch 3 | Step 600/2911 | Loss: 2.8570 | InfoNCE: 2.8505 | Fair_img: 0.3224 | Fair_txt: 0.3304 | τ: 0.1097 | Time: 59.9s
00:10:01 [INFO] Epoch 3 | Step 650/2911 | Loss: 3.0643 | InfoNCE: 3.0582 | Fair_img: 0.2791 | Fair_txt: 0.3280 | τ: 0.1070 | Time: 59.9s
00:11:01 [INFO] Epoch 3 | Step 700/2911 | Loss: 2.8853 | InfoNCE: 2.8783 | Fair_img: 0.3376 | Fair_txt: 0.3615 | τ: 0.1107 | Time: 59.9s
00:12:01 [INFO] Epoch 3 | Step 750/2911 | Loss: 2.6489 | InfoNCE: 2.6416 | Fair_img: 0.3779 | Fair_txt: 0.3487 | τ: 0.1130 | Time: 59.9s
00:13:01 [INFO] Epoch 3 | Step 800/2911 | Loss: 2.6488 | InfoNCE: 2.6414 | Fair_img: 0.3929 | Fair_txt: 0.3466 | τ: 0.1139 | Time: 59.9s
00:14:01 [INFO] Epoch 3 | Step 850/2911 | Loss: 2.6502 | InfoNCE: 2.6438 | Fair_img: 0.3256 | Fair_txt: 0.3106 | τ: 0.1099 | Time: 59.9s
00:15:00 [INFO] Epoch 3 | Step 900/2911 | Loss: 2.6494 | InfoNCE: 2.6429 | Fair_img: 0.3404 | Fair_txt: 0.3104 | τ: 0.1108 | Time: 59.9s
00:16:00 [INFO] Epoch 3 | Step 950/2911 | Loss: 2.6835 | InfoNCE: 2.6764 | Fair_img: 0.3655 | Fair_txt: 0.3454 | τ: 0.1123 | Time: 59.9s
00:17:00 [INFO] Epoch 3 | Step 1000/2911 | Loss: 2.6499 | InfoNCE: 2.6431 | Fair_img: 0.3526 | Fair_txt: 0.3214 | τ: 0.1116 | Time: 59.9s
00:18:00 [INFO] Epoch 3 | Step 1050/2911 | Loss: 2.6519 | InfoNCE: 2.6449 | Fair_img: 0.3664 | Fair_txt: 0.3347 | τ: 0.1124 | Time: 59.9s
00:19:00 [INFO] Epoch 3 | Step 1100/2911 | Loss: 2.9167 | InfoNCE: 2.9106 | Fair_img: 0.2790 | Fair_txt: 0.3315 | τ: 0.1070 | Time: 59.9s
00:20:00 [INFO] Epoch 3 | Step 1150/2911 | Loss: 2.6680 | InfoNCE: 2.6611 | Fair_img: 0.3444 | Fair_txt: 0.3411 | τ: 0.1111 | Time: 59.9s
00:21:00 [INFO] Epoch 3 | Step 1200/2911 | Loss: 2.7940 | InfoNCE: 2.7875 | Fair_img: 0.3293 | Fair_txt: 0.3270 | τ: 0.1102 | Time: 59.9s
00:22:00 [INFO] Epoch 3 | Step 1250/2911 | Loss: 2.6488 | InfoNCE: 2.6418 | Fair_img: 0.3729 | Fair_txt: 0.3321 | τ: 0.1127 | Time: 59.9s
00:22:59 [INFO] Epoch 3 | Step 1300/2911 | Loss: 2.6485 | InfoNCE: 2.6415 | Fair_img: 0.3644 | Fair_txt: 0.3325 | τ: 0.1123 | Time: 59.8s
00:23:59 [INFO] Epoch 3 | Step 1350/2911 | Loss: 2.6480 | InfoNCE: 2.6409 | Fair_img: 0.3673 | Fair_txt: 0.3427 | τ: 0.1124 | Time: 59.9s
00:24:59 [INFO] Epoch 3 | Step 1400/2911 | Loss: 2.6489 | InfoNCE: 2.6415 | Fair_img: 0.3961 | Fair_txt: 0.3466 | τ: 0.1141 | Time: 59.9s
00:25:59 [INFO] Epoch 3 | Step 1450/2911 | Loss: 2.6996 | InfoNCE: 2.6931 | Fair_img: 0.3254 | Fair_txt: 0.3220 | τ: 0.1099 | Time: 59.9s
00:26:59 [INFO] Epoch 3 | Step 1500/2911 | Loss: 2.6480 | InfoNCE: 2.6404 | Fair_img: 0.4011 | Fair_txt: 0.3528 | τ: 0.1143 | Time: 59.9s
00:27:59 [INFO] Epoch 3 | Step 1550/2911 | Loss: 2.6486 | InfoNCE: 2.6419 | Fair_img: 0.3531 | Fair_txt: 0.3208 | τ: 0.1116 | Time: 59.9s
00:28:59 [INFO] Epoch 3 | Step 1600/2911 | Loss: 2.7815 | InfoNCE: 2.7742 | Fair_img: 0.3706 | Fair_txt: 0.3557 | τ: 0.1126 | Time: 59.9s
00:29:59 [INFO] Epoch 3 | Step 1650/2911 | Loss: 2.6490 | InfoNCE: 2.6419 | Fair_img: 0.3754 | Fair_txt: 0.3356 | τ: 0.1129 | Time: 59.9s
00:30:59 [INFO] Epoch 3 | Step 1700/2911 | Loss: 2.7729 | InfoNCE: 2.7659 | Fair_img: 0.3405 | Fair_txt: 0.3579 | τ: 0.1108 | Time: 59.9s
00:31:58 [INFO] Epoch 3 | Step 1750/2911 | Loss: 2.6486 | InfoNCE: 2.6405 | Fair_img: 0.4441 | Fair_txt: 0.3674 | τ: 0.1166 | Time: 59.9s
00:32:58 [INFO] Epoch 3 | Step 1800/2911 | Loss: 2.6483 | InfoNCE: 2.6406 | Fair_img: 0.4202 | Fair_txt: 0.3506 | τ: 0.1154 | Time: 59.9s
00:33:58 [INFO] Epoch 3 | Step 1850/2911 | Loss: 2.6545 | InfoNCE: 2.6479 | Fair_img: 0.3440 | Fair_txt: 0.3173 | τ: 0.1111 | Time: 59.9s
00:34:58 [INFO] Epoch 3 | Step 1900/2911 | Loss: 2.6491 | InfoNCE: 2.6417 | Fair_img: 0.3848 | Fair_txt: 0.3491 | τ: 0.1134 | Time: 59.9s
00:35:58 [INFO] Epoch 3 | Step 1950/2911 | Loss: 3.1012 | InfoNCE: 3.0950 | Fair_img: 0.2926 | Fair_txt: 0.3344 | τ: 0.1079 | Time: 59.9s
00:36:58 [INFO] Epoch 3 | Step 2000/2911 | Loss: 2.6491 | InfoNCE: 2.6418 | Fair_img: 0.3763 | Fair_txt: 0.3476 | τ: 0.1129 | Time: 59.9s
00:37:58 [INFO] Epoch 3 | Step 2050/2911 | Loss: 2.6499 | InfoNCE: 2.6429 | Fair_img: 0.3527 | Fair_txt: 0.3466 | τ: 0.1116 | Time: 59.9s
00:38:58 [INFO] Epoch 3 | Step 2100/2911 | Loss: 2.6488 | InfoNCE: 2.6418 | Fair_img: 0.3750 | Fair_txt: 0.3235 | τ: 0.1129 | Time: 59.9s
00:39:57 [INFO] Epoch 3 | Step 2150/2911 | Loss: 2.6479 | InfoNCE: 2.6402 | Fair_img: 0.4114 | Fair_txt: 0.3658 | τ: 0.1149 | Time: 59.9s
00:40:57 [INFO] Epoch 3 | Step 2200/2911 | Loss: 3.0298 | InfoNCE: 3.0236 | Fair_img: 0.2852 | Fair_txt: 0.3337 | τ: 0.1074 | Time: 59.9s
00:41:57 [INFO] Epoch 3 | Step 2250/2911 | Loss: 2.6638 | InfoNCE: 2.6569 | Fair_img: 0.3553 | Fair_txt: 0.3323 | τ: 0.1117 | Time: 59.9s
00:42:57 [INFO] Epoch 3 | Step 2300/2911 | Loss: 2.6485 | InfoNCE: 2.6418 | Fair_img: 0.3533 | Fair_txt: 0.3128 | τ: 0.1116 | Time: 59.9s
00:43:57 [INFO] Epoch 3 | Step 2350/2911 | Loss: 2.6483 | InfoNCE: 2.6413 | Fair_img: 0.3665 | Fair_txt: 0.3318 | τ: 0.1124 | Time: 59.9s
00:44:57 [INFO] Epoch 3 | Step 2400/2911 | Loss: 2.8518 | InfoNCE: 2.8449 | Fair_img: 0.3428 | Fair_txt: 0.3476 | τ: 0.1110 | Time: 59.9s
00:45:57 [INFO] Epoch 3 | Step 2450/2911 | Loss: 2.6767 | InfoNCE: 2.6696 | Fair_img: 0.3434 | Fair_txt: 0.3605 | τ: 0.1110 | Time: 59.9s
00:46:56 [INFO] Epoch 3 | Step 2500/2911 | Loss: 2.6491 | InfoNCE: 2.6426 | Fair_img: 0.3281 | Fair_txt: 0.3140 | τ: 0.1101 | Time: 59.8s
00:47:56 [INFO] Epoch 3 | Step 2550/2911 | Loss: 2.6486 | InfoNCE: 2.6410 | Fair_img: 0.4003 | Fair_txt: 0.3599 | τ: 0.1143 | Time: 59.9s
00:48:56 [INFO] Epoch 3 | Step 2600/2911 | Loss: 2.6484 | InfoNCE: 2.6412 | Fair_img: 0.3885 | Fair_txt: 0.3340 | τ: 0.1136 | Time: 59.9s
00:49:56 [INFO] Epoch 3 | Step 2650/2911 | Loss: 2.6485 | InfoNCE: 2.6415 | Fair_img: 0.3634 | Fair_txt: 0.3313 | τ: 0.1122 | Time: 59.9s
00:50:56 [INFO] Epoch 3 | Step 2700/2911 | Loss: 2.6498 | InfoNCE: 2.6434 | Fair_img: 0.3200 | Fair_txt: 0.3222 | τ: 0.1096 | Time: 59.9s
00:51:56 [INFO] Epoch 3 | Step 2750/2911 | Loss: 2.8300 | InfoNCE: 2.8233 | Fair_img: 0.3211 | Fair_txt: 0.3441 | τ: 0.1097 | Time: 59.9s
00:52:56 [INFO] Epoch 3 | Step 2800/2911 | Loss: 2.9289 | InfoNCE: 2.9227 | Fair_img: 0.2750 | Fair_txt: 0.3456 | τ: 0.1067 | Time: 59.9s
00:53:56 [INFO] Epoch 3 | Step 2850/2911 | Loss: 2.6485 | InfoNCE: 2.6414 | Fair_img: 0.3700 | Fair_txt: 0.3409 | τ: 0.1126 | Time: 59.9s
00:54:55 [INFO] Epoch 3 | Step 2900/2911 | Loss: 2.6485 | InfoNCE: 2.6411 | Fair_img: 0.4001 | Fair_txt: 0.3379 | τ: 0.1143 | Time: 59.9s
01:11:45 [INFO] Epoch 3 Summary: train_loss=2.7161 | val_loss=1.5698 | lr=9.76e-06
01:11:45 [INFO]   Temperature: mean=0.1117 min=0.0700 max=0.1178
01:11:49 [INFO]   Checkpoint saved: latest.pt (epoch 3)
01:11:49 [INFO]   No improvement for 1/5 epochs
01:11:49 [INFO] 
Epoch 4/30
01:12:49 [INFO] Epoch 4 | Step 50/2911 | Loss: 2.8475 | InfoNCE: 2.8408 | Fair_img: 0.3264 | Fair_txt: 0.3442 | τ: 0.1100 | Time: 60.1s
01:13:48 [INFO] Epoch 4 | Step 100/2911 | Loss: 2.6488 | InfoNCE: 2.6414 | Fair_img: 0.3938 | Fair_txt: 0.3461 | τ: 0.1139 | Time: 59.9s
01:14:48 [INFO] Epoch 4 | Step 150/2911 | Loss: 2.6487 | InfoNCE: 2.6409 | Fair_img: 0.4169 | Fair_txt: 0.3560 | τ: 0.1152 | Time: 59.9s
01:15:48 [INFO] Epoch 4 | Step 200/2911 | Loss: 2.8271 | InfoNCE: 2.8200 | Fair_img: 0.3587 | Fair_txt: 0.3579 | τ: 0.1119 | Time: 59.9s
01:16:48 [INFO] Epoch 4 | Step 250/2911 | Loss: 2.6838 | InfoNCE: 2.6765 | Fair_img: 0.3688 | Fair_txt: 0.3518 | τ: 0.1125 | Time: 59.9s
01:17:48 [INFO] Epoch 4 | Step 300/2911 | Loss: 2.6890 | InfoNCE: 2.6822 | Fair_img: 0.3576 | Fair_txt: 0.3224 | τ: 0.1119 | Time: 59.9s
01:18:48 [INFO] Epoch 4 | Step 350/2911 | Loss: 3.1534 | InfoNCE: 3.1469 | Fair_img: 0.2853 | Fair_txt: 0.3615 | τ: 0.1074 | Time: 59.9s
01:19:48 [INFO] Epoch 4 | Step 400/2911 | Loss: 2.6478 | InfoNCE: 2.6403 | Fair_img: 0.3939 | Fair_txt: 0.3527 | τ: 0.1139 | Time: 59.9s
01:20:48 [INFO] Epoch 4 | Step 450/2911 | Loss: 2.6486 | InfoNCE: 2.6412 | Fair_img: 0.3895 | Fair_txt: 0.3537 | τ: 0.1137 | Time: 59.9s
01:21:47 [INFO] Epoch 4 | Step 500/2911 | Loss: 2.8901 | InfoNCE: 2.8833 | Fair_img: 0.3318 | Fair_txt: 0.3462 | τ: 0.1103 | Time: 59.9s
01:22:47 [INFO] Epoch 4 | Step 550/2911 | Loss: 2.6501 | InfoNCE: 2.6431 | Fair_img: 0.3555 | Fair_txt: 0.3491 | τ: 0.1117 | Time: 59.9s
01:23:47 [INFO] Epoch 4 | Step 600/2911 | Loss: 2.7197 | InfoNCE: 2.7130 | Fair_img: 0.3371 | Fair_txt: 0.3332 | τ: 0.1106 | Time: 59.9s
01:24:47 [INFO] Epoch 4 | Step 650/2911 | Loss: 3.0176 | InfoNCE: 3.0112 | Fair_img: 0.2924 | Fair_txt: 0.3487 | τ: 0.1079 | Time: 59.9s
01:25:47 [INFO] Epoch 4 | Step 700/2911 | Loss: 2.8931 | InfoNCE: 2.8860 | Fair_img: 0.3412 | Fair_txt: 0.3655 | τ: 0.1109 | Time: 59.9s
01:26:47 [INFO] Epoch 4 | Step 750/2911 | Loss: 2.6536 | InfoNCE: 2.6463 | Fair_img: 0.3748 | Fair_txt: 0.3537 | τ: 0.1129 | Time: 59.9s
01:27:47 [INFO] Epoch 4 | Step 800/2911 | Loss: 2.6717 | InfoNCE: 2.6642 | Fair_img: 0.3849 | Fair_txt: 0.3587 | τ: 0.1134 | Time: 59.9s
01:28:46 [INFO] Epoch 4 | Step 850/2911 | Loss: 2.6504 | InfoNCE: 2.6437 | Fair_img: 0.3390 | Fair_txt: 0.3258 | τ: 0.1108 | Time: 59.9s
01:29:46 [INFO] Epoch 4 | Step 900/2911 | Loss: 2.6482 | InfoNCE: 2.6414 | Fair_img: 0.3654 | Fair_txt: 0.3232 | τ: 0.1123 | Time: 59.9s
01:30:46 [INFO] Epoch 4 | Step 950/2911 | Loss: 2.8761 | InfoNCE: 2.8691 | Fair_img: 0.3488 | Fair_txt: 0.3571 | τ: 0.1113 | Time: 59.9s
01:31:46 [INFO] Epoch 4 | Step 1000/2911 | Loss: 2.6488 | InfoNCE: 2.6419 | Fair_img: 0.3590 | Fair_txt: 0.3289 | τ: 0.1119 | Time: 59.8s
01:32:46 [INFO] Epoch 4 | Step 1050/2911 | Loss: 2.6485 | InfoNCE: 2.6411 | Fair_img: 0.3874 | Fair_txt: 0.3530 | τ: 0.1136 | Time: 59.8s
01:33:46 [INFO] Epoch 4 | Step 1100/2911 | Loss: 2.8798 | InfoNCE: 2.8730 | Fair_img: 0.3276 | Fair_txt: 0.3520 | τ: 0.1101 | Time: 59.8s
01:34:46 [INFO] Epoch 4 | Step 1150/2911 | Loss: 2.6487 | InfoNCE: 2.6417 | Fair_img: 0.3525 | Fair_txt: 0.3450 | τ: 0.1116 | Time: 59.9s
01:35:45 [INFO] Epoch 4 | Step 1200/2911 | Loss: 2.7998 | InfoNCE: 2.7930 | Fair_img: 0.3350 | Fair_txt: 0.3386 | τ: 0.1105 | Time: 59.8s
01:36:45 [INFO] Epoch 4 | Step 1250/2911 | Loss: 2.6483 | InfoNCE: 2.6409 | Fair_img: 0.3871 | Fair_txt: 0.3496 | τ: 0.1135 | Time: 59.8s
01:37:45 [INFO] Epoch 4 | Step 1300/2911 | Loss: 2.6483 | InfoNCE: 2.6412 | Fair_img: 0.3695 | Fair_txt: 0.3391 | τ: 0.1126 | Time: 59.8s
01:38:45 [INFO] Epoch 4 | Step 1350/2911 | Loss: 2.6482 | InfoNCE: 2.6411 | Fair_img: 0.3696 | Fair_txt: 0.3416 | τ: 0.1126 | Time: 59.8s
01:39:45 [INFO] Epoch 4 | Step 1400/2911 | Loss: 2.6546 | InfoNCE: 2.6474 | Fair_img: 0.3677 | Fair_txt: 0.3543 | τ: 0.1124 | Time: 59.8s
01:40:45 [INFO] Epoch 4 | Step 1450/2911 | Loss: 2.6492 | InfoNCE: 2.6423 | Fair_img: 0.3560 | Fair_txt: 0.3350 | τ: 0.1118 | Time: 59.9s
01:41:44 [INFO] Epoch 4 | Step 1500/2911 | Loss: 2.6479 | InfoNCE: 2.6406 | Fair_img: 0.3875 | Fair_txt: 0.3484 | τ: 0.1136 | Time: 59.9s
01:42:44 [INFO] Epoch 4 | Step 1550/2911 | Loss: 2.6481 | InfoNCE: 2.6411 | Fair_img: 0.3680 | Fair_txt: 0.3344 | τ: 0.1125 | Time: 59.8s
01:43:44 [INFO] Epoch 4 | Step 1600/2911 | Loss: 2.8082 | InfoNCE: 2.8010 | Fair_img: 0.3560 | Fair_txt: 0.3608 | τ: 0.1118 | Time: 59.8s
01:44:44 [INFO] Epoch 4 | Step 1650/2911 | Loss: 2.6483 | InfoNCE: 2.6410 | Fair_img: 0.3758 | Fair_txt: 0.3506 | τ: 0.1129 | Time: 59.9s
01:45:44 [INFO] Epoch 4 | Step 1700/2911 | Loss: 2.6500 | InfoNCE: 2.6425 | Fair_img: 0.3831 | Fair_txt: 0.3595 | τ: 0.1133 | Time: 59.9s
01:46:44 [INFO] Epoch 4 | Step 1750/2911 | Loss: 2.6485 | InfoNCE: 2.6406 | Fair_img: 0.4348 | Fair_txt: 0.3565 | τ: 0.1162 | Time: 59.8s
01:47:44 [INFO] Epoch 4 | Step 1800/2911 | Loss: 2.6481 | InfoNCE: 2.6401 | Fair_img: 0.4353 | Fair_txt: 0.3707 | τ: 0.1162 | Time: 59.9s
01:48:43 [INFO] Epoch 4 | Step 1850/2911 | Loss: 2.6510 | InfoNCE: 2.6439 | Fair_img: 0.3760 | Fair_txt: 0.3418 | τ: 0.1129 | Time: 59.9s
01:49:43 [INFO] Epoch 4 | Step 1900/2911 | Loss: 2.6507 | InfoNCE: 2.6435 | Fair_img: 0.3717 | Fair_txt: 0.3516 | τ: 0.1127 | Time: 59.9s
01:50:43 [INFO] Epoch 4 | Step 1950/2911 | Loss: 3.0958 | InfoNCE: 3.0895 | Fair_img: 0.2877 | Fair_txt: 0.3453 | τ: 0.1075 | Time: 59.9s
01:51:43 [INFO] Epoch 4 | Step 2000/2911 | Loss: 2.6480 | InfoNCE: 2.6411 | Fair_img: 0.3590 | Fair_txt: 0.3329 | τ: 0.1119 | Time: 59.9s
01:52:43 [INFO] Epoch 4 | Step 2050/2911 | Loss: 2.6484 | InfoNCE: 2.6408 | Fair_img: 0.3938 | Fair_txt: 0.3656 | τ: 0.1139 | Time: 59.9s
01:53:43 [INFO] Epoch 4 | Step 2100/2911 | Loss: 2.6476 | InfoNCE: 2.6404 | Fair_img: 0.3791 | Fair_txt: 0.3425 | τ: 0.1131 | Time: 59.9s
01:54:43 [INFO] Epoch 4 | Step 2150/2911 | Loss: 2.6481 | InfoNCE: 2.6406 | Fair_img: 0.3925 | Fair_txt: 0.3590 | τ: 0.1139 | Time: 59.9s
01:55:42 [INFO] Epoch 4 | Step 2200/2911 | Loss: 3.0270 | InfoNCE: 3.0204 | Fair_img: 0.3057 | Fair_txt: 0.3617 | τ: 0.1087 | Time: 59.8s
01:56:42 [INFO] Epoch 4 | Step 2250/2911 | Loss: 2.6508 | InfoNCE: 2.6441 | Fair_img: 0.3463 | Fair_txt: 0.3218 | τ: 0.1112 | Time: 59.9s
01:57:42 [INFO] Epoch 4 | Step 2300/2911 | Loss: 2.6482 | InfoNCE: 2.6411 | Fair_img: 0.3683 | Fair_txt: 0.3408 | τ: 0.1125 | Time: 59.9s
01:58:42 [INFO] Epoch 4 | Step 2350/2911 | Loss: 2.6481 | InfoNCE: 2.6408 | Fair_img: 0.3846 | Fair_txt: 0.3473 | τ: 0.1134 | Time: 59.9s
01:59:42 [INFO] Epoch 4 | Step 2400/2911 | Loss: 2.8345 | InfoNCE: 2.8276 | Fair_img: 0.3361 | Fair_txt: 0.3502 | τ: 0.1106 | Time: 60.0s
02:00:42 [INFO] Epoch 4 | Step 2450/2911 | Loss: 2.7142 | InfoNCE: 2.7073 | Fair_img: 0.3340 | Fair_txt: 0.3553 | τ: 0.1105 | Time: 59.9s
02:01:42 [INFO] Epoch 4 | Step 2500/2911 | Loss: 2.6478 | InfoNCE: 2.6409 | Fair_img: 0.3566 | Fair_txt: 0.3374 | τ: 0.1118 | Time: 59.9s
02:02:42 [INFO] Epoch 4 | Step 2550/2911 | Loss: 2.6485 | InfoNCE: 2.6406 | Fair_img: 0.4207 | Fair_txt: 0.3729 | τ: 0.1154 | Time: 59.9s
02:03:41 [INFO] Epoch 4 | Step 2600/2911 | Loss: 2.6479 | InfoNCE: 2.6405 | Fair_img: 0.3983 | Fair_txt: 0.3468 | τ: 0.1142 | Time: 59.9s
02:04:41 [INFO] Epoch 4 | Step 2650/2911 | Loss: 2.6481 | InfoNCE: 2.6406 | Fair_img: 0.3890 | Fair_txt: 0.3556 | τ: 0.1137 | Time: 59.9s
02:05:41 [INFO] Epoch 4 | Step 2700/2911 | Loss: 2.6484 | InfoNCE: 2.6417 | Fair_img: 0.3335 | Fair_txt: 0.3372 | τ: 0.1104 | Time: 59.9s
02:06:41 [INFO] Epoch 4 | Step 2750/2911 | Loss: 2.8071 | InfoNCE: 2.8004 | Fair_img: 0.3161 | Fair_txt: 0.3514 | τ: 0.1094 | Time: 59.9s
02:07:41 [INFO] Epoch 4 | Step 2800/2911 | Loss: 2.8695 | InfoNCE: 2.8628 | Fair_img: 0.3244 | Fair_txt: 0.3542 | τ: 0.1099 | Time: 59.9s
02:08:41 [INFO] Epoch 4 | Step 2850/2911 | Loss: 2.6477 | InfoNCE: 2.6407 | Fair_img: 0.3636 | Fair_txt: 0.3364 | τ: 0.1122 | Time: 59.9s
02:09:41 [INFO] Epoch 4 | Step 2900/2911 | Loss: 2.6483 | InfoNCE: 2.6412 | Fair_img: 0.3728 | Fair_txt: 0.3340 | τ: 0.1127 | Time: 59.9s
02:26:31 [INFO] Epoch 4 Summary: train_loss=2.7060 | val_loss=1.5813 | lr=9.57e-06
02:26:31 [INFO]   Temperature: mean=0.1120 min=0.0700 max=0.1175
02:26:34 [INFO]   Checkpoint saved: latest.pt (epoch 4)
02:26:34 [INFO]   No improvement for 2/5 epochs
02:26:34 [INFO] 
Epoch 5/30
02:26:34 [INFO] Refitting bias subspace at epoch 5...
02:26:34 [INFO] Fitting bias subspace on training data (Steps IV + V)...
02:26:34 [INFO] This runs once before training starts.
02:26:34 [INFO] Extracting CLIP embeddings for bias subspace fitting...
02:32:04 [INFO]   Processed 5120 / 86744 samples
02:37:34 [INFO]   Processed 10240 / 86744 samples
02:43:04 [INFO]   Processed 15360 / 86744 samples
02:48:33 [INFO]   Processed 20480 / 86744 samples
02:54:03 [INFO]   Processed 25600 / 86744 samples
02:59:31 [INFO]   Processed 30720 / 86744 samples
03:04:59 [INFO]   Processed 35840 / 86744 samples
03:10:29 [INFO]   Processed 40960 / 86744 samples
03:15:59 [INFO]   Processed 46080 / 86744 samples
03:21:29 [INFO]   Processed 51200 / 86744 samples
03:26:59 [INFO]   Processed 56320 / 86744 samples
03:32:28 [INFO]   Processed 61440 / 86744 samples
03:37:58 [INFO]   Processed 66560 / 86744 samples
03:43:27 [INFO]   Processed 71680 / 86744 samples
03:48:56 [INFO]   Processed 76800 / 86744 samples
03:54:25 [INFO]   Processed 81920 / 86744 samples
03:59:55 [INFO]   Processed 87040 / 86744 samples
04:05:24 [INFO]   Processed 92160 / 86744 samples
04:10:54 [INFO]   Processed 97280 / 86744 samples
04:16:24 [INFO]   Processed 102400 / 86744 samples
04:21:53 [INFO]   Processed 107520 / 86744 samples
04:27:23 [INFO]   Processed 112640 / 86744 samples
04:32:53 [INFO]   Processed 117760 / 86744 samples
04:38:22 [INFO]   Processed 122880 / 86744 samples
04:43:52 [INFO]   Processed 128000 / 86744 samples
04:49:22 [INFO]   Processed 133120 / 86744 samples
04:54:51 [INFO]   Processed 138240 / 86744 samples
05:00:20 [INFO]   Processed 143360 / 86744 samples
05:05:50 [INFO]   Processed 148480 / 86744 samples
05:11:19 [INFO]   Processed 153600 / 86744 samples
05:16:49 [INFO]   Processed 158720 / 86744 samples
05:22:18 [INFO]   Processed 163840 / 86744 samples
05:27:48 [INFO]   Processed 168960 / 86744 samples
05:32:40 [INFO] Fitting bias subspace for attribute: gender
05:32:40 [INFO] Fitting image bias subspace for attribute: gender
05:32:40 [INFO]   Input: 86744 embeddings, dim=1024
05:32:40 [INFO]   Group 0: 45986 samples, centroid norm=0.9862
05:32:40 [INFO]   Group 1: 40758 samples, centroid norm=0.9900
05:32:40 [INFO]   Bias direction 1: singular value=0.8781, explained variance=100.0%
05:32:40 [INFO] Image bias subspace discovered: torch.Size([1024, 1])
05:32:40 [INFO] Fitting text bias subspace for attribute: gender
05:32:40 [INFO]   Group 0: 1 samples, centroid norm=1.0000
05:32:40 [INFO]   Group 1: 1 samples, centroid norm=1.0000
05:32:40 [INFO]   Bias direction 1: singular value=0.8621, explained variance=100.0%
05:32:40 [INFO] Text bias subspace discovered: torch.Size([1024, 1])
05:32:40 [INFO] Computing Procrustes alignment...
05:32:40 [INFO]   Reference shape: torch.Size([1024, 1])
05:32:40 [INFO]   Source shape: torch.Size([1024, 1])
05:32:40 [INFO] Alignment complete:
05:32:40 [INFO]   Rotation matrix shape: torch.Size([1, 1])
05:32:40 [INFO]   Alignment error: 0.150520 (lower is better)
05:32:40 [INFO]   det(R) = 1.0000 (should be +1.0 for pure rotation)
05:32:40 [INFO]   Direction 1 cosine similarity after alignment: 0.9887
05:32:40 [INFO] Procrustes alignment quality: {'alignment_error': 0.15051965415477753, 'rotation_det': 1.0, 'is_orthogonal': True}
05:32:40 [INFO] Bias subspace set: image_dirs=torch.Size([1024, 1]), text_dirs=torch.Size([1024, 1])
05:32:40 [INFO] Bias subspace fitted and ready for training
05:32:40 [INFO] Bias subspace fitted successfully
05:32:40 [INFO] GPU cache cleared after fitting. Free now: 2.29 GB
05:32:40 [INFO] GPU cache cleared after fitting. Free now: 2.29 GB
05:32:40 [INFO] GPU memory after fitting: 4.82GB used
05:33:40 [INFO] Epoch 5 | Step 50/2911 | Loss: 2.8230 | InfoNCE: 2.8158 | Fair_img: 0.3753 | Fair_txt: 0.3379 | τ: 0.1129 | Time: 60.2s
05:34:40 [INFO] Epoch 5 | Step 100/2911 | Loss: 2.6485 | InfoNCE: 2.6414 | Fair_img: 0.3883 | Fair_txt: 0.3216 | τ: 0.1136 | Time: 59.9s
05:35:40 [INFO] Epoch 5 | Step 150/2911 | Loss: 2.6487 | InfoNCE: 2.6414 | Fair_img: 0.3889 | Fair_txt: 0.3405 | τ: 0.1137 | Time: 59.9s
05:36:40 [INFO] Epoch 5 | Step 200/2911 | Loss: 2.6685 | InfoNCE: 2.6611 | Fair_img: 0.3660 | Fair_txt: 0.3719 | τ: 0.1123 | Time: 59.9s
05:37:40 [INFO] Epoch 5 | Step 250/2911 | Loss: 2.6507 | InfoNCE: 2.6435 | Fair_img: 0.3568 | Fair_txt: 0.3645 | τ: 0.1118 | Time: 59.9s
05:38:40 [INFO] Epoch 5 | Step 300/2911 | Loss: 2.6482 | InfoNCE: 2.6408 | Fair_img: 0.3849 | Fair_txt: 0.3507 | τ: 0.1134 | Time: 59.9s
05:39:40 [INFO] Epoch 5 | Step 350/2911 | Loss: 3.1180 | InfoNCE: 3.1114 | Fair_img: 0.3001 | Fair_txt: 0.3643 | τ: 0.1083 | Time: 60.0s
05:40:40 [INFO] Epoch 5 | Step 400/2911 | Loss: 2.6482 | InfoNCE: 2.6407 | Fair_img: 0.3881 | Fair_txt: 0.3657 | τ: 0.1136 | Time: 59.9s
05:41:40 [INFO] Epoch 5 | Step 450/2911 | Loss: 2.6485 | InfoNCE: 2.6408 | Fair_img: 0.3902 | Fair_txt: 0.3756 | τ: 0.1137 | Time: 59.9s
05:42:40 [INFO] Epoch 5 | Step 500/2911 | Loss: 2.8682 | InfoNCE: 2.8612 | Fair_img: 0.3320 | Fair_txt: 0.3643 | τ: 0.1103 | Time: 59.9s
05:43:40 [INFO] Epoch 5 | Step 550/2911 | Loss: 2.6478 | InfoNCE: 2.6403 | Fair_img: 0.3801 | Fair_txt: 0.3682 | τ: 0.1132 | Time: 60.0s
05:44:40 [INFO] Epoch 5 | Step 600/2911 | Loss: 2.6514 | InfoNCE: 2.6443 | Fair_img: 0.3706 | Fair_txt: 0.3451 | τ: 0.1126 | Time: 59.9s
05:45:39 [INFO] Epoch 5 | Step 650/2911 | Loss: 3.0433 | InfoNCE: 3.0371 | Fair_img: 0.2745 | Fair_txt: 0.3407 | τ: 0.1067 | Time: 59.9s
05:46:39 [INFO] Epoch 5 | Step 700/2911 | Loss: 2.8766 | InfoNCE: 2.8692 | Fair_img: 0.3496 | Fair_txt: 0.3854 | τ: 0.1114 | Time: 59.9s
05:47:39 [INFO] Epoch 5 | Step 750/2911 | Loss: 2.6484 | InfoNCE: 2.6407 | Fair_img: 0.3925 | Fair_txt: 0.3777 | τ: 0.1139 | Time: 59.9s
05:48:39 [INFO] Epoch 5 | Step 800/2911 | Loss: 2.6483 | InfoNCE: 2.6405 | Fair_img: 0.4011 | Fair_txt: 0.3831 | τ: 0.1143 | Time: 59.9s
05:49:39 [INFO] Epoch 5 | Step 850/2911 | Loss: 2.6480 | InfoNCE: 2.6407 | Fair_img: 0.3808 | Fair_txt: 0.3555 | τ: 0.1132 | Time: 59.9s
05:50:39 [INFO] Epoch 5 | Step 900/2911 | Loss: 2.6480 | InfoNCE: 2.6408 | Fair_img: 0.3719 | Fair_txt: 0.3420 | τ: 0.1127 | Time: 59.9s
05:51:39 [INFO] Epoch 5 | Step 950/2911 | Loss: 2.6480 | InfoNCE: 2.6402 | Fair_img: 0.4042 | Fair_txt: 0.3703 | τ: 0.1145 | Time: 59.9s
05:52:39 [INFO] Epoch 5 | Step 1000/2911 | Loss: 2.6481 | InfoNCE: 2.6410 | Fair_img: 0.3617 | Fair_txt: 0.3552 | τ: 0.1121 | Time: 59.9s
05:53:39 [INFO] Epoch 5 | Step 1050/2911 | Loss: 2.6497 | InfoNCE: 2.6424 | Fair_img: 0.3722 | Fair_txt: 0.3553 | τ: 0.1127 | Time: 59.9s
05:54:39 [INFO] Epoch 5 | Step 1100/2911 | Loss: 2.9060 | InfoNCE: 2.8989 | Fair_img: 0.3311 | Fair_txt: 0.3723 | τ: 0.1103 | Time: 60.0s
05:55:39 [INFO] Epoch 5 | Step 1150/2911 | Loss: 2.6484 | InfoNCE: 2.6411 | Fair_img: 0.3647 | Fair_txt: 0.3637 | τ: 0.1123 | Time: 59.9s
05:56:39 [INFO] Epoch 5 | Step 1200/2911 | Loss: 2.6501 | InfoNCE: 2.6429 | Fair_img: 0.3724 | Fair_txt: 0.3508 | τ: 0.1127 | Time: 60.0s
05:57:39 [INFO] Epoch 5 | Step 1250/2911 | Loss: 2.6482 | InfoNCE: 2.6406 | Fair_img: 0.3947 | Fair_txt: 0.3678 | τ: 0.1140 | Time: 59.9s
05:58:39 [INFO] Epoch 5 | Step 1300/2911 | Loss: 2.6479 | InfoNCE: 2.6404 | Fair_img: 0.3906 | Fair_txt: 0.3552 | τ: 0.1137 | Time: 59.9s
05:59:39 [INFO] Epoch 5 | Step 1350/2911 | Loss: 2.6479 | InfoNCE: 2.6407 | Fair_img: 0.3729 | Fair_txt: 0.3479 | τ: 0.1127 | Time: 59.9s
06:00:39 [INFO] Epoch 5 | Step 1400/2911 | Loss: 2.6482 | InfoNCE: 2.6408 | Fair_img: 0.3810 | Fair_txt: 0.3621 | τ: 0.1132 | Time: 59.9s
06:01:39 [INFO] Epoch 5 | Step 1450/2911 | Loss: 2.6481 | InfoNCE: 2.6409 | Fair_img: 0.3703 | Fair_txt: 0.3432 | τ: 0.1126 | Time: 59.9s
06:02:39 [INFO] Epoch 5 | Step 1500/2911 | Loss: 2.6480 | InfoNCE: 2.6408 | Fair_img: 0.3788 | Fair_txt: 0.3472 | τ: 0.1131 | Time: 59.9s
06:03:39 [INFO] Epoch 5 | Step 1550/2911 | Loss: 2.6482 | InfoNCE: 2.6408 | Fair_img: 0.3819 | Fair_txt: 0.3594 | τ: 0.1133 | Time: 59.9s
06:04:39 [INFO] Epoch 5 | Step 1600/2911 | Loss: 2.6482 | InfoNCE: 2.6409 | Fair_img: 0.3753 | Fair_txt: 0.3474 | τ: 0.1129 | Time: 60.0s
06:05:39 [INFO] Epoch 5 | Step 1650/2911 | Loss: 2.6483 | InfoNCE: 2.6407 | Fair_img: 0.3928 | Fair_txt: 0.3696 | τ: 0.1139 | Time: 60.0s
06:06:38 [INFO] Epoch 5 | Step 1700/2911 | Loss: 2.6483 | InfoNCE: 2.6408 | Fair_img: 0.3848 | Fair_txt: 0.3633 | τ: 0.1134 | Time: 60.0s
06:07:38 [INFO] Epoch 5 | Step 1750/2911 | Loss: 2.6482 | InfoNCE: 2.6407 | Fair_img: 0.3977 | Fair_txt: 0.3578 | τ: 0.1141 | Time: 60.0s
06:08:38 [INFO] Epoch 5 | Step 1800/2911 | Loss: 2.6485 | InfoNCE: 2.6403 | Fair_img: 0.4287 | Fair_txt: 0.3890 | τ: 0.1158 | Time: 60.0s
06:09:38 [INFO] Epoch 5 | Step 1850/2911 | Loss: 2.6487 | InfoNCE: 2.6415 | Fair_img: 0.3736 | Fair_txt: 0.3477 | τ: 0.1128 | Time: 59.9s
06:10:38 [INFO] Epoch 5 | Step 1900/2911 | Loss: 2.6554 | InfoNCE: 2.6482 | Fair_img: 0.3642 | Fair_txt: 0.3626 | τ: 0.1122 | Time: 60.0s
06:11:38 [INFO] Epoch 5 | Step 1950/2911 | Loss: 3.0960 | InfoNCE: 3.0895 | Fair_img: 0.2879 | Fair_txt: 0.3546 | τ: 0.1076 | Time: 60.0s
06:12:38 [INFO] Epoch 5 | Step 2000/2911 | Loss: 2.6481 | InfoNCE: 2.6408 | Fair_img: 0.3746 | Fair_txt: 0.3568 | τ: 0.1128 | Time: 59.9s
06:13:38 [INFO] Epoch 5 | Step 2050/2911 | Loss: 2.6483 | InfoNCE: 2.6409 | Fair_img: 0.3784 | Fair_txt: 0.3630 | τ: 0.1131 | Time: 60.0s
06:14:38 [INFO] Epoch 5 | Step 2100/2911 | Loss: 2.6482 | InfoNCE: 2.6407 | Fair_img: 0.3949 | Fair_txt: 0.3620 | τ: 0.1140 | Time: 59.9s
06:15:38 [INFO] Epoch 5 | Step 2150/2911 | Loss: 2.6480 | InfoNCE: 2.6406 | Fair_img: 0.3754 | Fair_txt: 0.3694 | τ: 0.1129 | Time: 59.9s
06:16:38 [INFO] Epoch 5 | Step 2200/2911 | Loss: 2.9748 | InfoNCE: 2.9685 | Fair_img: 0.2835 | Fair_txt: 0.3539 | τ: 0.1073 | Time: 59.9s
06:17:38 [INFO] Epoch 5 | Step 2250/2911 | Loss: 2.6494 | InfoNCE: 2.6424 | Fair_img: 0.3620 | Fair_txt: 0.3307 | τ: 0.1121 | Time: 59.9s
06:18:38 [INFO] Epoch 5 | Step 2300/2911 | Loss: 2.6477 | InfoNCE: 2.6404 | Fair_img: 0.3671 | Fair_txt: 0.3579 | τ: 0.1124 | Time: 60.0s
06:19:38 [INFO] Epoch 5 | Step 2350/2911 | Loss: 2.6479 | InfoNCE: 2.6405 | Fair_img: 0.3836 | Fair_txt: 0.3607 | τ: 0.1134 | Time: 59.9s
06:20:38 [INFO] Epoch 5 | Step 2400/2911 | Loss: 2.8169 | InfoNCE: 2.8097 | Fair_img: 0.3592 | Fair_txt: 0.3624 | τ: 0.1120 | Time: 59.9s
06:21:38 [INFO] Epoch 5 | Step 2450/2911 | Loss: 2.6612 | InfoNCE: 2.6540 | Fair_img: 0.3534 | Fair_txt: 0.3664 | τ: 0.1116 | Time: 60.0s
06:22:38 [INFO] Epoch 5 | Step 2500/2911 | Loss: 2.6481 | InfoNCE: 2.6407 | Fair_img: 0.3816 | Fair_txt: 0.3613 | τ: 0.1132 | Time: 59.9s
06:23:38 [INFO] Epoch 5 | Step 2550/2911 | Loss: 2.6481 | InfoNCE: 2.6401 | Fair_img: 0.4143 | Fair_txt: 0.3805 | τ: 0.1151 | Time: 59.9s
06:24:38 [INFO] Epoch 5 | Step 2600/2911 | Loss: 2.6482 | InfoNCE: 2.6405 | Fair_img: 0.3962 | Fair_txt: 0.3678 | τ: 0.1141 | Time: 59.9s
06:25:38 [INFO] Epoch 5 | Step 2650/2911 | Loss: 2.6479 | InfoNCE: 2.6403 | Fair_img: 0.3956 | Fair_txt: 0.3686 | τ: 0.1140 | Time: 59.9s
06:26:38 [INFO] Epoch 5 | Step 2700/2911 | Loss: 2.6487 | InfoNCE: 2.6417 | Fair_img: 0.3449 | Fair_txt: 0.3566 | τ: 0.1111 | Time: 59.9s
06:27:37 [INFO] Epoch 5 | Step 2750/2911 | Loss: 2.9383 | InfoNCE: 2.9316 | Fair_img: 0.3030 | Fair_txt: 0.3666 | τ: 0.1085 | Time: 59.9s
06:28:37 [INFO] Epoch 5 | Step 2800/2911 | Loss: 2.8986 | InfoNCE: 2.8920 | Fair_img: 0.3005 | Fair_txt: 0.3576 | τ: 0.1084 | Time: 59.9s
06:29:37 [INFO] Epoch 5 | Step 2850/2911 | Loss: 2.6483 | InfoNCE: 2.6410 | Fair_img: 0.3829 | Fair_txt: 0.3514 | τ: 0.1133 | Time: 59.9s
06:30:37 [INFO] Epoch 5 | Step 2900/2911 | Loss: 2.6478 | InfoNCE: 2.6407 | Fair_img: 0.3759 | Fair_txt: 0.3395 | τ: 0.1129 | Time: 60.0s
06:47:26 [INFO] Epoch 5 Summary: train_loss=2.6950 | val_loss=1.6032 | lr=9.33e-06
06:47:26 [INFO]   Temperature: mean=0.1119 min=0.0700 max=0.1177
06:47:29 [INFO]   Checkpoint saved: latest.pt (epoch 5)
06:47:29 [INFO]   No improvement for 3/5 epochs
06:47:29 [INFO] 
Epoch 6/30
06:48:29 [INFO] Epoch 6 | Step 50/2911 | Loss: 2.7923 | InfoNCE: 2.7855 | Fair_img: 0.3359 | Fair_txt: 0.3457 | τ: 0.1106 | Time: 60.1s
06:49:29 [INFO] Epoch 6 | Step 100/2911 | Loss: 2.6479 | InfoNCE: 2.6401 | Fair_img: 0.4069 | Fair_txt: 0.3761 | τ: 0.1147 | Time: 59.9s
06:50:29 [INFO] Epoch 6 | Step 150/2911 | Loss: 2.6483 | InfoNCE: 2.6405 | Fair_img: 0.4053 | Fair_txt: 0.3789 | τ: 0.1146 | Time: 60.0s
06:51:29 [INFO] Epoch 6 | Step 200/2911 | Loss: 2.6484 | InfoNCE: 2.6406 | Fair_img: 0.3979 | Fair_txt: 0.3762 | τ: 0.1142 | Time: 60.0s
06:52:29 [INFO] Epoch 6 | Step 250/2911 | Loss: 2.6482 | InfoNCE: 2.6404 | Fair_img: 0.4028 | Fair_txt: 0.3713 | τ: 0.1144 | Time: 60.0s
06:53:29 [INFO] Epoch 6 | Step 300/2911 | Loss: 2.6483 | InfoNCE: 2.6407 | Fair_img: 0.4021 | Fair_txt: 0.3628 | τ: 0.1144 | Time: 59.9s
06:54:29 [INFO] Epoch 6 | Step 350/2911 | Loss: 3.1302 | InfoNCE: 3.1236 | Fair_img: 0.2925 | Fair_txt: 0.3749 | τ: 0.1079 | Time: 59.9s
06:55:29 [INFO] Epoch 6 | Step 400/2911 | Loss: 2.6481 | InfoNCE: 2.6407 | Fair_img: 0.3804 | Fair_txt: 0.3610 | τ: 0.1132 | Time: 59.9s
06:56:29 [INFO] Epoch 6 | Step 450/2911 | Loss: 2.6479 | InfoNCE: 2.6401 | Fair_img: 0.3988 | Fair_txt: 0.3778 | τ: 0.1142 | Time: 59.9s
06:57:29 [INFO] Epoch 6 | Step 500/2911 | Loss: 2.8496 | InfoNCE: 2.8424 | Fair_img: 0.3460 | Fair_txt: 0.3728 | τ: 0.1112 | Time: 59.9s
06:58:29 [INFO] Epoch 6 | Step 550/2911 | Loss: 2.6601 | InfoNCE: 2.6527 | Fair_img: 0.3689 | Fair_txt: 0.3712 | τ: 0.1125 | Time: 59.9s
06:59:29 [INFO] Epoch 6 | Step 600/2911 | Loss: 2.6480 | InfoNCE: 2.6406 | Fair_img: 0.3777 | Fair_txt: 0.3603 | τ: 0.1130 | Time: 59.9s
07:00:29 [INFO] Epoch 6 | Step 650/2911 | Loss: 3.1454 | InfoNCE: 3.1391 | Fair_img: 0.2558 | Fair_txt: 0.3672 | τ: 0.1054 | Time: 60.0s
07:01:29 [INFO] Epoch 6 | Step 700/2911 | Loss: 2.8499 | InfoNCE: 2.8427 | Fair_img: 0.3466 | Fair_txt: 0.3690 | τ: 0.1112 | Time: 60.0s
07:02:29 [INFO] Epoch 6 | Step 750/2911 | Loss: 2.6485 | InfoNCE: 2.6407 | Fair_img: 0.3992 | Fair_txt: 0.3804 | τ: 0.1142 | Time: 59.9s
07:03:29 [INFO] Epoch 6 | Step 800/2911 | Loss: 2.6547 | InfoNCE: 2.6471 | Fair_img: 0.3849 | Fair_txt: 0.3767 | τ: 0.1134 | Time: 59.9s
07:04:28 [INFO] Epoch 6 | Step 850/2911 | Loss: 2.6561 | InfoNCE: 2.6490 | Fair_img: 0.3582 | Fair_txt: 0.3541 | τ: 0.1119 | Time: 59.9s
07:05:28 [INFO] Epoch 6 | Step 900/2911 | Loss: 2.6484 | InfoNCE: 2.6408 | Fair_img: 0.3922 | Fair_txt: 0.3714 | τ: 0.1138 | Time: 59.9s
07:06:28 [INFO] Epoch 6 | Step 950/2911 | Loss: 2.8234 | InfoNCE: 2.8160 | Fair_img: 0.3552 | Fair_txt: 0.3811 | τ: 0.1117 | Time: 59.9s
07:07:28 [INFO] Epoch 6 | Step 1000/2911 | Loss: 2.6480 | InfoNCE: 2.6406 | Fair_img: 0.3769 | Fair_txt: 0.3609 | τ: 0.1130 | Time: 60.0s
07:08:28 [INFO] Epoch 6 | Step 1050/2911 | Loss: 2.6482 | InfoNCE: 2.6409 | Fair_img: 0.3694 | Fair_txt: 0.3592 | τ: 0.1125 | Time: 60.0s
07:09:28 [INFO] Epoch 6 | Step 1100/2911 | Loss: 2.8771 | InfoNCE: 2.8701 | Fair_img: 0.3387 | Fair_txt: 0.3673 | τ: 0.1107 | Time: 59.9s
07:10:28 [INFO] Epoch 6 | Step 1150/2911 | Loss: 2.6480 | InfoNCE: 2.6405 | Fair_img: 0.3748 | Fair_txt: 0.3695 | τ: 0.1129 | Time: 59.9s
07:11:28 [INFO] Epoch 6 | Step 1200/2911 | Loss: 2.6483 | InfoNCE: 2.6406 | Fair_img: 0.3976 | Fair_txt: 0.3734 | τ: 0.1141 | Time: 59.9s
07:12:28 [INFO] Epoch 6 | Step 1250/2911 | Loss: 2.6482 | InfoNCE: 2.6404 | Fair_img: 0.4076 | Fair_txt: 0.3719 | τ: 0.1147 | Time: 59.9s
07:13:28 [INFO] Epoch 6 | Step 1300/2911 | Loss: 2.6483 | InfoNCE: 2.6407 | Fair_img: 0.3927 | Fair_txt: 0.3674 | τ: 0.1139 | Time: 59.9s
07:14:28 [INFO] Epoch 6 | Step 1350/2911 | Loss: 2.6481 | InfoNCE: 2.6407 | Fair_img: 0.3776 | Fair_txt: 0.3640 | τ: 0.1130 | Time: 59.9s
07:15:28 [INFO] Epoch 6 | Step 1400/2911 | Loss: 2.6483 | InfoNCE: 2.6408 | Fair_img: 0.3917 | Fair_txt: 0.3631 | τ: 0.1138 | Time: 59.9s
07:16:28 [INFO] Epoch 6 | Step 1450/2911 | Loss: 2.6479 | InfoNCE: 2.6404 | Fair_img: 0.3845 | Fair_txt: 0.3662 | τ: 0.1134 | Time: 59.9s
07:17:28 [INFO] Epoch 6 | Step 1500/2911 | Loss: 2.6485 | InfoNCE: 2.6410 | Fair_img: 0.3805 | Fair_txt: 0.3642 | τ: 0.1132 | Time: 59.9s
07:18:28 [INFO] Epoch 6 | Step 1550/2911 | Loss: 2.6483 | InfoNCE: 2.6407 | Fair_img: 0.3918 | Fair_txt: 0.3736 | τ: 0.1138 | Time: 59.9s
07:19:28 [INFO] Epoch 6 | Step 1600/2911 | Loss: 2.6479 | InfoNCE: 2.6403 | Fair_img: 0.3899 | Fair_txt: 0.3697 | τ: 0.1137 | Time: 59.9s
07:20:28 [INFO] Epoch 6 | Step 1650/2911 | Loss: 2.6484 | InfoNCE: 2.6406 | Fair_img: 0.4091 | Fair_txt: 0.3776 | τ: 0.1148 | Time: 59.9s
07:21:27 [INFO] Epoch 6 | Step 1700/2911 | Loss: 2.6535 | InfoNCE: 2.6461 | Fair_img: 0.3716 | Fair_txt: 0.3662 | τ: 0.1127 | Time: 59.9s
07:22:27 [INFO] Epoch 6 | Step 1750/2911 | Loss: 2.6481 | InfoNCE: 2.6404 | Fair_img: 0.3968 | Fair_txt: 0.3712 | τ: 0.1141 | Time: 59.9s
07:23:27 [INFO] Epoch 6 | Step 1800/2911 | Loss: 2.6482 | InfoNCE: 2.6403 | Fair_img: 0.4127 | Fair_txt: 0.3767 | τ: 0.1150 | Time: 59.9s
07:24:27 [INFO] Epoch 6 | Step 1850/2911 | Loss: 2.6482 | InfoNCE: 2.6407 | Fair_img: 0.3843 | Fair_txt: 0.3650 | τ: 0.1134 | Time: 59.9s
07:25:27 [INFO] Epoch 6 | Step 1900/2911 | Loss: 2.6605 | InfoNCE: 2.6532 | Fair_img: 0.3601 | Fair_txt: 0.3730 | τ: 0.1120 | Time: 59.9s
07:26:27 [INFO] Epoch 6 | Step 1950/2911 | Loss: 3.0931 | InfoNCE: 3.0865 | Fair_img: 0.2948 | Fair_txt: 0.3671 | τ: 0.1080 | Time: 59.9s
07:27:27 [INFO] Epoch 6 | Step 2000/2911 | Loss: 2.6480 | InfoNCE: 2.6406 | Fair_img: 0.3784 | Fair_txt: 0.3596 | τ: 0.1131 | Time: 60.0s
07:28:27 [INFO] Epoch 6 | Step 2050/2911 | Loss: 2.6484 | InfoNCE: 2.6409 | Fair_img: 0.3805 | Fair_txt: 0.3699 | τ: 0.1132 | Time: 59.9s
07:29:27 [INFO] Epoch 6 | Step 2100/2911 | Loss: 2.6480 | InfoNCE: 2.6405 | Fair_img: 0.3906 | Fair_txt: 0.3652 | τ: 0.1137 | Time: 59.9s
07:30:27 [INFO] Epoch 6 | Step 2150/2911 | Loss: 2.6482 | InfoNCE: 2.6405 | Fair_img: 0.3941 | Fair_txt: 0.3779 | τ: 0.1139 | Time: 59.9s
07:31:27 [INFO] Epoch 6 | Step 2200/2911 | Loss: 3.1213 | InfoNCE: 3.1146 | Fair_img: 0.2941 | Fair_txt: 0.3762 | τ: 0.1080 | Time: 59.9s
07:32:27 [INFO] Epoch 6 | Step 2250/2911 | Loss: 2.6480 | InfoNCE: 2.6407 | Fair_img: 0.3793 | Fair_txt: 0.3564 | τ: 0.1131 | Time: 59.9s
07:33:27 [INFO] Epoch 6 | Step 2300/2911 | Loss: 2.6477 | InfoNCE: 2.6403 | Fair_img: 0.3763 | Fair_txt: 0.3634 | τ: 0.1129 | Time: 59.9s
07:34:27 [INFO] Epoch 6 | Step 2350/2911 | Loss: 2.6482 | InfoNCE: 2.6406 | Fair_img: 0.3951 | Fair_txt: 0.3693 | τ: 0.1140 | Time: 59.9s
07:35:27 [INFO] Epoch 6 | Step 2400/2911 | Loss: 2.7492 | InfoNCE: 2.7419 | Fair_img: 0.3611 | Fair_txt: 0.3657 | τ: 0.1121 | Time: 60.0s
07:36:27 [INFO] Epoch 6 | Step 2450/2911 | Loss: 2.6479 | InfoNCE: 2.6403 | Fair_img: 0.3901 | Fair_txt: 0.3701 | τ: 0.1137 | Time: 60.0s
07:37:27 [INFO] Epoch 6 | Step 2500/2911 | Loss: 2.6477 | InfoNCE: 2.6403 | Fair_img: 0.3756 | Fair_txt: 0.3625 | τ: 0.1129 | Time: 59.9s
07:38:27 [INFO] Epoch 6 | Step 2550/2911 | Loss: 2.6483 | InfoNCE: 2.6406 | Fair_img: 0.4029 | Fair_txt: 0.3668 | τ: 0.1144 | Time: 59.9s
07:39:27 [INFO] Epoch 6 | Step 2600/2911 | Loss: 2.6481 | InfoNCE: 2.6404 | Fair_img: 0.4047 | Fair_txt: 0.3660 | τ: 0.1145 | Time: 59.9s
07:40:26 [INFO] Epoch 6 | Step 2650/2911 | Loss: 2.6481 | InfoNCE: 2.6405 | Fair_img: 0.3873 | Fair_txt: 0.3698 | τ: 0.1136 | Time: 59.9s
07:41:26 [INFO] Epoch 6 | Step 2700/2911 | Loss: 2.7696 | InfoNCE: 2.7625 | Fair_img: 0.3405 | Fair_txt: 0.3728 | τ: 0.1108 | Time: 59.9s
07:42:26 [INFO] Epoch 6 | Step 2750/2911 | Loss: 2.6621 | InfoNCE: 2.6547 | Fair_img: 0.3622 | Fair_txt: 0.3770 | τ: 0.1121 | Time: 59.9s
07:43:26 [INFO] Epoch 6 | Step 2800/2911 | Loss: 2.8755 | InfoNCE: 2.8684 | Fair_img: 0.3373 | Fair_txt: 0.3713 | τ: 0.1107 | Time: 59.9s
07:44:26 [INFO] Epoch 6 | Step 2850/2911 | Loss: 2.6478 | InfoNCE: 2.6405 | Fair_img: 0.3807 | Fair_txt: 0.3468 | τ: 0.1132 | Time: 59.9s
07:45:26 [INFO] Epoch 6 | Step 2900/2911 | Loss: 2.6486 | InfoNCE: 2.6416 | Fair_img: 0.3729 | Fair_txt: 0.3343 | τ: 0.1127 | Time: 59.9s
08:02:13 [INFO] Epoch 6 Summary: train_loss=2.6832 | val_loss=1.6062 | lr=9.05e-06
08:02:13 [INFO]   Temperature: mean=0.1125 min=0.0700 max=0.1158
08:02:17 [INFO]   Checkpoint saved: latest.pt (epoch 6)
08:02:17 [INFO]   No improvement for 4/5 epochs
08:02:17 [INFO] 
Epoch 7/30
08:03:17 [INFO] Epoch 7 | Step 50/2911 | Loss: 2.6751 | InfoNCE: 2.6680 | Fair_img: 0.3507 | Fair_txt: 0.3605 | τ: 0.1115 | Time: 60.2s
08:04:17 [INFO] Epoch 7 | Step 100/2911 | Loss: 2.6480 | InfoNCE: 2.6403 | Fair_img: 0.3941 | Fair_txt: 0.3739 | τ: 0.1139 | Time: 60.0s
08:05:17 [INFO] Epoch 7 | Step 150/2911 | Loss: 2.6484 | InfoNCE: 2.6408 | Fair_img: 0.3965 | Fair_txt: 0.3718 | τ: 0.1141 | Time: 59.9s
08:06:17 [INFO] Epoch 7 | Step 200/2911 | Loss: 2.6483 | InfoNCE: 2.6405 | Fair_img: 0.4007 | Fair_txt: 0.3824 | τ: 0.1143 | Time: 59.9s
08:07:17 [INFO] Epoch 7 | Step 250/2911 | Loss: 2.6483 | InfoNCE: 2.6407 | Fair_img: 0.3903 | Fair_txt: 0.3706 | τ: 0.1137 | Time: 59.9s
08:08:17 [INFO] Epoch 7 | Step 300/2911 | Loss: 2.6480 | InfoNCE: 2.6405 | Fair_img: 0.3952 | Fair_txt: 0.3621 | τ: 0.1140 | Time: 59.9s
08:09:17 [INFO] Epoch 7 | Step 350/2911 | Loss: 3.1847 | InfoNCE: 3.1782 | Fair_img: 0.2698 | Fair_txt: 0.3808 | τ: 0.1064 | Time: 60.0s
08:10:17 [INFO] Epoch 7 | Step 400/2911 | Loss: 2.6483 | InfoNCE: 2.6407 | Fair_img: 0.4007 | Fair_txt: 0.3660 | τ: 0.1143 | Time: 59.9s
08:11:17 [INFO] Epoch 7 | Step 450/2911 | Loss: 2.6479 | InfoNCE: 2.6403 | Fair_img: 0.3930 | Fair_txt: 0.3726 | τ: 0.1139 | Time: 60.0s
08:12:17 [INFO] Epoch 7 | Step 500/2911 | Loss: 2.8387 | InfoNCE: 2.8314 | Fair_img: 0.3561 | Fair_txt: 0.3739 | τ: 0.1118 | Time: 59.9s
08:13:17 [INFO] Epoch 7 | Step 550/2911 | Loss: 2.6479 | InfoNCE: 2.6404 | Fair_img: 0.3755 | Fair_txt: 0.3770 | τ: 0.1129 | Time: 59.9s
08:14:16 [INFO] Epoch 7 | Step 600/2911 | Loss: 2.7064 | InfoNCE: 2.6990 | Fair_img: 0.3654 | Fair_txt: 0.3758 | τ: 0.1123 | Time: 60.0s
08:15:16 [INFO] Epoch 7 | Step 650/2911 | Loss: 2.9242 | InfoNCE: 2.9174 | Fair_img: 0.3074 | Fair_txt: 0.3708 | τ: 0.1088 | Time: 59.9s
08:16:16 [INFO] Epoch 7 | Step 700/2911 | Loss: 2.8731 | InfoNCE: 2.8659 | Fair_img: 0.3395 | Fair_txt: 0.3790 | τ: 0.1108 | Time: 60.0s
08:17:16 [INFO] Epoch 7 | Step 750/2911 | Loss: 2.6488 | InfoNCE: 2.6411 | Fair_img: 0.3882 | Fair_txt: 0.3795 | τ: 0.1136 | Time: 59.9s
08:18:16 [INFO] Epoch 7 | Step 800/2911 | Loss: 2.6481 | InfoNCE: 2.6403 | Fair_img: 0.4020 | Fair_txt: 0.3775 | τ: 0.1144 | Time: 59.9s
08:19:16 [INFO] Epoch 7 | Step 850/2911 | Loss: 2.6491 | InfoNCE: 2.6417 | Fair_img: 0.3775 | Fair_txt: 0.3656 | τ: 0.1130 | Time: 59.9s
08:20:16 [INFO] Epoch 7 | Step 900/2911 | Loss: 2.6482 | InfoNCE: 2.6405 | Fair_img: 0.3969 | Fair_txt: 0.3705 | τ: 0.1141 | Time: 59.9s
08:21:16 [INFO] Epoch 7 | Step 950/2911 | Loss: 2.6495 | InfoNCE: 2.6419 | Fair_img: 0.3865 | Fair_txt: 0.3792 | τ: 0.1135 | Time: 59.9s
08:22:16 [INFO] Epoch 7 | Step 1000/2911 | Loss: 2.6482 | InfoNCE: 2.6405 | Fair_img: 0.3922 | Fair_txt: 0.3781 | τ: 0.1138 | Time: 59.9s
08:23:16 [INFO] Epoch 7 | Step 1050/2911 | Loss: 2.6481 | InfoNCE: 2.6404 | Fair_img: 0.3888 | Fair_txt: 0.3806 | τ: 0.1136 | Time: 59.9s
08:24:16 [INFO] Epoch 7 | Step 1100/2911 | Loss: 2.7886 | InfoNCE: 2.7815 | Fair_img: 0.3411 | Fair_txt: 0.3746 | τ: 0.1109 | Time: 59.9s
08:25:16 [INFO] Epoch 7 | Step 1150/2911 | Loss: 2.6483 | InfoNCE: 2.6408 | Fair_img: 0.3816 | Fair_txt: 0.3686 | τ: 0.1132 | Time: 59.9s
08:26:16 [INFO] Epoch 7 | Step 1200/2911 | Loss: 2.6477 | InfoNCE: 2.6405 | Fair_img: 0.3740 | Fair_txt: 0.3507 | τ: 0.1128 | Time: 59.9s
08:27:16 [INFO] Epoch 7 | Step 1250/2911 | Loss: 2.6486 | InfoNCE: 2.6408 | Fair_img: 0.3923 | Fair_txt: 0.3809 | τ: 0.1138 | Time: 59.9s
08:28:16 [INFO] Epoch 7 | Step 1300/2911 | Loss: 2.6480 | InfoNCE: 2.6403 | Fair_img: 0.3934 | Fair_txt: 0.3741 | τ: 0.1139 | Time: 59.9s
08:29:16 [INFO] Epoch 7 | Step 1350/2911 | Loss: 2.6480 | InfoNCE: 2.6402 | Fair_img: 0.3974 | Fair_txt: 0.3812 | τ: 0.1141 | Time: 60.0s
08:30:16 [INFO] Epoch 7 | Step 1400/2911 | Loss: 2.6480 | InfoNCE: 2.6405 | Fair_img: 0.3852 | Fair_txt: 0.3693 | τ: 0.1134 | Time: 59.9s
08:31:16 [INFO] Epoch 7 | Step 1450/2911 | Loss: 2.6481 | InfoNCE: 2.6404 | Fair_img: 0.3884 | Fair_txt: 0.3805 | τ: 0.1136 | Time: 59.9s
08:32:15 [INFO] Epoch 7 | Step 1500/2911 | Loss: 2.6482 | InfoNCE: 2.6405 | Fair_img: 0.3904 | Fair_txt: 0.3780 | τ: 0.1137 | Time: 59.9s
08:33:15 [INFO] Epoch 7 | Step 1550/2911 | Loss: 2.6481 | InfoNCE: 2.6403 | Fair_img: 0.3911 | Fair_txt: 0.3796 | τ: 0.1138 | Time: 59.9s
08:34:15 [INFO] Epoch 7 | Step 1600/2911 | Loss: 2.8224 | InfoNCE: 2.8151 | Fair_img: 0.3483 | Fair_txt: 0.3791 | τ: 0.1113 | Time: 59.9s
08:35:15 [INFO] Epoch 7 | Step 1650/2911 | Loss: 2.6477 | InfoNCE: 2.6403 | Fair_img: 0.3800 | Fair_txt: 0.3655 | τ: 0.1132 | Time: 60.0s
08:36:15 [INFO] Epoch 7 | Step 1700/2911 | Loss: 2.6481 | InfoNCE: 2.6404 | Fair_img: 0.3860 | Fair_txt: 0.3788 | τ: 0.1135 | Time: 59.9s
08:37:15 [INFO] Epoch 7 | Step 1750/2911 | Loss: 2.6483 | InfoNCE: 2.6406 | Fair_img: 0.3977 | Fair_txt: 0.3743 | τ: 0.1141 | Time: 59.9s
08:38:15 [INFO] Epoch 7 | Step 1800/2911 | Loss: 2.6483 | InfoNCE: 2.6406 | Fair_img: 0.3967 | Fair_txt: 0.3795 | τ: 0.1141 | Time: 59.9s
08:39:15 [INFO] Epoch 7 | Step 1850/2911 | Loss: 2.6480 | InfoNCE: 2.6406 | Fair_img: 0.3829 | Fair_txt: 0.3636 | τ: 0.1133 | Time: 59.9s
08:40:15 [INFO] Epoch 7 | Step 1900/2911 | Loss: 2.6484 | InfoNCE: 2.6408 | Fair_img: 0.3859 | Fair_txt: 0.3722 | τ: 0.1135 | Time: 59.9s
08:41:15 [INFO] Epoch 7 | Step 1950/2911 | Loss: 2.7772 | InfoNCE: 2.7701 | Fair_img: 0.3495 | Fair_txt: 0.3676 | τ: 0.1114 | Time: 59.9s
08:42:15 [INFO] Epoch 7 | Step 2000/2911 | Loss: 2.6477 | InfoNCE: 2.6402 | Fair_img: 0.3840 | Fair_txt: 0.3664 | τ: 0.1134 | Time: 59.9s
08:43:15 [INFO] Epoch 7 | Step 2050/2911 | Loss: 2.6478 | InfoNCE: 2.6401 | Fair_img: 0.3981 | Fair_txt: 0.3757 | τ: 0.1142 | Time: 59.9s
08:44:15 [INFO] Epoch 7 | Step 2100/2911 | Loss: 2.6484 | InfoNCE: 2.6406 | Fair_img: 0.4013 | Fair_txt: 0.3845 | τ: 0.1143 | Time: 59.9s
08:45:15 [INFO] Epoch 7 | Step 2150/2911 | Loss: 2.6480 | InfoNCE: 2.6403 | Fair_img: 0.3906 | Fair_txt: 0.3731 | τ: 0.1137 | Time: 59.9s
08:46:15 [INFO] Epoch 7 | Step 2200/2911 | Loss: 2.8885 | InfoNCE: 2.8814 | Fair_img: 0.3308 | Fair_txt: 0.3821 | τ: 0.1103 | Time: 59.9s
08:47:15 [INFO] Epoch 7 | Step 2250/2911 | Loss: 2.6479 | InfoNCE: 2.6401 | Fair_img: 0.3977 | Fair_txt: 0.3784 | τ: 0.1141 | Time: 59.9s
08:48:15 [INFO] Epoch 7 | Step 2300/2911 | Loss: 2.6483 | InfoNCE: 2.6406 | Fair_img: 0.4027 | Fair_txt: 0.3765 | τ: 0.1144 | Time: 59.9s
08:49:15 [INFO] Epoch 7 | Step 2350/2911 | Loss: 2.6479 | InfoNCE: 2.6403 | Fair_img: 0.3902 | Fair_txt: 0.3766 | τ: 0.1137 | Time: 59.9s
08:50:15 [INFO] Epoch 7 | Step 2400/2911 | Loss: 2.6484 | InfoNCE: 2.6407 | Fair_img: 0.4053 | Fair_txt: 0.3731 | τ: 0.1146 | Time: 59.9s
08:51:14 [INFO] Epoch 7 | Step 2450/2911 | Loss: 2.6510 | InfoNCE: 2.6437 | Fair_img: 0.3592 | Fair_txt: 0.3669 | τ: 0.1120 | Time: 59.9s
08:52:14 [INFO] Epoch 7 | Step 2500/2911 | Loss: 2.6484 | InfoNCE: 2.6407 | Fair_img: 0.3885 | Fair_txt: 0.3749 | τ: 0.1136 | Time: 59.9s
08:53:14 [INFO] Epoch 7 | Step 2550/2911 | Loss: 2.6481 | InfoNCE: 2.6403 | Fair_img: 0.4016 | Fair_txt: 0.3749 | τ: 0.1144 | Time: 59.9s
08:54:14 [INFO] Epoch 7 | Step 2600/2911 | Loss: 2.6483 | InfoNCE: 2.6405 | Fair_img: 0.3967 | Fair_txt: 0.3816 | τ: 0.1141 | Time: 59.9s
08:55:14 [INFO] Epoch 7 | Step 2650/2911 | Loss: 2.6480 | InfoNCE: 2.6403 | Fair_img: 0.3896 | Fair_txt: 0.3730 | τ: 0.1137 | Time: 59.9s
08:56:14 [INFO] Epoch 7 | Step 2700/2911 | Loss: 2.6480 | InfoNCE: 2.6405 | Fair_img: 0.3844 | Fair_txt: 0.3663 | τ: 0.1134 | Time: 60.0s
08:57:14 [INFO] Epoch 7 | Step 2750/2911 | Loss: 2.6479 | InfoNCE: 2.6403 | Fair_img: 0.3866 | Fair_txt: 0.3729 | τ: 0.1135 | Time: 59.9s
08:58:14 [INFO] Epoch 7 | Step 2800/2911 | Loss: 2.7872 | InfoNCE: 2.7799 | Fair_img: 0.3462 | Fair_txt: 0.3809 | τ: 0.1112 | Time: 59.9s
08:59:14 [INFO] Epoch 7 | Step 2850/2911 | Loss: 2.6480 | InfoNCE: 2.6405 | Fair_img: 0.3905 | Fair_txt: 0.3668 | τ: 0.1137 | Time: 60.0s
09:00:14 [INFO] Epoch 7 | Step 2900/2911 | Loss: 2.6481 | InfoNCE: 2.6407 | Fair_img: 0.3853 | Fair_txt: 0.3561 | τ: 0.1135 | Time: 59.9s
09:17:02 [INFO] Epoch 7 Summary: train_loss=2.6703 | val_loss=1.6159 | lr=8.72e-06
09:17:02 [INFO]   Temperature: mean=0.1127 min=0.0700 max=0.1152
09:17:05 [INFO]   Checkpoint saved: latest.pt (epoch 7)
09:17:05 [INFO]   No improvement for 5/5 epochs
09:17:05 [INFO] Early stopping triggered at epoch 7!
09:17:05 [INFO] Best val loss: 1.5539 (epoch 2)
09:17:05 [INFO] 
Training complete!
09:17:05 [INFO] Best val loss: 1.5539
09:17:05 [INFO] Checkpoints saved to: results/checkpoints/fairface/ViT-H_14/gender/seed456
