03:08:10 [INFO] ============================================================
03:08:10 [INFO] FairCLIP Training
03:08:10 [INFO] Attribute: age
03:08:10 [INFO] Backbone:  ViT-H/14
03:08:10 [INFO] Epochs:    30
03:08:10 [INFO] Batch:     64
03:08:10 [INFO] Lambda:    0.5
03:08:10 [INFO] Device:    cuda
03:08:10 [INFO] Seed:      123
03:08:10 [INFO] ============================================================
03:08:10 [INFO] Dataset: fairface  manifest: results/manifests/fairface.csv
03:08:10 [INFO] Loaded manifest fairface.csv: 97698 rows
03:08:10 [INFO] Filtered to split='train': 86744 rows
03:08:11 [INFO] Loaded manifest fairface.csv: 97698 rows
03:08:11 [INFO] Filtered to split='val': 10954 rows
03:08:11 [INFO] Using 14 samples/group × 9 groups = 126 effective batch size
03:08:11 [INFO]   Group 0: 1792 samples (2.1%)
03:08:11 [INFO]   Group 1: 10408 samples (12.0%)
03:08:11 [INFO]   Group 2: 9103 samples (10.5%)
03:08:11 [INFO]   Group 3: 25598 samples (29.5%)
03:08:11 [INFO]   Group 4: 19250 samples (22.2%)
03:08:11 [INFO]   Group 5: 10744 samples (12.4%)
03:08:11 [INFO]   Group 6: 6228 samples (7.2%)
03:08:11 [INFO]   Group 7: 2779 samples (3.2%)
03:08:11 [INFO]   Group 8: 842 samples (1.0%)
03:08:11 [INFO] DemographicBalancedSampler: 9 groups, 14/group, 60 batches/epoch, effective batch size 126
03:08:11 [INFO] Train: 86744 samples
03:08:11 [INFO] Val:   10954 samples
03:08:11 [INFO] ============================================================
03:08:11 [INFO] Initializing FairCLIP
03:08:11 [INFO]   Backbone: ViT-H/14
03:08:11 [INFO]   Bias directions: 8
03:08:11 [INFO]   Lambda fair: img=0.5, txt=0.5
03:08:11 [INFO]   Temperature: base=0.07, alpha=0.5
03:08:11 [INFO] ============================================================
03:08:11 [INFO] Loading CLIP backbone: ViT-H/14
03:08:11 [INFO] Embedding dimension: 1024
03:08:11 [INFO] Device: cuda
03:08:11 [INFO] Parsing model identifier. Schema: None, Identifier: ViT-H-14
03:08:11 [INFO] Loaded built-in ViT-H-14 model config.
03:08:11 [INFO] HTTP Request: HEAD https://huggingface.co/laion/CLIP-ViT-H-14-laion2B-s32B-b79K/resolve/main/open_clip_model.safetensors "HTTP/1.1 302 Found"
03:08:11 [INFO] Instantiating model architecture: CLIP
03:08:17 [INFO] Loading full pretrained weights from: /home/ayeshakalsoom/.cache/huggingface/hub/models--laion--CLIP-ViT-H-14-laion2B-s32B-b79K/snapshots/1c2b8495b28150b8a4922ee1c8edee224c284c0c/open_clip_model.safetensors
03:08:17 [INFO] Final image preprocessing configuration set: {'size': (224, 224), 'mode': 'RGB', 'mean': (0.48145466, 0.4578275, 0.40821073), 'std': (0.26862954, 0.26130258, 0.27577711), 'interpolation': 'bicubic', 'resize_mode': 'shortest', 'fill_color': 0}
03:08:17 [INFO] Model ViT-H-14 creation process complete.
03:08:17 [INFO] Loaded OpenCLIP successfully
03:08:17 [INFO] Gradient checkpointing ENABLED (memory saving)
03:08:17 [INFO] Parsing tokenizer identifier. Schema: None, Identifier: ViT-H-14
03:08:17 [INFO] Attempting to load config from built-in: ViT-H-14
03:08:17 [INFO] Using default SimpleTokenizer.
03:08:17 [INFO] Backbone frozen — CLIP weights will not be updated
03:08:17 [INFO] BiasSubspaceDiscoverer initialized with 8 bias directions
03:08:17 [INFO] FairnessAwareLoss initialized: λ_img=0.5, λ_txt=0.5
03:08:17 [INFO] AdaptiveTemperatureController: τ_base=0.07, α=0.5, range=[0.01, 0.5]
03:08:17 [INFO] Fitting bias subspace on training data (Steps IV + V)...
03:08:17 [INFO] This runs once before training starts.
03:08:17 [INFO] Extracting CLIP embeddings for bias subspace fitting...
03:13:55 [INFO]   Processed 5120 / 86744 samples
03:19:31 [INFO]   Processed 10240 / 86744 samples
03:25:07 [INFO]   Processed 15360 / 86744 samples
03:30:44 [INFO]   Processed 20480 / 86744 samples
03:36:20 [INFO]   Processed 25600 / 86744 samples
03:41:56 [INFO]   Processed 30720 / 86744 samples
03:47:33 [INFO]   Processed 35840 / 86744 samples
03:53:09 [INFO]   Processed 40960 / 86744 samples
03:58:45 [INFO]   Processed 46080 / 86744 samples
04:04:21 [INFO]   Processed 51200 / 86744 samples
04:09:58 [INFO]   Processed 56320 / 86744 samples
04:15:34 [INFO]   Processed 61440 / 86744 samples
04:21:11 [INFO]   Processed 66560 / 86744 samples
04:26:47 [INFO]   Processed 71680 / 86744 samples
04:32:23 [INFO]   Processed 76800 / 86744 samples
04:38:00 [INFO]   Processed 81920 / 86744 samples
04:43:36 [INFO]   Processed 87040 / 86744 samples
04:49:13 [INFO]   Processed 92160 / 86744 samples
04:54:49 [INFO]   Processed 97280 / 86744 samples
05:00:26 [INFO]   Processed 102400 / 86744 samples
05:06:02 [INFO]   Processed 107520 / 86744 samples
05:11:39 [INFO]   Processed 112640 / 86744 samples
05:17:15 [INFO]   Processed 117760 / 86744 samples
05:22:51 [INFO]   Processed 122880 / 86744 samples
05:28:28 [INFO]   Processed 128000 / 86744 samples
05:34:04 [INFO]   Processed 133120 / 86744 samples
05:39:41 [INFO]   Processed 138240 / 86744 samples
05:45:17 [INFO]   Processed 143360 / 86744 samples
05:50:53 [INFO]   Processed 148480 / 86744 samples
05:56:29 [INFO]   Processed 153600 / 86744 samples
06:02:06 [INFO]   Processed 158720 / 86744 samples
06:07:42 [INFO]   Processed 163840 / 86744 samples
06:13:19 [INFO]   Processed 168960 / 86744 samples
06:18:17 [INFO] Fitting bias subspace for attribute: age
06:18:17 [INFO] Fitting image bias subspace for attribute: age
06:18:17 [INFO]   Input: 86744 embeddings, dim=1024
06:18:17 [INFO]   Group 0: 1792 samples, centroid norm=0.7444
06:18:17 [INFO]   Group 1: 10408 samples, centroid norm=0.7197
06:18:17 [INFO]   Group 2: 9103 samples, centroid norm=0.6784
06:18:17 [INFO]   Group 3: 25598 samples, centroid norm=0.6560
06:18:17 [INFO]   Group 4: 19250 samples, centroid norm=0.6552
06:18:17 [INFO]   Group 5: 10744 samples, centroid norm=0.6596
06:18:17 [INFO]   Group 6: 6228 samples, centroid norm=0.6635
06:18:17 [INFO]   Group 7: 2779 samples, centroid norm=0.6658
06:18:17 [INFO]   Group 8: 842 samples, centroid norm=0.6932
06:18:17 [INFO]   Bias direction 1: singular value=0.5826, explained variance=48.7%
06:18:17 [INFO]   Bias direction 2: singular value=0.4925, explained variance=34.8%
06:18:17 [INFO]   Bias direction 3: singular value=0.2555, explained variance=9.4%
06:18:17 [INFO]   Bias direction 4: singular value=0.1906, explained variance=5.2%
06:18:17 [INFO]   Bias direction 5: singular value=0.0902, explained variance=1.2%
06:18:17 [INFO]   Bias direction 6: singular value=0.0592, explained variance=0.5%
06:18:17 [INFO]   Bias direction 7: singular value=0.0298, explained variance=0.1%
06:18:17 [INFO]   Bias direction 8: singular value=0.0110, explained variance=0.0%
06:18:17 [INFO] Image bias subspace discovered: torch.Size([1024, 8])
06:18:17 [INFO] Fitting text bias subspace for attribute: age
06:18:17 [INFO]   Group 0: 1 samples, centroid norm=1.0000
06:18:17 [INFO]   Group 1: 1 samples, centroid norm=1.0000
06:18:17 [INFO]   Group 2: 1 samples, centroid norm=1.0000
06:18:17 [INFO]   Group 3: 1 samples, centroid norm=1.0000
06:18:17 [INFO]   Group 4: 1 samples, centroid norm=1.0000
06:18:17 [INFO]   Bias direction 1: singular value=0.4401, explained variance=37.0%
06:18:17 [INFO]   Bias direction 2: singular value=0.3887, explained variance=28.9%
06:18:17 [INFO]   Bias direction 3: singular value=0.3222, explained variance=19.9%
06:18:17 [INFO]   Bias direction 4: singular value=0.2726, explained variance=14.2%
06:18:17 [INFO] Text bias subspace discovered: torch.Size([1024, 4])
06:18:17 [INFO] Computing Procrustes alignment...
06:18:17 [INFO]   Reference shape: torch.Size([1024, 4])
06:18:17 [INFO]   Source shape: torch.Size([1024, 4])
06:18:17 [INFO] Alignment complete:
06:18:17 [INFO]   Rotation matrix shape: torch.Size([4, 4])
06:18:17 [INFO]   Alignment error: 1.178820 (lower is better)
06:18:17 [INFO]   det(R) = 1.0000 (should be +1.0 for pure rotation)
06:18:17 [INFO]   Direction 1 cosine similarity after alignment: 0.4754
06:18:17 [INFO]   Direction 2 cosine similarity after alignment: 0.2640
06:18:17 [INFO]   Direction 3 cosine similarity after alignment: 0.1796
06:18:17 [INFO]   Direction 4 cosine similarity after alignment: 0.2838
06:18:17 [INFO] Procrustes alignment quality: {'alignment_error': 1.1788198947906494, 'rotation_det': 0.9999995827674866, 'is_orthogonal': True}
06:18:17 [INFO] Bias subspace set: image_dirs=torch.Size([1024, 4]), text_dirs=torch.Size([1024, 4])
06:18:17 [INFO] Retrieval-skew loss wired with 8 neutral queries
06:18:17 [INFO] Bias subspace fitted and ready for training
06:18:17 [INFO] Bias subspace fitted successfully
06:18:17 [INFO] GPU cache cleared after fitting. Free now: 3.65 GB
06:18:17 [INFO] GPU cache cleared after fitting. Free now: 3.65 GB
06:18:17 [INFO] GPU memory after fitting: 4.01GB used
06:18:17 [INFO] Trainable parameters: 66,906,624 (last 2 layers only)
06:18:18 [INFO] Loaded 50000 COCO captions for race contrastive training
06:18:18 [INFO] Starting training...
06:18:18 [INFO] No checkpoint found — starting fresh.
06:18:18 [INFO] 
Epoch 1/30
06:21:37 [INFO] Epoch 1 | Step 50/60 | Loss: 4.6298 | InfoNCE: 4.5526 | Fair_img: 0.0578 | Fair_txt: 0.0966 | Retr: 0.0000 | τ: 0.0822 | Time: 198.3s
06:35:58 [INFO] Epoch 1 Summary: train_loss=4.7867 | val_loss=3.8527 | lr=9.97e-06
06:35:58 [INFO]   Temperature: mean=0.0868 min=0.0782 max=0.0978
06:36:01 [INFO]   Checkpoint saved: latest.pt (epoch 1)
06:36:03 [INFO]   New best model saved (epoch 1)
06:36:03 [INFO] 
Epoch 2/30
06:39:20 [INFO] Epoch 2 | Step 50/60 | Loss: 4.3774 | InfoNCE: 4.2155 | Fair_img: 0.1521 | Fair_txt: 0.1717 | Retr: 0.0000 | τ: 0.0897 | Time: 198.0s
06:53:43 [INFO] Epoch 2 Summary: train_loss=4.3853 | val_loss=3.6915 | lr=9.89e-06
06:53:43 [INFO]   Temperature: mean=0.0927 min=0.0848 max=0.1037
06:53:46 [INFO]   Checkpoint saved: latest.pt (epoch 2)
06:53:49 [INFO]   New best model saved (epoch 2)
06:53:49 [INFO] 
Epoch 3/30
06:57:07 [INFO] Epoch 3 | Step 50/60 | Loss: 4.2391 | InfoNCE: 4.0675 | Fair_img: 0.1646 | Fair_txt: 0.1785 | Retr: 0.0000 | τ: 0.0908 | Time: 197.9s
07:11:29 [INFO] Epoch 3 Summary: train_loss=4.2526 | val_loss=3.6787 | lr=9.76e-06
07:11:29 [INFO]   Temperature: mean=0.0946 min=0.0894 max=0.1067
07:11:33 [INFO]   Checkpoint saved: latest.pt (epoch 3)
07:11:35 [INFO]   New best model saved (epoch 3)
07:11:35 [INFO] 
Epoch 4/30
07:14:54 [INFO] Epoch 4 | Step 50/60 | Loss: 4.1166 | InfoNCE: 3.9381 | Fair_img: 0.1689 | Fair_txt: 0.1881 | Retr: 0.0000 | τ: 0.0911 | Time: 198.3s
07:29:16 [INFO] Epoch 4 Summary: train_loss=4.1343 | val_loss=3.7075 | lr=9.57e-06
07:29:16 [INFO]   Temperature: mean=0.0959 min=0.0904 max=0.1095
07:29:20 [INFO]   Checkpoint saved: latest.pt (epoch 4)
07:29:20 [INFO]   No improvement for 1/3 epochs
07:29:20 [INFO] 
Epoch 5/30
07:32:37 [INFO] Epoch 5 | Step 50/60 | Loss: 3.9801 | InfoNCE: 3.7966 | Fair_img: 0.1706 | Fair_txt: 0.1965 | Retr: 0.0000 | τ: 0.0913 | Time: 197.9s
07:47:00 [INFO] Epoch 5 Summary: train_loss=3.9839 | val_loss=3.7497 | lr=9.33e-06
07:47:00 [INFO]   Temperature: mean=0.0965 min=0.0907 max=0.1115
07:47:03 [INFO]   Checkpoint saved: latest.pt (epoch 5)
07:47:03 [INFO]   No improvement for 2/3 epochs
07:47:03 [INFO] 
Epoch 6/30
07:50:22 [INFO] Epoch 6 | Step 50/60 | Loss: 3.7764 | InfoNCE: 3.5924 | Fair_img: 0.1634 | Fair_txt: 0.2045 | Retr: 0.0000 | τ: 0.0909 | Time: 198.3s
08:04:44 [INFO] Epoch 6 Summary: train_loss=3.8104 | val_loss=3.7913 | lr=9.05e-06
08:04:44 [INFO]   Temperature: mean=0.0964 min=0.0902 max=0.1120
08:04:48 [INFO]   Checkpoint saved: latest.pt (epoch 6)
08:04:48 [INFO]   No improvement for 3/3 epochs
08:04:48 [INFO] Early stopping triggered at epoch 6!
08:04:48 [INFO] Best val loss: 3.6787 (epoch 3)
08:04:48 [INFO] 
Training complete!
08:04:48 [INFO] Best val loss: 3.6787
08:04:48 [INFO] Checkpoints saved to: results/checkpoints_procfix/fairface/ViT-H_14/age/seed123
