19:56:26 [INFO] ============================================================
19:56:26 [INFO] FairCLIP Training
19:56:26 [INFO] Attribute: gender
19:56:26 [INFO] Backbone:  ViT-H/14
19:56:26 [INFO] Epochs:    30
19:56:26 [INFO] Batch:     64
19:56:26 [INFO] Lambda:    0.01
19:56:26 [INFO] Device:    cuda
19:56:26 [INFO] Seed:      123
19:56:26 [INFO] ============================================================
19:56:26 [INFO] Dataset: fairface  manifest: results/manifests/fairface.csv
19:56:26 [INFO] Loaded manifest fairface.csv: 97698 rows
19:56:26 [INFO] Filtered to split='train': 86744 rows
19:56:26 [INFO] Loaded manifest fairface.csv: 97698 rows
19:56:26 [INFO] Filtered to split='val': 10954 rows
19:56:26 [INFO] Using 32 samples/group × 2 groups = 64 effective batch size
19:56:26 [INFO]   Group 0: 45986 samples (53.0%)
19:56:26 [INFO]   Group 1: 40758 samples (47.0%)
19:56:26 [INFO] DemographicBalancedSampler: 2 groups, 32/group, 1273 batches/epoch, effective batch size 64
19:56:26 [INFO] Train: 86744 samples
19:56:26 [INFO] Val:   10954 samples
19:56:26 [INFO] ============================================================
19:56:26 [INFO] Initializing FairCLIP
19:56:26 [INFO]   Backbone: ViT-H/14
19:56:26 [INFO]   Bias directions: 8
19:56:26 [INFO]   Lambda fair: img=0.01, txt=0.01
19:56:26 [INFO]   Temperature: base=0.07, alpha=0.5
19:56:26 [INFO] ============================================================
19:56:26 [INFO] Loading CLIP backbone: ViT-H/14
19:56:26 [INFO] Embedding dimension: 1024
19:56:26 [INFO] Device: cuda
19:56:27 [INFO] Parsing model identifier. Schema: None, Identifier: ViT-H-14
19:56:27 [INFO] Loaded built-in ViT-H-14 model config.
19:56:27 [INFO] HTTP Request: GET https://huggingface.co/api/agent-harnesses "HTTP/1.1 200 OK"
19:56:28 [INFO] HTTP Request: HEAD https://huggingface.co/laion/CLIP-ViT-H-14-laion2B-s32B-b79K/resolve/main/open_clip_model.safetensors "HTTP/1.1 302 Found"
19:56:28 [INFO] Instantiating model architecture: CLIP
19:56:33 [INFO] Loading full pretrained weights from: /home/ayeshakalsoom/.cache/huggingface/hub/models--laion--CLIP-ViT-H-14-laion2B-s32B-b79K/snapshots/1c2b8495b28150b8a4922ee1c8edee224c284c0c/open_clip_model.safetensors
19:56:37 [INFO] Final image preprocessing configuration set: {'size': (224, 224), 'mode': 'RGB', 'mean': (0.48145466, 0.4578275, 0.40821073), 'std': (0.26862954, 0.26130258, 0.27577711), 'interpolation': 'bicubic', 'resize_mode': 'shortest', 'fill_color': 0}
19:56:37 [INFO] Model ViT-H-14 creation process complete.
19:56:37 [INFO] Loaded OpenCLIP successfully
19:56:37 [INFO] Gradient checkpointing ENABLED (memory saving)
19:56:37 [INFO] Parsing tokenizer identifier. Schema: None, Identifier: ViT-H-14
19:56:37 [INFO] Attempting to load config from built-in: ViT-H-14
19:56:37 [INFO] Using default SimpleTokenizer.
19:56:37 [INFO] Backbone frozen — CLIP weights will not be updated
19:56:37 [INFO] BiasSubspaceDiscoverer initialized with 8 bias directions
19:56:37 [INFO] FairnessAwareLoss initialized: λ_img=0.01, λ_txt=0.01
19:56:37 [INFO] AdaptiveTemperatureController: τ_base=0.07, α=0.5, range=[0.01, 0.5]
19:56:37 [INFO] Fitting bias subspace on training data (Steps IV + V)...
19:56:37 [INFO] This runs once before training starts.
19:56:37 [INFO] Extracting CLIP embeddings for bias subspace fitting...
20:02:15 [INFO]   Processed 5120 / 86744 samples
20:07:52 [INFO]   Processed 10240 / 86744 samples
20:13:28 [INFO]   Processed 15360 / 86744 samples
20:19:03 [INFO]   Processed 20480 / 86744 samples
20:24:39 [INFO]   Processed 25600 / 86744 samples
20:30:15 [INFO]   Processed 30720 / 86744 samples
20:35:51 [INFO]   Processed 35840 / 86744 samples
20:41:28 [INFO]   Processed 40960 / 86744 samples
20:47:04 [INFO]   Processed 46080 / 86744 samples
20:52:40 [INFO]   Processed 51200 / 86744 samples
20:58:16 [INFO]   Processed 56320 / 86744 samples
21:03:53 [INFO]   Processed 61440 / 86744 samples
21:09:29 [INFO]   Processed 66560 / 86744 samples
21:15:05 [INFO]   Processed 71680 / 86744 samples
21:20:41 [INFO]   Processed 76800 / 86744 samples
21:26:18 [INFO]   Processed 81920 / 86744 samples
21:31:54 [INFO]   Processed 87040 / 86744 samples
21:37:31 [INFO]   Processed 92160 / 86744 samples
21:43:07 [INFO]   Processed 97280 / 86744 samples
21:48:44 [INFO]   Processed 102400 / 86744 samples
21:54:20 [INFO]   Processed 107520 / 86744 samples
21:59:57 [INFO]   Processed 112640 / 86744 samples
22:05:33 [INFO]   Processed 117760 / 86744 samples
22:11:09 [INFO]   Processed 122880 / 86744 samples
22:16:45 [INFO]   Processed 128000 / 86744 samples
22:22:22 [INFO]   Processed 133120 / 86744 samples
22:27:58 [INFO]   Processed 138240 / 86744 samples
22:33:35 [INFO]   Processed 143360 / 86744 samples
22:39:10 [INFO]   Processed 148480 / 86744 samples
22:44:46 [INFO]   Processed 153600 / 86744 samples
22:50:23 [INFO]   Processed 158720 / 86744 samples
22:56:00 [INFO]   Processed 163840 / 86744 samples
23:01:38 [INFO]   Processed 168960 / 86744 samples
23:06:36 [INFO] Fitting bias subspace for attribute: gender
23:06:36 [INFO] Fitting image bias subspace for attribute: gender
23:06:36 [INFO]   Input: 86744 embeddings, dim=1024
23:06:36 [INFO]   Group 0: 45986 samples, centroid norm=0.6516
23:06:36 [INFO]   Group 1: 40758 samples, centroid norm=0.6670
23:06:36 [INFO]   Bias direction 1: singular value=0.2323, explained variance=100.0%
23:06:36 [INFO] Image bias subspace discovered: torch.Size([1024, 1])
23:06:36 [INFO] Fitting text bias subspace for attribute: gender
23:06:36 [INFO]   Group 0: 1 samples, centroid norm=1.0000
23:06:36 [INFO]   Group 1: 1 samples, centroid norm=1.0000
23:06:36 [INFO]   Bias direction 1: singular value=0.4285, explained variance=100.0%
23:06:36 [INFO] Text bias subspace discovered: torch.Size([1024, 1])
23:06:36 [INFO] Computing Procrustes alignment...
23:06:36 [INFO]   Reference shape: torch.Size([1024, 1])
23:06:36 [INFO]   Source shape: torch.Size([1024, 1])
23:06:36 [INFO] Alignment complete:
23:06:36 [INFO]   Rotation matrix shape: torch.Size([1, 1])
23:06:36 [INFO]   Alignment error: 0.540740 (lower is better)
23:06:36 [INFO]   det(R) = 1.0000 (should be +1.0 for pure rotation)
23:06:36 [INFO]   Direction 1 cosine similarity after alignment: 0.8538
23:06:36 [INFO] Procrustes alignment quality: {'alignment_error': 0.5407400131225586, 'rotation_det': 1.0, 'is_orthogonal': True}
23:06:36 [INFO] Bias subspace set: image_dirs=torch.Size([1024, 1]), text_dirs=torch.Size([1024, 1])
23:06:36 [INFO] Retrieval-skew loss wired with 8 neutral queries
23:06:36 [INFO] Bias subspace fitted and ready for training
23:06:36 [INFO] Bias subspace fitted successfully
23:06:37 [INFO] GPU cache cleared after fitting. Free now: 3.66 GB
23:06:37 [INFO] GPU cache cleared after fitting. Free now: 3.66 GB
23:06:37 [INFO] GPU memory after fitting: 4.01GB used
23:06:37 [INFO] Trainable parameters: 66,906,624 (last 2 layers only)
23:06:37 [INFO] Starting training...
23:06:37 [INFO] No checkpoint found — starting fresh.
23:06:37 [INFO] 
Epoch 1/30
23:08:27 [INFO] Epoch 1 | Step 50/1273 | Loss: 3.5780 | InfoNCE: 3.5729 | Fair_img: 0.1339 | Fair_txt: 0.3732 | Retr: 0.0000 | τ: 0.0956 | Time: 110.8s
23:10:18 [INFO] Epoch 1 | Step 100/1273 | Loss: 3.5378 | InfoNCE: 3.5330 | Fair_img: 0.2026 | Fair_txt: 0.2691 | Retr: 0.0000 | τ: 0.1015 | Time: 110.1s
23:12:08 [INFO] Epoch 1 | Step 150/1273 | Loss: 3.5593 | InfoNCE: 3.5544 | Fair_img: 0.2140 | Fair_txt: 0.2775 | Retr: 0.0000 | τ: 0.1024 | Time: 110.1s
23:13:58 [INFO] Epoch 1 | Step 200/1273 | Loss: 3.5845 | InfoNCE: 3.5789 | Fair_img: 0.2805 | Fair_txt: 0.2772 | Retr: 0.0000 | τ: 0.1071 | Time: 110.1s
23:15:48 [INFO] Epoch 1 | Step 250/1273 | Loss: 3.5019 | InfoNCE: 3.4966 | Fair_img: 0.2980 | Fair_txt: 0.2335 | Retr: 0.0000 | τ: 0.1082 | Time: 110.2s
23:17:38 [INFO] Epoch 1 | Step 300/1273 | Loss: 3.5681 | InfoNCE: 3.5631 | Fair_img: 0.2795 | Fair_txt: 0.2224 | Retr: 0.0000 | τ: 0.1070 | Time: 110.2s
23:19:28 [INFO] Epoch 1 | Step 350/1273 | Loss: 3.5395 | InfoNCE: 3.5343 | Fair_img: 0.2792 | Fair_txt: 0.2414 | Retr: 0.0000 | τ: 0.1070 | Time: 110.3s
23:21:19 [INFO] Epoch 1 | Step 400/1273 | Loss: 3.5204 | InfoNCE: 3.5143 | Fair_img: 0.3279 | Fair_txt: 0.2843 | Retr: 0.0000 | τ: 0.1101 | Time: 110.3s
23:23:09 [INFO] Epoch 1 | Step 450/1273 | Loss: 3.5262 | InfoNCE: 3.5202 | Fair_img: 0.3199 | Fair_txt: 0.2803 | Retr: 0.0000 | τ: 0.1096 | Time: 110.4s
23:24:59 [INFO] Epoch 1 | Step 500/1273 | Loss: 3.5133 | InfoNCE: 3.5075 | Fair_img: 0.3118 | Fair_txt: 0.2704 | Retr: 0.0000 | τ: 0.1091 | Time: 110.1s
23:26:49 [INFO] Epoch 1 | Step 550/1273 | Loss: 3.5483 | InfoNCE: 3.5426 | Fair_img: 0.2986 | Fair_txt: 0.2703 | Retr: 0.0000 | τ: 0.1083 | Time: 110.1s
23:28:39 [INFO] Epoch 1 | Step 600/1273 | Loss: 3.6838 | InfoNCE: 3.6781 | Fair_img: 0.2872 | Fair_txt: 0.2816 | Retr: 0.0000 | τ: 0.1075 | Time: 110.1s
23:30:29 [INFO] Epoch 1 | Step 650/1273 | Loss: 3.5415 | InfoNCE: 3.5360 | Fair_img: 0.2780 | Fair_txt: 0.2704 | Retr: 0.0000 | τ: 0.1069 | Time: 110.1s
23:32:19 [INFO] Epoch 1 | Step 700/1273 | Loss: 3.4849 | InfoNCE: 3.4784 | Fair_img: 0.3571 | Fair_txt: 0.2946 | Retr: 0.0000 | τ: 0.1118 | Time: 110.1s
23:34:09 [INFO] Epoch 1 | Step 750/1273 | Loss: 3.5519 | InfoNCE: 3.5462 | Fair_img: 0.2865 | Fair_txt: 0.2812 | Retr: 0.0000 | τ: 0.1075 | Time: 110.1s
23:36:00 [INFO] Epoch 1 | Step 800/1273 | Loss: 3.7174 | InfoNCE: 3.7128 | Fair_img: 0.2385 | Fair_txt: 0.2259 | Retr: 0.0000 | τ: 0.1042 | Time: 110.1s
23:37:50 [INFO] Epoch 1 | Step 850/1273 | Loss: 3.6216 | InfoNCE: 3.6160 | Fair_img: 0.2868 | Fair_txt: 0.2688 | Retr: 0.0000 | τ: 0.1075 | Time: 110.1s
23:39:40 [INFO] Epoch 1 | Step 900/1273 | Loss: 3.5262 | InfoNCE: 3.5205 | Fair_img: 0.2951 | Fair_txt: 0.2769 | Retr: 0.0000 | τ: 0.1080 | Time: 110.1s
23:41:30 [INFO] Epoch 1 | Step 950/1273 | Loss: 3.5578 | InfoNCE: 3.5521 | Fair_img: 0.3166 | Fair_txt: 0.2588 | Retr: 0.0000 | τ: 0.1094 | Time: 110.1s
23:43:20 [INFO] Epoch 1 | Step 1000/1273 | Loss: 3.5725 | InfoNCE: 3.5669 | Fair_img: 0.3038 | Fair_txt: 0.2647 | Retr: 0.0000 | τ: 0.1086 | Time: 110.2s
23:45:10 [INFO] Epoch 1 | Step 1050/1273 | Loss: 3.6006 | InfoNCE: 3.5944 | Fair_img: 0.3317 | Fair_txt: 0.2838 | Retr: 0.0000 | τ: 0.1103 | Time: 110.3s
23:47:01 [INFO] Epoch 1 | Step 1100/1273 | Loss: 3.5555 | InfoNCE: 3.5491 | Fair_img: 0.3477 | Fair_txt: 0.2915 | Retr: 0.0000 | τ: 0.1113 | Time: 110.4s
23:48:51 [INFO] Epoch 1 | Step 1150/1273 | Loss: 3.5751 | InfoNCE: 3.5694 | Fair_img: 0.2859 | Fair_txt: 0.2849 | Retr: 0.0000 | τ: 0.1074 | Time: 110.3s
23:50:41 [INFO] Epoch 1 | Step 1200/1273 | Loss: 3.4866 | InfoNCE: 3.4804 | Fair_img: 0.3283 | Fair_txt: 0.2892 | Retr: 0.0000 | τ: 0.1101 | Time: 110.3s
23:52:32 [INFO] Epoch 1 | Step 1250/1273 | Loss: 3.5963 | InfoNCE: 3.5906 | Fair_img: 0.2900 | Fair_txt: 0.2871 | Retr: 0.0000 | τ: 0.1077 | Time: 110.5s
00:06:53 [INFO] Epoch 1 Summary: train_loss=3.5652 | val_loss=3.5443 | lr=9.97e-06
00:06:53 [INFO]   Temperature: mean=0.1073 min=0.0751 max=0.1160
00:06:56 [INFO]   Checkpoint saved: latest.pt (epoch 1)
00:06:57 [INFO]   New best model saved (epoch 1)
00:06:57 [INFO] 
Epoch 2/30
00:08:47 [INFO] Epoch 2 | Step 50/1273 | Loss: 3.4966 | InfoNCE: 3.4910 | Fair_img: 0.3087 | Fair_txt: 0.2536 | Retr: 0.0000 | τ: 0.1089 | Time: 110.3s
00:10:37 [INFO] Epoch 2 | Step 100/1273 | Loss: 3.4860 | InfoNCE: 3.4800 | Fair_img: 0.3273 | Fair_txt: 0.2702 | Retr: 0.0000 | τ: 0.1100 | Time: 110.1s
00:12:28 [INFO] Epoch 2 | Step 150/1273 | Loss: 3.5511 | InfoNCE: 3.5453 | Fair_img: 0.3018 | Fair_txt: 0.2868 | Retr: 0.0000 | τ: 0.1085 | Time: 111.1s
00:14:19 [INFO] Epoch 2 | Step 200/1273 | Loss: 3.5563 | InfoNCE: 3.5498 | Fair_img: 0.3430 | Fair_txt: 0.3084 | Retr: 0.0000 | τ: 0.1110 | Time: 110.5s
00:16:09 [INFO] Epoch 2 | Step 250/1273 | Loss: 3.4793 | InfoNCE: 3.4733 | Fair_img: 0.3199 | Fair_txt: 0.2803 | Retr: 0.0000 | τ: 0.1096 | Time: 110.4s
00:18:00 [INFO] Epoch 2 | Step 300/1273 | Loss: 3.5440 | InfoNCE: 3.5382 | Fair_img: 0.3036 | Fair_txt: 0.2749 | Retr: 0.0000 | τ: 0.1086 | Time: 110.5s
00:19:50 [INFO] Epoch 2 | Step 350/1273 | Loss: 3.5142 | InfoNCE: 3.5084 | Fair_img: 0.2905 | Fair_txt: 0.2881 | Retr: 0.0000 | τ: 0.1077 | Time: 110.3s
00:21:40 [INFO] Epoch 2 | Step 400/1273 | Loss: 3.4966 | InfoNCE: 3.4893 | Fair_img: 0.4007 | Fair_txt: 0.3323 | Retr: 0.0000 | τ: 0.1143 | Time: 110.3s
00:23:31 [INFO] Epoch 2 | Step 450/1273 | Loss: 3.5190 | InfoNCE: 3.5127 | Fair_img: 0.3245 | Fair_txt: 0.3042 | Retr: 0.0000 | τ: 0.1099 | Time: 110.3s
00:25:21 [INFO] Epoch 2 | Step 500/1273 | Loss: 3.5114 | InfoNCE: 3.5052 | Fair_img: 0.3114 | Fair_txt: 0.3000 | Retr: 0.0000 | τ: 0.1091 | Time: 110.3s
00:27:11 [INFO] Epoch 2 | Step 550/1273 | Loss: 3.5569 | InfoNCE: 3.5506 | Fair_img: 0.3290 | Fair_txt: 0.3019 | Retr: 0.0000 | τ: 0.1102 | Time: 110.3s
00:29:02 [INFO] Epoch 2 | Step 600/1273 | Loss: 3.6529 | InfoNCE: 3.6466 | Fair_img: 0.3136 | Fair_txt: 0.3173 | Retr: 0.0000 | τ: 0.1092 | Time: 110.3s
00:30:52 [INFO] Epoch 2 | Step 650/1273 | Loss: 3.5182 | InfoNCE: 3.5122 | Fair_img: 0.2992 | Fair_txt: 0.3065 | Retr: 0.0000 | τ: 0.1083 | Time: 110.3s
00:32:42 [INFO] Epoch 2 | Step 700/1273 | Loss: 3.4802 | InfoNCE: 3.4735 | Fair_img: 0.3580 | Fair_txt: 0.3114 | Retr: 0.0000 | τ: 0.1119 | Time: 110.3s
00:34:32 [INFO] Epoch 2 | Step 750/1273 | Loss: 3.5400 | InfoNCE: 3.5335 | Fair_img: 0.3230 | Fair_txt: 0.3221 | Retr: 0.0000 | τ: 0.1098 | Time: 110.3s
00:36:23 [INFO] Epoch 2 | Step 800/1273 | Loss: 3.7249 | InfoNCE: 3.7200 | Fair_img: 0.2308 | Fair_txt: 0.2635 | Retr: 0.0000 | τ: 0.1036 | Time: 110.3s
00:38:13 [INFO] Epoch 2 | Step 850/1273 | Loss: 3.6115 | InfoNCE: 3.6054 | Fair_img: 0.3036 | Fair_txt: 0.3060 | Retr: 0.0000 | τ: 0.1086 | Time: 110.3s
00:40:03 [INFO] Epoch 2 | Step 900/1273 | Loss: 3.5399 | InfoNCE: 3.5334 | Fair_img: 0.3377 | Fair_txt: 0.3129 | Retr: 0.0000 | τ: 0.1107 | Time: 110.3s
00:41:53 [INFO] Epoch 2 | Step 950/1273 | Loss: 3.5485 | InfoNCE: 3.5421 | Fair_img: 0.3440 | Fair_txt: 0.3017 | Retr: 0.0000 | τ: 0.1111 | Time: 110.3s
00:43:44 [INFO] Epoch 2 | Step 1000/1273 | Loss: 3.5496 | InfoNCE: 3.5436 | Fair_img: 0.3177 | Fair_txt: 0.2847 | Retr: 0.0000 | τ: 0.1095 | Time: 110.3s
00:45:34 [INFO] Epoch 2 | Step 1050/1273 | Loss: 3.6150 | InfoNCE: 3.6082 | Fair_img: 0.3541 | Fair_txt: 0.3219 | Retr: 0.0000 | τ: 0.1117 | Time: 110.3s
00:47:24 [INFO] Epoch 2 | Step 1100/1273 | Loss: 3.5520 | InfoNCE: 3.5451 | Fair_img: 0.3740 | Fair_txt: 0.3196 | Retr: 0.0000 | τ: 0.1128 | Time: 110.2s
00:49:15 [INFO] Epoch 2 | Step 1150/1273 | Loss: 3.5243 | InfoNCE: 3.5181 | Fair_img: 0.3153 | Fair_txt: 0.3039 | Retr: 0.0000 | τ: 0.1093 | Time: 110.3s
00:51:05 [INFO] Epoch 2 | Step 1200/1273 | Loss: 3.4852 | InfoNCE: 3.4783 | Fair_img: 0.3736 | Fair_txt: 0.3182 | Retr: 0.0000 | τ: 0.1128 | Time: 110.4s
00:52:55 [INFO] Epoch 2 | Step 1250/1273 | Loss: 3.5791 | InfoNCE: 3.5728 | Fair_img: 0.3200 | Fair_txt: 0.3068 | Retr: 0.0000 | τ: 0.1096 | Time: 110.3s
01:07:16 [INFO] Epoch 2 Summary: train_loss=3.5359 | val_loss=3.5499 | lr=9.89e-06
01:07:16 [INFO]   Temperature: mean=0.1101 min=0.1029 max=0.1171
01:07:20 [INFO]   Checkpoint saved: latest.pt (epoch 2)
01:07:20 [INFO]   No improvement for 1/3 epochs
01:07:20 [INFO] 
Epoch 3/30
01:09:10 [INFO] Epoch 3 | Step 50/1273 | Loss: 3.4971 | InfoNCE: 3.4912 | Fair_img: 0.3097 | Fair_txt: 0.2800 | Retr: 0.0000 | τ: 0.1090 | Time: 110.4s
01:11:01 [INFO] Epoch 3 | Step 100/1273 | Loss: 3.4834 | InfoNCE: 3.4771 | Fair_img: 0.3439 | Fair_txt: 0.2855 | Retr: 0.0000 | τ: 0.1110 | Time: 110.1s
01:12:51 [INFO] Epoch 3 | Step 150/1273 | Loss: 3.5404 | InfoNCE: 3.5342 | Fair_img: 0.3123 | Fair_txt: 0.3050 | Retr: 0.0000 | τ: 0.1091 | Time: 110.1s
01:14:41 [INFO] Epoch 3 | Step 200/1273 | Loss: 3.5304 | InfoNCE: 3.5235 | Fair_img: 0.3670 | Fair_txt: 0.3216 | Retr: 0.0000 | τ: 0.1124 | Time: 110.1s
01:16:31 [INFO] Epoch 3 | Step 250/1273 | Loss: 3.4777 | InfoNCE: 3.4713 | Fair_img: 0.3378 | Fair_txt: 0.3026 | Retr: 0.0000 | τ: 0.1107 | Time: 110.1s
01:18:21 [INFO] Epoch 3 | Step 300/1273 | Loss: 3.5334 | InfoNCE: 3.5274 | Fair_img: 0.3095 | Fair_txt: 0.2966 | Retr: 0.0000 | τ: 0.1089 | Time: 110.1s
01:20:11 [INFO] Epoch 3 | Step 350/1273 | Loss: 3.5248 | InfoNCE: 3.5185 | Fair_img: 0.3152 | Fair_txt: 0.3173 | Retr: 0.0000 | τ: 0.1093 | Time: 110.1s
01:22:01 [INFO] Epoch 3 | Step 400/1273 | Loss: 3.4778 | InfoNCE: 3.4702 | Fair_img: 0.4239 | Fair_txt: 0.3397 | Retr: 0.0000 | τ: 0.1156 | Time: 110.1s
01:23:51 [INFO] Epoch 3 | Step 450/1273 | Loss: 3.4955 | InfoNCE: 3.4887 | Fair_img: 0.3532 | Fair_txt: 0.3204 | Retr: 0.0000 | τ: 0.1116 | Time: 110.1s
01:25:41 [INFO] Epoch 3 | Step 500/1273 | Loss: 3.5242 | InfoNCE: 3.5174 | Fair_img: 0.3592 | Fair_txt: 0.3206 | Retr: 0.0000 | τ: 0.1120 | Time: 110.1s
01:27:32 [INFO] Epoch 3 | Step 550/1273 | Loss: 3.5341 | InfoNCE: 3.5277 | Fair_img: 0.3320 | Fair_txt: 0.3121 | Retr: 0.0000 | τ: 0.1103 | Time: 110.1s
01:29:22 [INFO] Epoch 3 | Step 600/1273 | Loss: 3.6379 | InfoNCE: 3.6311 | Fair_img: 0.3407 | Fair_txt: 0.3343 | Retr: 0.0000 | τ: 0.1109 | Time: 110.1s
01:31:12 [INFO] Epoch 3 | Step 650/1273 | Loss: 3.5111 | InfoNCE: 3.5049 | Fair_img: 0.3007 | Fair_txt: 0.3156 | Retr: 0.0000 | τ: 0.1084 | Time: 110.1s
01:33:02 [INFO] Epoch 3 | Step 700/1273 | Loss: 3.4845 | InfoNCE: 3.4774 | Fair_img: 0.3791 | Fair_txt: 0.3313 | Retr: 0.0000 | τ: 0.1131 | Time: 110.1s
01:34:52 [INFO] Epoch 3 | Step 750/1273 | Loss: 3.5133 | InfoNCE: 3.5063 | Fair_img: 0.3578 | Fair_txt: 0.3403 | Retr: 0.0000 | τ: 0.1119 | Time: 110.1s
01:36:42 [INFO] Epoch 3 | Step 800/1273 | Loss: 3.7564 | InfoNCE: 3.7508 | Fair_img: 0.2632 | Fair_txt: 0.2956 | Retr: 0.0000 | τ: 0.1059 | Time: 110.1s
01:38:32 [INFO] Epoch 3 | Step 850/1273 | Loss: 3.5895 | InfoNCE: 3.5826 | Fair_img: 0.3502 | Fair_txt: 0.3361 | Retr: 0.0000 | τ: 0.1114 | Time: 110.1s
01:40:22 [INFO] Epoch 3 | Step 900/1273 | Loss: 3.5559 | InfoNCE: 3.5497 | Fair_img: 0.3094 | Fair_txt: 0.3076 | Retr: 0.0000 | τ: 0.1089 | Time: 110.1s
01:42:12 [INFO] Epoch 3 | Step 950/1273 | Loss: 3.5393 | InfoNCE: 3.5323 | Fair_img: 0.3696 | Fair_txt: 0.3238 | Retr: 0.0000 | τ: 0.1126 | Time: 110.1s
01:44:03 [INFO] Epoch 3 | Step 1000/1273 | Loss: 3.5330 | InfoNCE: 3.5263 | Fair_img: 0.3465 | Fair_txt: 0.3240 | Retr: 0.0000 | τ: 0.1112 | Time: 110.1s
01:45:53 [INFO] Epoch 3 | Step 1050/1273 | Loss: 3.5978 | InfoNCE: 3.5907 | Fair_img: 0.3650 | Fair_txt: 0.3515 | Retr: 0.0000 | τ: 0.1123 | Time: 110.1s
01:47:43 [INFO] Epoch 3 | Step 1100/1273 | Loss: 3.5548 | InfoNCE: 3.5474 | Fair_img: 0.3932 | Fair_txt: 0.3429 | Retr: 0.0000 | τ: 0.1139 | Time: 110.2s
01:49:33 [INFO] Epoch 3 | Step 1150/1273 | Loss: 3.5274 | InfoNCE: 3.5207 | Fair_img: 0.3374 | Fair_txt: 0.3309 | Retr: 0.0000 | τ: 0.1107 | Time: 110.1s
01:51:23 [INFO] Epoch 3 | Step 1200/1273 | Loss: 3.4775 | InfoNCE: 3.4704 | Fair_img: 0.3737 | Fair_txt: 0.3346 | Retr: 0.0000 | τ: 0.1128 | Time: 110.1s
01:53:13 [INFO] Epoch 3 | Step 1250/1273 | Loss: 3.5600 | InfoNCE: 3.5532 | Fair_img: 0.3523 | Fair_txt: 0.3233 | Retr: 0.0000 | τ: 0.1115 | Time: 110.1s
02:07:34 [INFO] Epoch 3 Summary: train_loss=3.5286 | val_loss=3.5547 | lr=9.76e-06
02:07:34 [INFO]   Temperature: mean=0.1110 min=0.1050 max=0.1173
02:07:38 [INFO]   Checkpoint saved: latest.pt (epoch 3)
02:07:38 [INFO]   No improvement for 2/3 epochs
02:07:38 [INFO] 
Epoch 4/30
02:09:29 [INFO] Epoch 4 | Step 50/1273 | Loss: 3.4858 | InfoNCE: 3.4793 | Fair_img: 0.3401 | Fair_txt: 0.3098 | Retr: 0.0000 | τ: 0.1108 | Time: 110.6s
02:11:19 [INFO] Epoch 4 | Step 100/1273 | Loss: 3.4774 | InfoNCE: 3.4709 | Fair_img: 0.3511 | Fair_txt: 0.3048 | Retr: 0.0000 | τ: 0.1115 | Time: 110.3s
02:13:09 [INFO] Epoch 4 | Step 150/1273 | Loss: 3.5034 | InfoNCE: 3.4966 | Fair_img: 0.3490 | Fair_txt: 0.3305 | Retr: 0.0000 | τ: 0.1114 | Time: 110.3s
02:14:59 [INFO] Epoch 4 | Step 200/1273 | Loss: 3.4860 | InfoNCE: 3.4783 | Fair_img: 0.4136 | Fair_txt: 0.3564 | Retr: 0.0000 | τ: 0.1150 | Time: 110.3s
02:16:50 [INFO] Epoch 4 | Step 250/1273 | Loss: 3.4767 | InfoNCE: 3.4700 | Fair_img: 0.3474 | Fair_txt: 0.3211 | Retr: 0.0000 | τ: 0.1113 | Time: 110.3s
02:18:40 [INFO] Epoch 4 | Step 300/1273 | Loss: 3.5165 | InfoNCE: 3.5096 | Fair_img: 0.3535 | Fair_txt: 0.3299 | Retr: 0.0000 | τ: 0.1116 | Time: 110.3s
02:20:30 [INFO] Epoch 4 | Step 350/1273 | Loss: 3.5595 | InfoNCE: 3.5530 | Fair_img: 0.3121 | Fair_txt: 0.3375 | Retr: 0.0000 | τ: 0.1091 | Time: 110.3s
02:22:20 [INFO] Epoch 4 | Step 400/1273 | Loss: 3.4761 | InfoNCE: 3.4680 | Fair_img: 0.4416 | Fair_txt: 0.3606 | Retr: 0.0000 | τ: 0.1165 | Time: 110.3s
02:24:11 [INFO] Epoch 4 | Step 450/1273 | Loss: 3.4935 | InfoNCE: 3.4866 | Fair_img: 0.3694 | Fair_txt: 0.3293 | Retr: 0.0000 | τ: 0.1125 | Time: 110.3s
02:26:01 [INFO] Epoch 4 | Step 500/1273 | Loss: 3.5187 | InfoNCE: 3.5116 | Fair_img: 0.3740 | Fair_txt: 0.3445 | Retr: 0.0000 | τ: 0.1128 | Time: 110.3s
02:27:51 [INFO] Epoch 4 | Step 550/1273 | Loss: 3.5309 | InfoNCE: 3.5243 | Fair_img: 0.3387 | Fair_txt: 0.3241 | Retr: 0.0000 | τ: 0.1107 | Time: 110.3s
02:29:41 [INFO] Epoch 4 | Step 600/1273 | Loss: 3.6733 | InfoNCE: 3.6666 | Fair_img: 0.3312 | Fair_txt: 0.3366 | Retr: 0.0000 | τ: 0.1103 | Time: 110.3s
02:31:32 [INFO] Epoch 4 | Step 650/1273 | Loss: 3.5158 | InfoNCE: 3.5090 | Fair_img: 0.3386 | Fair_txt: 0.3420 | Retr: 0.0000 | τ: 0.1107 | Time: 110.3s
02:33:22 [INFO] Epoch 4 | Step 700/1273 | Loss: 3.4775 | InfoNCE: 3.4704 | Fair_img: 0.3713 | Fair_txt: 0.3412 | Retr: 0.0000 | τ: 0.1127 | Time: 110.2s
02:35:12 [INFO] Epoch 4 | Step 750/1273 | Loss: 3.5789 | InfoNCE: 3.5719 | Fair_img: 0.3492 | Fair_txt: 0.3475 | Retr: 0.0000 | τ: 0.1114 | Time: 110.3s
02:37:03 [INFO] Epoch 4 | Step 800/1273 | Loss: 3.7443 | InfoNCE: 3.7384 | Fair_img: 0.2713 | Fair_txt: 0.3205 | Retr: 0.0000 | τ: 0.1065 | Time: 110.3s
02:38:53 [INFO] Epoch 4 | Step 850/1273 | Loss: 3.5195 | InfoNCE: 3.5121 | Fair_img: 0.3783 | Fair_txt: 0.3616 | Retr: 0.0000 | τ: 0.1131 | Time: 110.3s
02:40:43 [INFO] Epoch 4 | Step 900/1273 | Loss: 3.4771 | InfoNCE: 3.4702 | Fair_img: 0.3533 | Fair_txt: 0.3343 | Retr: 0.0000 | τ: 0.1116 | Time: 110.3s
02:42:33 [INFO] Epoch 4 | Step 950/1273 | Loss: 3.5455 | InfoNCE: 3.5384 | Fair_img: 0.3757 | Fair_txt: 0.3406 | Retr: 0.0000 | τ: 0.1129 | Time: 110.3s
02:44:24 [INFO] Epoch 4 | Step 1000/1273 | Loss: 3.5028 | InfoNCE: 3.4953 | Fair_img: 0.3909 | Fair_txt: 0.3620 | Retr: 0.0000 | τ: 0.1138 | Time: 110.3s
02:46:14 [INFO] Epoch 4 | Step 1050/1273 | Loss: 3.6178 | InfoNCE: 3.6107 | Fair_img: 0.3426 | Fair_txt: 0.3630 | Retr: 0.0000 | τ: 0.1110 | Time: 110.4s
02:48:04 [INFO] Epoch 4 | Step 1100/1273 | Loss: 3.5446 | InfoNCE: 3.5374 | Fair_img: 0.3751 | Fair_txt: 0.3484 | Retr: 0.0000 | τ: 0.1129 | Time: 110.3s
02:49:55 [INFO] Epoch 4 | Step 1150/1273 | Loss: 3.5788 | InfoNCE: 3.5716 | Fair_img: 0.3640 | Fair_txt: 0.3516 | Retr: 0.0000 | τ: 0.1122 | Time: 110.3s
02:51:45 [INFO] Epoch 4 | Step 1200/1273 | Loss: 3.4777 | InfoNCE: 3.4704 | Fair_img: 0.3753 | Fair_txt: 0.3513 | Retr: 0.0000 | τ: 0.1129 | Time: 110.3s
02:53:35 [INFO] Epoch 4 | Step 1250/1273 | Loss: 3.5815 | InfoNCE: 3.5746 | Fair_img: 0.3498 | Fair_txt: 0.3412 | Retr: 0.0000 | τ: 0.1114 | Time: 110.3s
03:07:56 [INFO] Epoch 4 Summary: train_loss=3.5201 | val_loss=3.5771 | lr=9.57e-06
03:07:56 [INFO]   Temperature: mean=0.1121 min=0.1055 max=0.1172
03:08:00 [INFO]   Checkpoint saved: latest.pt (epoch 4)
03:08:00 [INFO]   No improvement for 3/3 epochs
03:08:00 [INFO] Early stopping triggered at epoch 4!
03:08:00 [INFO] Best val loss: 3.5443 (epoch 1)
03:08:00 [INFO] 
Training complete!
03:08:00 [INFO] Best val loss: 3.5443
03:08:00 [INFO] Checkpoints saved to: results/checkpoints_procfix/fairface/ViT-H_14/gender/seed123
