[19:57:20] [fairclip_fairface_gender_coco_ViT-B-32_seed42] === FairCLIP | fairface_gender_coco_ViT-B-32_seed42 ===
[20:00:55] [fairclip_fairface_gender_coco_ViT-B-32_seed42] === FairCLIP | fairface_gender_coco_ViT-B-32_seed42 ===
[20:14:59] [fairclip_fairface_gender_coco_ViT-B-32_seed42] === FairCLIP | fairface_gender_coco_ViT-B-32_seed42 ===
[08:52:30] [fairclip_fairface_gender_coco_ViT-B-32_seed42] === FairCLIP | fairface_gender_coco_ViT-B-32_seed42 ===
[08:54:22] [fairclip_fairface_gender_coco_ViT-B-32_seed42] === FairCLIP | fairface_gender_coco_ViT-B-32_seed42 ===
[08:55:57] [fairclip_fairface_gender_coco_ViT-B-32_seed42] [Cache] Saved 86744 embeddings -> /home/ayeshakalsoom/Downloads/thesis/outputs/cache_embeddings/fairface_train_ViT-B-32.pt
[08:55:57] [fairclip_fairface_gender_coco_ViT-B-32_seed42] [GPU after-cache] allocated=0.37GB reserved=0.55GB peak=0.49GB
[08:56:09] [fairclip_fairface_gender_coco_ViT-B-32_seed42] [Cache] Saved 10954 embeddings -> /home/ayeshakalsoom/Downloads/thesis/outputs/cache_embeddings/fairface_val_ViT-B-32.pt
[08:56:09] [fairclip_fairface_gender_coco_ViT-B-32_seed42] [GPU after-cache] allocated=0.37GB reserved=0.56GB peak=0.49GB
[08:56:09] [fairclip_fairface_gender_coco_ViT-B-32_seed42] [FairCLIP] attribute=gender text_source=coco lambda=0.01 tau_base=0.07 alpha=0.5
[08:56:09] [fairclip_fairface_gender_coco_ViT-B-32_seed42] [FairCLIP] ablation: pca=True procrustes=True fair_loss=True adapt_temp=True projection=True
[08:56:10] [fairclip_fairface_gender_coco_ViT-B-32_seed42] [Progress] live status -> /home/ayeshakalsoom/Downloads/thesis/outputs/logs/gender_coco_vitb32_seed42.status.json
[08:56:10] [fairclip_fairface_gender_coco_ViT-B-32_seed42] [Progress] watch with:  python -m src.utils.live_dashboard
[08:57:20] [fairclip_fairface_gender_coco_ViT-B-32_seed42] [Epoch 1/30] loss=4.8699 tau=0.0721 [GPU train] allocated=0.57GB reserved=0.88GB peak=0.72GB
[08:58:30] [fairclip_fairface_gender_coco_ViT-B-32_seed42] [Epoch 2/30] loss=4.8583 tau=0.0716 [GPU train] allocated=0.57GB reserved=0.88GB peak=0.72GB
[08:59:41] [fairclip_fairface_gender_coco_ViT-B-32_seed42] [Epoch 3/30] loss=4.8560 tau=0.0714 [GPU train] allocated=0.57GB reserved=0.88GB peak=0.72GB
[09:00:50] [fairclip_fairface_gender_coco_ViT-B-32_seed42] [Epoch 4/30] loss=4.8543 tau=0.0713 [GPU train] allocated=0.57GB reserved=0.88GB peak=0.72GB
[09:02:00] [fairclip_fairface_gender_coco_ViT-B-32_seed42] [Epoch 5/30] loss=4.8537 tau=0.0712 [GPU train] allocated=0.57GB reserved=0.88GB peak=0.72GB
[09:03:10] [fairclip_fairface_gender_coco_ViT-B-32_seed42] [Epoch 6/30] loss=4.8533 tau=0.0711 [GPU train] allocated=0.57GB reserved=0.88GB peak=0.72GB
[09:04:20] [fairclip_fairface_gender_coco_ViT-B-32_seed42] [Epoch 7/30] loss=4.8531 tau=0.0710 [GPU train] allocated=0.57GB reserved=0.88GB peak=0.72GB
[09:05:29] [fairclip_fairface_gender_coco_ViT-B-32_seed42] [Epoch 8/30] loss=4.8531 tau=0.0710 [GPU train] allocated=0.57GB reserved=0.88GB peak=0.72GB
[09:06:39] [fairclip_fairface_gender_coco_ViT-B-32_seed42] [Epoch 9/30] loss=4.8529 tau=0.0709 [GPU train] allocated=0.57GB reserved=0.88GB peak=0.72GB
[09:07:48] [fairclip_fairface_gender_coco_ViT-B-32_seed42] [Epoch 10/30] loss=4.8526 tau=0.0709 [GPU train] allocated=0.57GB reserved=0.88GB peak=0.72GB
[09:08:58] [fairclip_fairface_gender_coco_ViT-B-32_seed42] [Epoch 11/30] loss=4.8526 tau=0.0708 [GPU train] allocated=0.57GB reserved=0.88GB peak=0.72GB
[09:10:07] [fairclip_fairface_gender_coco_ViT-B-32_seed42] [Epoch 12/30] loss=4.8525 tau=0.0708 [GPU train] allocated=0.57GB reserved=0.88GB peak=0.72GB
[09:11:17] [fairclip_fairface_gender_coco_ViT-B-32_seed42] [Epoch 13/30] loss=4.8524 tau=0.0708 [GPU train] allocated=0.57GB reserved=0.88GB peak=0.72GB
[09:12:26] [fairclip_fairface_gender_coco_ViT-B-32_seed42] [Epoch 14/30] loss=4.8525 tau=0.0708 [GPU train] allocated=0.57GB reserved=0.88GB peak=0.72GB
[09:13:36] [fairclip_fairface_gender_coco_ViT-B-32_seed42] [Epoch 15/30] loss=4.8524 tau=0.0708 [GPU train] allocated=0.57GB reserved=0.88GB peak=0.72GB
[09:14:45] [fairclip_fairface_gender_coco_ViT-B-32_seed42] [Epoch 16/30] loss=4.8526 tau=0.0707 [GPU train] allocated=0.57GB reserved=0.88GB peak=0.72GB
[09:15:55] [fairclip_fairface_gender_coco_ViT-B-32_seed42] [Epoch 17/30] loss=4.8523 tau=0.0707 [GPU train] allocated=0.57GB reserved=0.88GB peak=0.72GB
[09:17:04] [fairclip_fairface_gender_coco_ViT-B-32_seed42] [Epoch 18/30] loss=4.8523 tau=0.0707 [GPU train] allocated=0.57GB reserved=0.88GB peak=0.72GB
[09:18:14] [fairclip_fairface_gender_coco_ViT-B-32_seed42] [Epoch 19/30] loss=4.8522 tau=0.0707 [GPU train] allocated=0.57GB reserved=0.88GB peak=0.72GB
[09:19:23] [fairclip_fairface_gender_coco_ViT-B-32_seed42] [Epoch 20/30] loss=4.8523 tau=0.0707 [GPU train] allocated=0.57GB reserved=0.88GB peak=0.72GB
[09:20:33] [fairclip_fairface_gender_coco_ViT-B-32_seed42] [Epoch 21/30] loss=4.8523 tau=0.0707 [GPU train] allocated=0.57GB reserved=0.88GB peak=0.72GB
[09:21:42] [fairclip_fairface_gender_coco_ViT-B-32_seed42] [Epoch 22/30] loss=4.8522 tau=0.0706 [GPU train] allocated=0.57GB reserved=0.88GB peak=0.72GB
[09:21:42] [fairclip_fairface_gender_coco_ViT-B-32_seed42] [EarlyStop] no improvement for 5 epochs (best epoch 17, loss 4.8523)
[09:21:42] [fairclip_fairface_gender_coco_ViT-B-32_seed42] [FairCLIP] training done. best_epoch=17 tau_range=[0.0705, 0.0730]
[09:23:44] [fairclip_fairface_gender_coco_ViT-B-32_seed42] === FairCLIP | fairface_gender_coco_ViT-B-32_seed42 ===
[09:23:48] [fairclip_fairface_gender_coco_ViT-B-32_seed42] [Cache] Found existing cache: /home/ayeshakalsoom/Downloads/thesis/outputs/cache_embeddings/fairface_train_ViT-B-32.pt
[09:23:49] [fairclip_fairface_gender_coco_ViT-B-32_seed42] [Cache] Found existing cache: /home/ayeshakalsoom/Downloads/thesis/outputs/cache_embeddings/fairface_val_ViT-B-32.pt
[09:23:49] [fairclip_fairface_gender_coco_ViT-B-32_seed42] [FairCLIP] attribute=gender text_source=coco lambda=0.01 tau_base=0.07 alpha=0.5
[09:23:49] [fairclip_fairface_gender_coco_ViT-B-32_seed42] [FairCLIP] ablation: pca=True procrustes=True fair_loss=True adapt_temp=True projection=True
[09:23:49] [fairclip_fairface_gender_coco_ViT-B-32_seed42] [Progress] live status -> /home/ayeshakalsoom/Downloads/thesis/outputs/logs/gender_coco_vitb32_seed42.status.json
[09:23:49] [fairclip_fairface_gender_coco_ViT-B-32_seed42] [Progress] watch with:  python -m src.utils.live_dashboard
[09:24:59] [fairclip_fairface_gender_coco_ViT-B-32_seed42] [Epoch 1/30] loss=4.8692 tau=0.0722 [GPU train] allocated=0.57GB reserved=0.86GB peak=0.72GB
[09:26:08] [fairclip_fairface_gender_coco_ViT-B-32_seed42] [Epoch 2/30] loss=4.8578 tau=0.0717 [GPU train] allocated=0.57GB reserved=0.86GB peak=0.72GB
[09:27:18] [fairclip_fairface_gender_coco_ViT-B-32_seed42] [Epoch 3/30] loss=4.8554 tau=0.0715 [GPU train] allocated=0.57GB reserved=0.86GB peak=0.72GB
[09:28:27] [fairclip_fairface_gender_coco_ViT-B-32_seed42] [Epoch 4/30] loss=4.8544 tau=0.0714 [GPU train] allocated=0.57GB reserved=0.86GB peak=0.72GB
[09:29:37] [fairclip_fairface_gender_coco_ViT-B-32_seed42] [Epoch 5/30] loss=4.8538 tau=0.0712 [GPU train] allocated=0.57GB reserved=0.86GB peak=0.72GB
[09:30:46] [fairclip_fairface_gender_coco_ViT-B-32_seed42] [Epoch 6/30] loss=4.8535 tau=0.0712 [GPU train] allocated=0.57GB reserved=0.86GB peak=0.72GB
[09:31:54] [fairclip_fairface_gender_coco_ViT-B-32_seed42] [Epoch 7/30] loss=4.8533 tau=0.0711 [GPU train] allocated=0.57GB reserved=0.86GB peak=0.72GB
[09:33:03] [fairclip_fairface_gender_coco_ViT-B-32_seed42] [Epoch 8/30] loss=4.8529 tau=0.0710 [GPU train] allocated=0.57GB reserved=0.86GB peak=0.72GB
[09:34:11] [fairclip_fairface_gender_coco_ViT-B-32_seed42] [Epoch 9/30] loss=4.8527 tau=0.0710 [GPU train] allocated=0.57GB reserved=0.86GB peak=0.72GB
[09:35:19] [fairclip_fairface_gender_coco_ViT-B-32_seed42] [Epoch 10/30] loss=4.8527 tau=0.0709 [GPU train] allocated=0.57GB reserved=0.86GB peak=0.72GB
[09:36:28] [fairclip_fairface_gender_coco_ViT-B-32_seed42] [Epoch 11/30] loss=4.8526 tau=0.0709 [GPU train] allocated=0.57GB reserved=0.86GB peak=0.72GB
[09:37:36] [fairclip_fairface_gender_coco_ViT-B-32_seed42] [Epoch 12/30] loss=4.8525 tau=0.0709 [GPU train] allocated=0.57GB reserved=0.86GB peak=0.72GB
[09:38:45] [fairclip_fairface_gender_coco_ViT-B-32_seed42] [Epoch 13/30] loss=4.8524 tau=0.0708 [GPU train] allocated=0.57GB reserved=0.86GB peak=0.72GB
[09:39:53] [fairclip_fairface_gender_coco_ViT-B-32_seed42] [Epoch 14/30] loss=4.8523 tau=0.0708 [GPU train] allocated=0.57GB reserved=0.86GB peak=0.72GB
[09:41:02] [fairclip_fairface_gender_coco_ViT-B-32_seed42] [Epoch 15/30] loss=4.8524 tau=0.0708 [GPU train] allocated=0.57GB reserved=0.86GB peak=0.72GB
[09:42:10] [fairclip_fairface_gender_coco_ViT-B-32_seed42] [Epoch 16/30] loss=4.8524 tau=0.0708 [GPU train] allocated=0.57GB reserved=0.86GB peak=0.72GB
[09:43:19] [fairclip_fairface_gender_coco_ViT-B-32_seed42] [Epoch 17/30] loss=4.8524 tau=0.0707 [GPU train] allocated=0.57GB reserved=0.86GB peak=0.72GB
[09:44:27] [fairclip_fairface_gender_coco_ViT-B-32_seed42] [Epoch 18/30] loss=4.8523 tau=0.0707 [GPU train] allocated=0.57GB reserved=0.86GB peak=0.72GB
[09:45:36] [fairclip_fairface_gender_coco_ViT-B-32_seed42] [Epoch 19/30] loss=4.8523 tau=0.0707 [GPU train] allocated=0.57GB reserved=0.86GB peak=0.72GB
[09:45:36] [fairclip_fairface_gender_coco_ViT-B-32_seed42] [EarlyStop] no improvement for 5 epochs (best epoch 14, loss 4.8523)
[09:45:36] [fairclip_fairface_gender_coco_ViT-B-32_seed42] [FairCLIP] training done. best_epoch=14 tau_range=[0.0706, 0.0728]
[09:45:37] [fairclip_fairface_gender_coco_ViT-B-32_seed42] [RESULT gender/coco] DPG=0.024 Acc=0.628 ABLE=61.15 MaxSkew=0.517 beats_zhang={'MaxSkew': False, 'NDKL': False, 'ABLE': False}
